Archive member included because of file (symbol)

/usr/local/etc/mios32_toolchain/bin/../lib/gcc/arm-none-eabi/4.7.4/armv7e-m/libgcc.a(_lshrdi3.o)
                              project_build//data/Hardware/MIDIbox/mios32/trunk/modules/app_lcd/universal/app_lcd.o (__aeabi_llsr)
/usr/local/etc/mios32_toolchain/bin/../lib/gcc/arm-none-eabi/4.7.4/armv7e-m/libgcc.a(_ashldi3.o)
                              project_build//data/Hardware/MIDIbox/mios32/trunk/modules/app_lcd/universal/app_lcd.o (__aeabi_llsl)
/usr/local/etc/mios32_toolchain/bin/../lib/gcc/arm-none-eabi/4.7.4/armv7e-m/libgcc.a(_arm_addsubdf3.o)
                              project_build//data/Hardware/MIDIbox/mios32/trunk/modules/file/file.o (__aeabi_f2d)
/usr/local/etc/mios32_toolchain/bin/../lib/gcc/arm-none-eabi/4.7.4/armv7e-m/libgcc.a(_arm_muldivdf3.o)
                              project_build//data/Hardware/MIDIbox/mios32/trunk/mios32/common/mios32_osc.o (__aeabi_dmul)
/usr/local/etc/mios32_toolchain/bin/../lib/gcc/arm-none-eabi/4.7.4/armv7e-m/libgcc.a(_arm_fixdfsi.o)
                              project_build//data/Hardware/MIDIbox/mios32/trunk/mios32/common/mios32_osc.o (__aeabi_d2iz)
/usr/local/etc/mios32_toolchain/bin/../lib/gcc/arm-none-eabi/4.7.4/armv7e-m/libgcc.a(_arm_addsubsf3.o)
                              project_build//data/Hardware/MIDIbox/mios32/trunk/modules/file/file.o (__aeabi_ui2f)
/usr/local/etc/mios32_toolchain/bin/../lib/gcc/arm-none-eabi/4.7.4/armv7e-m/libgcc.a(_arm_muldivsf3.o)
                              project_build//data/Hardware/MIDIbox/mios32/trunk/mios32/common/mios32_osc.o (__aeabi_fmul)
/usr/local/etc/mios32_toolchain/bin/../lib/gcc/arm-none-eabi/4.7.4/armv7e-m/libgcc.a(_arm_fixsfsi.o)
                              project_build//data/Hardware/MIDIbox/mios32/trunk/mios32/common/mios32_osc.o (__aeabi_f2iz)
/usr/local/etc/mios32_toolchain/bin/../lib/gcc/arm-none-eabi/4.7.4/../../../../arm-none-eabi/lib/armv7e-m/libc_s.a(lib_a-ctype_.o)
                              project_build//data/Hardware/MIDIbox/mios32/trunk/programming_models/traditional/strtol.o (__ctype_ptr__)
/usr/local/etc/mios32_toolchain/bin/../lib/gcc/arm-none-eabi/4.7.4/../../../../arm-none-eabi/lib/armv7e-m/libc_s.a(lib_a-init.o)
                              project_build//data/Hardware/MIDIbox/mios32/trunk/programming_models/traditional/main.o (__libc_init_array)
/usr/local/etc/mios32_toolchain/bin/../lib/gcc/arm-none-eabi/4.7.4/../../../../arm-none-eabi/lib/armv7e-m/libc_s.a(lib_a-memcpy.o)
                              project_build//data/Hardware/MIDIbox/mios32/trunk/FreeRTOS/Source/queue.o (memcpy)
/usr/local/etc/mios32_toolchain/bin/../lib/gcc/arm-none-eabi/4.7.4/../../../../arm-none-eabi/lib/armv7e-m/libc_s.a(lib_a-memmove.o)
                              project_build//data/Hardware/MIDIbox/mios32/trunk/FreeRTOS/Source/portable/MemMang/umm_malloc.o (memmove)
/usr/local/etc/mios32_toolchain/bin/../lib/gcc/arm-none-eabi/4.7.4/../../../../arm-none-eabi/lib/armv7e-m/libc_s.a(lib_a-memset.o)
                              project_build//data/Hardware/MIDIbox/mios32/trunk/FreeRTOS/Source/tasks.o (memset)
/usr/local/etc/mios32_toolchain/bin/../lib/gcc/arm-none-eabi/4.7.4/../../../../arm-none-eabi/lib/armv7e-m/libc_s.a(lib_a-stpcpy.o)
                              project_build//data/Hardware/MIDIbox/mios32/trunk/mios32/common/mios32_osc.o (stpcpy)
/usr/local/etc/mios32_toolchain/bin/../lib/gcc/arm-none-eabi/4.7.4/../../../../arm-none-eabi/lib/armv7e-m/libc_s.a(lib_a-strcasecmp.o)
                              project_build//data/Hardware/MIDIbox/mios32/trunk/modules/app_lcd/universal/app_lcd.o (strcasecmp)
/usr/local/etc/mios32_toolchain/bin/../lib/gcc/arm-none-eabi/4.7.4/../../../../arm-none-eabi/lib/armv7e-m/libc_s.a(lib_a-strcmp.o)
                              project_build//data/Hardware/MIDIbox/mios32/trunk/modules/file/file.o (strcmp)
/usr/local/etc/mios32_toolchain/bin/../lib/gcc/arm-none-eabi/4.7.4/../../../../arm-none-eabi/lib/armv7e-m/libc_s.a(lib_a-strcpy.o)
                              project_build//data/Hardware/MIDIbox/mios32/trunk/modules/file/file.o (strcpy)
/usr/local/etc/mios32_toolchain/bin/../lib/gcc/arm-none-eabi/4.7.4/../../../../arm-none-eabi/lib/armv7e-m/libc_s.a(lib_a-strlen.o)
                              project_build//data/Hardware/MIDIbox/mios32/trunk/mios32/common/mios32_midi.o (strlen)
/usr/local/etc/mios32_toolchain/bin/../lib/gcc/arm-none-eabi/4.7.4/../../../../arm-none-eabi/lib/armv7e-m/libc_s.a(lib_a-strncasecmp.o)
                              project_build//data/Hardware/MIDIbox/mios32/trunk/modules/file/file.o (strncasecmp)
/usr/local/etc/mios32_toolchain/bin/../lib/gcc/arm-none-eabi/4.7.4/../../../../arm-none-eabi/lib/armv7e-m/libc_s.a(lib_a-strncmp.o)
                              project_build//data/Hardware/MIDIbox/mios32/trunk/mios32/common/mios32_osc.o (strncmp)
/usr/local/etc/mios32_toolchain/bin/../lib/gcc/arm-none-eabi/4.7.4/../../../../arm-none-eabi/lib/armv7e-m/libc_s.a(lib_a-strncpy.o)
[...]
Memory Configuration

Name             Origin             Length             Attributes
RAM              0x20000000         0x00030000         xrw
FLASH_SECTOR0    0x08000000         0x00004000         xr
FLASH_SECTOR1    0x08004000         0x00004000         xr
FLASH_SECTOR2    0x08008000         0x00004000         xr
FLASH_SECTOR3    0x0800c000         0x00004000         xr
FLASH            0x08010000         0x000f0000         xr
FLASHB1          0x00000000         0x00000000         xr
EXTMEMB0         0x00000000         0x00000000         xr
EXTMEMB1         0x00000000         0x00000000         xr
EXTMEMB2         0x00000000         0x00000000         xr
EXTMEMB3         0x00000000         0x00000000         xr
*default*        0x00000000         0xffffffff

Linker script and memory map

LOAD project_build/function.o
LOAD project_build//data/Hardware/MIDIbox/mios32/trunk/programming_models/traditional/main.o
LOAD project_build//data/Hardware/MIDIbox/mios32/trunk/programming_models/traditional/strtol.o
LOAD project_build//data/Hardware/MIDIbox/mios32/trunk/FreeRTOS/Source/tasks.o
LOAD project_build//data/Hardware/MIDIbox/mios32/trunk/FreeRTOS/Source/list.o
LOAD project_build//data/Hardware/MIDIbox/mios32/trunk/FreeRTOS/Source/queue.o
LOAD project_build//data/Hardware/MIDIbox/mios32/trunk/FreeRTOS/Source/timers.o
LOAD project_build//data/Hardware/MIDIbox/mios32/trunk/FreeRTOS/Source/portable/GCC/ARM_CM3/port.o
LOAD project_build//data/Hardware/MIDIbox/mios32/trunk/FreeRTOS/Source/portable/MemMang/umm_malloc.o
LOAD project_build//data/Hardware/MIDIbox/mios32/trunk/programming_models/traditional/startup_stm32f4xx.o
LOAD project_build//data/Hardware/MIDIbox/mios32/trunk/mios32/common/mios32_srio.o
LOAD project_build//data/Hardware/MIDIbox/mios32/trunk/mios32/common/mios32_din.o
LOAD project_build//data/Hardware/MIDIbox/mios32/trunk/mios32/common/mios32_dout.o
LOAD project_build//data/Hardware/MIDIbox/mios32/trunk/mios32/common/mios32_enc.o
LOAD project_build//data/Hardware/MIDIbox/mios32/trunk/mios32/common/mios32_lcd.o
LOAD project_build//data/Hardware/MIDIbox/mios32/trunk/mios32/common/mios32_midi.o
LOAD project_build//data/Hardware/MIDIbox/mios32/trunk/mios32/common/mios32_osc.o
LOAD project_build//data/Hardware/MIDIbox/mios32/trunk/mios32/common/mios32_com.o
LOAD project_build//data/Hardware/MIDIbox/mios32/trunk/mios32/common/mios32_uart_midi.o
LOAD project_build//data/Hardware/MIDIbox/mios32/trunk/mios32/common/mios32_spi_midi.o
LOAD project_build//data/Hardware/MIDIbox/mios32/trunk/mios32/common/mios32_iic_midi.o
LOAD project_build//data/Hardware/MIDIbox/mios32/trunk/mios32/common/mios32_iic_bs.o
LOAD project_build//data/Hardware/MIDIbox/mios32/trunk/mios32/common/mios32_mf.o
LOAD project_build//data/Hardware/MIDIbox/mios32/trunk/mios32/common/mios32_sdcard.o
LOAD project_build//data/Hardware/MIDIbox/mios32/trunk/mios32/common/mios32_enc28j60.o
LOAD project_build//data/Hardware/MIDIbox/mios32/trunk/mios32/common/mios32_timestamp.o
LOAD project_build//data/Hardware/MIDIbox/mios32/trunk/mios32/STM32F4xx/mios32_bsl.o
LOAD project_build//data/Hardware/MIDIbox/mios32/trunk/mios32/STM32F4xx/mios32_sys.o
LOAD project_build//data/Hardware/MIDIbox/mios32/trunk/mios32/STM32F4xx/mios32_irq.o
LOAD project_build//data/Hardware/MIDIbox/mios32/trunk/mios32/STM32F4xx/mios32_spi.o
LOAD project_build//data/Hardware/MIDIbox/mios32/trunk/mios32/STM32F4xx/mios32_i2s.o
LOAD project_build//data/Hardware/MIDIbox/mios32/trunk/mios32/STM32F4xx/mios32_board.o
LOAD project_build//data/Hardware/MIDIbox/mios32/trunk/mios32/STM32F4xx/mios32_timer.o
LOAD project_build//data/Hardware/MIDIbox/mios32/trunk/mios32/STM32F4xx/mios32_stopwatch.o
LOAD project_build//data/Hardware/MIDIbox/mios32/trunk/mios32/STM32F4xx/mios32_delay.o
LOAD project_build//data/Hardware/MIDIbox/mios32/trunk/mios32/STM32F4xx/mios32_ain.o
LOAD project_build//data/Hardware/MIDIbox/mios32/trunk/mios32/STM32F4xx/mios32_usb.o
LOAD project_build//data/Hardware/MIDIbox/mios32/trunk/mios32/STM32F4xx/mios32_usb_midi.o
LOAD project_build//data/Hardware/MIDIbox/mios32/trunk/mios32/STM32F4xx/mios32_usb_com.o
LOAD project_build//data/Hardware/MIDIbox/mios32/trunk/mios32/STM32F4xx/mios32_uart.o
LOAD project_build//data/Hardware/MIDIbox/mios32/trunk/mios32/STM32F4xx/mios32_iic.o
LOAD project_build//data/Hardware/MIDIbox/mios32/trunk/mios32/common/printf-stdarg.o
LOAD project_build//data/Hardware/MIDIbox/mios32/trunk/drivers/STM32F4xx/v1.1.0/STM32F4xx_StdPeriph_Driver/src/misc.o
LOAD project_build//data/Hardware/MIDIbox/mios32/trunk/drivers/STM32F4xx/v1.1.0/STM32F4xx_StdPeriph_Driver/src/stm32f4xx_adc.o
LOAD project_build//data/Hardware/MIDIbox/mios32/trunk/drivers/STM32F4xx/v1.1.0/STM32F4xx_StdPeriph_Driver/src/stm32f4xx_can.o
LOAD project_build//data/Hardware/MIDIbox/mios32/trunk/drivers/STM32F4xx/v1.1.0/STM32F4xx_StdPeriph_Driver/src/stm32f4xx_crc.o
LOAD project_build//data/Hardware/MIDIbox/mios32/trunk/drivers/STM32F4xx/v1.1.0/STM32F4xx_StdPeriph_Driver/src/stm32f4xx_cryp.o
LOAD project_build//data/Hardware/MIDIbox/mios32/trunk/drivers/STM32F4xx/v1.1.0/STM32F4xx_StdPeriph_Driver/src/stm32f4xx_cryp_aes.o
LOAD project_build//data/Hardware/MIDIbox/mios32/trunk/drivers/STM32F4xx/v1.1.0/STM32F4xx_StdPeriph_Driver/src/stm32f4xx_cryp_des.o
LOAD project_build//data/Hardware/MIDIbox/mios32/trunk/drivers/STM32F4xx/v1.1.0/STM32F4xx_StdPeriph_Driver/src/stm32f4xx_cryp_tdes.o
LOAD project_build//data/Hardware/MIDIbox/mios32/trunk/drivers/STM32F4xx/v1.1.0/STM32F4xx_StdPeriph_Driver/src/stm32f4xx_dac.o
LOAD project_build//data/Hardware/MIDIbox/mios32/trunk/drivers/STM32F4xx/v1.1.0/STM32F4xx_StdPeriph_Driver/src/stm32f4xx_dbgmcu.o
LOAD project_build//data/Hardware/MIDIbox/mios32/trunk/drivers/STM32F4xx/v1.1.0/STM32F4xx_StdPeriph_Driver/src/stm32f4xx_dcmi.o
LOAD project_build//data/Hardware/MIDIbox/mios32/trunk/drivers/STM32F4xx/v1.1.0/STM32F4xx_StdPeriph_Driver/src/stm32f4xx_dma.o
LOAD project_build//data/Hardware/MIDIbox/mios32/trunk/drivers/STM32F4xx/v1.1.0/STM32F4xx_StdPeriph_Driver/src/stm32f4xx_exti.o
LOAD project_build//data/Hardware/MIDIbox/mios32/trunk/drivers/STM32F4xx/v1.1.0/STM32F4xx_StdPeriph_Driver/src/stm32f4xx_flash.o
LOAD project_build//data/Hardware/MIDIbox/mios32/trunk/drivers/STM32F4xx/v1.1.0/STM32F4xx_StdPeriph_Driver/src/stm32f4xx_fsmc.o
LOAD project_build//data/Hardware/MIDIbox/mios32/trunk/drivers/STM32F4xx/v1.1.0/STM32F4xx_StdPeriph_Driver/src/stm32f4xx_gpio.o
LOAD project_build//data/Hardware/MIDIbox/mios32/trunk/drivers/STM32F4xx/v1.1.0/STM32F4xx_StdPeriph_Driver/src/stm32f4xx_hash.o
LOAD project_build//data/Hardware/MIDIbox/mios32/trunk/drivers/STM32F4xx/v1.1.0/STM32F4xx_StdPeriph_Driver/src/stm32f4xx_hash_md5.o
LOAD project_build//data/Hardware/MIDIbox/mios32/trunk/drivers/STM32F4xx/v1.1.0/STM32F4xx_StdPeriph_Driver/src/stm32f4xx_hash_sha1.o
LOAD project_build//data/Hardware/MIDIbox/mios32/trunk/drivers/STM32F4xx/v1.1.0/STM32F4xx_StdPeriph_Driver/src/stm32f4xx_i2c.o
LOAD project_build//data/Hardware/MIDIbox/mios32/trunk/drivers/STM32F4xx/v1.1.0/STM32F4xx_StdPeriph_Driver/src/stm32f4xx_iwdg.o
LOAD project_build//data/Hardware/MIDIbox/mios32/trunk/drivers/STM32F4xx/v1.1.0/STM32F4xx_StdPeriph_Driver/src/stm32f4xx_pwr.o
LOAD project_build//data/Hardware/MIDIbox/mios32/trunk/drivers/STM32F4xx/v1.1.0/STM32F4xx_StdPeriph_Driver/src/stm32f4xx_rcc.o
LOAD project_build//data/Hardware/MIDIbox/mios32/trunk/drivers/STM32F4xx/v1.1.0/STM32F4xx_StdPeriph_Driver/src/stm32f4xx_rng.o
LOAD project_build//data/Hardware/MIDIbox/mios32/trunk/drivers/STM32F4xx/v1.1.0/STM32F4xx_StdPeriph_Driver/src/stm32f4xx_rtc.o
LOAD project_build//data/Hardware/MIDIbox/mios32/trunk/drivers/STM32F4xx/v1.1.0/STM32F4xx_StdPeriph_Driver/src/stm32f4xx_sdio.o
LOAD project_build//data/Hardware/MIDIbox/mios32/trunk/drivers/STM32F4xx/v1.1.0/STM32F4xx_StdPeriph_Driver/src/stm32f4xx_spi.o
LOAD project_build//data/Hardware/MIDIbox/mios32/trunk/drivers/STM32F4xx/v1.1.0/STM32F4xx_StdPeriph_Driver/src/stm32f4xx_syscfg.o
LOAD project_build//data/Hardware/MIDIbox/mios32/trunk/drivers/STM32F4xx/v1.1.0/STM32F4xx_StdPeriph_Driver/src/stm32f4xx_tim.o
LOAD project_build//data/Hardware/MIDIbox/mios32/trunk/drivers/STM32F4xx/v1.1.0/STM32F4xx_StdPeriph_Driver/src/stm32f4xx_usart.o
LOAD project_build//data/Hardware/MIDIbox/mios32/trunk/drivers/STM32F4xx/v1.1.0/STM32F4xx_StdPeriph_Driver/src/stm32f4xx_wwdg.o
LOAD project_build//data/Hardware/MIDIbox/mios32/trunk/drivers/STM32F4xx/v1.1.0/STM32_USB_Device_Library/Core/src/usbd_core.o
LOAD project_build//data/Hardware/MIDIbox/mios32/trunk/drivers/STM32F4xx/v1.1.0/STM32_USB_Device_Library/Core/src/usbd_ioreq.o
LOAD project_build//data/Hardware/MIDIbox/mios32/trunk/drivers/STM32F4xx/v1.1.0/STM32_USB_Device_Library/Core/src/usbd_req.o
LOAD project_build//data/Hardware/MIDIbox/mios32/trunk/drivers/STM32F4xx/v1.1.0/STM32_USB_HOST_Library/Core/src/usbh_core.o
LOAD project_build//data/Hardware/MIDIbox/mios32/trunk/drivers/STM32F4xx/v1.1.0/STM32_USB_HOST_Library/Core/src/usbh_hcs.o
LOAD project_build//data/Hardware/MIDIbox/mios32/trunk/drivers/STM32F4xx/v1.1.0/STM32_USB_HOST_Library/Core/src/usbh_ioreq.o
LOAD project_build//data/Hardware/MIDIbox/mios32/trunk/drivers/STM32F4xx/v1.1.0/STM32_USB_HOST_Library/Core/src/usbh_stdreq.o
LOAD project_build//data/Hardware/MIDIbox/mios32/trunk/drivers/STM32F4xx/v1.1.0/STM32_USB_OTG_Driver/src/usb_core.o
LOAD project_build//data/Hardware/MIDIbox/mios32/trunk/drivers/STM32F4xx/v1.1.0/STM32_USB_OTG_Driver/src/usb_dcd.o
LOAD project_build//data/Hardware/MIDIbox/mios32/trunk/drivers/STM32F4xx/v1.1.0/STM32_USB_OTG_Driver/src/usb_dcd_int.o
LOAD project_build//data/Hardware/MIDIbox/mios32/trunk/drivers/STM32F4xx/v1.1.0/STM32_USB_OTG_Driver/src/usb_hcd.o
LOAD project_build//data/Hardware/MIDIbox/mios32/trunk/drivers/STM32F4xx/v1.1.0/STM32_USB_OTG_Driver/src/usb_hcd_int.o
LOAD project_build//data/Hardware/MIDIbox/mios32/trunk/drivers/STM32F4xx/v1.1.0/STM32_USB_OTG_Driver/src/usb_otg.o
LOAD project_build//data/Hardware/MIDIbox/mios32/trunk/modules/app_lcd/universal/app_lcd.o
LOAD project_build//data/Hardware/MIDIbox/mios32/trunk/modules/glcd_font/glcd_font_normal.o
LOAD project_build//data/Hardware/MIDIbox/mios32/trunk/modules/glcd_font/glcd_font_normal_inv.o
LOAD project_build//data/Hardware/MIDIbox/mios32/trunk/modules/glcd_font/glcd_font_big.o
LOAD project_build//data/Hardware/MIDIbox/mios32/trunk/modules/glcd_font/glcd_font_small.o
LOAD project_build//data/Hardware/MIDIbox/mios32/trunk/modules/glcd_font/glcd_font_tiny.o
LOAD project_build//data/Hardware/MIDIbox/mios32/trunk/modules/glcd_font/glcd_font_knob_icons.o
LOAD project_build//data/Hardware/MIDIbox/mios32/trunk/modules/glcd_font/glcd_font_meter_icons_h.o
LOAD project_build//data/Hardware/MIDIbox/mios32/trunk/modules/glcd_font/glcd_font_meter_icons_v.o
LOAD project_build//data/Hardware/MIDIbox/mios32/trunk/modules/fatfs/src/diskio.o
LOAD project_build//data/Hardware/MIDIbox/mios32/trunk/modules/fatfs/src/option/ccsbcs.o
LOAD project_build//data/Hardware/MIDIbox/mios32/trunk/modules/fatfs/src/ff.o
LOAD project_build//data/Hardware/MIDIbox/mios32/trunk/modules/file/file.o
LOAD project_build//data/Hardware/MIDIbox/mios32/trunk/modules/genesis/genesis.o
LOAD project_build/app.o
LOAD project_build/object.o
LOAD project_build//data/Hardware/MIDIbox/mios32/trunk/programming_models/traditional/mini_cpp.o
LOAD project_build//data/Hardware/MIDIbox/mios32/trunk/programming_models/traditional/freertos_heap.o
LOAD /usr/local/etc/mios32_toolchain/bin/../lib/gcc/arm-none-eabi/4.7.4/../../../../arm-none-eabi/lib/armv7e-m/libstdc++_s.a
START GROUP
LOAD /usr/local/etc/mios32_toolchain/bin/../lib/gcc/arm-none-eabi/4.7.4/armv7e-m/libgcc.a
LOAD /usr/local/etc/mios32_toolchain/bin/../lib/gcc/arm-none-eabi/4.7.4/../../../../arm-none-eabi/lib/armv7e-m/libc_s.a
END GROUP
                0x20020000                _estack = 0x20020000
                0x00000080                __Stack_Size = 0x80
                0x00000080                PROVIDE (_Stack_Size, __Stack_Size)
                0x2001ff80                __Stack_Init = (_estack - __Stack_Size)
                0x2001ff80                PROVIDE (_Stack_Init, __Stack_Init)
                0x00000100                _Minimum_Stack_Size = 0x100
                0x42000000                PERIPH_BB_BASE = 0x42000000
                0x22000000                SRAM_BB_BASE = 0x22000000
                0x20000000                SRAM_BASE = 0x20000000
                0x40000000                PERIPH_BASE = 0x40000000
                0x40022000                PROVIDE (FLASH_BASE, 0x40022000)
                0x1ffff800                PROVIDE (OB_BASE, 0x1ffff800)
                0x40000000                APB1PERIPH_BASE = PERIPH_BASE
                0x40010000                APB2PERIPH_BASE = (PERIPH_BASE + 0x10000)
                0x40020000                AHBPERIPH_BASE = (PERIPH_BASE + 0x20000)
                0x40000000                PROVIDE (TIM2, (APB1PERIPH_BASE + 0x0))
                0x40000400                PROVIDE (TIM3, (APB1PERIPH_BASE + 0x400))
                0x40000800                PROVIDE (TIM4, (APB1PERIPH_BASE + 0x800))
                0x40002800                PROVIDE (RTC, (APB1PERIPH_BASE + 0x2800))
                0x40002c00                PROVIDE (WWDG, (APB1PERIPH_BASE + 0x2c00))
                0x40003000                PROVIDE (IWDG, (APB1PERIPH_BASE + 0x3000))
                0x40003800                PROVIDE (SPI2, (APB1PERIPH_BASE + 0x3800))
                0x40004400                PROVIDE (USART2, (APB1PERIPH_BASE + 0x4400))
                0x40004800                PROVIDE (USART3, (APB1PERIPH_BASE + 0x4800))
                0x40005400                PROVIDE (I2C1, (APB1PERIPH_BASE + 0x5400))
                0x40005800                PROVIDE (I2C2, (APB1PERIPH_BASE + 0x5800))
                0x40006400                PROVIDE (CAN, (APB1PERIPH_BASE + 0x6400))
                0x40006c00                PROVIDE (BKP, (APB1PERIPH_BASE + 0x6c00))
                0x40007000                PROVIDE (PWR, (APB1PERIPH_BASE + 0x7000))
                0x40010000                PROVIDE (AFIO, (APB2PERIPH_BASE + 0x0))
                0x40010400                PROVIDE (EXTI, (APB2PERIPH_BASE + 0x400))
                0x40010800                PROVIDE (GPIOA, (APB2PERIPH_BASE + 0x800))
                0x40010c00                PROVIDE (GPIOB, (APB2PERIPH_BASE + 0xc00))
                0x40011000                PROVIDE (GPIOC, (APB2PERIPH_BASE + 0x1000))
                0x40011400                PROVIDE (GPIOD, (APB2PERIPH_BASE + 0x1400))
                0x40011800                PROVIDE (GPIOE, (APB2PERIPH_BASE + 0x1800))
                0x40012400                PROVIDE (ADC1, (APB2PERIPH_BASE + 0x2400))
                0x40012800                PROVIDE (ADC2, (APB2PERIPH_BASE + 0x2800))
                0x40012c00                PROVIDE (TIM1, (APB2PERIPH_BASE + 0x2c00))
                0x40013000                PROVIDE (SPI1, (APB2PERIPH_BASE + 0x3000))
                0x40013800                PROVIDE (USART1, (APB2PERIPH_BASE + 0x3800))
                0x40020000                PROVIDE (DMA, (AHBPERIPH_BASE + 0x0))
                0x40020008                PROVIDE (DMA_Channel1, (AHBPERIPH_BASE + 0x8))
                0x4002001c                PROVIDE (DMA_Channel2, (AHBPERIPH_BASE + 0x1c))
                0x40020030                PROVIDE (DMA_Channel3, (AHBPERIPH_BASE + 0x30))
                0x40020044                PROVIDE (DMA_Channel4, (AHBPERIPH_BASE + 0x44))
                0x40020058                PROVIDE (DMA_Channel5, (AHBPERIPH_BASE + 0x58))
                0x4002006c                PROVIDE (DMA_Channel6, (AHBPERIPH_BASE + 0x6c))
                0x40020080                PROVIDE (DMA_Channel7, (AHBPERIPH_BASE + 0x80))
                0x40021000                PROVIDE (RCC, (AHBPERIPH_BASE + 0x1000))
                0xe000e000                SCS_BASE = 0xe000e000
                0xe000e010                PROVIDE (SysTick, (SCS_BASE + 0x10))
                0xe000e100                PROVIDE (NVIC, (SCS_BASE + 0x100))
                0xe000ed00                PROVIDE (SCB, (SCS_BASE + 0xd00))

.mios32_bsl     0x08000000     0x4000
                0x08000000                . = ALIGN (0x4)
 *(.mios32_bsl)
 .mios32_bsl    0x08000000     0x4000 project_build//data/Hardware/MIDIbox/mios32/trunk/mios32/STM32F4xx/mios32_bsl.o
                0x08000000                mios32_bsl_image
                0x08004000                . = ALIGN (0x4)

.isr_vector     0x08004000      0x188
                0x08004000                _mios32_sys_isr_vector = .
                0x08004000                . = ALIGN (0x4)
 *(.isr_vector)
 .isr_vector    0x08004000      0x188 project_build//data/Hardware/MIDIbox/mios32/trunk/programming_models/traditional/startup_stm32f4xx.o
                0x08004000                g_pfnVectors
                0x08004188                . = ALIGN (0x4)
                0x08004000                PROVIDE (mios32_sys_isr_vector, _mios32_sys_isr_vector)

.flashtext      0x08010000        0x0
                0x08010000                . = ALIGN (0x4)
 *(.flashtext)
                0x08010000                . = ALIGN (0x4)

.text           0x08010000     0x98fc
                0x08010000                . = ALIGN (0x4)
 CREATE_OBJECT_SYMBOLS
 *(.text .text.* .gnu.linkonce.t.*)
 .text.function
                0x08010000       0x14 project_build/function.o
                0x08010000                function
 .text.SRIO_ServiceFinish
                0x08010014        0xe project_build//data/Hardware/MIDIbox/mios32/trunk/programming_models/traditional/main.o
                0x08010014                SRIO_ServiceFinish
 *fill*         0x08010022        0x2 00
 .text.TASK_Hooks
                0x08010024       0x48 project_build//data/Hardware/MIDIbox/mios32/trunk/programming_models/traditional/main.o
 .text.TASK_MIDI_Hooks
                0x0801006c       0x34 project_build//data/Hardware/MIDIbox/mios32/trunk/programming_models/traditional/main.o
 .text.startup.main
                0x080100a0       0xe0 project_build//data/Hardware/MIDIbox/mios32/trunk/programming_models/traditional/main.o
                0x080100a0                main
 .text.vApplicationTickHook
                0x08010180       0x18 project_build//data/Hardware/MIDIbox/mios32/trunk/programming_models/traditional/main.o
                0x08010180                vApplicationTickHook
 .text.vApplicationIdleHook
                0x08010198        0x4 project_build//data/Hardware/MIDIbox/mios32/trunk/programming_models/traditional/main.o
                0x08010198                vApplicationIdleHook
 .text._abort   0x0801019c       0x40 project_build//data/Hardware/MIDIbox/mios32/trunk/programming_models/traditional/main.o
                0x0801019c                _abort
 .text.HardFault_Handler_c
                0x080101dc      0x148 project_build//data/Hardware/MIDIbox/mios32/trunk/programming_models/traditional/main.o
                0x080101dc                HardFault_Handler_c
 .text.HardFault_Handler
                0x08010324       0x14 project_build//data/Hardware/MIDIbox/mios32/trunk/programming_models/traditional/main.o
                0x08010324                HardFault_Handler
 .text.prvAddCurrentTaskToDelayedList
                0x08010338       0x50 project_build//data/Hardware/MIDIbox/mios32/trunk/FreeRTOS/Source/tasks.o
 .text.xTaskGenericCreate
                0x08010388      0x194 project_build//data/Hardware/MIDIbox/mios32/trunk/FreeRTOS/Source/tasks.o
                0x08010388                xTaskGenericCreate
 .text.vTaskStartScheduler
                0x0801051c       0x4c project_build//data/Hardware/MIDIbox/mios32/trunk/FreeRTOS/Source/tasks.o
                0x0801051c                vTaskStartScheduler
 .text.vTaskSuspendAll
                0x08010568       0x10 project_build//data/Hardware/MIDIbox/mios32/trunk/FreeRTOS/Source/tasks.o
                0x08010568                vTaskSuspendAll
 .text.xTaskGetTickCount
                0x08010578       0x18 project_build//data/Hardware/MIDIbox/mios32/trunk/FreeRTOS/Source/tasks.o
                0x08010578                xTaskGetTickCount
 .text.vTaskIncrementTick
                0x08010590       0xec project_build//data/Hardware/MIDIbox/mios32/trunk/FreeRTOS/Source/tasks.o
                0x08010590                vTaskIncrementTick
 .text.xTaskResumeAll
                0x0801067c       0xc4 project_build//data/Hardware/MIDIbox/mios32/trunk/FreeRTOS/Source/tasks.o
                0x0801067c                xTaskResumeAll
 .text.prvIdleTask
                0x08010740       0x68 project_build//data/Hardware/MIDIbox/mios32/trunk/FreeRTOS/Source/tasks.o
 .text.vTaskDelayUntil
                0x080107a8       0x78 project_build//data/Hardware/MIDIbox/mios32/trunk/FreeRTOS/Source/tasks.o
                0x080107a8                vTaskDelayUntil
 .text.vTaskSwitchContext
                0x08010820       0x54 project_build//data/Hardware/MIDIbox/mios32/trunk/FreeRTOS/Source/tasks.o
                0x08010820                vTaskSwitchContext
 .text.vListInitialise
                0x08010874       0x16 project_build//data/Hardware/MIDIbox/mios32/trunk/FreeRTOS/Source/list.o
                0x08010874                vListInitialise
 .text.vListInitialiseItem
                0x0801088a        0x6 project_build//data/Hardware/MIDIbox/mios32/trunk/FreeRTOS/Source/list.o
                0x0801088a                vListInitialiseItem
 .text.vListInsertEnd
                0x08010890       0x1a project_build//data/Hardware/MIDIbox/mios32/trunk/FreeRTOS/Source/list.o
                0x08010890                vListInsertEnd
 .text.vListInsert
                0x080108aa       0x30 project_build//data/Hardware/MIDIbox/mios32/trunk/FreeRTOS/Source/list.o
                0x080108aa                vListInsert
 .text.uxListRemove
                0x080108da       0x22 project_build//data/Hardware/MIDIbox/mios32/trunk/FreeRTOS/Source/list.o
                0x080108da                uxListRemove
 .text.prvPortStartFirstTask
                0x080108fc       0x14 project_build//data/Hardware/MIDIbox/mios32/trunk/FreeRTOS/Source/portable/GCC/ARM_CM3/port.o
 .text.pxPortInitialiseStack
                0x08010910       0x16 project_build//data/Hardware/MIDIbox/mios32/trunk/FreeRTOS/Source/portable/GCC/ARM_CM3/port.o
                0x08010910                pxPortInitialiseStack
 *fill*         0x08010926        0x2 00
 .text.vPortSVCHandler
                0x08010928       0x20 project_build//data/Hardware/MIDIbox/mios32/trunk/FreeRTOS/Source/portable/GCC/ARM_CM3/port.o
                0x08010928                vPortSVCHandler
 .text.vPortYieldFromISR
                0x08010948       0x10 project_build//data/Hardware/MIDIbox/mios32/trunk/FreeRTOS/Source/portable/GCC/ARM_CM3/port.o
                0x08010948                vPortYieldFromISR
 .text.ulPortSetInterruptMask
                0x08010958       0x10 project_build//data/Hardware/MIDIbox/mios32/trunk/FreeRTOS/Source/portable/GCC/ARM_CM3/port.o
                0x08010958                ulPortSetInterruptMask
 .text.vPortEnterCritical
                0x08010968       0x14 project_build//data/Hardware/MIDIbox/mios32/trunk/FreeRTOS/Source/portable/GCC/ARM_CM3/port.o
                0x08010968                vPortEnterCritical
 .text.vPortClearInterruptMask
                0x0801097c        0x6 project_build//data/Hardware/MIDIbox/mios32/trunk/FreeRTOS/Source/portable/GCC/ARM_CM3/port.o
                0x0801097c                vPortClearInterruptMask
 *fill*         0x08010982        0x2 00
 .text.vPortExitCritical
                0x08010984       0x14 project_build//data/Hardware/MIDIbox/mios32/trunk/FreeRTOS/Source/portable/GCC/ARM_CM3/port.o
                0x08010984                vPortExitCritical
 .text.xPortPendSVHandler
                0x08010998       0x3c project_build//data/Hardware/MIDIbox/mios32/trunk/FreeRTOS/Source/portable/GCC/ARM_CM3/port.o
                0x08010998                xPortPendSVHandler
 .text.xPortSysTickHandler
                0x080109d4       0x20 project_build//data/Hardware/MIDIbox/mios32/trunk/FreeRTOS/Source/portable/GCC/ARM_CM3/port.o
                0x080109d4                xPortSysTickHandler
 .text.vPortSetupTimerInterrupt
                0x080109f4       0x18 project_build//data/Hardware/MIDIbox/mios32/trunk/FreeRTOS/Source/portable/GCC/ARM_CM3/port.o
                0x080109f4                vPortSetupTimerInterrupt
 .text.xPortStartScheduler
                0x08010a0c       0x30 project_build//data/Hardware/MIDIbox/mios32/trunk/FreeRTOS/Source/portable/GCC/ARM_CM3/port.o
                0x08010a0c                xPortStartScheduler
 .text.umm_disconnect_from_free_list
                0x08010a3c       0x2c project_build//data/Hardware/MIDIbox/mios32/trunk/FreeRTOS/Source/portable/MemMang/umm_malloc.o
 .text.umm_assimilate_up
                0x08010a68       0x4c project_build//data/Hardware/MIDIbox/mios32/trunk/FreeRTOS/Source/portable/MemMang/umm_malloc.o
 .text.vPortFree
                0x08010ab4       0x74 project_build//data/Hardware/MIDIbox/mios32/trunk/FreeRTOS/Source/portable/MemMang/umm_malloc.o
                0x08010ab4                vPortFree
 .text.pvPortMalloc
                0x08010b28      0x11c project_build//data/Hardware/MIDIbox/mios32/trunk/FreeRTOS/Source/portable/MemMang/umm_malloc.o
                0x08010b28                pvPortMalloc
 .text.Default_Handler
                0x08010c44        0x2 project_build//data/Hardware/MIDIbox/mios32/trunk/programming_models/traditional/startup_stm32f4xx.o
                0x08010c44                RTC_Alarm_IRQHandler
                0x08010c44                HASH_RNG_IRQHandler
                0x08010c44                EXTI2_IRQHandler
                0x08010c44                TIM8_CC_IRQHandler
                0x08010c44                DebugMon_Handler
                0x08010c44                TIM1_CC_IRQHandler
                0x08010c44                DMA2_Stream5_IRQHandler
                0x08010c44                DMA1_Stream5_IRQHandler
                0x08010c44                SysTick_Handler
                0x08010c44                PVD_IRQHandler
                0x08010c44                SDIO_IRQHandler
                0x08010c44                TAMP_STAMP_IRQHandler
                0x08010c44                PendSV_Handler
                0x08010c44                NMI_Handler
                0x08010c44                CAN2_RX1_IRQHandler
                0x08010c44                EXTI3_IRQHandler
                0x08010c44                TIM8_TRG_COM_TIM14_IRQHandler
                0x08010c44                TIM1_UP_TIM10_IRQHandler
                0x08010c44                TIM8_UP_TIM13_IRQHandler
                0x08010c44                I2C3_ER_IRQHandler
                0x08010c44                EXTI0_IRQHandler
                0x08010c44                CAN1_RX0_IRQHandler
                0x08010c44                FPU_IRQHandler
                0x08010c44                OTG_HS_WKUP_IRQHandler
                0x08010c44                UsageFault_Handler
                0x08010c44                CAN2_SCE_IRQHandler
                0x08010c44                SPI1_IRQHandler
                0x08010c44                TIM6_DAC_IRQHandler
                0x08010c44                TIM1_BRK_TIM9_IRQHandler
                0x08010c44                DCMI_IRQHandler
                0x08010c44                CAN2_RX0_IRQHandler
                0x08010c44                DMA2_Stream3_IRQHandler
                0x08010c44                USART6_IRQHandler
                0x08010c44                CRYP_IRQHandler
                0x08010c44                CAN1_RX1_IRQHandler
                0x08010c44                UART5_IRQHandler
                0x08010c44                DMA2_Stream0_IRQHandler
                0x08010c44                TIM4_IRQHandler
                0x08010c44                DMA1_Stream6_IRQHandler
                0x08010c44                DMA1_Stream1_IRQHandler
                0x08010c44                UART4_IRQHandler
                0x08010c44                RCC_IRQHandler
                0x08010c44                TIM8_BRK_TIM12_IRQHandler
                0x08010c44                Default_Handler
                0x08010c44                EXTI15_10_IRQHandler
                0x08010c44                ADC_IRQHandler
                0x08010c44                DMA1_Stream7_IRQHandler
                0x08010c44                TIM7_IRQHandler
                0x08010c44                CAN2_TX_IRQHandler
                0x08010c44                DMA2_Stream7_IRQHandler
                0x08010c44                I2C3_EV_IRQHandler
                0x08010c44                EXTI9_5_IRQHandler
                0x08010c44                RTC_WKUP_IRQHandler
                0x08010c44                ETH_WKUP_IRQHandler
                0x08010c44                SPI2_IRQHandler
                0x08010c44                OTG_HS_EP1_IN_IRQHandler
                0x08010c44                MemManage_Handler
                0x08010c44                DMA1_Stream0_IRQHandler
                0x08010c44                CAN1_TX_IRQHandler
                0x08010c44                SVC_Handler
                0x08010c44                EXTI4_IRQHandler
                0x08010c44                FSMC_IRQHandler
                0x08010c44                ETH_IRQHandler
                0x08010c44                OTG_HS_EP1_OUT_IRQHandler
                0x08010c44                WWDG_IRQHandler
                0x08010c44                OTG_FS_WKUP_IRQHandler
                0x08010c44                TIM1_TRG_COM_TIM11_IRQHandler
                0x08010c44                OTG_HS_IRQHandler
                0x08010c44                EXTI1_IRQHandler
                0x08010c44                DMA2_Stream1_IRQHandler
                0x08010c44                CAN1_SCE_IRQHandler
                0x08010c44                FLASH_IRQHandler
                0x08010c44                DMA2_Stream4_IRQHandler
                0x08010c44                BusFault_Handler
                0x08010c44                USART1_IRQHandler
                0x08010c44                SPI3_IRQHandler
                0x08010c44                DMA1_Stream4_IRQHandler
                0x08010c44                DMA2_Stream6_IRQHandler
 *fill*         0x08010c46        0x2 00
 .text.Reset_Handler
                0x08010c48       0x4c project_build//data/Hardware/MIDIbox/mios32/trunk/programming_models/traditional/startup_stm32f4xx.o
                0x08010c48                Reset_Handler
 .text._init    0x08010c94        0x2 project_build//data/Hardware/MIDIbox/mios32/trunk/programming_models/traditional/startup_stm32f4xx.o
                0x08010c94                _init
 *fill*         0x08010c96        0x2 00
 .text.MIOS32_SRIO_DMA_Callback
                0x08010c98       0xac project_build//data/Hardware/MIDIbox/mios32/trunk/mios32/common/mios32_srio.o
 .text.MIOS32_SRIO_Init
                0x08010d44       0x90 project_build//data/Hardware/MIDIbox/mios32/trunk/mios32/common/mios32_srio.o
                0x08010d44                MIOS32_SRIO_Init
 .text.MIOS32_SRIO_ScanNumGet
                0x08010dd4        0xc project_build//data/Hardware/MIDIbox/mios32/trunk/mios32/common/mios32_srio.o
                0x08010dd4                MIOS32_SRIO_ScanNumGet
 .text.MIOS32_SRIO_DebounceStart
                0x08010de0       0x14 project_build//data/Hardware/MIDIbox/mios32/trunk/mios32/common/mios32_srio.o
                0x08010de0                MIOS32_SRIO_DebounceStart
 .text.MIOS32_SRIO_ScanStart
                0x08010df4       0x78 project_build//data/Hardware/MIDIbox/mios32/trunk/mios32/common/mios32_srio.o
                0x08010df4                MIOS32_SRIO_ScanStart
 .text.MIOS32_DIN_Init
                0x08010e6c       0x28 project_build//data/Hardware/MIDIbox/mios32/trunk/mios32/common/mios32_din.o
                0x08010e6c                MIOS32_DIN_Init
 .text.MIOS32_DIN_SRChangedGetAndClear
                0x08010e94       0x30 project_build//data/Hardware/MIDIbox/mios32/trunk/mios32/common/mios32_din.o
                0x08010e94                MIOS32_DIN_SRChangedGetAndClear
 .text.MIOS32_DIN_Handler
                0x08010ec4       0x64 project_build//data/Hardware/MIDIbox/mios32/trunk/mios32/common/mios32_din.o
                0x08010ec4                MIOS32_DIN_Handler
 .text.MIOS32_DOUT_Init
                0x08010f28       0x1c project_build//data/Hardware/MIDIbox/mios32/trunk/mios32/common/mios32_dout.o
                0x08010f28                MIOS32_DOUT_Init
 .text.MIOS32_ENC_Init
                0x08010f44       0x6c project_build//data/Hardware/MIDIbox/mios32/trunk/mios32/common/mios32_enc.o
                0x08010f44                MIOS32_ENC_Init
 .text.MIOS32_ENC_UpdateStates
                0x08010fb0      0x26c project_build//data/Hardware/MIDIbox/mios32/trunk/mios32/common/mios32_enc.o
                0x08010fb0                MIOS32_ENC_UpdateStates
 .text.MIOS32_ENC_Handler
                0x0801121c       0x44 project_build//data/Hardware/MIDIbox/mios32/trunk/mios32/common/mios32_enc.o
                0x0801121c                MIOS32_ENC_Handler
 .text.MIOS32_LCD_ParametersFetchFromBslInfoRange
                0x08011260       0x64 project_build//data/Hardware/MIDIbox/mios32/trunk/mios32/common/mios32_lcd.o
                0x08011260                MIOS32_LCD_ParametersFetchFromBslInfoRange
 .text.MIOS32_LCD_TypeIsGLCD
                0x080112c4       0x10 project_build//data/Hardware/MIDIbox/mios32/trunk/mios32/common/mios32_lcd.o
                0x080112c4                MIOS32_LCD_TypeIsGLCD
 .text.MIOS32_LCD_DeviceSet
                0x080112d4        0xc project_build//data/Hardware/MIDIbox/mios32/trunk/mios32/common/mios32_lcd.o
                0x080112d4                MIOS32_LCD_DeviceSet
 .text.MIOS32_LCD_CursorSet
                0x080112e0       0x44 project_build//data/Hardware/MIDIbox/mios32/trunk/mios32/common/mios32_lcd.o
                0x080112e0                MIOS32_LCD_CursorSet
 .text.MIOS32_LCD_GCursorSet
                0x08011324       0x14 project_build//data/Hardware/MIDIbox/mios32/trunk/mios32/common/mios32_lcd.o
                0x08011324                MIOS32_LCD_GCursorSet
 .text.MIOS32_LCD_CursorMapSet
                0x08011338       0x18 project_build//data/Hardware/MIDIbox/mios32/trunk/mios32/common/mios32_lcd.o
                0x08011338                MIOS32_LCD_CursorMapSet
 .text.MIOS32_LCD_FontInit
                0x08011350       0x24 project_build//data/Hardware/MIDIbox/mios32/trunk/mios32/common/mios32_lcd.o
                0x08011350                MIOS32_LCD_FontInit
 .text.MIOS32_LCD_Clear
                0x08011374        0x4 project_build//data/Hardware/MIDIbox/mios32/trunk/mios32/common/mios32_lcd.o
                0x08011374                MIOS32_LCD_Clear
 .text.MIOS32_LCD_Init
                0x08011378       0x54 project_build//data/Hardware/MIDIbox/mios32/trunk/mios32/common/mios32_lcd.o
                0x08011378                MIOS32_LCD_Init
 .text.MIOS32_LCD_PrintChar
                0x080113cc       0x64 project_build//data/Hardware/MIDIbox/mios32/trunk/mios32/common/mios32_lcd.o
                0x080113cc                MIOS32_LCD_PrintChar
 .text.MIOS32_LCD_PrintString
                0x08011430       0x18 project_build//data/Hardware/MIDIbox/mios32/trunk/mios32/common/mios32_lcd.o
                0x08011430                MIOS32_LCD_PrintString
 .text.MIOS32_LCD_PrintBootMessage
                0x08011448       0x3c project_build//data/Hardware/MIDIbox/mios32/trunk/mios32/common/mios32_lcd.o
                0x08011448                MIOS32_LCD_PrintBootMessage
 .text.MIOS32_LCD_PrintFormattedString
                0x08011484       0x24 project_build//data/Hardware/MIDIbox/mios32/trunk/mios32/common/mios32_lcd.o
                0x08011484                MIOS32_LCD_PrintFormattedString
 .text.MIOS32_LCD_BColourSet
                0x080114a8        0x4 project_build//data/Hardware/MIDIbox/mios32/trunk/mios32/common/mios32_lcd.o
                0x080114a8                MIOS32_LCD_BColourSet
 .text.MIOS32_LCD_FColourSet
                0x080114ac        0x4 project_build//data/Hardware/MIDIbox/mios32/trunk/mios32/common/mios32_lcd.o
                0x080114ac                MIOS32_LCD_FColourSet
 .text.MIOS32_MIDI_Init
                0x080114b0       0xd8 project_build//data/Hardware/MIDIbox/mios32/trunk/mios32/common/mios32_midi.o
                0x080114b0                MIOS32_MIDI_Init
 .text.MIOS32_MIDI_SendPackage
                0x08011588       0x9c project_build//data/Hardware/MIDIbox/mios32/trunk/mios32/common/mios32_midi.o
                0x08011588                MIOS32_MIDI_SendPackage
 .text.MIOS32_MIDI_SendSysEx
                0x08011624       0x82 project_build//data/Hardware/MIDIbox/mios32/trunk/mios32/common/mios32_midi.o
                0x08011624                MIOS32_MIDI_SendSysEx
 *fill*         0x080116a6        0x2 00
 .text.MIOS32_MIDI_SYSEX_SendAckStr
                0x080116a8       0x5c project_build//data/Hardware/MIDIbox/mios32/trunk/mios32/common/mios32_midi.o
 .text.MIOS32_MIDI_SYSEX_SendAck
                0x08011704       0x48 project_build//data/Hardware/MIDIbox/mios32/trunk/mios32/common/mios32_midi.o
 .text.MIOS32_MIDI_SendDebugStringHeader
                0x0801174c       0x68 project_build//data/Hardware/MIDIbox/mios32/trunk/mios32/common/mios32_midi.o
                0x0801174c                MIOS32_MIDI_SendDebugStringHeader
 .text.MIOS32_MIDI_SendDebugStringBody
                0x080117b4       0x6a project_build//data/Hardware/MIDIbox/mios32/trunk/mios32/common/mios32_midi.o
                0x080117b4                MIOS32_MIDI_SendDebugStringBody
 .text.MIOS32_MIDI_SendDebugStringFooter
                0x0801181e       0x1a project_build//data/Hardware/MIDIbox/mios32/trunk/mios32/common/mios32_midi.o
                0x0801181e                MIOS32_MIDI_SendDebugStringFooter
 .text.MIOS32_MIDI_SendDebugString
                0x08011838       0x38 project_build//data/Hardware/MIDIbox/mios32/trunk/mios32/common/mios32_midi.o
                0x08011838                MIOS32_MIDI_SendDebugString
 .text.MIOS32_MIDI_SendDebugMessage
                0x08011870       0x50 project_build//data/Hardware/MIDIbox/mios32/trunk/mios32/common/mios32_midi.o
                0x08011870                MIOS32_MIDI_SendDebugMessage
 .text.MIOS32_MIDI_TimeOut
                0x080118c0       0x50 project_build//data/Hardware/MIDIbox/mios32/trunk/mios32/common/mios32_midi.o
 .text.MIOS32_MIDI_Periodic_mS
                0x08011910       0x34 project_build//data/Hardware/MIDIbox/mios32/trunk/mios32/common/mios32_midi.o
                0x08011910                MIOS32_MIDI_Periodic_mS
 .text.MIOS32_MIDI_SendByteToRxCallback
                0x08011944       0x14 project_build//data/Hardware/MIDIbox/mios32/trunk/mios32/common/mios32_midi.o
                0x08011944                MIOS32_MIDI_SendByteToRxCallback
 .text.MIOS32_MIDI_SendPackageToRxCallback
                0x08011958       0x50 project_build//data/Hardware/MIDIbox/mios32/trunk/mios32/common/mios32_midi.o
                0x08011958                MIOS32_MIDI_SendPackageToRxCallback
 .text.MIOS32_MIDI_DebugPortSet
                0x080119a8       0x18 project_build//data/Hardware/MIDIbox/mios32/trunk/mios32/common/mios32_midi.o
                0x080119a8                MIOS32_MIDI_DebugPortSet
 .text.MIOS32_MIDI_SYSEX_Cmd
                0x080119c0      0x1b4 project_build//data/Hardware/MIDIbox/mios32/trunk/mios32/common/mios32_midi.o
 .text.MIOS32_MIDI_SYSEX_Parser
                0x08011b74       0xd8 project_build//data/Hardware/MIDIbox/mios32/trunk/mios32/common/mios32_midi.o
 .text.MIOS32_MIDI_ReceivePackage
                0x08011c4c      0x22c project_build//data/Hardware/MIDIbox/mios32/trunk/mios32/common/mios32_midi.o
                0x08011c4c                MIOS32_MIDI_ReceivePackage
 .text.MIOS32_MIDI_Receive_Handler
                0x08011e78      0x138 project_build//data/Hardware/MIDIbox/mios32/trunk/mios32/common/mios32_midi.o
                0x08011e78                MIOS32_MIDI_Receive_Handler
 .text.MIOS32_OSC_Init
                0x08011fb0        0xc project_build//data/Hardware/MIDIbox/mios32/trunk/mios32/common/mios32_osc.o
                0x08011fb0                MIOS32_OSC_Init
 .text.MIOS32_COM_Init
                0x08011fbc       0x24 project_build//data/Hardware/MIDIbox/mios32/trunk/mios32/common/mios32_com.o
                0x08011fbc                MIOS32_COM_Init
 .text.MIOS32_COM_SendBuffer
                0x08011fe0       0x2c project_build//data/Hardware/MIDIbox/mios32/trunk/mios32/common/mios32_com.o
                0x08011fe0                MIOS32_COM_SendBuffer
 .text.MIOS32_COM_SendChar
                0x0801200c       0x12 project_build//data/Hardware/MIDIbox/mios32/trunk/mios32/common/mios32_com.o
                0x0801200c                MIOS32_COM_SendChar
 .text.MIOS32_COM_Receive_Handler
                0x0801201e       0x12 project_build//data/Hardware/MIDIbox/mios32/trunk/mios32/common/mios32_com.o
                0x0801201e                MIOS32_COM_Receive_Handler
 .text.MIOS32_UART_MIDI_RS_Reset
                0x08012030       0x30 project_build//data/Hardware/MIDIbox/mios32/trunk/mios32/common/mios32_uart_midi.o
                0x08012030                MIOS32_UART_MIDI_RS_Reset
 .text.MIOS32_UART_MIDI_Init
                0x08012060       0x4c project_build//data/Hardware/MIDIbox/mios32/trunk/mios32/common/mios32_uart_midi.o
                0x08012060                MIOS32_UART_MIDI_Init
 .text.MIOS32_UART_MIDI_Periodic_mS
                0x080120ac       0x50 project_build//data/Hardware/MIDIbox/mios32/trunk/mios32/common/mios32_uart_midi.o
                0x080120ac                MIOS32_UART_MIDI_Periodic_mS
 .text.MIOS32_UART_MIDI_PackageSend_NonBlocking
                0x080120fc       0xb8 project_build//data/Hardware/MIDIbox/mios32/trunk/mios32/common/mios32_uart_midi.o
                0x080120fc                MIOS32_UART_MIDI_PackageSend_NonBlocking
 .text.MIOS32_UART_MIDI_PackageSend
                0x080121b4       0x14 project_build//data/Hardware/MIDIbox/mios32/trunk/mios32/common/mios32_uart_midi.o
                0x080121b4                MIOS32_UART_MIDI_PackageSend
 .text.MIOS32_UART_MIDI_PackageReceive
                0x080121c8      0x1b0 project_build//data/Hardware/MIDIbox/mios32/trunk/mios32/common/mios32_uart_midi.o
                0x080121c8                MIOS32_UART_MIDI_PackageReceive
 .text.MIOS32_SPI_MIDI_Init
                0x08012378        0x6 project_build//data/Hardware/MIDIbox/mios32/trunk/mios32/common/mios32_spi_midi.o
                0x08012378                MIOS32_SPI_MIDI_Init
 .text.MIOS32_SPI_MIDI_Periodic_mS
                0x0801237e        0x4 project_build//data/Hardware/MIDIbox/mios32/trunk/mios32/common/mios32_spi_midi.o
                0x0801237e                MIOS32_SPI_MIDI_Periodic_mS
 .text.MIOS32_SPI_MIDI_PackageSend
                0x08012382        0x6 project_build//data/Hardware/MIDIbox/mios32/trunk/mios32/common/mios32_spi_midi.o
                0x08012382                MIOS32_SPI_MIDI_PackageSend
 .text.MIOS32_SPI_MIDI_PackageReceive
                0x08012388        0x6 project_build//data/Hardware/MIDIbox/mios32/trunk/mios32/common/mios32_spi_midi.o
                0x08012388                MIOS32_SPI_MIDI_PackageReceive
 .text.MIOS32_IIC_MIDI_Init
                0x0801238e        0x6 project_build//data/Hardware/MIDIbox/mios32/trunk/mios32/common/mios32_iic_midi.o
                0x0801238e                MIOS32_IIC_MIDI_Init
 .text.MIOS32_IIC_MIDI_Periodic_mS
                0x08012394        0x4 project_build//data/Hardware/MIDIbox/mios32/trunk/mios32/common/mios32_iic_midi.o
                0x08012394                MIOS32_IIC_MIDI_Periodic_mS
 .text.MIOS32_IIC_MIDI_PackageSend
                0x08012398        0x6 project_build//data/Hardware/MIDIbox/mios32/trunk/mios32/common/mios32_iic_midi.o
                0x08012398                MIOS32_IIC_MIDI_PackageSend
 .text.MIOS32_IIC_BS_Init
                0x0801239e        0x6 project_build//data/Hardware/MIDIbox/mios32/trunk/mios32/common/mios32_iic_bs.o
                0x0801239e                MIOS32_IIC_BS_Init
 .text.MIOS32_MF_Init
                0x080123a4        0x6 project_build//data/Hardware/MIDIbox/mios32/trunk/mios32/common/mios32_mf.o
                0x080123a4                MIOS32_MF_Init
 *fill*         0x080123aa        0x2 00
 .text.MIOS32_TIMESTAMP_Init
                0x080123ac       0x14 project_build//data/Hardware/MIDIbox/mios32/trunk/mios32/common/mios32_timestamp.o
                0x080123ac                MIOS32_TIMESTAMP_Init
 .text.MIOS32_TIMESTAMP_Inc
                0x080123c0       0x10 project_build//data/Hardware/MIDIbox/mios32/trunk/mios32/common/mios32_timestamp.o
                0x080123c0                MIOS32_TIMESTAMP_Inc
 .text.MIOS32_TIMESTAMP_Get
                0x080123d0        0xc project_build//data/Hardware/MIDIbox/mios32/trunk/mios32/common/mios32_timestamp.o
                0x080123d0                MIOS32_TIMESTAMP_Get
 .text.MIOS32_SYS_Reset
                0x080123dc       0xac project_build//data/Hardware/MIDIbox/mios32/trunk/mios32/STM32F4xx/mios32_sys.o
                0x080123dc                MIOS32_SYS_Reset
 .text.MIOS32_SYS_ChipIDGet
                0x08012488        0xc project_build//data/Hardware/MIDIbox/mios32/trunk/mios32/STM32F4xx/mios32_sys.o
                0x08012488                MIOS32_SYS_ChipIDGet
 .text.MIOS32_SYS_FlashSizeGet
                0x08012494       0x10 project_build//data/Hardware/MIDIbox/mios32/trunk/mios32/STM32F4xx/mios32_sys.o
                0x08012494                MIOS32_SYS_FlashSizeGet
 .text.MIOS32_SYS_RAMSizeGet
                0x080124a4        0x6 project_build//data/Hardware/MIDIbox/mios32/trunk/mios32/STM32F4xx/mios32_sys.o
                0x080124a4                MIOS32_SYS_RAMSizeGet
 *fill*         0x080124aa        0x2 00
 .text.MIOS32_SYS_SerialNumberGet
                0x080124ac       0x34 project_build//data/Hardware/MIDIbox/mios32/trunk/mios32/STM32F4xx/mios32_sys.o
                0x080124ac                MIOS32_SYS_SerialNumberGet
 .text.MIOS32_SYS_TimeSet
                0x080124e0       0x7c project_build//data/Hardware/MIDIbox/mios32/trunk/mios32/STM32F4xx/mios32_sys.o
                0x080124e0                MIOS32_SYS_TimeSet
 .text.MIOS32_SYS_Init
                0x0801255c      0x130 project_build//data/Hardware/MIDIbox/mios32/trunk/mios32/STM32F4xx/mios32_sys.o
                0x0801255c                MIOS32_SYS_Init
 .text.MIOS32_IRQ_Disable
                0x0801268c       0x28 project_build//data/Hardware/MIDIbox/mios32/trunk/mios32/STM32F4xx/mios32_irq.o
                0x0801268c                MIOS32_IRQ_Disable
 .text.MIOS32_IRQ_Enable
                0x080126b4       0x28 project_build//data/Hardware/MIDIbox/mios32/trunk/mios32/STM32F4xx/mios32_irq.o
                0x080126b4                MIOS32_IRQ_Enable
 .text.MIOS32_IRQ_Install
                0x080126dc       0x4c project_build//data/Hardware/MIDIbox/mios32/trunk/mios32/STM32F4xx/mios32_irq.o
                0x080126dc                MIOS32_IRQ_Install
 .text.MIOS32_SPI_IO_Init
                0x08012728      0x27c project_build//data/Hardware/MIDIbox/mios32/trunk/mios32/STM32F4xx/mios32_spi.o
                0x08012728                MIOS32_SPI_IO_Init
 .text.MIOS32_SPI_RC_PinSet
                0x080129a4       0x78 project_build//data/Hardware/MIDIbox/mios32/trunk/mios32/STM32F4xx/mios32_spi.o
                0x080129a4                MIOS32_SPI_RC_PinSet
 .text.MIOS32_SPI_TransferByte
                0x08012a1c       0x4c project_build//data/Hardware/MIDIbox/mios32/trunk/mios32/STM32F4xx/mios32_spi.o
                0x08012a1c                MIOS32_SPI_TransferByte
 .text.MIOS32_SPI_TransferModeInit
                0x08012a68      0x110 project_build//data/Hardware/MIDIbox/mios32/trunk/mios32/STM32F4xx/mios32_spi.o
                0x08012a68                MIOS32_SPI_TransferModeInit
 .text.MIOS32_SPI_Init
                0x08012b78      0x258 project_build//data/Hardware/MIDIbox/mios32/trunk/mios32/STM32F4xx/mios32_spi.o
                0x08012b78                MIOS32_SPI_Init
 .text.MIOS32_SPI_TransferBlock
                0x08012dd0      0x128 project_build//data/Hardware/MIDIbox/mios32/trunk/mios32/STM32F4xx/mios32_spi.o
                0x08012dd0                MIOS32_SPI_TransferBlock
 .text.DMA2_Stream2_IRQHandler
                0x08012ef8       0x20 project_build//data/Hardware/MIDIbox/mios32/trunk/mios32/STM32F4xx/mios32_spi.o
                0x08012ef8                DMA2_Stream2_IRQHandler
 .text.DMA1_Stream3_IRQHandler
                0x08012f18       0x20 project_build//data/Hardware/MIDIbox/mios32/trunk/mios32/STM32F4xx/mios32_spi.o
                0x08012f18                DMA1_Stream3_IRQHandler
 .text.DMA1_Stream2_IRQHandler
                0x08012f38       0x20 project_build//data/Hardware/MIDIbox/mios32/trunk/mios32/STM32F4xx/mios32_spi.o
                0x08012f38                DMA1_Stream2_IRQHandler
 .text.MIOS32_BOARD_PinInitHlp
                0x08012f58       0x74 project_build//data/Hardware/MIDIbox/mios32/trunk/mios32/STM32F4xx/mios32_board.o
 .text.MIOS32_BOARD_Init
                0x08012fcc       0x1c project_build//data/Hardware/MIDIbox/mios32/trunk/mios32/STM32F4xx/mios32_board.o
                0x08012fcc                MIOS32_BOARD_Init
 .text.MIOS32_BOARD_LED_Init
                0x08012fe8       0x58 project_build//data/Hardware/MIDIbox/mios32/trunk/mios32/STM32F4xx/mios32_board.o
                0x08012fe8                MIOS32_BOARD_LED_Init
 .text.MIOS32_BOARD_LED_Set
                0x08013040       0x64 project_build//data/Hardware/MIDIbox/mios32/trunk/mios32/STM32F4xx/mios32_board.o
                0x08013040                MIOS32_BOARD_LED_Set
 .text.MIOS32_BOARD_LED_Get
                0x080130a4       0x2c project_build//data/Hardware/MIDIbox/mios32/trunk/mios32/STM32F4xx/mios32_board.o
                0x080130a4                MIOS32_BOARD_LED_Get
 .text.MIOS32_BOARD_J10_PinInit
                0x080130d0       0x48 project_build//data/Hardware/MIDIbox/mios32/trunk/mios32/STM32F4xx/mios32_board.o
                0x080130d0                MIOS32_BOARD_J10_PinInit
 .text.MIOS32_BOARD_J10_PinSet
                0x08013118       0x44 project_build//data/Hardware/MIDIbox/mios32/trunk/mios32/STM32F4xx/mios32_board.o
                0x08013118                MIOS32_BOARD_J10_PinSet
 .text.MIOS32_BOARD_J15_PortInit
                0x0801315c       0xc0 project_build//data/Hardware/MIDIbox/mios32/trunk/mios32/STM32F4xx/mios32_board.o
                0x0801315c                MIOS32_BOARD_J15_PortInit
 .text.MIOS32_BOARD_J15_DataSet
                0x0801321c       0x44 project_build//data/Hardware/MIDIbox/mios32/trunk/mios32/STM32F4xx/mios32_board.o
                0x0801321c                MIOS32_BOARD_J15_DataSet
 .text.MIOS32_BOARD_J15_SerDataShift
                0x08013260       0x68 project_build//data/Hardware/MIDIbox/mios32/trunk/mios32/STM32F4xx/mios32_board.o
                0x08013260                MIOS32_BOARD_J15_SerDataShift
 .text.MIOS32_BOARD_J15_RS_Set
                0x080132c8       0x18 project_build//data/Hardware/MIDIbox/mios32/trunk/mios32/STM32F4xx/mios32_board.o
                0x080132c8                MIOS32_BOARD_J15_RS_Set
 .text.MIOS32_BOARD_J15_RW_Set
                0x080132e0       0x18 project_build//data/Hardware/MIDIbox/mios32/trunk/mios32/STM32F4xx/mios32_board.o
                0x080132e0                MIOS32_BOARD_J15_RW_Set
 .text.MIOS32_BOARD_J15_E_Set
                0x080132f8       0x30 project_build//data/Hardware/MIDIbox/mios32/trunk/mios32/STM32F4xx/mios32_board.o
                0x080132f8                MIOS32_BOARD_J15_E_Set
 .text.MIOS32_BOARD_J15_GetD7In
                0x08013328       0x10 project_build//data/Hardware/MIDIbox/mios32/trunk/mios32/STM32F4xx/mios32_board.o
                0x08013328                MIOS32_BOARD_J15_GetD7In
 .text.MIOS32_BOARD_J15_D7InPullUpEnable
                0x08013338        0x4 project_build//data/Hardware/MIDIbox/mios32/trunk/mios32/STM32F4xx/mios32_board.o
                0x08013338                MIOS32_BOARD_J15_D7InPullUpEnable
 .text.MIOS32_BOARD_J15_PollUnbusy
                0x0801333c       0x80 project_build//data/Hardware/MIDIbox/mios32/trunk/mios32/STM32F4xx/mios32_board.o
                0x0801333c                MIOS32_BOARD_J15_PollUnbusy
 .text.TIM2_IRQHandler
                0x080133bc       0x24 project_build//data/Hardware/MIDIbox/mios32/trunk/mios32/STM32F4xx/mios32_timer.o
                0x080133bc                TIM2_IRQHandler
 .text.TIM3_IRQHandler
                0x080133e0       0x24 project_build//data/Hardware/MIDIbox/mios32/trunk/mios32/STM32F4xx/mios32_timer.o
                0x080133e0                TIM3_IRQHandler
 .text.TIM5_IRQHandler
                0x08013404       0x24 project_build//data/Hardware/MIDIbox/mios32/trunk/mios32/STM32F4xx/mios32_timer.o
                0x08013404                TIM5_IRQHandler
 .text.MIOS32_DELAY_Init
                0x08013428       0x44 project_build//data/Hardware/MIDIbox/mios32/trunk/mios32/STM32F4xx/mios32_delay.o
                0x08013428                MIOS32_DELAY_Init
 .text.MIOS32_DELAY_Wait_uS
                0x0801346c       0x18 project_build//data/Hardware/MIDIbox/mios32/trunk/mios32/STM32F4xx/mios32_delay.o
                0x0801346c                MIOS32_DELAY_Wait_uS
 .text.MIOS32_AIN_Init
                0x08013484        0x6 project_build//data/Hardware/MIDIbox/mios32/trunk/mios32/STM32F4xx/mios32_ain.o
                0x08013484                MIOS32_AIN_Init
 .text.MIOS32_AIN_Handler
                0x0801348a        0x6 project_build//data/Hardware/MIDIbox/mios32/trunk/mios32/STM32F4xx/mios32_ain.o
                0x0801348a                MIOS32_AIN_Handler
 .text.USBD_USR_DeviceDescriptor
                0x08013490        0xc project_build//data/Hardware/MIDIbox/mios32/trunk/mios32/STM32F4xx/mios32_usb.o
 .text.USBD_USR_LangIDStrDescriptor
                0x0801349c        0xc project_build//data/Hardware/MIDIbox/mios32/trunk/mios32/STM32F4xx/mios32_usb.o
 .text.USBD_USR_Init
                0x080134a8        0x2 project_build//data/Hardware/MIDIbox/mios32/trunk/mios32/STM32F4xx/mios32_usb.o
 .text.USBD_USR_DeviceReset
                0x080134aa        0x2 project_build//data/Hardware/MIDIbox/mios32/trunk/mios32/STM32F4xx/mios32_usb.o
 .text.USBD_USR_DeviceConnected
                0x080134ac        0x2 project_build//data/Hardware/MIDIbox/mios32/trunk/mios32/STM32F4xx/mios32_usb.o
 .text.USBD_USR_DeviceSuspended
                0x080134ae        0x2 project_build//data/Hardware/MIDIbox/mios32/trunk/mios32/STM32F4xx/mios32_usb.o
 .text.USBD_USR_DeviceResumed
                0x080134b0        0x2 project_build//data/Hardware/MIDIbox/mios32/trunk/mios32/STM32F4xx/mios32_usb.o
 .text.USBH_USR_Init
                0x080134b2        0x2 project_build//data/Hardware/MIDIbox/mios32/trunk/mios32/STM32F4xx/mios32_usb.o
 .text.USBH_USR_DeviceAttached
                0x080134b4        0x2 project_build//data/Hardware/MIDIbox/mios32/trunk/mios32/STM32F4xx/mios32_usb.o
 .text.USBH_USR_UnrecoveredError
                0x080134b6        0x2 project_build//data/Hardware/MIDIbox/mios32/trunk/mios32/STM32F4xx/mios32_usb.o
 .text.USBH_USR_ResetDevice
                0x080134b8        0x2 project_build//data/Hardware/MIDIbox/mios32/trunk/mios32/STM32F4xx/mios32_usb.o
 .text.USBH_USR_DeviceSpeedDetected
                0x080134ba        0x2 project_build//data/Hardware/MIDIbox/mios32/trunk/mios32/STM32F4xx/mios32_usb.o
 .text.USBH_USR_Device_DescAvailable
                0x080134bc        0x2 project_build//data/Hardware/MIDIbox/mios32/trunk/mios32/STM32F4xx/mios32_usb.o
 .text.USBH_USR_DeviceAddressAssigned
                0x080134be        0x2 project_build//data/Hardware/MIDIbox/mios32/trunk/mios32/STM32F4xx/mios32_usb.o
 .text.USBH_USR_Configuration_DescAvailable
                0x080134c0        0x2 project_build//data/Hardware/MIDIbox/mios32/trunk/mios32/STM32F4xx/mios32_usb.o
 .text.USBH_USR_Manufacturer_String
                0x080134c2        0x2 project_build//data/Hardware/MIDIbox/mios32/trunk/mios32/STM32F4xx/mios32_usb.o
 .text.USBH_USR_Product_String
                0x080134c4        0x2 project_build//data/Hardware/MIDIbox/mios32/trunk/mios32/STM32F4xx/mios32_usb.o
 .text.USBH_USR_SerialNum_String
                0x080134c6        0x2 project_build//data/Hardware/MIDIbox/mios32/trunk/mios32/STM32F4xx/mios32_usb.o
 .text.USBH_USR_EnumerationDone
                0x080134c8        0x2 project_build//data/Hardware/MIDIbox/mios32/trunk/mios32/STM32F4xx/mios32_usb.o
 .text.USBH_USR_DeviceNotSupported
                0x080134ca        0x2 project_build//data/Hardware/MIDIbox/mios32/trunk/mios32/STM32F4xx/mios32_usb.o
 .text.USBH_USR_UserInput
                0x080134cc        0x4 project_build//data/Hardware/MIDIbox/mios32/trunk/mios32/STM32F4xx/mios32_usb.o
 .text.USBH_USR_OverCurrentDetected
                0x080134d0        0x2 project_build//data/Hardware/MIDIbox/mios32/trunk/mios32/STM32F4xx/mios32_usb.o
 .text.USBH_USR_Application
                0x080134d2        0x4 project_build//data/Hardware/MIDIbox/mios32/trunk/mios32/STM32F4xx/mios32_usb.o
 .text.USBH_USR_DeInit
                0x080134d6        0x2 project_build//data/Hardware/MIDIbox/mios32/trunk/mios32/STM32F4xx/mios32_usb.o
 .text.MIOS32_USB_CLASS_Setup
                0x080134d8        0x4 project_build//data/Hardware/MIDIbox/mios32/trunk/mios32/STM32F4xx/mios32_usb.o
 .text.MIOS32_USB_CLASS_EP0_RxReady
                0x080134dc        0x4 project_build//data/Hardware/MIDIbox/mios32/trunk/mios32/STM32F4xx/mios32_usb.o
 .text.MIOS32_USB_CLASS_GetCfgDesc
                0x080134e0        0xc project_build//data/Hardware/MIDIbox/mios32/trunk/mios32/STM32F4xx/mios32_usb.o
 .text.USBD_USR_SerialStrDescriptor
                0x080134ec       0x38 project_build//data/Hardware/MIDIbox/mios32/trunk/mios32/STM32F4xx/mios32_usb.o
 .text.USBD_USR_ProductStrDescriptor
                0x08013524       0x5c project_build//data/Hardware/MIDIbox/mios32/trunk/mios32/STM32F4xx/mios32_usb.o
 .text.USBD_USR_InterfaceStrDescriptor
                0x08013580        0x4 project_build//data/Hardware/MIDIbox/mios32/trunk/mios32/STM32F4xx/mios32_usb.o
 .text.USBD_USR_ConfigStrDescriptor
                0x08013584        0x4 project_build//data/Hardware/MIDIbox/mios32/trunk/mios32/STM32F4xx/mios32_usb.o
 .text.MIOS32_USB_CLASS_GetUsrStrDesc
                0x08013588        0x6 project_build//data/Hardware/MIDIbox/mios32/trunk/mios32/STM32F4xx/mios32_usb.o
 *fill*         0x0801358e        0x2 00
 .text.USBD_USR_ManufacturerStrDescriptor
                0x08013590       0x2c project_build//data/Hardware/MIDIbox/mios32/trunk/mios32/STM32F4xx/mios32_usb.o
 .text.MIOS32_USB_CLASS_DataOut
                0x080135bc       0x12 project_build//data/Hardware/MIDIbox/mios32/trunk/mios32/STM32F4xx/mios32_usb.o
 .text.MIOS32_USB_CLASS_DataIn
                0x080135ce       0x12 project_build//data/Hardware/MIDIbox/mios32/trunk/mios32/STM32F4xx/mios32_usb.o
 .text.MIOS32_USB_CLASS_DeInit
                0x080135e0       0x16 project_build//data/Hardware/MIDIbox/mios32/trunk/mios32/STM32F4xx/mios32_usb.o
 .text.USBH_USR_DeviceDisconnected
                0x080135f6        0x6 project_build//data/Hardware/MIDIbox/mios32/trunk/mios32/STM32F4xx/mios32_usb.o
 .text.USBD_USR_DeviceDisconnected
                0x080135fc        0x6 project_build//data/Hardware/MIDIbox/mios32/trunk/mios32/STM32F4xx/mios32_usb.o
 .text.USBD_USR_DeviceConfigured
                0x08013602        0x6 project_build//data/Hardware/MIDIbox/mios32/trunk/mios32/STM32F4xx/mios32_usb.o
 .text.MIOS32_USB_CLASS_Init
                0x08013608       0x34 project_build//data/Hardware/MIDIbox/mios32/trunk/mios32/STM32F4xx/mios32_usb.o
 .text.USB_OTG_BSP_Init
                0x0801363c       0x9c project_build//data/Hardware/MIDIbox/mios32/trunk/mios32/STM32F4xx/mios32_usb.o
                0x0801363c                USB_OTG_BSP_Init
 .text.USB_OTG_BSP_EnableInterrupt
                0x080136d8        0x8 project_build//data/Hardware/MIDIbox/mios32/trunk/mios32/STM32F4xx/mios32_usb.o
                0x080136d8                USB_OTG_BSP_EnableInterrupt
 .text.OTG_FS_IRQHandler
                0x080136e0       0x28 project_build//data/Hardware/MIDIbox/mios32/trunk/mios32/STM32F4xx/mios32_usb.o
                0x080136e0                OTG_FS_IRQHandler
 .text.USB_OTG_BSP_uDelay
                0x08013708        0x6 project_build//data/Hardware/MIDIbox/mios32/trunk/mios32/STM32F4xx/mios32_usb.o
                0x08013708                USB_OTG_BSP_uDelay
 .text.USB_OTG_BSP_mDelay
                0x0801370e        0xc project_build//data/Hardware/MIDIbox/mios32/trunk/mios32/STM32F4xx/mios32_usb.o
                0x0801370e                USB_OTG_BSP_mDelay
 *fill*         0x0801371a        0x2 00
 .text.USB_OTG_BSP_ConfigVBUS
                0x0801371c       0x44 project_build//data/Hardware/MIDIbox/mios32/trunk/mios32/STM32F4xx/mios32_usb.o
                0x0801371c                USB_OTG_BSP_ConfigVBUS
 .text.USB_OTG_BSP_DriveVBUS
                0x08013760       0x14 project_build//data/Hardware/MIDIbox/mios32/trunk/mios32/STM32F4xx/mios32_usb.o
                0x08013760                USB_OTG_BSP_DriveVBUS
 .text.MIOS32_USB_IsInitialized
                0x08013774        0xc project_build//data/Hardware/MIDIbox/mios32/trunk/mios32/STM32F4xx/mios32_usb.o
                0x08013774                MIOS32_USB_IsInitialized
 .text.MIOS32_USB_ForceSingleUSB
                0x08013780       0x24 project_build//data/Hardware/MIDIbox/mios32/trunk/mios32/STM32F4xx/mios32_usb.o
                0x08013780                MIOS32_USB_ForceSingleUSB
 .text.MIOS32_USB_ForceDeviceMode
                0x080137a4       0x24 project_build//data/Hardware/MIDIbox/mios32/trunk/mios32/STM32F4xx/mios32_usb.o
                0x080137a4                MIOS32_USB_ForceDeviceMode
 .text.MIOS32_USB_Init
                0x080137c8       0xec project_build//data/Hardware/MIDIbox/mios32/trunk/mios32/STM32F4xx/mios32_usb.o
                0x080137c8                MIOS32_USB_Init
 .text.USBH_ClassRequest
                0x080138b4        0x4 project_build//data/Hardware/MIDIbox/mios32/trunk/mios32/STM32F4xx/mios32_usb_midi.o
 .text.USBH_InterfaceDeInit
                0x080138b8       0x3c project_build//data/Hardware/MIDIbox/mios32/trunk/mios32/STM32F4xx/mios32_usb_midi.o
 .text.MIOS32_USB_MIDI_RxBufferHandler
                0x080138f4       0xac project_build//data/Hardware/MIDIbox/mios32/trunk/mios32/STM32F4xx/mios32_usb_midi.o
 .text.MIOS32_USB_MIDI_TxBufferHandler
                0x080139a0       0xac project_build//data/Hardware/MIDIbox/mios32/trunk/mios32/STM32F4xx/mios32_usb_midi.o
 .text.USBH_Handle
                0x08013a4c      0x1f0 project_build//data/Hardware/MIDIbox/mios32/trunk/mios32/STM32F4xx/mios32_usb_midi.o
 .text.MIOS32_USB_MIDI_Init
                0x08013c3c        0xc project_build//data/Hardware/MIDIbox/mios32/trunk/mios32/STM32F4xx/mios32_usb_midi.o
                0x08013c3c                MIOS32_USB_MIDI_Init
 .text.MIOS32_USB_MIDI_ChangeConnectionState
                0x08013c48       0x64 project_build//data/Hardware/MIDIbox/mios32/trunk/mios32/STM32F4xx/mios32_usb_midi.o
                0x08013c48                MIOS32_USB_MIDI_ChangeConnectionState
 .text.MIOS32_USB_MIDI_CheckAvailable
                0x08013cac       0x20 project_build//data/Hardware/MIDIbox/mios32/trunk/mios32/STM32F4xx/mios32_usb_midi.o
                0x08013cac                MIOS32_USB_MIDI_CheckAvailable
 .text.USBH_InterfaceInit
                0x08013ccc      0x104 project_build//data/Hardware/MIDIbox/mios32/trunk/mios32/STM32F4xx/mios32_usb_midi.o
 .text.MIOS32_USB_MIDI_PackageSend_NonBlocking
                0x08013dd0       0x70 project_build//data/Hardware/MIDIbox/mios32/trunk/mios32/STM32F4xx/mios32_usb_midi.o
                0x08013dd0                MIOS32_USB_MIDI_PackageSend_NonBlocking
 .text.MIOS32_USB_MIDI_PackageSend
                0x08013e40       0x30 project_build//data/Hardware/MIDIbox/mios32/trunk/mios32/STM32F4xx/mios32_usb_midi.o
                0x08013e40                MIOS32_USB_MIDI_PackageSend
 .text.MIOS32_USB_MIDI_PackageReceive
                0x08013e70       0x54 project_build//data/Hardware/MIDIbox/mios32/trunk/mios32/STM32F4xx/mios32_usb_midi.o
                0x08013e70                MIOS32_USB_MIDI_PackageReceive
 .text.MIOS32_USB_MIDI_Periodic_mS
                0x08013ec4       0x28 project_build//data/Hardware/MIDIbox/mios32/trunk/mios32/STM32F4xx/mios32_usb_midi.o
                0x08013ec4                MIOS32_USB_MIDI_Periodic_mS
 .text.MIOS32_USB_MIDI_EP1_IN_Callback
                0x08013eec       0x10 project_build//data/Hardware/MIDIbox/mios32/trunk/mios32/STM32F4xx/mios32_usb_midi.o
                0x08013eec                MIOS32_USB_MIDI_EP1_IN_Callback
 .text.MIOS32_USB_MIDI_EP2_OUT_Callback
                0x08013efc       0x10 project_build//data/Hardware/MIDIbox/mios32/trunk/mios32/STM32F4xx/mios32_usb_midi.o
                0x08013efc                MIOS32_USB_MIDI_EP2_OUT_Callback
 .text.MIOS32_UART_BaudrateSet
                0x08013f0c       0x58 project_build//data/Hardware/MIDIbox/mios32/trunk/mios32/STM32F4xx/mios32_uart.o
                0x08013f0c                MIOS32_UART_BaudrateSet
 .text.MIOS32_UART_Init
                0x08013f64      0x140 project_build//data/Hardware/MIDIbox/mios32/trunk/mios32/STM32F4xx/mios32_uart.o
                0x08013f64                MIOS32_UART_Init
 .text.MIOS32_UART_RxBufferGet
                0x080140a4       0x58 project_build//data/Hardware/MIDIbox/mios32/trunk/mios32/STM32F4xx/mios32_uart.o
                0x080140a4                MIOS32_UART_RxBufferGet
 .text.MIOS32_UART_RxBufferPut
                0x080140fc       0x5c project_build//data/Hardware/MIDIbox/mios32/trunk/mios32/STM32F4xx/mios32_uart.o
                0x080140fc                MIOS32_UART_RxBufferPut
 .text.MIOS32_UART_TxBufferGet
                0x08014158       0x58 project_build//data/Hardware/MIDIbox/mios32/trunk/mios32/STM32F4xx/mios32_uart.o
                0x08014158                MIOS32_UART_TxBufferGet
 .text.MIOS32_UART_TxBufferPutMore_NonBlocking
                0x080141b0       0x90 project_build//data/Hardware/MIDIbox/mios32/trunk/mios32/STM32F4xx/mios32_uart.o
                0x080141b0                MIOS32_UART_TxBufferPutMore_NonBlocking
 .text.MIOS32_UART_TxBufferPutMore
                0x08014240       0x18 project_build//data/Hardware/MIDIbox/mios32/trunk/mios32/STM32F4xx/mios32_uart.o
                0x08014240                MIOS32_UART_TxBufferPutMore
 .text.USART2_IRQHandler
                0x08014258       0x60 project_build//data/Hardware/MIDIbox/mios32/trunk/mios32/STM32F4xx/mios32_uart.o
                0x08014258                USART2_IRQHandler
 .text.USART3_IRQHandler
                0x080142b8       0x64 project_build//data/Hardware/MIDIbox/mios32/trunk/mios32/STM32F4xx/mios32_uart.o
                0x080142b8                USART3_IRQHandler
 .text.EV_IRQHandler
                0x0801431c      0x162 project_build//data/Hardware/MIDIbox/mios32/trunk/mios32/STM32F4xx/mios32_iic.o
 *fill*         0x0801447e        0x2 00
 .text.ER_IRQHandler
                0x08014480       0x7c project_build//data/Hardware/MIDIbox/mios32/trunk/mios32/STM32F4xx/mios32_iic.o
 .text.I2C2_EV_IRQHandler
                0x080144fc        0xc project_build//data/Hardware/MIDIbox/mios32/trunk/mios32/STM32F4xx/mios32_iic.o
                0x080144fc                I2C2_EV_IRQHandler
 .text.I2C2_ER_IRQHandler
                0x08014508        0xc project_build//data/Hardware/MIDIbox/mios32/trunk/mios32/STM32F4xx/mios32_iic.o
                0x08014508                I2C2_ER_IRQHandler
 .text.I2C1_EV_IRQHandler
                0x08014514        0xc project_build//data/Hardware/MIDIbox/mios32/trunk/mios32/STM32F4xx/mios32_iic.o
                0x08014514                I2C1_EV_IRQHandler
 .text.I2C1_ER_IRQHandler
                0x08014520        0xc project_build//data/Hardware/MIDIbox/mios32/trunk/mios32/STM32F4xx/mios32_iic.o
                0x08014520                I2C1_ER_IRQHandler
 .text.printchar
                0x0801452c       0x16 project_build//data/Hardware/MIDIbox/mios32/trunk/mios32/common/printf-stdarg.o
 .text.prints   0x08014542       0x82 project_build//data/Hardware/MIDIbox/mios32/trunk/mios32/common/printf-stdarg.o
 .text.printi   0x080145c4       0x98 project_build//data/Hardware/MIDIbox/mios32/trunk/mios32/common/printf-stdarg.o
 .text.print    0x0801465c      0x120 project_build//data/Hardware/MIDIbox/mios32/trunk/mios32/common/printf-stdarg.o
 .text.sprintf  0x0801477c       0x1e project_build//data/Hardware/MIDIbox/mios32/trunk/mios32/common/printf-stdarg.o
                0x0801477c                sprintf
 .text.vsprintf
                0x0801479a       0x10 project_build//data/Hardware/MIDIbox/mios32/trunk/mios32/common/printf-stdarg.o
                0x0801479a                vsprintf
 *fill*         0x080147aa        0x2 00
 .text.NVIC_PriorityGroupConfig
                0x080147ac       0x14 project_build//data/Hardware/MIDIbox/mios32/trunk/drivers/STM32F4xx/v1.1.0/STM32F4xx_StdPeriph_Driver/src/misc.o
                0x080147ac                NVIC_PriorityGroupConfig
 .text.NVIC_SetVectorTable
                0x080147c0       0x14 project_build//data/Hardware/MIDIbox/mios32/trunk/drivers/STM32F4xx/v1.1.0/STM32F4xx_StdPeriph_Driver/src/misc.o
                0x080147c0                NVIC_SetVectorTable
 .text.DMA_Init
                0x080147d4       0x54 project_build//data/Hardware/MIDIbox/mios32/trunk/drivers/STM32F4xx/v1.1.0/STM32F4xx_StdPeriph_Driver/src/stm32f4xx_dma.o
                0x080147d4                DMA_Init
 .text.DMA_StructInit
                0x08014828       0x22 project_build//data/Hardware/MIDIbox/mios32/trunk/drivers/STM32F4xx/v1.1.0/STM32F4xx_StdPeriph_Driver/src/stm32f4xx_dma.o
                0x08014828                DMA_StructInit
 .text.DMA_Cmd  0x0801484a       0x12 project_build//data/Hardware/MIDIbox/mios32/trunk/drivers/STM32F4xx/v1.1.0/STM32F4xx_StdPeriph_Driver/src/stm32f4xx_dma.o
                0x0801484a                DMA_Cmd
 .text.DMA_ClearFlag
                0x0801485c       0x30 project_build//data/Hardware/MIDIbox/mios32/trunk/drivers/STM32F4xx/v1.1.0/STM32F4xx_StdPeriph_Driver/src/stm32f4xx_dma.o
                0x0801485c                DMA_ClearFlag
 .text.EXTI_ClearITPendingBit
                0x0801488c        0xc project_build//data/Hardware/MIDIbox/mios32/trunk/drivers/STM32F4xx/v1.1.0/STM32F4xx_StdPeriph_Driver/src/stm32f4xx_exti.o
                0x0801488c                EXTI_ClearITPendingBit
 .text.GPIO_Init
                0x08014898       0x9a project_build//data/Hardware/MIDIbox/mios32/trunk/drivers/STM32F4xx/v1.1.0/STM32F4xx_StdPeriph_Driver/src/stm32f4xx_gpio.o
                0x08014898                GPIO_Init
 .text.GPIO_StructInit
                0x08014932       0x12 project_build//data/Hardware/MIDIbox/mios32/trunk/drivers/STM32F4xx/v1.1.0/STM32F4xx_StdPeriph_Driver/src/stm32f4xx_gpio.o
                0x08014932                GPIO_StructInit
 .text.GPIO_SetBits
                0x08014944        0x4 project_build//data/Hardware/MIDIbox/mios32/trunk/drivers/STM32F4xx/v1.1.0/STM32F4xx_StdPeriph_Driver/src/stm32f4xx_gpio.o
                0x08014944                GPIO_SetBits
 .text.GPIO_ResetBits
                0x08014948        0x4 project_build//data/Hardware/MIDIbox/mios32/trunk/drivers/STM32F4xx/v1.1.0/STM32F4xx_StdPeriph_Driver/src/stm32f4xx_gpio.o
                0x08014948                GPIO_ResetBits
 .text.GPIO_PinAFConfig
                0x0801494c       0x2e project_build//data/Hardware/MIDIbox/mios32/trunk/drivers/STM32F4xx/v1.1.0/STM32F4xx_StdPeriph_Driver/src/stm32f4xx_gpio.o
                0x0801494c                GPIO_PinAFConfig
 .text.I2C_GenerateSTOP
                0x0801497a       0x18 project_build//data/Hardware/MIDIbox/mios32/trunk/drivers/STM32F4xx/v1.1.0/STM32F4xx_StdPeriph_Driver/src/stm32f4xx_i2c.o
                0x0801497a                I2C_GenerateSTOP
 .text.I2C_ITConfig
                0x08014992       0x12 project_build//data/Hardware/MIDIbox/mios32/trunk/drivers/STM32F4xx/v1.1.0/STM32F4xx_StdPeriph_Driver/src/stm32f4xx_i2c.o
                0x08014992                I2C_ITConfig
 .text.I2C_GetLastEvent
                0x080149a4       0x10 project_build//data/Hardware/MIDIbox/mios32/trunk/drivers/STM32F4xx/v1.1.0/STM32F4xx_StdPeriph_Driver/src/stm32f4xx_i2c.o
                0x080149a4                I2C_GetLastEvent
 .text.I2C_ClearITPendingBit
                0x080149b4        0x8 project_build//data/Hardware/MIDIbox/mios32/trunk/drivers/STM32F4xx/v1.1.0/STM32F4xx_StdPeriph_Driver/src/stm32f4xx_i2c.o
                0x080149b4                I2C_ClearITPendingBit
 .text.PWR_BackupAccessCmd
                0x080149bc        0xc project_build//data/Hardware/MIDIbox/mios32/trunk/drivers/STM32F4xx/v1.1.0/STM32F4xx_StdPeriph_Driver/src/stm32f4xx_pwr.o
                0x080149bc                PWR_BackupAccessCmd
 .text.RCC_GetClocksFreq
                0x080149c8       0x8c project_build//data/Hardware/MIDIbox/mios32/trunk/drivers/STM32F4xx/v1.1.0/STM32F4xx_StdPeriph_Driver/src/stm32f4xx_rcc.o
                0x080149c8                RCC_GetClocksFreq
 .text.RCC_RTCCLKConfig
                0x08014a54       0x30 project_build//data/Hardware/MIDIbox/mios32/trunk/drivers/STM32F4xx/v1.1.0/STM32F4xx_StdPeriph_Driver/src/stm32f4xx_rcc.o
                0x08014a54                RCC_RTCCLKConfig
 .text.RCC_RTCCLKCmd
                0x08014a84        0xc project_build//data/Hardware/MIDIbox/mios32/trunk/drivers/STM32F4xx/v1.1.0/STM32F4xx_StdPeriph_Driver/src/stm32f4xx_rcc.o
                0x08014a84                RCC_RTCCLKCmd
 .text.RCC_AHB1PeriphClockCmd
                0x08014a90       0x18 project_build//data/Hardware/MIDIbox/mios32/trunk/drivers/STM32F4xx/v1.1.0/STM32F4xx_StdPeriph_Driver/src/stm32f4xx_rcc.o
                0x08014a90                RCC_AHB1PeriphClockCmd
 .text.RCC_AHB2PeriphClockCmd
                0x08014aa8       0x18 project_build//data/Hardware/MIDIbox/mios32/trunk/drivers/STM32F4xx/v1.1.0/STM32F4xx_StdPeriph_Driver/src/stm32f4xx_rcc.o
                0x08014aa8                RCC_AHB2PeriphClockCmd
 .text.RCC_APB1PeriphClockCmd
                0x08014ac0       0x18 project_build//data/Hardware/MIDIbox/mios32/trunk/drivers/STM32F4xx/v1.1.0/STM32F4xx_StdPeriph_Driver/src/stm32f4xx_rcc.o
                0x08014ac0                RCC_APB1PeriphClockCmd
 .text.RCC_APB2PeriphClockCmd
                0x08014ad8       0x18 project_build//data/Hardware/MIDIbox/mios32/trunk/drivers/STM32F4xx/v1.1.0/STM32F4xx_StdPeriph_Driver/src/stm32f4xx_rcc.o
                0x08014ad8                RCC_APB2PeriphClockCmd
 .text.RCC_AHB1PeriphResetCmd
                0x08014af0       0x18 project_build//data/Hardware/MIDIbox/mios32/trunk/drivers/STM32F4xx/v1.1.0/STM32F4xx_StdPeriph_Driver/src/stm32f4xx_rcc.o
                0x08014af0                RCC_AHB1PeriphResetCmd
 .text.RCC_AHB2PeriphResetCmd
                0x08014b08       0x18 project_build//data/Hardware/MIDIbox/mios32/trunk/drivers/STM32F4xx/v1.1.0/STM32F4xx_StdPeriph_Driver/src/stm32f4xx_rcc.o
                0x08014b08                RCC_AHB2PeriphResetCmd
 .text.RCC_APB1PeriphResetCmd
                0x08014b20       0x18 project_build//data/Hardware/MIDIbox/mios32/trunk/drivers/STM32F4xx/v1.1.0/STM32F4xx_StdPeriph_Driver/src/stm32f4xx_rcc.o
                0x08014b20                RCC_APB1PeriphResetCmd
 .text.RCC_APB2PeriphResetCmd
                0x08014b38       0x18 project_build//data/Hardware/MIDIbox/mios32/trunk/drivers/STM32F4xx/v1.1.0/STM32F4xx_StdPeriph_Driver/src/stm32f4xx_rcc.o
                0x08014b38                RCC_APB2PeriphResetCmd
 .text.RTC_ByteToBcd2
                0x08014b50       0x18 project_build//data/Hardware/MIDIbox/mios32/trunk/drivers/STM32F4xx/v1.1.0/STM32F4xx_StdPeriph_Driver/src/stm32f4xx_rtc.o
 .text.RTC_StructInit
                0x08014b68        0xc project_build//data/Hardware/MIDIbox/mios32/trunk/drivers/STM32F4xx/v1.1.0/STM32F4xx_StdPeriph_Driver/src/stm32f4xx_rtc.o
                0x08014b68                RTC_StructInit
 .text.RTC_EnterInitMode
                0x08014b74       0x40 project_build//data/Hardware/MIDIbox/mios32/trunk/drivers/STM32F4xx/v1.1.0/STM32F4xx_StdPeriph_Driver/src/stm32f4xx_rtc.o
                0x08014b74                RTC_EnterInitMode
 .text.RTC_ExitInitMode
                0x08014bb4       0x10 project_build//data/Hardware/MIDIbox/mios32/trunk/drivers/STM32F4xx/v1.1.0/STM32F4xx_StdPeriph_Driver/src/stm32f4xx_rtc.o
                0x08014bb4                RTC_ExitInitMode
 .text.RTC_Init
                0x08014bc4       0x48 project_build//data/Hardware/MIDIbox/mios32/trunk/drivers/STM32F4xx/v1.1.0/STM32F4xx_StdPeriph_Driver/src/stm32f4xx_rtc.o
                0x08014bc4                RTC_Init
 .text.RTC_WaitForSynchro
                0x08014c0c       0x44 project_build//data/Hardware/MIDIbox/mios32/trunk/drivers/STM32F4xx/v1.1.0/STM32F4xx_StdPeriph_Driver/src/stm32f4xx_rtc.o
                0x08014c0c                RTC_WaitForSynchro
 .text.RTC_SetTime
                0x08014c50       0x8c project_build//data/Hardware/MIDIbox/mios32/trunk/drivers/STM32F4xx/v1.1.0/STM32F4xx_StdPeriph_Driver/src/stm32f4xx_rtc.o
                0x08014c50                RTC_SetTime
 .text.RTC_TimeStructInit
                0x08014cdc        0xc project_build//data/Hardware/MIDIbox/mios32/trunk/drivers/STM32F4xx/v1.1.0/STM32F4xx_StdPeriph_Driver/src/stm32f4xx_rtc.o
                0x08014cdc                RTC_TimeStructInit
 .text.SPI_Init
                0x08014ce8       0x3e project_build//data/Hardware/MIDIbox/mios32/trunk/drivers/STM32F4xx/v1.1.0/STM32F4xx_StdPeriph_Driver/src/stm32f4xx_spi.o
                0x08014ce8                SPI_Init
 .text.SPI_Cmd  0x08014d26       0x18 project_build//data/Hardware/MIDIbox/mios32/trunk/drivers/STM32F4xx/v1.1.0/STM32F4xx_StdPeriph_Driver/src/stm32f4xx_spi.o
                0x08014d26                SPI_Cmd
 .text.SPI_I2S_DMACmd
                0x08014d3e       0x12 project_build//data/Hardware/MIDIbox/mios32/trunk/drivers/STM32F4xx/v1.1.0/STM32F4xx_StdPeriph_Driver/src/stm32f4xx_spi.o
                0x08014d3e                SPI_I2S_DMACmd
 .text.TIM_TimeBaseInit
                0x08014d50       0x7c project_build//data/Hardware/MIDIbox/mios32/trunk/drivers/STM32F4xx/v1.1.0/STM32F4xx_StdPeriph_Driver/src/stm32f4xx_tim.o
                0x08014d50                TIM_TimeBaseInit
 .text.TIM_Cmd  0x08014dcc       0x18 project_build//data/Hardware/MIDIbox/mios32/trunk/drivers/STM32F4xx/v1.1.0/STM32F4xx_StdPeriph_Driver/src/stm32f4xx_tim.o
                0x08014dcc                TIM_Cmd
 .text.TIM_GetITStatus
                0x08014de4       0x16 project_build//data/Hardware/MIDIbox/mios32/trunk/drivers/STM32F4xx/v1.1.0/STM32F4xx_StdPeriph_Driver/src/stm32f4xx_tim.o
                0x08014de4                TIM_GetITStatus
 .text.TIM_ClearITPendingBit
                0x08014dfa        0x8 project_build//data/Hardware/MIDIbox/mios32/trunk/drivers/STM32F4xx/v1.1.0/STM32F4xx_StdPeriph_Driver/src/stm32f4xx_tim.o
                0x08014dfa                TIM_ClearITPendingBit
 *fill*         0x08014e02        0x2 00
 .text.USART_Init
                0x08014e04       0xb8 project_build//data/Hardware/MIDIbox/mios32/trunk/drivers/STM32F4xx/v1.1.0/STM32F4xx_StdPeriph_Driver/src/stm32f4xx_usart.o
                0x08014e04                USART_Init
 .text.USART_Cmd
                0x08014ebc       0x18 project_build//data/Hardware/MIDIbox/mios32/trunk/drivers/STM32F4xx/v1.1.0/STM32F4xx_StdPeriph_Driver/src/stm32f4xx_usart.o
                0x08014ebc                USART_Cmd
 .text.USART_ITConfig
                0x08014ed4       0x34 project_build//data/Hardware/MIDIbox/mios32/trunk/drivers/STM32F4xx/v1.1.0/STM32F4xx_StdPeriph_Driver/src/stm32f4xx_usart.o
                0x08014ed4                USART_ITConfig
 .text.USBD_Resume
                0x08014f08       0x16 project_build//data/Hardware/MIDIbox/mios32/trunk/drivers/STM32F4xx/v1.1.0/STM32_USB_Device_Library/Core/src/usbd_core.o
 .text.USBD_Suspend
                0x08014f1e       0x1c project_build//data/Hardware/MIDIbox/mios32/trunk/drivers/STM32F4xx/v1.1.0/STM32_USB_Device_Library/Core/src/usbd_core.o
 .text.USBD_SOF
                0x08014f3a       0x10 project_build//data/Hardware/MIDIbox/mios32/trunk/drivers/STM32F4xx/v1.1.0/STM32_USB_Device_Library/Core/src/usbd_core.o
 .text.USBD_IsoINIncomplete
                0x08014f4a        0xe project_build//data/Hardware/MIDIbox/mios32/trunk/drivers/STM32F4xx/v1.1.0/STM32_USB_Device_Library/Core/src/usbd_core.o
 .text.USBD_IsoOUTIncomplete
                0x08014f58        0xe project_build//data/Hardware/MIDIbox/mios32/trunk/drivers/STM32F4xx/v1.1.0/STM32_USB_Device_Library/Core/src/usbd_core.o
 .text.USBD_Reset
                0x08014f66       0x2e project_build//data/Hardware/MIDIbox/mios32/trunk/drivers/STM32F4xx/v1.1.0/STM32_USB_Device_Library/Core/src/usbd_core.o
 .text.USBD_SetupStage
                0x08014f94       0x48 project_build//data/Hardware/MIDIbox/mios32/trunk/drivers/STM32F4xx/v1.1.0/STM32_USB_Device_Library/Core/src/usbd_core.o
 .text.USBD_DataInStage
                0x08014fdc       0xb4 project_build//data/Hardware/MIDIbox/mios32/trunk/drivers/STM32F4xx/v1.1.0/STM32_USB_Device_Library/Core/src/usbd_core.o
 .text.USBD_DataOutStage
                0x08015090       0x74 project_build//data/Hardware/MIDIbox/mios32/trunk/drivers/STM32F4xx/v1.1.0/STM32_USB_Device_Library/Core/src/usbd_core.o
 .text.USBD_Init
                0x08015104       0x38 project_build//data/Hardware/MIDIbox/mios32/trunk/drivers/STM32F4xx/v1.1.0/STM32_USB_Device_Library/Core/src/usbd_core.o
                0x08015104                USBD_Init
 .text.USBD_SetCfg
                0x0801513c       0x18 project_build//data/Hardware/MIDIbox/mios32/trunk/drivers/STM32F4xx/v1.1.0/STM32_USB_Device_Library/Core/src/usbd_core.o
                0x0801513c                USBD_SetCfg
 .text.USBD_ClrCfg
                0x08015154        0xe project_build//data/Hardware/MIDIbox/mios32/trunk/drivers/STM32F4xx/v1.1.0/STM32_USB_Device_Library/Core/src/usbd_core.o
                0x08015154                USBD_ClrCfg
 .text.USBD_CtlSendData
                0x08015162       0x22 project_build//data/Hardware/MIDIbox/mios32/trunk/drivers/STM32F4xx/v1.1.0/STM32_USB_Device_Library/Core/src/usbd_ioreq.o
                0x08015162                USBD_CtlSendData
 .text.USBD_CtlContinueSendData
                0x08015184       0x12 project_build//data/Hardware/MIDIbox/mios32/trunk/drivers/STM32F4xx/v1.1.0/STM32_USB_Device_Library/Core/src/usbd_ioreq.o
                0x08015184                USBD_CtlContinueSendData
 .text.USBD_CtlContinueRx
                0x08015196       0x12 project_build//data/Hardware/MIDIbox/mios32/trunk/drivers/STM32F4xx/v1.1.0/STM32_USB_Device_Library/Core/src/usbd_ioreq.o
                0x08015196                USBD_CtlContinueRx
 .text.USBD_CtlSendStatus
                0x080151a8       0x1e project_build//data/Hardware/MIDIbox/mios32/trunk/drivers/STM32F4xx/v1.1.0/STM32_USB_Device_Library/Core/src/usbd_ioreq.o
                0x080151a8                USBD_CtlSendStatus
 .text.USBD_CtlReceiveStatus
                0x080151c6       0x1e project_build//data/Hardware/MIDIbox/mios32/trunk/drivers/STM32F4xx/v1.1.0/STM32_USB_Device_Library/Core/src/usbd_ioreq.o
                0x080151c6                USBD_CtlReceiveStatus
 .text.USBD_ParseSetupRequest
                0x080151e4       0x44 project_build//data/Hardware/MIDIbox/mios32/trunk/drivers/STM32F4xx/v1.1.0/STM32_USB_Device_Library/Core/src/usbd_req.o
                0x080151e4                USBD_ParseSetupRequest
 .text.USBD_CtlError
                0x08015228       0x1c project_build//data/Hardware/MIDIbox/mios32/trunk/drivers/STM32F4xx/v1.1.0/STM32_USB_Device_Library/Core/src/usbd_req.o
                0x08015228                USBD_CtlError
 .text.USBD_StdEPReq
                0x08015244       0xc4 project_build//data/Hardware/MIDIbox/mios32/trunk/drivers/STM32F4xx/v1.1.0/STM32_USB_Device_Library/Core/src/usbd_req.o
                0x08015244                USBD_StdEPReq
 .text.USBD_StdItfReq
                0x08015308       0x30 project_build//data/Hardware/MIDIbox/mios32/trunk/drivers/STM32F4xx/v1.1.0/STM32_USB_Device_Library/Core/src/usbd_req.o
                0x08015308                USBD_StdItfReq
 .text.USBD_StdDevReq
                0x08015338      0x2ac project_build//data/Hardware/MIDIbox/mios32/trunk/drivers/STM32F4xx/v1.1.0/STM32_USB_Device_Library/Core/src/usbd_req.o
                0x08015338                USBD_StdDevReq
 .text.USBD_GetString
                0x080155e4       0x38 project_build//data/Hardware/MIDIbox/mios32/trunk/drivers/STM32F4xx/v1.1.0/STM32_USB_Device_Library/Core/src/usbd_req.o
                0x080155e4                USBD_GetString
 .text.USBH_Connected
                0x0801561c        0xa project_build//data/Hardware/MIDIbox/mios32/trunk/drivers/STM32F4xx/v1.1.0/STM32_USB_HOST_Library/Core/src/usbh_core.o
                0x0801561c                USBH_Connected
 .text.USBH_Disconnected
                0x08015626        0xa project_build//data/Hardware/MIDIbox/mios32/trunk/drivers/STM32F4xx/v1.1.0/STM32_USB_HOST_Library/Core/src/usbh_core.o
                0x08015626                USBH_Disconnected
 .text.USBH_SOF
                0x08015630        0x4 project_build//data/Hardware/MIDIbox/mios32/trunk/drivers/STM32F4xx/v1.1.0/STM32_USB_HOST_Library/Core/src/usbh_core.o
                0x08015630                USBH_SOF
 .text.USBH_DeInit
                0x08015634       0x32 project_build//data/Hardware/MIDIbox/mios32/trunk/drivers/STM32F4xx/v1.1.0/STM32_USB_HOST_Library/Core/src/usbh_core.o
                0x08015634                USBH_DeInit
 .text.USBH_Init
                0x08015666       0x42 project_build//data/Hardware/MIDIbox/mios32/trunk/drivers/STM32F4xx/v1.1.0/STM32_USB_HOST_Library/Core/src/usbh_core.o
                0x08015666                USBH_Init
 .text.USBH_ErrorHandle
                0x080156a8       0x2a project_build//data/Hardware/MIDIbox/mios32/trunk/drivers/STM32F4xx/v1.1.0/STM32_USB_HOST_Library/Core/src/usbh_core.o
                0x080156a8                USBH_ErrorHandle
 *fill*         0x080156d2        0x2 00
 .text.USBH_HandleControl
                0x080156d4      0x1b8 project_build//data/Hardware/MIDIbox/mios32/trunk/drivers/STM32F4xx/v1.1.0/STM32_USB_HOST_Library/Core/src/usbh_core.o
                0x080156d4                USBH_HandleControl
 .text.USBH_Process
                0x0801588c      0x344 project_build//data/Hardware/MIDIbox/mios32/trunk/drivers/STM32F4xx/v1.1.0/STM32_USB_HOST_Library/Core/src/usbh_core.o
                0x0801588c                USBH_Process
 .text.USBH_Open_Channel
                0x08015bd0       0x54 project_build//data/Hardware/MIDIbox/mios32/trunk/drivers/STM32F4xx/v1.1.0/STM32_USB_HOST_Library/Core/src/usbh_hcs.o
                0x08015bd0                USBH_Open_Channel
 .text.USBH_Modify_Channel
                0x08015c24       0x3a project_build//data/Hardware/MIDIbox/mios32/trunk/drivers/STM32F4xx/v1.1.0/STM32_USB_HOST_Library/Core/src/usbh_hcs.o
                0x08015c24                USBH_Modify_Channel
 .text.USBH_Alloc_Channel
                0x08015c5e       0x32 project_build//data/Hardware/MIDIbox/mios32/trunk/drivers/STM32F4xx/v1.1.0/STM32_USB_HOST_Library/Core/src/usbh_hcs.o
                0x08015c5e                USBH_Alloc_Channel
 .text.USBH_Free_Channel
                0x08015c90       0x18 project_build//data/Hardware/MIDIbox/mios32/trunk/drivers/STM32F4xx/v1.1.0/STM32_USB_HOST_Library/Core/src/usbh_hcs.o
                0x08015c90                USBH_Free_Channel
 .text.USBH_DeAllocate_AllChannel
                0x08015ca8       0x1e project_build//data/Hardware/MIDIbox/mios32/trunk/drivers/STM32F4xx/v1.1.0/STM32_USB_HOST_Library/Core/src/usbh_hcs.o
                0x08015ca8                USBH_DeAllocate_AllChannel
 .text.USBH_CtlReq
                0x08015cc6       0x48 project_build//data/Hardware/MIDIbox/mios32/trunk/drivers/STM32F4xx/v1.1.0/STM32_USB_HOST_Library/Core/src/usbh_ioreq.o
                0x08015cc6                USBH_CtlReq
 .text.USBH_CtlSendSetup
                0x08015d0e       0x2e project_build//data/Hardware/MIDIbox/mios32/trunk/drivers/STM32F4xx/v1.1.0/STM32_USB_HOST_Library/Core/src/usbh_ioreq.o
                0x08015d0e                USBH_CtlSendSetup
 .text.USBH_CtlSendData
                0x08015d3c       0x40 project_build//data/Hardware/MIDIbox/mios32/trunk/drivers/STM32F4xx/v1.1.0/STM32_USB_HOST_Library/Core/src/usbh_ioreq.o
                0x08015d3c                USBH_CtlSendData
 .text.USBH_CtlReceiveData
                0x08015d7c       0x2c project_build//data/Hardware/MIDIbox/mios32/trunk/drivers/STM32F4xx/v1.1.0/STM32_USB_HOST_Library/Core/src/usbh_ioreq.o
                0x08015d7c                USBH_CtlReceiveData
 .text.USBH_BulkSendData
                0x08015da8       0x34 project_build//data/Hardware/MIDIbox/mios32/trunk/drivers/STM32F4xx/v1.1.0/STM32_USB_HOST_Library/Core/src/usbh_ioreq.o
                0x08015da8                USBH_BulkSendData
 .text.USBH_BulkReceiveData
                0x08015ddc       0x34 project_build//data/Hardware/MIDIbox/mios32/trunk/drivers/STM32F4xx/v1.1.0/STM32_USB_HOST_Library/Core/src/usbh_ioreq.o
                0x08015ddc                USBH_BulkReceiveData
 .text.USBH_GetDescriptor
                0x08015e10       0x34 project_build//data/Hardware/MIDIbox/mios32/trunk/drivers/STM32F4xx/v1.1.0/STM32_USB_HOST_Library/Core/src/usbh_stdreq.o
                0x08015e10                USBH_GetDescriptor
 .text.USBH_Get_StringDesc
                0x08015e44       0x50 project_build//data/Hardware/MIDIbox/mios32/trunk/drivers/STM32F4xx/v1.1.0/STM32_USB_HOST_Library/Core/src/usbh_stdreq.o
                0x08015e44                USBH_Get_StringDesc
 .text.USBH_Get_DevDesc
                0x08015e94       0xac project_build//data/Hardware/MIDIbox/mios32/trunk/drivers/STM32F4xx/v1.1.0/STM32_USB_HOST_Library/Core/src/usbh_stdreq.o
                0x08015e94                USBH_Get_DevDesc
 .text.USBH_Get_CfgDesc
                0x08015f40      0x1dc project_build//data/Hardware/MIDIbox/mios32/trunk/drivers/STM32F4xx/v1.1.0/STM32_USB_HOST_Library/Core/src/usbh_stdreq.o
                0x08015f40                USBH_Get_CfgDesc
 .text.USBH_SetAddress
                0x0801611c       0x1c project_build//data/Hardware/MIDIbox/mios32/trunk/drivers/STM32F4xx/v1.1.0/STM32_USB_HOST_Library/Core/src/usbh_stdreq.o
                0x0801611c                USBH_SetAddress
 .text.USBH_SetCfg
                0x08016138       0x1c project_build//data/Hardware/MIDIbox/mios32/trunk/drivers/STM32F4xx/v1.1.0/STM32_USB_HOST_Library/Core/src/usbh_stdreq.o
                0x08016138                USBH_SetCfg
 .text.USBH_ClrFeature
                0x08016154       0x32 project_build//data/Hardware/MIDIbox/mios32/trunk/drivers/STM32F4xx/v1.1.0/STM32_USB_HOST_Library/Core/src/usbh_stdreq.o
                0x08016154                USBH_ClrFeature
 *fill*         0x08016186        0x2 00
 .text.USB_OTG_EnableCommonInt
                0x08016188       0x14 project_build//data/Hardware/MIDIbox/mios32/trunk/drivers/STM32F4xx/v1.1.0/STM32_USB_OTG_Driver/src/usb_core.o
 .text.USB_OTG_CoreReset
                0x0801619c       0x4c project_build//data/Hardware/MIDIbox/mios32/trunk/drivers/STM32F4xx/v1.1.0/STM32_USB_OTG_Driver/src/usb_core.o
 .text.USB_OTG_WritePacket
                0x080161e8       0x26 project_build//data/Hardware/MIDIbox/mios32/trunk/drivers/STM32F4xx/v1.1.0/STM32_USB_OTG_Driver/src/usb_core.o
                0x080161e8                USB_OTG_WritePacket
 .text.USB_OTG_ReadPacket
                0x0801620e       0x22 project_build//data/Hardware/MIDIbox/mios32/trunk/drivers/STM32F4xx/v1.1.0/STM32_USB_OTG_Driver/src/usb_core.o
                0x0801620e                USB_OTG_ReadPacket
 .text.USB_OTG_SelectCore
                0x08016230       0xc0 project_build//data/Hardware/MIDIbox/mios32/trunk/drivers/STM32F4xx/v1.1.0/STM32_USB_OTG_Driver/src/usb_core.o
                0x08016230                USB_OTG_SelectCore
 .text.USB_OTG_CoreInit
                0x080162f0       0x9a project_build//data/Hardware/MIDIbox/mios32/trunk/drivers/STM32F4xx/v1.1.0/STM32_USB_OTG_Driver/src/usb_core.o
                0x080162f0                USB_OTG_CoreInit
 .text.USB_OTG_EnableGlobalInt
                0x0801638a        0xe project_build//data/Hardware/MIDIbox/mios32/trunk/drivers/STM32F4xx/v1.1.0/STM32_USB_OTG_Driver/src/usb_core.o
                0x0801638a                USB_OTG_EnableGlobalInt
 .text.USB_OTG_DisableGlobalInt
                0x08016398        0xe project_build//data/Hardware/MIDIbox/mios32/trunk/drivers/STM32F4xx/v1.1.0/STM32_USB_OTG_Driver/src/usb_core.o
                0x08016398                USB_OTG_DisableGlobalInt
 *fill*         0x080163a6        0x2 00
 .text.USB_OTG_FlushTxFifo
                0x080163a8       0x3c project_build//data/Hardware/MIDIbox/mios32/trunk/drivers/STM32F4xx/v1.1.0/STM32_USB_OTG_Driver/src/usb_core.o
                0x080163a8                USB_OTG_FlushTxFifo
 .text.USB_OTG_FlushRxFifo
                0x080163e4       0x34 project_build//data/Hardware/MIDIbox/mios32/trunk/drivers/STM32F4xx/v1.1.0/STM32_USB_OTG_Driver/src/usb_core.o
                0x080163e4                USB_OTG_FlushRxFifo
 .text.USB_OTG_SetCurrentMode
                0x08016418       0x2a project_build//data/Hardware/MIDIbox/mios32/trunk/drivers/STM32F4xx/v1.1.0/STM32_USB_OTG_Driver/src/usb_core.o
                0x08016418                USB_OTG_SetCurrentMode
 .text.USB_OTG_IsDeviceMode
                0x08016442        0xe project_build//data/Hardware/MIDIbox/mios32/trunk/drivers/STM32F4xx/v1.1.0/STM32_USB_OTG_Driver/src/usb_core.o
                0x08016442                USB_OTG_IsDeviceMode
 .text.USB_OTG_IsHostMode