Archive member included because of file (symbol)

/usr/local/etc/mios32_toolchain/bin/../lib/gcc/arm-none-eabi/4.7.4/../../../../arm-none-eabi/lib/armv7e-m/libstdc++_s.a(new_opv.o)
                              project_build/src/app.o (operator new[](unsigned int))
/usr/local/etc/mios32_toolchain/bin/../lib/gcc/arm-none-eabi/4.7.4/../../../../arm-none-eabi/lib/armv7e-m/libstdc++_s.a(del_opv.o)
                              project_build/src/app.o (operator delete[](void*))
/usr/local/etc/mios32_toolchain/bin/../lib/gcc/arm-none-eabi/4.7.4/armv7e-m/libgcc.a(_lshrdi3.o)
                              project_build//data/Hardware/MIDIbox/mios32/trunk/modules/app_lcd/universal/app_lcd.o (__aeabi_llsr)
/usr/local/etc/mios32_toolchain/bin/../lib/gcc/arm-none-eabi/4.7.4/armv7e-m/libgcc.a(_ashldi3.o)
                              project_build//data/Hardware/MIDIbox/mios32/trunk/modules/app_lcd/universal/app_lcd.o (__aeabi_llsl)
/usr/local/etc/mios32_toolchain/bin/../lib/gcc/arm-none-eabi/4.7.4/armv7e-m/libgcc.a(_arm_addsubdf3.o)
                              project_build//data/Hardware/MIDIbox/mios32/trunk/modules/file/file.o (__aeabi_f2d)
/usr/local/etc/mios32_toolchain/bin/../lib/gcc/arm-none-eabi/4.7.4/armv7e-m/libgcc.a(_arm_muldivdf3.o)
                              project_build//data/Hardware/MIDIbox/mios32/trunk/mios32/common/mios32_osc.o (__aeabi_dmul)
/usr/local/etc/mios32_toolchain/bin/../lib/gcc/arm-none-eabi/4.7.4/armv7e-m/libgcc.a(_arm_fixdfsi.o)
                              project_build//data/Hardware/MIDIbox/mios32/trunk/mios32/common/mios32_osc.o (__aeabi_d2iz)
/usr/local/etc/mios32_toolchain/bin/../lib/gcc/arm-none-eabi/4.7.4/armv7e-m/libgcc.a(_arm_addsubsf3.o)
                              project_build//data/Hardware/MIDIbox/mios32/trunk/modules/file/file.o (__aeabi_ui2f)
/usr/local/etc/mios32_toolchain/bin/../lib/gcc/arm-none-eabi/4.7.4/armv7e-m/libgcc.a(_arm_muldivsf3.o)
                              project_build//data/Hardware/MIDIbox/mios32/trunk/mios32/common/mios32_osc.o (__aeabi_fmul)
/usr/local/etc/mios32_toolchain/bin/../lib/gcc/arm-none-eabi/4.7.4/armv7e-m/libgcc.a(_arm_fixsfsi.o)
                              project_build//data/Hardware/MIDIbox/mios32/trunk/mios32/common/mios32_osc.o (__aeabi_f2iz)
/usr/local/etc/mios32_toolchain/bin/../lib/gcc/arm-none-eabi/4.7.4/../../../../arm-none-eabi/lib/armv7e-m/libc_s.a(lib_a-ctype_.o)
                              project_build//data/Hardware/MIDIbox/mios32/trunk/programming_models/traditional/strtol.o (__ctype_ptr__)
/usr/local/etc/mios32_toolchain/bin/../lib/gcc/arm-none-eabi/4.7.4/../../../../arm-none-eabi/lib/armv7e-m/libc_s.a(lib_a-init.o)
                              project_build//data/Hardware/MIDIbox/mios32/trunk/programming_models/traditional/main.o (__libc_init_array)
/usr/local/etc/mios32_toolchain/bin/../lib/gcc/arm-none-eabi/4.7.4/../../../../arm-none-eabi/lib/armv7e-m/libc_s.a(lib_a-memcpy.o)
                              project_build//data/Hardware/MIDIbox/mios32/trunk/FreeRTOS/Source/queue.o (memcpy)
/usr/local/etc/mios32_toolchain/bin/../lib/gcc/arm-none-eabi/4.7.4/../../../../arm-none-eabi/lib/armv7e-m/libc_s.a(lib_a-memmove.o)
                              project_build//data/Hardware/MIDIbox/mios32/trunk/FreeRTOS/Source/portable/MemMang/umm_malloc.o (memmove)
/usr/local/etc/mios32_toolchain/bin/../lib/gcc/arm-none-eabi/4.7.4/../../../../arm-none-eabi/lib/armv7e-m/libc_s.a(lib_a-memset.o)
                              project_build//data/Hardware/MIDIbox/mios32/trunk/FreeRTOS/Source/tasks.o (memset)
/usr/local/etc/mios32_toolchain/bin/../lib/gcc/arm-none-eabi/4.7.4/../../../../arm-none-eabi/lib/armv7e-m/libc_s.a(lib_a-stpcpy.o)
                              project_build//data/Hardware/MIDIbox/mios32/trunk/mios32/common/mios32_osc.o (stpcpy)
/usr/local/etc/mios32_toolchain/bin/../lib/gcc/arm-none-eabi/4.7.4/../../../../arm-none-eabi/lib/armv7e-m/libc_s.a(lib_a-strcasecmp.o)
                              project_build//data/Hardware/MIDIbox/mios32/trunk/modules/app_lcd/universal/app_lcd.o (strcasecmp)
/usr/local/etc/mios32_toolchain/bin/../lib/gcc/arm-none-eabi/4.7.4/../../../../arm-none-eabi/lib/armv7e-m/libc_s.a(lib_a-strcmp.o)
                              project_build//data/Hardware/MIDIbox/mios32/trunk/modules/file/file.o (strcmp)
/usr/local/etc/mios32_toolchain/bin/../lib/gcc/arm-none-eabi/4.7.4/../../../../arm-none-eabi/lib/armv7e-m/libc_s.a(lib_a-strcpy.o)
                              project_build//data/Hardware/MIDIbox/mios32/trunk/modules/file/file.o (strcpy)
/usr/local/etc/mios32_toolchain/bin/../lib/gcc/arm-none-eabi/4.7.4/../../../../arm-none-eabi/lib/armv7e-m/libc_s.a(lib_a-strlen.o)
                              project_build//data/Hardware/MIDIbox/mios32/trunk/mios32/common/mios32_midi.o (strlen)
/usr/local/etc/mios32_toolchain/bin/../lib/gcc/arm-none-eabi/4.7.4/../../../../arm-none-eabi/lib/armv7e-m/libc_s.a(lib_a-strncasecmp.o)
[...]
Memory Configuration

Name             Origin             Length             Attributes
RAM              0x20000000         0x00030000         xrw
FLASH_SECTOR0    0x08000000         0x00004000         xr
FLASH_SECTOR1    0x08004000         0x00004000         xr
FLASH_SECTOR2    0x08008000         0x00004000         xr
FLASH_SECTOR3    0x0800c000         0x00004000         xr
FLASH            0x08010000         0x000f0000         xr
FLASHB1          0x00000000         0x00000000         xr
EXTMEMB0         0x00000000         0x00000000         xr
EXTMEMB1         0x00000000         0x00000000         xr
EXTMEMB2         0x00000000         0x00000000         xr
EXTMEMB3         0x00000000         0x00000000         xr
*default*        0x00000000         0xffffffff

Linker script and memory map

LOAD project_build/src/vgmplayer_ll.o
LOAD project_build/src/frontpanel.o
LOAD project_build/src/interface.o
LOAD project_build//data/Hardware/MIDIbox/mios32/trunk/programming_models/traditional/main.o
LOAD project_build//data/Hardware/MIDIbox/mios32/trunk/programming_models/traditional/strtol.o
LOAD project_build//data/Hardware/MIDIbox/mios32/trunk/FreeRTOS/Source/tasks.o
LOAD project_build//data/Hardware/MIDIbox/mios32/trunk/FreeRTOS/Source/list.o
LOAD project_build//data/Hardware/MIDIbox/mios32/trunk/FreeRTOS/Source/queue.o
LOAD project_build//data/Hardware/MIDIbox/mios32/trunk/FreeRTOS/Source/timers.o
LOAD project_build//data/Hardware/MIDIbox/mios32/trunk/FreeRTOS/Source/portable/GCC/ARM_CM3/port.o
LOAD project_build//data/Hardware/MIDIbox/mios32/trunk/FreeRTOS/Source/portable/MemMang/umm_malloc.o
LOAD project_build//data/Hardware/MIDIbox/mios32/trunk/programming_models/traditional/startup_stm32f4xx.o
LOAD project_build//data/Hardware/MIDIbox/mios32/trunk/mios32/common/mios32_srio.o
LOAD project_build//data/Hardware/MIDIbox/mios32/trunk/mios32/common/mios32_din.o
LOAD project_build//data/Hardware/MIDIbox/mios32/trunk/mios32/common/mios32_dout.o
LOAD project_build//data/Hardware/MIDIbox/mios32/trunk/mios32/common/mios32_enc.o
LOAD project_build//data/Hardware/MIDIbox/mios32/trunk/mios32/common/mios32_lcd.o
LOAD project_build//data/Hardware/MIDIbox/mios32/trunk/mios32/common/mios32_midi.o
LOAD project_build//data/Hardware/MIDIbox/mios32/trunk/mios32/common/mios32_osc.o
LOAD project_build//data/Hardware/MIDIbox/mios32/trunk/mios32/common/mios32_com.o
LOAD project_build//data/Hardware/MIDIbox/mios32/trunk/mios32/common/mios32_uart_midi.o
LOAD project_build//data/Hardware/MIDIbox/mios32/trunk/mios32/common/mios32_spi_midi.o
LOAD project_build//data/Hardware/MIDIbox/mios32/trunk/mios32/common/mios32_iic_midi.o
LOAD project_build//data/Hardware/MIDIbox/mios32/trunk/mios32/common/mios32_iic_bs.o
LOAD project_build//data/Hardware/MIDIbox/mios32/trunk/mios32/common/mios32_mf.o
LOAD project_build//data/Hardware/MIDIbox/mios32/trunk/mios32/common/mios32_sdcard.o
LOAD project_build//data/Hardware/MIDIbox/mios32/trunk/mios32/common/mios32_enc28j60.o
LOAD project_build//data/Hardware/MIDIbox/mios32/trunk/mios32/common/mios32_timestamp.o
LOAD project_build//data/Hardware/MIDIbox/mios32/trunk/mios32/STM32F4xx/mios32_bsl.o
LOAD project_build//data/Hardware/MIDIbox/mios32/trunk/mios32/STM32F4xx/mios32_sys.o
LOAD project_build//data/Hardware/MIDIbox/mios32/trunk/mios32/STM32F4xx/mios32_irq.o
LOAD project_build//data/Hardware/MIDIbox/mios32/trunk/mios32/STM32F4xx/mios32_spi.o
LOAD project_build//data/Hardware/MIDIbox/mios32/trunk/mios32/STM32F4xx/mios32_i2s.o
LOAD project_build//data/Hardware/MIDIbox/mios32/trunk/mios32/STM32F4xx/mios32_board.o
LOAD project_build//data/Hardware/MIDIbox/mios32/trunk/mios32/STM32F4xx/mios32_timer.o
LOAD project_build//data/Hardware/MIDIbox/mios32/trunk/mios32/STM32F4xx/mios32_stopwatch.o
LOAD project_build//data/Hardware/MIDIbox/mios32/trunk/mios32/STM32F4xx/mios32_delay.o
LOAD project_build//data/Hardware/MIDIbox/mios32/trunk/mios32/STM32F4xx/mios32_ain.o
LOAD project_build//data/Hardware/MIDIbox/mios32/trunk/mios32/STM32F4xx/mios32_usb.o
LOAD project_build//data/Hardware/MIDIbox/mios32/trunk/mios32/STM32F4xx/mios32_usb_midi.o
LOAD project_build//data/Hardware/MIDIbox/mios32/trunk/mios32/STM32F4xx/mios32_usb_com.o
LOAD project_build//data/Hardware/MIDIbox/mios32/trunk/mios32/STM32F4xx/mios32_uart.o
LOAD project_build//data/Hardware/MIDIbox/mios32/trunk/mios32/STM32F4xx/mios32_iic.o
LOAD project_build//data/Hardware/MIDIbox/mios32/trunk/mios32/common/printf-stdarg.o
LOAD project_build//data/Hardware/MIDIbox/mios32/trunk/drivers/STM32F4xx/v1.1.0/STM32F4xx_StdPeriph_Driver/src/misc.o
LOAD project_build//data/Hardware/MIDIbox/mios32/trunk/drivers/STM32F4xx/v1.1.0/STM32F4xx_StdPeriph_Driver/src/stm32f4xx_adc.o
LOAD project_build//data/Hardware/MIDIbox/mios32/trunk/drivers/STM32F4xx/v1.1.0/STM32F4xx_StdPeriph_Driver/src/stm32f4xx_can.o
LOAD project_build//data/Hardware/MIDIbox/mios32/trunk/drivers/STM32F4xx/v1.1.0/STM32F4xx_StdPeriph_Driver/src/stm32f4xx_crc.o
LOAD project_build//data/Hardware/MIDIbox/mios32/trunk/drivers/STM32F4xx/v1.1.0/STM32F4xx_StdPeriph_Driver/src/stm32f4xx_cryp.o
LOAD project_build//data/Hardware/MIDIbox/mios32/trunk/drivers/STM32F4xx/v1.1.0/STM32F4xx_StdPeriph_Driver/src/stm32f4xx_cryp_aes.o
LOAD project_build//data/Hardware/MIDIbox/mios32/trunk/drivers/STM32F4xx/v1.1.0/STM32F4xx_StdPeriph_Driver/src/stm32f4xx_cryp_des.o
LOAD project_build//data/Hardware/MIDIbox/mios32/trunk/drivers/STM32F4xx/v1.1.0/STM32F4xx_StdPeriph_Driver/src/stm32f4xx_cryp_tdes.o
LOAD project_build//data/Hardware/MIDIbox/mios32/trunk/drivers/STM32F4xx/v1.1.0/STM32F4xx_StdPeriph_Driver/src/stm32f4xx_dac.o
LOAD project_build//data/Hardware/MIDIbox/mios32/trunk/drivers/STM32F4xx/v1.1.0/STM32F4xx_StdPeriph_Driver/src/stm32f4xx_dbgmcu.o
LOAD project_build//data/Hardware/MIDIbox/mios32/trunk/drivers/STM32F4xx/v1.1.0/STM32F4xx_StdPeriph_Driver/src/stm32f4xx_dcmi.o
LOAD project_build//data/Hardware/MIDIbox/mios32/trunk/drivers/STM32F4xx/v1.1.0/STM32F4xx_StdPeriph_Driver/src/stm32f4xx_dma.o
LOAD project_build//data/Hardware/MIDIbox/mios32/trunk/drivers/STM32F4xx/v1.1.0/STM32F4xx_StdPeriph_Driver/src/stm32f4xx_exti.o
LOAD project_build//data/Hardware/MIDIbox/mios32/trunk/drivers/STM32F4xx/v1.1.0/STM32F4xx_StdPeriph_Driver/src/stm32f4xx_flash.o
LOAD project_build//data/Hardware/MIDIbox/mios32/trunk/drivers/STM32F4xx/v1.1.0/STM32F4xx_StdPeriph_Driver/src/stm32f4xx_fsmc.o
LOAD project_build//data/Hardware/MIDIbox/mios32/trunk/drivers/STM32F4xx/v1.1.0/STM32F4xx_StdPeriph_Driver/src/stm32f4xx_gpio.o
LOAD project_build//data/Hardware/MIDIbox/mios32/trunk/drivers/STM32F4xx/v1.1.0/STM32F4xx_StdPeriph_Driver/src/stm32f4xx_hash.o
LOAD project_build//data/Hardware/MIDIbox/mios32/trunk/drivers/STM32F4xx/v1.1.0/STM32F4xx_StdPeriph_Driver/src/stm32f4xx_hash_md5.o
LOAD project_build//data/Hardware/MIDIbox/mios32/trunk/drivers/STM32F4xx/v1.1.0/STM32F4xx_StdPeriph_Driver/src/stm32f4xx_hash_sha1.o
LOAD project_build//data/Hardware/MIDIbox/mios32/trunk/drivers/STM32F4xx/v1.1.0/STM32F4xx_StdPeriph_Driver/src/stm32f4xx_i2c.o
LOAD project_build//data/Hardware/MIDIbox/mios32/trunk/drivers/STM32F4xx/v1.1.0/STM32F4xx_StdPeriph_Driver/src/stm32f4xx_iwdg.o
LOAD project_build//data/Hardware/MIDIbox/mios32/trunk/drivers/STM32F4xx/v1.1.0/STM32F4xx_StdPeriph_Driver/src/stm32f4xx_pwr.o
LOAD project_build//data/Hardware/MIDIbox/mios32/trunk/drivers/STM32F4xx/v1.1.0/STM32F4xx_StdPeriph_Driver/src/stm32f4xx_rcc.o
LOAD project_build//data/Hardware/MIDIbox/mios32/trunk/drivers/STM32F4xx/v1.1.0/STM32F4xx_StdPeriph_Driver/src/stm32f4xx_rng.o
LOAD project_build//data/Hardware/MIDIbox/mios32/trunk/drivers/STM32F4xx/v1.1.0/STM32F4xx_StdPeriph_Driver/src/stm32f4xx_rtc.o
LOAD project_build//data/Hardware/MIDIbox/mios32/trunk/drivers/STM32F4xx/v1.1.0/STM32F4xx_StdPeriph_Driver/src/stm32f4xx_sdio.o
LOAD project_build//data/Hardware/MIDIbox/mios32/trunk/drivers/STM32F4xx/v1.1.0/STM32F4xx_StdPeriph_Driver/src/stm32f4xx_spi.o
LOAD project_build//data/Hardware/MIDIbox/mios32/trunk/drivers/STM32F4xx/v1.1.0/STM32F4xx_StdPeriph_Driver/src/stm32f4xx_syscfg.o
LOAD project_build//data/Hardware/MIDIbox/mios32/trunk/drivers/STM32F4xx/v1.1.0/STM32F4xx_StdPeriph_Driver/src/stm32f4xx_tim.o
LOAD project_build//data/Hardware/MIDIbox/mios32/trunk/drivers/STM32F4xx/v1.1.0/STM32F4xx_StdPeriph_Driver/src/stm32f4xx_usart.o
LOAD project_build//data/Hardware/MIDIbox/mios32/trunk/drivers/STM32F4xx/v1.1.0/STM32F4xx_StdPeriph_Driver/src/stm32f4xx_wwdg.o
LOAD project_build//data/Hardware/MIDIbox/mios32/trunk/drivers/STM32F4xx/v1.1.0/STM32_USB_Device_Library/Core/src/usbd_core.o
LOAD project_build//data/Hardware/MIDIbox/mios32/trunk/drivers/STM32F4xx/v1.1.0/STM32_USB_Device_Library/Core/src/usbd_ioreq.o
LOAD project_build//data/Hardware/MIDIbox/mios32/trunk/drivers/STM32F4xx/v1.1.0/STM32_USB_Device_Library/Core/src/usbd_req.o
LOAD project_build//data/Hardware/MIDIbox/mios32/trunk/drivers/STM32F4xx/v1.1.0/STM32_USB_HOST_Library/Core/src/usbh_core.o
LOAD project_build//data/Hardware/MIDIbox/mios32/trunk/drivers/STM32F4xx/v1.1.0/STM32_USB_HOST_Library/Core/src/usbh_hcs.o
LOAD project_build//data/Hardware/MIDIbox/mios32/trunk/drivers/STM32F4xx/v1.1.0/STM32_USB_HOST_Library/Core/src/usbh_ioreq.o
LOAD project_build//data/Hardware/MIDIbox/mios32/trunk/drivers/STM32F4xx/v1.1.0/STM32_USB_HOST_Library/Core/src/usbh_stdreq.o
LOAD project_build//data/Hardware/MIDIbox/mios32/trunk/drivers/STM32F4xx/v1.1.0/STM32_USB_OTG_Driver/src/usb_core.o
LOAD project_build//data/Hardware/MIDIbox/mios32/trunk/drivers/STM32F4xx/v1.1.0/STM32_USB_OTG_Driver/src/usb_dcd.o
LOAD project_build//data/Hardware/MIDIbox/mios32/trunk/drivers/STM32F4xx/v1.1.0/STM32_USB_OTG_Driver/src/usb_dcd_int.o
LOAD project_build//data/Hardware/MIDIbox/mios32/trunk/drivers/STM32F4xx/v1.1.0/STM32_USB_OTG_Driver/src/usb_hcd.o
LOAD project_build//data/Hardware/MIDIbox/mios32/trunk/drivers/STM32F4xx/v1.1.0/STM32_USB_OTG_Driver/src/usb_hcd_int.o
LOAD project_build//data/Hardware/MIDIbox/mios32/trunk/drivers/STM32F4xx/v1.1.0/STM32_USB_OTG_Driver/src/usb_otg.o
LOAD project_build//data/Hardware/MIDIbox/mios32/trunk/modules/app_lcd/universal/app_lcd.o
LOAD project_build//data/Hardware/MIDIbox/mios32/trunk/modules/glcd_font/glcd_font_normal.o
LOAD project_build//data/Hardware/MIDIbox/mios32/trunk/modules/glcd_font/glcd_font_normal_inv.o
LOAD project_build//data/Hardware/MIDIbox/mios32/trunk/modules/glcd_font/glcd_font_big.o
LOAD project_build//data/Hardware/MIDIbox/mios32/trunk/modules/glcd_font/glcd_font_small.o
LOAD project_build//data/Hardware/MIDIbox/mios32/trunk/modules/glcd_font/glcd_font_tiny.o
LOAD project_build//data/Hardware/MIDIbox/mios32/trunk/modules/glcd_font/glcd_font_knob_icons.o
LOAD project_build//data/Hardware/MIDIbox/mios32/trunk/modules/glcd_font/glcd_font_meter_icons_h.o
LOAD project_build//data/Hardware/MIDIbox/mios32/trunk/modules/glcd_font/glcd_font_meter_icons_v.o
LOAD project_build//data/Hardware/MIDIbox/mios32/trunk/modules/fatfs/src/diskio.o
LOAD project_build//data/Hardware/MIDIbox/mios32/trunk/modules/fatfs/src/option/ccsbcs.o
LOAD project_build//data/Hardware/MIDIbox/mios32/trunk/modules/fatfs/src/ff.o
LOAD project_build//data/Hardware/MIDIbox/mios32/trunk/modules/file/file.o
LOAD project_build//data/Hardware/MIDIbox/mios32/trunk/modules/genesis/genesis.o
LOAD project_build//data/Hardware/MIDIbox/mios32/trunk/modules/blm_x/blm_x.o
LOAD project_build/src/app.o
LOAD project_build/src/vgmhead.o
LOAD project_build/src/vgmsourcestream.o
LOAD project_build/src/vgmplayer.o
LOAD project_build//data/Hardware/MIDIbox/mios32/trunk/programming_models/traditional/mini_cpp.o
LOAD project_build//data/Hardware/MIDIbox/mios32/trunk/programming_models/traditional/freertos_heap.o
LOAD /usr/local/etc/mios32_toolchain/bin/../lib/gcc/arm-none-eabi/4.7.4/../../../../arm-none-eabi/lib/armv7e-m/libstdc++_s.a
START GROUP
LOAD /usr/local/etc/mios32_toolchain/bin/../lib/gcc/arm-none-eabi/4.7.4/armv7e-m/libgcc.a
LOAD /usr/local/etc/mios32_toolchain/bin/../lib/gcc/arm-none-eabi/4.7.4/../../../../arm-none-eabi/lib/armv7e-m/libc_s.a
END GROUP
                0x20020000                _estack = 0x20020000
                0x00000080                __Stack_Size = 0x80
                0x00000080                PROVIDE (_Stack_Size, __Stack_Size)
                0x2001ff80                __Stack_Init = (_estack - __Stack_Size)
                0x2001ff80                PROVIDE (_Stack_Init, __Stack_Init)
                0x00000100                _Minimum_Stack_Size = 0x100
                0x42000000                PERIPH_BB_BASE = 0x42000000
                0x22000000                SRAM_BB_BASE = 0x22000000
                0x20000000                SRAM_BASE = 0x20000000
                0x40000000                PERIPH_BASE = 0x40000000
                0x40022000                PROVIDE (FLASH_BASE, 0x40022000)
                0x1ffff800                PROVIDE (OB_BASE, 0x1ffff800)
                0x40000000                APB1PERIPH_BASE = PERIPH_BASE
                0x40010000                APB2PERIPH_BASE = (PERIPH_BASE + 0x10000)
                0x40020000                AHBPERIPH_BASE = (PERIPH_BASE + 0x20000)
                0x40000000                PROVIDE (TIM2, (APB1PERIPH_BASE + 0x0))
                0x40000400                PROVIDE (TIM3, (APB1PERIPH_BASE + 0x400))
                0x40000800                PROVIDE (TIM4, (APB1PERIPH_BASE + 0x800))
                0x40002800                PROVIDE (RTC, (APB1PERIPH_BASE + 0x2800))
                0x40002c00                PROVIDE (WWDG, (APB1PERIPH_BASE + 0x2c00))
                0x40003000                PROVIDE (IWDG, (APB1PERIPH_BASE + 0x3000))
                0x40003800                PROVIDE (SPI2, (APB1PERIPH_BASE + 0x3800))
                0x40004400                PROVIDE (USART2, (APB1PERIPH_BASE + 0x4400))
                0x40004800                PROVIDE (USART3, (APB1PERIPH_BASE + 0x4800))
                0x40005400                PROVIDE (I2C1, (APB1PERIPH_BASE + 0x5400))
                0x40005800                PROVIDE (I2C2, (APB1PERIPH_BASE + 0x5800))
                0x40006400                PROVIDE (CAN, (APB1PERIPH_BASE + 0x6400))
                0x40006c00                PROVIDE (BKP, (APB1PERIPH_BASE + 0x6c00))
                0x40007000                PROVIDE (PWR, (APB1PERIPH_BASE + 0x7000))
                0x40010000                PROVIDE (AFIO, (APB2PERIPH_BASE + 0x0))
                0x40010400                PROVIDE (EXTI, (APB2PERIPH_BASE + 0x400))
                0x40010800                PROVIDE (GPIOA, (APB2PERIPH_BASE + 0x800))
                0x40010c00                PROVIDE (GPIOB, (APB2PERIPH_BASE + 0xc00))
                0x40011000                PROVIDE (GPIOC, (APB2PERIPH_BASE + 0x1000))
                0x40011400                PROVIDE (GPIOD, (APB2PERIPH_BASE + 0x1400))
                0x40011800                PROVIDE (GPIOE, (APB2PERIPH_BASE + 0x1800))
                0x40012400                PROVIDE (ADC1, (APB2PERIPH_BASE + 0x2400))
                0x40012800                PROVIDE (ADC2, (APB2PERIPH_BASE + 0x2800))
                0x40012c00                PROVIDE (TIM1, (APB2PERIPH_BASE + 0x2c00))
                0x40013000                PROVIDE (SPI1, (APB2PERIPH_BASE + 0x3000))
                0x40013800                PROVIDE (USART1, (APB2PERIPH_BASE + 0x3800))
                0x40020000                PROVIDE (DMA, (AHBPERIPH_BASE + 0x0))
                0x40020008                PROVIDE (DMA_Channel1, (AHBPERIPH_BASE + 0x8))
                0x4002001c                PROVIDE (DMA_Channel2, (AHBPERIPH_BASE + 0x1c))
                0x40020030                PROVIDE (DMA_Channel3, (AHBPERIPH_BASE + 0x30))
                0x40020044                PROVIDE (DMA_Channel4, (AHBPERIPH_BASE + 0x44))
                0x40020058                PROVIDE (DMA_Channel5, (AHBPERIPH_BASE + 0x58))
                0x4002006c                PROVIDE (DMA_Channel6, (AHBPERIPH_BASE + 0x6c))
                0x40020080                PROVIDE (DMA_Channel7, (AHBPERIPH_BASE + 0x80))
                0x40021000                PROVIDE (RCC, (AHBPERIPH_BASE + 0x1000))
                0xe000e000                SCS_BASE = 0xe000e000
                0xe000e010                PROVIDE (SysTick, (SCS_BASE + 0x10))
                0xe000e100                PROVIDE (NVIC, (SCS_BASE + 0x100))
                0xe000ed00                PROVIDE (SCB, (SCS_BASE + 0xd00))

.mios32_bsl     0x08000000     0x4000
                0x08000000                . = ALIGN (0x4)
 *(.mios32_bsl)
 .mios32_bsl    0x08000000     0x4000 project_build//data/Hardware/MIDIbox/mios32/trunk/mios32/STM32F4xx/mios32_bsl.o
                0x08000000                mios32_bsl_image
                0x08004000                . = ALIGN (0x4)

.isr_vector     0x08004000      0x188
                0x08004000                _mios32_sys_isr_vector = .
                0x08004000                . = ALIGN (0x4)
 *(.isr_vector)
 .isr_vector    0x08004000      0x188 project_build//data/Hardware/MIDIbox/mios32/trunk/programming_models/traditional/startup_stm32f4xx.o
                0x08004000                g_pfnVectors
                0x08004188                . = ALIGN (0x4)
                0x08004000                PROVIDE (mios32_sys_isr_vector, _mios32_sys_isr_vector)

.flashtext      0x08010000        0x0
                0x08010000                . = ALIGN (0x4)
 *(.flashtext)
                0x08010000                . = ALIGN (0x4)

.text           0x08010000     0xcc2c
                0x08010000                . = ALIGN (0x4)
 CREATE_OBJECT_SYMBOLS
 *(.text .text.* .gnu.linkonce.t.*)
 .text.VgmPlayerLL_GetVGMTime
                0x08010000        0xc project_build/src/vgmplayer_ll.o
                0x08010000                VgmPlayerLL_GetVGMTime
 .text.TIM3_IRQHandler
                0x0801000c       0x4c project_build/src/vgmplayer_ll.o
                0x0801000c                TIM3_IRQHandler
 .text.VgmPlayerLL_RegisterCallback
                0x08010058        0xc project_build/src/vgmplayer_ll.o
                0x08010058                VgmPlayerLL_RegisterCallback
 .text.VgmPlayerLL_Init
                0x08010064       0xd4 project_build/src/vgmplayer_ll.o
                0x08010064                VgmPlayerLL_Init
 .text.FrontPanel_Init
                0x08010138      0x87c project_build/src/frontpanel.o
                0x08010138                FrontPanel_Init
 .text.FrontPanel_ButtonChange
                0x080109b4       0xf8 project_build/src/frontpanel.o
                0x080109b4                FrontPanel_ButtonChange
 .text.FrontPanel_EncoderChange
                0x08010aac        0xe project_build/src/frontpanel.o
                0x08010aac                FrontPanel_EncoderChange
 *fill*         0x08010aba        0x2 00
 .text.FrontPanel_LEDRingSet
                0x08010abc       0x90 project_build/src/frontpanel.o
                0x08010abc                FrontPanel_LEDRingSet
 .text.Interface_Init
                0x08010b4c        0x2 project_build/src/interface.o
                0x08010b4c                Interface_Init
 *fill*         0x08010b4e        0x2 00
 .text.Interface_BtnGVoice
                0x08010b50       0x10 project_build/src/interface.o
                0x08010b50                Interface_BtnGVoice
 .text.Interface_BtnSoftkey
                0x08010b60       0x48 project_build/src/interface.o
                0x08010b60                Interface_BtnSoftkey
 .text.Interface_BtnSelOp
                0x08010ba8       0x10 project_build/src/interface.o
                0x08010ba8                Interface_BtnSelOp
 .text.Interface_BtnOpMute
                0x08010bb8       0x10 project_build/src/interface.o
                0x08010bb8                Interface_BtnOpMute
 .text.Interface_BtnSystem
                0x08010bc8       0x10 project_build/src/interface.o
                0x08010bc8                Interface_BtnSystem
 .text.Interface_BtnEdit
                0x08010bd8       0x10 project_build/src/interface.o
                0x08010bd8                Interface_BtnEdit
 .text.Interface_EncDatawheel
                0x08010be8        0xc project_build/src/interface.o
                0x08010be8                Interface_EncDatawheel
 .text.Interface_EncEdit
                0x08010bf4       0x10 project_build/src/interface.o
                0x08010bf4                Interface_EncEdit
 .text.SRIO_ServiceFinish
                0x08010c04        0xe project_build//data/Hardware/MIDIbox/mios32/trunk/programming_models/traditional/main.o
                0x08010c04                SRIO_ServiceFinish
 *fill*         0x08010c12        0x2 00
 .text.TASK_Hooks
                0x08010c14       0x48 project_build//data/Hardware/MIDIbox/mios32/trunk/programming_models/traditional/main.o
 .text.TASK_MIDI_Hooks
                0x08010c5c       0x34 project_build//data/Hardware/MIDIbox/mios32/trunk/programming_models/traditional/main.o
 .text.startup.main
                0x08010c90       0xe0 project_build//data/Hardware/MIDIbox/mios32/trunk/programming_models/traditional/main.o
                0x08010c90                main
 .text.vApplicationTickHook
                0x08010d70       0x18 project_build//data/Hardware/MIDIbox/mios32/trunk/programming_models/traditional/main.o
                0x08010d70                vApplicationTickHook
 .text.vApplicationIdleHook
                0x08010d88        0x4 project_build//data/Hardware/MIDIbox/mios32/trunk/programming_models/traditional/main.o
                0x08010d88                vApplicationIdleHook
 .text._abort   0x08010d8c       0x40 project_build//data/Hardware/MIDIbox/mios32/trunk/programming_models/traditional/main.o
                0x08010d8c                _abort
 .text.HardFault_Handler_c
                0x08010dcc      0x148 project_build//data/Hardware/MIDIbox/mios32/trunk/programming_models/traditional/main.o
                0x08010dcc                HardFault_Handler_c
 .text.HardFault_Handler
                0x08010f14       0x14 project_build//data/Hardware/MIDIbox/mios32/trunk/programming_models/traditional/main.o
                0x08010f14                HardFault_Handler
 .text.prvAddCurrentTaskToDelayedList
                0x08010f28       0x50 project_build//data/Hardware/MIDIbox/mios32/trunk/FreeRTOS/Source/tasks.o
 .text.xTaskGenericCreate
                0x08010f78      0x194 project_build//data/Hardware/MIDIbox/mios32/trunk/FreeRTOS/Source/tasks.o
                0x08010f78                xTaskGenericCreate
 .text.vTaskStartScheduler
                0x0801110c       0x4c project_build//data/Hardware/MIDIbox/mios32/trunk/FreeRTOS/Source/tasks.o
                0x0801110c                vTaskStartScheduler
 .text.vTaskSuspendAll
                0x08011158       0x10 project_build//data/Hardware/MIDIbox/mios32/trunk/FreeRTOS/Source/tasks.o
                0x08011158                vTaskSuspendAll
 .text.xTaskGetTickCount
                0x08011168       0x18 project_build//data/Hardware/MIDIbox/mios32/trunk/FreeRTOS/Source/tasks.o
                0x08011168                xTaskGetTickCount
 .text.vTaskIncrementTick
                0x08011180       0xec project_build//data/Hardware/MIDIbox/mios32/trunk/FreeRTOS/Source/tasks.o
                0x08011180                vTaskIncrementTick
 .text.xTaskResumeAll
                0x0801126c       0xc4 project_build//data/Hardware/MIDIbox/mios32/trunk/FreeRTOS/Source/tasks.o
                0x0801126c                xTaskResumeAll
 .text.prvIdleTask
                0x08011330       0x68 project_build//data/Hardware/MIDIbox/mios32/trunk/FreeRTOS/Source/tasks.o
 .text.vTaskDelayUntil
                0x08011398       0x78 project_build//data/Hardware/MIDIbox/mios32/trunk/FreeRTOS/Source/tasks.o
                0x08011398                vTaskDelayUntil
 .text.vTaskSwitchContext
                0x08011410       0x54 project_build//data/Hardware/MIDIbox/mios32/trunk/FreeRTOS/Source/tasks.o
                0x08011410                vTaskSwitchContext
 .text.vListInitialise
                0x08011464       0x16 project_build//data/Hardware/MIDIbox/mios32/trunk/FreeRTOS/Source/list.o
                0x08011464                vListInitialise
 .text.vListInitialiseItem
                0x0801147a        0x6 project_build//data/Hardware/MIDIbox/mios32/trunk/FreeRTOS/Source/list.o
                0x0801147a                vListInitialiseItem
 .text.vListInsertEnd
                0x08011480       0x1a project_build//data/Hardware/MIDIbox/mios32/trunk/FreeRTOS/Source/list.o
                0x08011480                vListInsertEnd
 .text.vListInsert
                0x0801149a       0x30 project_build//data/Hardware/MIDIbox/mios32/trunk/FreeRTOS/Source/list.o
                0x0801149a                vListInsert
 .text.uxListRemove
                0x080114ca       0x22 project_build//data/Hardware/MIDIbox/mios32/trunk/FreeRTOS/Source/list.o
                0x080114ca                uxListRemove
 .text.prvPortStartFirstTask
                0x080114ec       0x14 project_build//data/Hardware/MIDIbox/mios32/trunk/FreeRTOS/Source/portable/GCC/ARM_CM3/port.o
 .text.pxPortInitialiseStack
                0x08011500       0x16 project_build//data/Hardware/MIDIbox/mios32/trunk/FreeRTOS/Source/portable/GCC/ARM_CM3/port.o
                0x08011500                pxPortInitialiseStack
 *fill*         0x08011516        0x2 00
 .text.vPortSVCHandler
                0x08011518       0x20 project_build//data/Hardware/MIDIbox/mios32/trunk/FreeRTOS/Source/portable/GCC/ARM_CM3/port.o
                0x08011518                vPortSVCHandler
 .text.vPortYieldFromISR
                0x08011538       0x10 project_build//data/Hardware/MIDIbox/mios32/trunk/FreeRTOS/Source/portable/GCC/ARM_CM3/port.o
                0x08011538                vPortYieldFromISR
 .text.ulPortSetInterruptMask
                0x08011548       0x10 project_build//data/Hardware/MIDIbox/mios32/trunk/FreeRTOS/Source/portable/GCC/ARM_CM3/port.o
                0x08011548                ulPortSetInterruptMask
 .text.vPortEnterCritical
                0x08011558       0x14 project_build//data/Hardware/MIDIbox/mios32/trunk/FreeRTOS/Source/portable/GCC/ARM_CM3/port.o
                0x08011558                vPortEnterCritical
 .text.vPortClearInterruptMask
                0x0801156c        0x6 project_build//data/Hardware/MIDIbox/mios32/trunk/FreeRTOS/Source/portable/GCC/ARM_CM3/port.o
                0x0801156c                vPortClearInterruptMask
 *fill*         0x08011572        0x2 00
 .text.vPortExitCritical
                0x08011574       0x14 project_build//data/Hardware/MIDIbox/mios32/trunk/FreeRTOS/Source/portable/GCC/ARM_CM3/port.o
                0x08011574                vPortExitCritical
 .text.xPortPendSVHandler
                0x08011588       0x3c project_build//data/Hardware/MIDIbox/mios32/trunk/FreeRTOS/Source/portable/GCC/ARM_CM3/port.o
                0x08011588                xPortPendSVHandler
 .text.xPortSysTickHandler
                0x080115c4       0x20 project_build//data/Hardware/MIDIbox/mios32/trunk/FreeRTOS/Source/portable/GCC/ARM_CM3/port.o
                0x080115c4                xPortSysTickHandler
 .text.vPortSetupTimerInterrupt
                0x080115e4       0x18 project_build//data/Hardware/MIDIbox/mios32/trunk/FreeRTOS/Source/portable/GCC/ARM_CM3/port.o
                0x080115e4                vPortSetupTimerInterrupt
 .text.xPortStartScheduler
                0x080115fc       0x30 project_build//data/Hardware/MIDIbox/mios32/trunk/FreeRTOS/Source/portable/GCC/ARM_CM3/port.o
                0x080115fc                xPortStartScheduler
 .text.umm_disconnect_from_free_list
                0x0801162c       0x2c project_build//data/Hardware/MIDIbox/mios32/trunk/FreeRTOS/Source/portable/MemMang/umm_malloc.o
 .text.umm_assimilate_up
                0x08011658       0x4c project_build//data/Hardware/MIDIbox/mios32/trunk/FreeRTOS/Source/portable/MemMang/umm_malloc.o
 .text.vPortFree
                0x080116a4       0x74 project_build//data/Hardware/MIDIbox/mios32/trunk/FreeRTOS/Source/portable/MemMang/umm_malloc.o
                0x080116a4                vPortFree
 .text.pvPortMalloc
                0x08011718      0x11c project_build//data/Hardware/MIDIbox/mios32/trunk/FreeRTOS/Source/portable/MemMang/umm_malloc.o
                0x08011718                pvPortMalloc
 .text.Default_Handler
                0x08011834        0x2 project_build//data/Hardware/MIDIbox/mios32/trunk/programming_models/traditional/startup_stm32f4xx.o
                0x08011834                RTC_Alarm_IRQHandler
                0x08011834                HASH_RNG_IRQHandler
                0x08011834                EXTI2_IRQHandler
                0x08011834                TIM8_CC_IRQHandler
                0x08011834                DebugMon_Handler
                0x08011834                TIM1_CC_IRQHandler
                0x08011834                DMA2_Stream5_IRQHandler
                0x08011834                DMA1_Stream5_IRQHandler
                0x08011834                SysTick_Handler
                0x08011834                PVD_IRQHandler
                0x08011834                SDIO_IRQHandler
                0x08011834                TAMP_STAMP_IRQHandler
                0x08011834                PendSV_Handler
                0x08011834                NMI_Handler
                0x08011834                CAN2_RX1_IRQHandler
                0x08011834                EXTI3_IRQHandler
                0x08011834                TIM8_TRG_COM_TIM14_IRQHandler
                0x08011834                TIM1_UP_TIM10_IRQHandler
                0x08011834                TIM8_UP_TIM13_IRQHandler
                0x08011834                I2C3_ER_IRQHandler
                0x08011834                EXTI0_IRQHandler
                0x08011834                CAN1_RX0_IRQHandler
                0x08011834                FPU_IRQHandler
                0x08011834                OTG_HS_WKUP_IRQHandler
                0x08011834                UsageFault_Handler
                0x08011834                CAN2_SCE_IRQHandler
                0x08011834                SPI1_IRQHandler
                0x08011834                TIM6_DAC_IRQHandler
                0x08011834                TIM1_BRK_TIM9_IRQHandler
                0x08011834                DCMI_IRQHandler
                0x08011834                CAN2_RX0_IRQHandler
                0x08011834                DMA2_Stream3_IRQHandler
                0x08011834                USART6_IRQHandler
                0x08011834                CRYP_IRQHandler
                0x08011834                CAN1_RX1_IRQHandler
                0x08011834                UART5_IRQHandler
                0x08011834                DMA2_Stream0_IRQHandler
                0x08011834                TIM4_IRQHandler
                0x08011834                DMA1_Stream6_IRQHandler
                0x08011834                DMA1_Stream1_IRQHandler
                0x08011834                UART4_IRQHandler
                0x08011834                RCC_IRQHandler
                0x08011834                TIM8_BRK_TIM12_IRQHandler
                0x08011834                Default_Handler
                0x08011834                EXTI15_10_IRQHandler
                0x08011834                ADC_IRQHandler
                0x08011834                DMA1_Stream7_IRQHandler
                0x08011834                TIM7_IRQHandler
                0x08011834                CAN2_TX_IRQHandler
                0x08011834                TIM5_IRQHandler
                0x08011834                DMA2_Stream7_IRQHandler
                0x08011834                I2C3_EV_IRQHandler
                0x08011834                EXTI9_5_IRQHandler
                0x08011834                RTC_WKUP_IRQHandler
                0x08011834                ETH_WKUP_IRQHandler
                0x08011834                SPI2_IRQHandler
                0x08011834                OTG_HS_EP1_IN_IRQHandler
                0x08011834                MemManage_Handler
                0x08011834                DMA1_Stream0_IRQHandler
                0x08011834                CAN1_TX_IRQHandler
                0x08011834                SVC_Handler
                0x08011834                EXTI4_IRQHandler
                0x08011834                FSMC_IRQHandler
                0x08011834                ETH_IRQHandler
                0x08011834                OTG_HS_EP1_OUT_IRQHandler
                0x08011834                WWDG_IRQHandler
                0x08011834                TIM2_IRQHandler
                0x08011834                OTG_FS_WKUP_IRQHandler
                0x08011834                TIM1_TRG_COM_TIM11_IRQHandler
                0x08011834                OTG_HS_IRQHandler
                0x08011834                EXTI1_IRQHandler
                0x08011834                DMA2_Stream1_IRQHandler
                0x08011834                CAN1_SCE_IRQHandler
                0x08011834                FLASH_IRQHandler
                0x08011834                DMA2_Stream4_IRQHandler
                0x08011834                BusFault_Handler
                0x08011834                USART1_IRQHandler
                0x08011834                SPI3_IRQHandler
                0x08011834                DMA1_Stream4_IRQHandler
                0x08011834                DMA2_Stream6_IRQHandler
 *fill*         0x08011836        0x2 00
 .text.Reset_Handler
                0x08011838       0x4c project_build//data/Hardware/MIDIbox/mios32/trunk/programming_models/traditional/startup_stm32f4xx.o
                0x08011838                Reset_Handler
 .text._init    0x08011884        0x2 project_build//data/Hardware/MIDIbox/mios32/trunk/programming_models/traditional/startup_stm32f4xx.o
                0x08011884                _init
 *fill*         0x08011886        0x2 00
 .text.MIOS32_SRIO_DMA_Callback
                0x08011888       0xac project_build//data/Hardware/MIDIbox/mios32/trunk/mios32/common/mios32_srio.o
 .text.MIOS32_SRIO_Init
                0x08011934       0x90 project_build//data/Hardware/MIDIbox/mios32/trunk/mios32/common/mios32_srio.o
                0x08011934                MIOS32_SRIO_Init
 .text.MIOS32_SRIO_ScanNumGet
                0x080119c4        0xc project_build//data/Hardware/MIDIbox/mios32/trunk/mios32/common/mios32_srio.o
                0x080119c4                MIOS32_SRIO_ScanNumGet
 .text.MIOS32_SRIO_DebounceStart
                0x080119d0       0x14 project_build//data/Hardware/MIDIbox/mios32/trunk/mios32/common/mios32_srio.o
                0x080119d0                MIOS32_SRIO_DebounceStart
 .text.MIOS32_SRIO_ScanStart
                0x080119e4       0x78 project_build//data/Hardware/MIDIbox/mios32/trunk/mios32/common/mios32_srio.o
                0x080119e4                MIOS32_SRIO_ScanStart
 .text.MIOS32_DIN_Init
                0x08011a5c       0x28 project_build//data/Hardware/MIDIbox/mios32/trunk/mios32/common/mios32_din.o
                0x08011a5c                MIOS32_DIN_Init
 .text.MIOS32_DIN_SRGet
                0x08011a84       0x1c project_build//data/Hardware/MIDIbox/mios32/trunk/mios32/common/mios32_din.o
                0x08011a84                MIOS32_DIN_SRGet
 .text.MIOS32_DIN_SRChangedGetAndClear
                0x08011aa0       0x30 project_build//data/Hardware/MIDIbox/mios32/trunk/mios32/common/mios32_din.o
                0x08011aa0                MIOS32_DIN_SRChangedGetAndClear
 .text.MIOS32_DIN_Handler
                0x08011ad0       0x64 project_build//data/Hardware/MIDIbox/mios32/trunk/mios32/common/mios32_din.o
                0x08011ad0                MIOS32_DIN_Handler
 .text.MIOS32_DOUT_Init
                0x08011b34       0x1c project_build//data/Hardware/MIDIbox/mios32/trunk/mios32/common/mios32_dout.o
                0x08011b34                MIOS32_DOUT_Init
 .text.MIOS32_DOUT_SRSet
                0x08011b50       0x2c project_build//data/Hardware/MIDIbox/mios32/trunk/mios32/common/mios32_dout.o
                0x08011b50                MIOS32_DOUT_SRSet
 .text.MIOS32_ENC_Init
                0x08011b7c       0x6c project_build//data/Hardware/MIDIbox/mios32/trunk/mios32/common/mios32_enc.o
                0x08011b7c                MIOS32_ENC_Init
 .text.MIOS32_ENC_ConfigSet
                0x08011be8       0x1c project_build//data/Hardware/MIDIbox/mios32/trunk/mios32/common/mios32_enc.o
                0x08011be8                MIOS32_ENC_ConfigSet
 .text.MIOS32_ENC_ConfigGet
                0x08011c04       0x28 project_build//data/Hardware/MIDIbox/mios32/trunk/mios32/common/mios32_enc.o
                0x08011c04                MIOS32_ENC_ConfigGet
 .text.MIOS32_ENC_UpdateStates
                0x08011c2c      0x26c project_build//data/Hardware/MIDIbox/mios32/trunk/mios32/common/mios32_enc.o
                0x08011c2c                MIOS32_ENC_UpdateStates
 .text.MIOS32_ENC_Handler
                0x08011e98       0x44 project_build//data/Hardware/MIDIbox/mios32/trunk/mios32/common/mios32_enc.o
                0x08011e98                MIOS32_ENC_Handler
 .text.MIOS32_LCD_ParametersFetchFromBslInfoRange
                0x08011edc       0x64 project_build//data/Hardware/MIDIbox/mios32/trunk/mios32/common/mios32_lcd.o
                0x08011edc                MIOS32_LCD_ParametersFetchFromBslInfoRange
 .text.MIOS32_LCD_TypeIsGLCD
                0x08011f40       0x10 project_build//data/Hardware/MIDIbox/mios32/trunk/mios32/common/mios32_lcd.o
                0x08011f40                MIOS32_LCD_TypeIsGLCD
 .text.MIOS32_LCD_DeviceSet
                0x08011f50        0xc project_build//data/Hardware/MIDIbox/mios32/trunk/mios32/common/mios32_lcd.o
                0x08011f50                MIOS32_LCD_DeviceSet
 .text.MIOS32_LCD_CursorSet
                0x08011f5c       0x44 project_build//data/Hardware/MIDIbox/mios32/trunk/mios32/common/mios32_lcd.o
                0x08011f5c                MIOS32_LCD_CursorSet
 .text.MIOS32_LCD_GCursorSet
                0x08011fa0       0x14 project_build//data/Hardware/MIDIbox/mios32/trunk/mios32/common/mios32_lcd.o
                0x08011fa0                MIOS32_LCD_GCursorSet
 .text.MIOS32_LCD_CursorMapSet
                0x08011fb4       0x18 project_build//data/Hardware/MIDIbox/mios32/trunk/mios32/common/mios32_lcd.o
                0x08011fb4                MIOS32_LCD_CursorMapSet
 .text.MIOS32_LCD_FontInit
                0x08011fcc       0x24 project_build//data/Hardware/MIDIbox/mios32/trunk/mios32/common/mios32_lcd.o
                0x08011fcc                MIOS32_LCD_FontInit
 .text.MIOS32_LCD_Clear
                0x08011ff0        0x4 project_build//data/Hardware/MIDIbox/mios32/trunk/mios32/common/mios32_lcd.o
                0x08011ff0                MIOS32_LCD_Clear
 .text.MIOS32_LCD_Init
                0x08011ff4       0x54 project_build//data/Hardware/MIDIbox/mios32/trunk/mios32/common/mios32_lcd.o
                0x08011ff4                MIOS32_LCD_Init
 .text.MIOS32_LCD_PrintChar
                0x08012048       0x64 project_build//data/Hardware/MIDIbox/mios32/trunk/mios32/common/mios32_lcd.o
                0x08012048                MIOS32_LCD_PrintChar
 .text.MIOS32_LCD_PrintString
                0x080120ac       0x18 project_build//data/Hardware/MIDIbox/mios32/trunk/mios32/common/mios32_lcd.o
                0x080120ac                MIOS32_LCD_PrintString
 .text.MIOS32_LCD_PrintBootMessage
                0x080120c4       0x3c project_build//data/Hardware/MIDIbox/mios32/trunk/mios32/common/mios32_lcd.o
                0x080120c4                MIOS32_LCD_PrintBootMessage
 .text.MIOS32_LCD_PrintFormattedString
                0x08012100       0x24 project_build//data/Hardware/MIDIbox/mios32/trunk/mios32/common/mios32_lcd.o
                0x08012100                MIOS32_LCD_PrintFormattedString
 .text.MIOS32_LCD_BColourSet
                0x08012124        0x4 project_build//data/Hardware/MIDIbox/mios32/trunk/mios32/common/mios32_lcd.o
                0x08012124                MIOS32_LCD_BColourSet
 .text.MIOS32_LCD_FColourSet
                0x08012128        0x4 project_build//data/Hardware/MIDIbox/mios32/trunk/mios32/common/mios32_lcd.o
                0x08012128                MIOS32_LCD_FColourSet
 .text.MIOS32_MIDI_Init
                0x0801212c       0xd8 project_build//data/Hardware/MIDIbox/mios32/trunk/mios32/common/mios32_midi.o
                0x0801212c                MIOS32_MIDI_Init
 .text.MIOS32_MIDI_SendPackage
                0x08012204       0x9c project_build//data/Hardware/MIDIbox/mios32/trunk/mios32/common/mios32_midi.o
                0x08012204                MIOS32_MIDI_SendPackage
 .text.MIOS32_MIDI_SendSysEx
                0x080122a0       0x82 project_build//data/Hardware/MIDIbox/mios32/trunk/mios32/common/mios32_midi.o
                0x080122a0                MIOS32_MIDI_SendSysEx
 *fill*         0x08012322        0x2 00
 .text.MIOS32_MIDI_SYSEX_SendAckStr
                0x08012324       0x5c project_build//data/Hardware/MIDIbox/mios32/trunk/mios32/common/mios32_midi.o
 .text.MIOS32_MIDI_SYSEX_SendAck
                0x08012380       0x48 project_build//data/Hardware/MIDIbox/mios32/trunk/mios32/common/mios32_midi.o
 .text.MIOS32_MIDI_SendDebugStringHeader
                0x080123c8       0x68 project_build//data/Hardware/MIDIbox/mios32/trunk/mios32/common/mios32_midi.o
                0x080123c8                MIOS32_MIDI_SendDebugStringHeader
 .text.MIOS32_MIDI_SendDebugStringBody
                0x08012430       0x6a project_build//data/Hardware/MIDIbox/mios32/trunk/mios32/common/mios32_midi.o
                0x08012430                MIOS32_MIDI_SendDebugStringBody
 .text.MIOS32_MIDI_SendDebugStringFooter
                0x0801249a       0x1a project_build//data/Hardware/MIDIbox/mios32/trunk/mios32/common/mios32_midi.o
                0x0801249a                MIOS32_MIDI_SendDebugStringFooter
 .text.MIOS32_MIDI_SendDebugString
                0x080124b4       0x38 project_build//data/Hardware/MIDIbox/mios32/trunk/mios32/common/mios32_midi.o
                0x080124b4                MIOS32_MIDI_SendDebugString
 .text.MIOS32_MIDI_SendDebugMessage
                0x080124ec       0x50 project_build//data/Hardware/MIDIbox/mios32/trunk/mios32/common/mios32_midi.o
                0x080124ec                MIOS32_MIDI_SendDebugMessage
 .text.MIOS32_MIDI_TimeOut
                0x0801253c       0x50 project_build//data/Hardware/MIDIbox/mios32/trunk/mios32/common/mios32_midi.o
 .text.MIOS32_MIDI_Periodic_mS
                0x0801258c       0x34 project_build//data/Hardware/MIDIbox/mios32/trunk/mios32/common/mios32_midi.o
                0x0801258c                MIOS32_MIDI_Periodic_mS
 .text.MIOS32_MIDI_SendByteToRxCallback
                0x080125c0       0x14 project_build//data/Hardware/MIDIbox/mios32/trunk/mios32/common/mios32_midi.o
                0x080125c0                MIOS32_MIDI_SendByteToRxCallback
 .text.MIOS32_MIDI_SendPackageToRxCallback
                0x080125d4       0x50 project_build//data/Hardware/MIDIbox/mios32/trunk/mios32/common/mios32_midi.o
                0x080125d4                MIOS32_MIDI_SendPackageToRxCallback
 .text.MIOS32_MIDI_DebugPortSet
                0x08012624       0x18 project_build//data/Hardware/MIDIbox/mios32/trunk/mios32/common/mios32_midi.o
                0x08012624                MIOS32_MIDI_DebugPortSet
 .text.MIOS32_MIDI_SYSEX_Cmd
                0x0801263c      0x1b4 project_build//data/Hardware/MIDIbox/mios32/trunk/mios32/common/mios32_midi.o
 .text.MIOS32_MIDI_SYSEX_Parser
                0x080127f0       0xd8 project_build//data/Hardware/MIDIbox/mios32/trunk/mios32/common/mios32_midi.o
 .text.MIOS32_MIDI_ReceivePackage
                0x080128c8      0x22c project_build//data/Hardware/MIDIbox/mios32/trunk/mios32/common/mios32_midi.o
                0x080128c8                MIOS32_MIDI_ReceivePackage
 .text.MIOS32_MIDI_Receive_Handler
                0x08012af4      0x138 project_build//data/Hardware/MIDIbox/mios32/trunk/mios32/common/mios32_midi.o
                0x08012af4                MIOS32_MIDI_Receive_Handler
 .text.MIOS32_OSC_Init
                0x08012c2c        0xc project_build//data/Hardware/MIDIbox/mios32/trunk/mios32/common/mios32_osc.o
                0x08012c2c                MIOS32_OSC_Init
 .text.MIOS32_COM_Init
                0x08012c38       0x24 project_build//data/Hardware/MIDIbox/mios32/trunk/mios32/common/mios32_com.o
                0x08012c38                MIOS32_COM_Init
 .text.MIOS32_COM_SendBuffer
                0x08012c5c       0x2c project_build//data/Hardware/MIDIbox/mios32/trunk/mios32/common/mios32_com.o
                0x08012c5c                MIOS32_COM_SendBuffer
 .text.MIOS32_COM_SendChar
                0x08012c88       0x12 project_build//data/Hardware/MIDIbox/mios32/trunk/mios32/common/mios32_com.o
                0x08012c88                MIOS32_COM_SendChar
 .text.MIOS32_COM_Receive_Handler
                0x08012c9a       0x12 project_build//data/Hardware/MIDIbox/mios32/trunk/mios32/common/mios32_com.o
                0x08012c9a                MIOS32_COM_Receive_Handler
 .text.MIOS32_UART_MIDI_RS_Reset
                0x08012cac       0x30 project_build//data/Hardware/MIDIbox/mios32/trunk/mios32/common/mios32_uart_midi.o
                0x08012cac                MIOS32_UART_MIDI_RS_Reset
 .text.MIOS32_UART_MIDI_Init
                0x08012cdc       0x4c project_build//data/Hardware/MIDIbox/mios32/trunk/mios32/common/mios32_uart_midi.o
                0x08012cdc                MIOS32_UART_MIDI_Init
 .text.MIOS32_UART_MIDI_Periodic_mS
                0x08012d28       0x50 project_build//data/Hardware/MIDIbox/mios32/trunk/mios32/common/mios32_uart_midi.o
                0x08012d28                MIOS32_UART_MIDI_Periodic_mS
 .text.MIOS32_UART_MIDI_PackageSend_NonBlocking
                0x08012d78       0xb8 project_build//data/Hardware/MIDIbox/mios32/trunk/mios32/common/mios32_uart_midi.o
                0x08012d78                MIOS32_UART_MIDI_PackageSend_NonBlocking
 .text.MIOS32_UART_MIDI_PackageSend
                0x08012e30       0x14 project_build//data/Hardware/MIDIbox/mios32/trunk/mios32/common/mios32_uart_midi.o
                0x08012e30                MIOS32_UART_MIDI_PackageSend
 .text.MIOS32_UART_MIDI_PackageReceive
                0x08012e44      0x1b0 project_build//data/Hardware/MIDIbox/mios32/trunk/mios32/common/mios32_uart_midi.o
                0x08012e44                MIOS32_UART_MIDI_PackageReceive
 .text.MIOS32_SPI_MIDI_Init
                0x08012ff4        0x6 project_build//data/Hardware/MIDIbox/mios32/trunk/mios32/common/mios32_spi_midi.o
                0x08012ff4                MIOS32_SPI_MIDI_Init
 .text.MIOS32_SPI_MIDI_Periodic_mS
                0x08012ffa        0x4 project_build//data/Hardware/MIDIbox/mios32/trunk/mios32/common/mios32_spi_midi.o
                0x08012ffa                MIOS32_SPI_MIDI_Periodic_mS
 .text.MIOS32_SPI_MIDI_PackageSend
                0x08012ffe        0x6 project_build//data/Hardware/MIDIbox/mios32/trunk/mios32/common/mios32_spi_midi.o
                0x08012ffe                MIOS32_SPI_MIDI_PackageSend
 .text.MIOS32_SPI_MIDI_PackageReceive
                0x08013004        0x6 project_build//data/Hardware/MIDIbox/mios32/trunk/mios32/common/mios32_spi_midi.o
                0x08013004                MIOS32_SPI_MIDI_PackageReceive
 .text.MIOS32_IIC_MIDI_Init
                0x0801300a        0x6 project_build//data/Hardware/MIDIbox/mios32/trunk/mios32/common/mios32_iic_midi.o
                0x0801300a                MIOS32_IIC_MIDI_Init
 .text.MIOS32_IIC_MIDI_Periodic_mS
                0x08013010        0x4 project_build//data/Hardware/MIDIbox/mios32/trunk/mios32/common/mios32_iic_midi.o
                0x08013010                MIOS32_IIC_MIDI_Periodic_mS
 .text.MIOS32_IIC_MIDI_PackageSend
                0x08013014        0x6 project_build//data/Hardware/MIDIbox/mios32/trunk/mios32/common/mios32_iic_midi.o
                0x08013014                MIOS32_IIC_MIDI_PackageSend
 .text.MIOS32_IIC_BS_Init
                0x0801301a        0x6 project_build//data/Hardware/MIDIbox/mios32/trunk/mios32/common/mios32_iic_bs.o
                0x0801301a                MIOS32_IIC_BS_Init
 .text.MIOS32_MF_Init
                0x08013020        0x6 project_build//data/Hardware/MIDIbox/mios32/trunk/mios32/common/mios32_mf.o
                0x08013020                MIOS32_MF_Init
 .text.MIOS32_SDCARD_Init
                0x08013026       0x20 project_build//data/Hardware/MIDIbox/mios32/trunk/mios32/common/mios32_sdcard.o
                0x08013026                MIOS32_SDCARD_Init
 .text.MIOS32_SDCARD_SendSDCCmd
                0x08013046      0x102 project_build//data/Hardware/MIDIbox/mios32/trunk/mios32/common/mios32_sdcard.o
                0x08013046                MIOS32_SDCARD_SendSDCCmd
 .text.MIOS32_SDCARD_PowerOn
                0x08013148      0x108 project_build//data/Hardware/MIDIbox/mios32/trunk/mios32/common/mios32_sdcard.o
                0x08013148                MIOS32_SDCARD_PowerOn
 .text.MIOS32_SDCARD_CheckAvailable
                0x08013250       0x8e project_build//data/Hardware/MIDIbox/mios32/trunk/mios32/common/mios32_sdcard.o
                0x08013250                MIOS32_SDCARD_CheckAvailable
 *fill*         0x080132de        0x2 00
 .text.MIOS32_SDCARD_SectorRead
                0x080132e0       0x94 project_build//data/Hardware/MIDIbox/mios32/trunk/mios32/common/mios32_sdcard.o
                0x080132e0                MIOS32_SDCARD_SectorRead
 .text.MIOS32_SDCARD_SectorWrite
                0x08013374       0xb0 project_build//data/Hardware/MIDIbox/mios32/trunk/mios32/common/mios32_sdcard.o
                0x08013374                MIOS32_SDCARD_SectorWrite
 .text.MIOS32_TIMESTAMP_Init
                0x08013424       0x14 project_build//data/Hardware/MIDIbox/mios32/trunk/mios32/common/mios32_timestamp.o
                0x08013424                MIOS32_TIMESTAMP_Init
 .text.MIOS32_TIMESTAMP_Inc
                0x08013438       0x10 project_build//data/Hardware/MIDIbox/mios32/trunk/mios32/common/mios32_timestamp.o
                0x08013438                MIOS32_TIMESTAMP_Inc
 .text.MIOS32_SYS_Reset
                0x08013448       0xac project_build//data/Hardware/MIDIbox/mios32/trunk/mios32/STM32F4xx/mios32_sys.o
                0x08013448                MIOS32_SYS_Reset
 .text.MIOS32_SYS_ChipIDGet
                0x080134f4        0xc project_build//data/Hardware/MIDIbox/mios32/trunk/mios32/STM32F4xx/mios32_sys.o
                0x080134f4                MIOS32_SYS_ChipIDGet
 .text.MIOS32_SYS_FlashSizeGet
                0x08013500       0x10 project_build//data/Hardware/MIDIbox/mios32/trunk/mios32/STM32F4xx/mios32_sys.o
                0x08013500                MIOS32_SYS_FlashSizeGet
 .text.MIOS32_SYS_RAMSizeGet
                0x08013510        0x6 project_build//data/Hardware/MIDIbox/mios32/trunk/mios32/STM32F4xx/mios32_sys.o
                0x08013510                MIOS32_SYS_RAMSizeGet
 *fill*         0x08013516        0x2 00
 .text.MIOS32_SYS_SerialNumberGet
                0x08013518       0x34 project_build//data/Hardware/MIDIbox/mios32/trunk/mios32/STM32F4xx/mios32_sys.o
                0x08013518                MIOS32_SYS_SerialNumberGet
 .text.MIOS32_SYS_TimeSet
                0x0801354c       0x7c project_build//data/Hardware/MIDIbox/mios32/trunk/mios32/STM32F4xx/mios32_sys.o
                0x0801354c                MIOS32_SYS_TimeSet
 .text.MIOS32_SYS_Init
                0x080135c8      0x130 project_build//data/Hardware/MIDIbox/mios32/trunk/mios32/STM32F4xx/mios32_sys.o
                0x080135c8                MIOS32_SYS_Init
 .text.MIOS32_IRQ_Disable
                0x080136f8       0x28 project_build//data/Hardware/MIDIbox/mios32/trunk/mios32/STM32F4xx/mios32_irq.o
                0x080136f8                MIOS32_IRQ_Disable
 .text.MIOS32_IRQ_Enable
                0x08013720       0x28 project_build//data/Hardware/MIDIbox/mios32/trunk/mios32/STM32F4xx/mios32_irq.o
                0x08013720                MIOS32_IRQ_Enable
 .text.MIOS32_IRQ_Install
                0x08013748       0x4c project_build//data/Hardware/MIDIbox/mios32/trunk/mios32/STM32F4xx/mios32_irq.o
                0x08013748                MIOS32_IRQ_Install
 .text.MIOS32_SPI_IO_Init
                0x08013794      0x27c project_build//data/Hardware/MIDIbox/mios32/trunk/mios32/STM32F4xx/mios32_spi.o
                0x08013794                MIOS32_SPI_IO_Init
 .text.MIOS32_SPI_RC_PinSet
                0x08013a10       0x78 project_build//data/Hardware/MIDIbox/mios32/trunk/mios32/STM32F4xx/mios32_spi.o
                0x08013a10                MIOS32_SPI_RC_PinSet
 .text.MIOS32_SPI_TransferByte
                0x08013a88       0x4c project_build//data/Hardware/MIDIbox/mios32/trunk/mios32/STM32F4xx/mios32_spi.o
                0x08013a88                MIOS32_SPI_TransferByte
 .text.MIOS32_SPI_TransferModeInit
                0x08013ad4      0x110 project_build//data/Hardware/MIDIbox/mios32/trunk/mios32/STM32F4xx/mios32_spi.o
                0x08013ad4                MIOS32_SPI_TransferModeInit
 .text.MIOS32_SPI_Init
                0x08013be4      0x258 project_build//data/Hardware/MIDIbox/mios32/trunk/mios32/STM32F4xx/mios32_spi.o
                0x08013be4                MIOS32_SPI_Init
 .text.MIOS32_SPI_TransferBlock
                0x08013e3c      0x128 project_build//data/Hardware/MIDIbox/mios32/trunk/mios32/STM32F4xx/mios32_spi.o
                0x08013e3c                MIOS32_SPI_TransferBlock
 .text.DMA2_Stream2_IRQHandler
                0x08013f64       0x20 project_build//data/Hardware/MIDIbox/mios32/trunk/mios32/STM32F4xx/mios32_spi.o
                0x08013f64                DMA2_Stream2_IRQHandler
 .text.DMA1_Stream3_IRQHandler
                0x08013f84       0x20 project_build//data/Hardware/MIDIbox/mios32/trunk/mios32/STM32F4xx/mios32_spi.o
                0x08013f84                DMA1_Stream3_IRQHandler
 .text.DMA1_Stream2_IRQHandler
                0x08013fa4       0x20 project_build//data/Hardware/MIDIbox/mios32/trunk/mios32/STM32F4xx/mios32_spi.o
                0x08013fa4                DMA1_Stream2_IRQHandler
 .text.MIOS32_BOARD_PinInitHlp
                0x08013fc4       0x74 project_build//data/Hardware/MIDIbox/mios32/trunk/mios32/STM32F4xx/mios32_board.o
 .text.MIOS32_BOARD_Init
                0x08014038       0x1c project_build//data/Hardware/MIDIbox/mios32/trunk/mios32/STM32F4xx/mios32_board.o
                0x08014038                MIOS32_BOARD_Init
 .text.MIOS32_BOARD_LED_Init
                0x08014054       0x58 project_build//data/Hardware/MIDIbox/mios32/trunk/mios32/STM32F4xx/mios32_board.o
                0x08014054                MIOS32_BOARD_LED_Init
 .text.MIOS32_BOARD_LED_Set
                0x080140ac       0x64 project_build//data/Hardware/MIDIbox/mios32/trunk/mios32/STM32F4xx/mios32_board.o
                0x080140ac                MIOS32_BOARD_LED_Set
 .text.MIOS32_BOARD_LED_Get
                0x08014110       0x2c project_build//data/Hardware/MIDIbox/mios32/trunk/mios32/STM32F4xx/mios32_board.o
                0x08014110                MIOS32_BOARD_LED_Get
 .text.MIOS32_BOARD_J10_PinInit
                0x0801413c       0x48 project_build//data/Hardware/MIDIbox/mios32/trunk/mios32/STM32F4xx/mios32_board.o
                0x0801413c                MIOS32_BOARD_J10_PinInit
 .text.MIOS32_BOARD_J10_PinSet
                0x08014184       0x44 project_build//data/Hardware/MIDIbox/mios32/trunk/mios32/STM32F4xx/mios32_board.o
                0x08014184                MIOS32_BOARD_J10_PinSet
 .text.MIOS32_BOARD_J15_PortInit
                0x080141c8       0xc0 project_build//data/Hardware/MIDIbox/mios32/trunk/mios32/STM32F4xx/mios32_board.o
                0x080141c8                MIOS32_BOARD_J15_PortInit
 .text.MIOS32_BOARD_J15_DataSet
                0x08014288       0x44 project_build//data/Hardware/MIDIbox/mios32/trunk/mios32/STM32F4xx/mios32_board.o
                0x08014288                MIOS32_BOARD_J15_DataSet
 .text.MIOS32_BOARD_J15_SerDataShift
                0x080142cc       0x68 project_build//data/Hardware/MIDIbox/mios32/trunk/mios32/STM32F4xx/mios32_board.o
                0x080142cc                MIOS32_BOARD_J15_SerDataShift
 .text.MIOS32_BOARD_J15_RS_Set
                0x08014334       0x18 project_build//data/Hardware/MIDIbox/mios32/trunk/mios32/STM32F4xx/mios32_board.o
                0x08014334                MIOS32_BOARD_J15_RS_Set
 .text.MIOS32_BOARD_J15_RW_Set
                0x0801434c       0x18 project_build//data/Hardware/MIDIbox/mios32/trunk/mios32/STM32F4xx/mios32_board.o
                0x0801434c                MIOS32_BOARD_J15_RW_Set
 .text.MIOS32_BOARD_J15_E_Set
                0x08014364       0x30 project_build//data/Hardware/MIDIbox/mios32/trunk/mios32/STM32F4xx/mios32_board.o
                0x08014364                MIOS32_BOARD_J15_E_Set
 .text.MIOS32_BOARD_J15_GetD7In
                0x08014394       0x10 project_build//data/Hardware/MIDIbox/mios32/trunk/mios32/STM32F4xx/mios32_board.o
                0x08014394                MIOS32_BOARD_J15_GetD7In
 .text.MIOS32_BOARD_J15_D7InPullUpEnable
                0x080143a4        0x4 project_build//data/Hardware/MIDIbox/mios32/trunk/mios32/STM32F4xx/mios32_board.o
                0x080143a4                MIOS32_BOARD_J15_D7InPullUpEnable
 .text.MIOS32_BOARD_J15_PollUnbusy
                0x080143a8       0x80 project_build//data/Hardware/MIDIbox/mios32/trunk/mios32/STM32F4xx/mios32_board.o
                0x080143a8                MIOS32_BOARD_J15_PollUnbusy
 .text.MIOS32_DELAY_Init
                0x08014428       0x44 project_build//data/Hardware/MIDIbox/mios32/trunk/mios32/STM32F4xx/mios32_delay.o
                0x08014428                MIOS32_DELAY_Init
 .text.MIOS32_DELAY_Wait_uS
                0x0801446c       0x18 project_build//data/Hardware/MIDIbox/mios32/trunk/mios32/STM32F4xx/mios32_delay.o
                0x0801446c                MIOS32_DELAY_Wait_uS
 .text.MIOS32_AIN_Init
                0x08014484        0x6 project_build//data/Hardware/MIDIbox/mios32/trunk/mios32/STM32F4xx/mios32_ain.o
                0x08014484                MIOS32_AIN_Init
 .text.MIOS32_AIN_Handler
                0x0801448a        0x6 project_build//data/Hardware/MIDIbox/mios32/trunk/mios32/STM32F4xx/mios32_ain.o
                0x0801448a                MIOS32_AIN_Handler
 .text.USBD_USR_DeviceDescriptor
                0x08014490        0xc project_build//data/Hardware/MIDIbox/mios32/trunk/mios32/STM32F4xx/mios32_usb.o
 .text.USBD_USR_LangIDStrDescriptor
                0x0801449c        0xc project_build//data/Hardware/MIDIbox/mios32/trunk/mios32/STM32F4xx/mios32_usb.o
 .text.USBD_USR_Init
                0x080144a8        0x2 project_build//data/Hardware/MIDIbox/mios32/trunk/mios32/STM32F4xx/mios32_usb.o
 .text.USBD_USR_DeviceReset
                0x080144aa        0x2 project_build//data/Hardware/MIDIbox/mios32/trunk/mios32/STM32F4xx/mios32_usb.o
 .text.USBD_USR_DeviceConnected
                0x080144ac        0x2 project_build//data/Hardware/MIDIbox/mios32/trunk/mios32/STM32F4xx/mios32_usb.o
 .text.USBD_USR_DeviceSuspended
                0x080144ae        0x2 project_build//data/Hardware/MIDIbox/mios32/trunk/mios32/STM32F4xx/mios32_usb.o
 .text.USBD_USR_DeviceResumed
                0x080144b0        0x2 project_build//data/Hardware/MIDIbox/mios32/trunk/mios32/STM32F4xx/mios32_usb.o
 .text.USBH_USR_Init
                0x080144b2        0x2 project_build//data/Hardware/MIDIbox/mios32/trunk/mios32/STM32F4xx/mios32_usb.o
 .text.USBH_USR_DeviceAttached
                0x080144b4        0x2 project_build//data/Hardware/MIDIbox/mios32/trunk/mios32/STM32F4xx/mios32_usb.o
 .text.USBH_USR_UnrecoveredError
                0x080144b6        0x2 project_build//data/Hardware/MIDIbox/mios32/trunk/mios32/STM32F4xx/mios32_usb.o
 .text.USBH_USR_ResetDevice
                0x080144b8        0x2 project_build//data/Hardware/MIDIbox/mios32/trunk/mios32/STM32F4xx/mios32_usb.o
 .text.USBH_USR_DeviceSpeedDetected
                0x080144ba        0x2 project_build//data/Hardware/MIDIbox/mios32/trunk/mios32/STM32F4xx/mios32_usb.o
 .text.USBH_USR_Device_DescAvailable
                0x080144bc        0x2 project_build//data/Hardware/MIDIbox/mios32/trunk/mios32/STM32F4xx/mios32_usb.o
 .text.USBH_USR_DeviceAddressAssigned
                0x080144be        0x2 project_build//data/Hardware/MIDIbox/mios32/trunk/mios32/STM32F4xx/mios32_usb.o
 .text.USBH_USR_Configuration_DescAvailable
                0x080144c0        0x2 project_build//data/Hardware/MIDIbox/mios32/trunk/mios32/STM32F4xx/mios32_usb.o
 .text.USBH_USR_Manufacturer_String
                0x080144c2        0x2 project_build//data/Hardware/MIDIbox/mios32/trunk/mios32/STM32F4xx/mios32_usb.o
 .text.USBH_USR_Product_String
                0x080144c4        0x2 project_build//data/Hardware/MIDIbox/mios32/trunk/mios32/STM32F4xx/mios32_usb.o
 .text.USBH_USR_SerialNum_String
                0x080144c6        0x2 project_build//data/Hardware/MIDIbox/mios32/trunk/mios32/STM32F4xx/mios32_usb.o
 .text.USBH_USR_EnumerationDone
                0x080144c8        0x2 project_build//data/Hardware/MIDIbox/mios32/trunk/mios32/STM32F4xx/mios32_usb.o
 .text.USBH_USR_DeviceNotSupported
                0x080144ca        0x2 project_build//data/Hardware/MIDIbox/mios32/trunk/mios32/STM32F4xx/mios32_usb.o
 .text.USBH_USR_UserInput
                0x080144cc        0x4 project_build//data/Hardware/MIDIbox/mios32/trunk/mios32/STM32F4xx/mios32_usb.o
 .text.USBH_USR_OverCurrentDetected
                0x080144d0        0x2 project_build//data/Hardware/MIDIbox/mios32/trunk/mios32/STM32F4xx/mios32_usb.o
 .text.USBH_USR_Application
                0x080144d2        0x4 project_build//data/Hardware/MIDIbox/mios32/trunk/mios32/STM32F4xx/mios32_usb.o
 .text.USBH_USR_DeInit
                0x080144d6        0x2 project_build//data/Hardware/MIDIbox/mios32/trunk/mios32/STM32F4xx/mios32_usb.o
 .text.MIOS32_USB_CLASS_Setup
                0x080144d8        0x4 project_build//data/Hardware/MIDIbox/mios32/trunk/mios32/STM32F4xx/mios32_usb.o
 .text.MIOS32_USB_CLASS_EP0_RxReady
                0x080144dc        0x4 project_build//data/Hardware/MIDIbox/mios32/trunk/mios32/STM32F4xx/mios32_usb.o
 .text.MIOS32_USB_CLASS_GetCfgDesc
                0x080144e0        0xc project_build//data/Hardware/MIDIbox/mios32/trunk/mios32/STM32F4xx/mios32_usb.o
 .text.USBD_USR_SerialStrDescriptor
                0x080144ec       0x38 project_build//data/Hardware/MIDIbox/mios32/trunk/mios32/STM32F4xx/mios32_usb.o
 .text.USBD_USR_ProductStrDescriptor
                0x08014524       0x64 project_build//data/Hardware/MIDIbox/mios32/trunk/mios32/STM32F4xx/mios32_usb.o
 .text.USBD_USR_InterfaceStrDescriptor
                0x08014588        0x4 project_build//data/Hardware/MIDIbox/mios32/trunk/mios32/STM32F4xx/mios32_usb.o
 .text.USBD_USR_ConfigStrDescriptor
                0x0801458c        0x4 project_build//data/Hardware/MIDIbox/mios32/trunk/mios32/STM32F4xx/mios32_usb.o
 .text.MIOS32_USB_CLASS_GetUsrStrDesc
                0x08014590        0x6 project_build//data/Hardware/MIDIbox/mios32/trunk/mios32/STM32F4xx/mios32_usb.o
 *fill*         0x08014596        0x2 00
 .text.USBD_USR_ManufacturerStrDescriptor
                0x08014598       0x2c project_build//data/Hardware/MIDIbox/mios32/trunk/mios32/STM32F4xx/mios32_usb.o
 .text.MIOS32_USB_CLASS_DataOut
                0x080145c4       0x12 project_build//data/Hardware/MIDIbox/mios32/trunk/mios32/STM32F4xx/mios32_usb.o
 .text.MIOS32_USB_CLASS_DataIn
                0x080145d6       0x12 project_build//data/Hardware/MIDIbox/mios32/trunk/mios32/STM32F4xx/mios32_usb.o
 .text.MIOS32_USB_CLASS_DeInit
                0x080145e8       0x16 project_build//data/Hardware/MIDIbox/mios32/trunk/mios32/STM32F4xx/mios32_usb.o
 .text.USBH_USR_DeviceDisconnected
                0x080145fe        0x6 project_build//data/Hardware/MIDIbox/mios32/trunk/mios32/STM32F4xx/mios32_usb.o
 .text.USBD_USR_DeviceDisconnected
                0x08014604        0x6 project_build//data/Hardware/MIDIbox/mios32/trunk/mios32/STM32F4xx/mios32_usb.o
 .text.USBD_USR_DeviceConfigured
                0x0801460a        0x6 project_build//data/Hardware/MIDIbox/mios32/trunk/mios32/STM32F4xx/mios32_usb.o
 .text.MIOS32_USB_CLASS_Init
                0x08014610       0x34 project_build//data/Hardware/MIDIbox/mios32/trunk/mios32/STM32F4xx/mios32_usb.o
 .text.USB_OTG_BSP_Init
                0x08014644       0x9c project_build//data/Hardware/MIDIbox/mios32/trunk/mios32/STM32F4xx/mios32_usb.o
                0x08014644                USB_OTG_BSP_Init
 .text.USB_OTG_BSP_EnableInterrupt
                0x080146e0        0x8 project_build//data/Hardware/MIDIbox/mios32/trunk/mios32/STM32F4xx/mios32_usb.o
                0x080146e0                USB_OTG_BSP_EnableInterrupt
 .text.OTG_FS_IRQHandler
                0x080146e8       0x28 project_build//data/Hardware/MIDIbox/mios32/trunk/mios32/STM32F4xx/mios32_usb.o
                0x080146e8                OTG_FS_IRQHandler
 .text.USB_OTG_BSP_uDelay
                0x08014710        0x6 project_build//data/Hardware/MIDIbox/mios32/trunk/mios32/STM32F4xx/mios32_usb.o
                0x08014710                USB_OTG_BSP_uDelay
 .text.USB_OTG_BSP_mDelay
                0x08014716        0xc project_build//data/Hardware/MIDIbox/mios32/trunk/mios32/STM32F4xx/mios32_usb.o
                0x08014716                USB_OTG_BSP_mDelay
 *fill*         0x08014722        0x2 00
 .text.USB_OTG_BSP_ConfigVBUS
                0x08014724       0x44 project_build//data/Hardware/MIDIbox/mios32/trunk/mios32/STM32F4xx/mios32_usb.o
                0x08014724                USB_OTG_BSP_ConfigVBUS
 .text.USB_OTG_BSP_DriveVBUS
                0x08014768       0x14 project_build//data/Hardware/MIDIbox/mios32/trunk/mios32/STM32F4xx/mios32_usb.o
                0x08014768                USB_OTG_BSP_DriveVBUS
 .text.MIOS32_USB_IsInitialized
                0x0801477c        0xc project_build//data/Hardware/MIDIbox/mios32/trunk/mios32/STM32F4xx/mios32_usb.o
                0x0801477c                MIOS32_USB_IsInitialized
 .text.MIOS32_USB_ForceSingleUSB
                0x08014788       0x24 project_build//data/Hardware/MIDIbox/mios32/trunk/mios32/STM32F4xx/mios32_usb.o
                0x08014788                MIOS32_USB_ForceSingleUSB
 .text.MIOS32_USB_ForceDeviceMode
                0x080147ac       0x24 project_build//data/Hardware/MIDIbox/mios32/trunk/mios32/STM32F4xx/mios32_usb.o
                0x080147ac                MIOS32_USB_ForceDeviceMode
 .text.MIOS32_USB_Init
                0x080147d0       0xec project_build//data/Hardware/MIDIbox/mios32/trunk/mios32/STM32F4xx/mios32_usb.o
                0x080147d0                MIOS32_USB_Init
 .text.USBH_ClassRequest
                0x080148bc        0x4 project_build//data/Hardware/MIDIbox/mios32/trunk/mios32/STM32F4xx/mios32_usb_midi.o
 .text.USBH_InterfaceDeInit
                0x080148c0       0x3c project_build//data/Hardware/MIDIbox/mios32/trunk/mios32/STM32F4xx/mios32_usb_midi.o
 .text.MIOS32_USB_MIDI_RxBufferHandler
                0x080148fc       0xac project_build//data/Hardware/MIDIbox/mios32/trunk/mios32/STM32F4xx/mios32_usb_midi.o
 .text.MIOS32_USB_MIDI_TxBufferHandler
                0x080149a8       0xac project_build//data/Hardware/MIDIbox/mios32/trunk/mios32/STM32F4xx/mios32_usb_midi.o
 .text.USBH_Handle
                0x08014a54      0x1f0 project_build//data/Hardware/MIDIbox/mios32/trunk/mios32/STM32F4xx/mios32_usb_midi.o
 .text.MIOS32_USB_MIDI_Init
                0x08014c44        0xc project_build//data/Hardware/MIDIbox/mios32/trunk/mios32/STM32F4xx/mios32_usb_midi.o
                0x08014c44                MIOS32_USB_MIDI_Init
 .text.MIOS32_USB_MIDI_ChangeConnectionState
                0x08014c50       0x64 project_build//data/Hardware/MIDIbox/mios32/trunk/mios32/STM32F4xx/mios32_usb_midi.o
                0x08014c50                MIOS32_USB_MIDI_ChangeConnectionState
 .text.MIOS32_USB_MIDI_CheckAvailable
                0x08014cb4       0x20 project_build//data/Hardware/MIDIbox/mios32/trunk/mios32/STM32F4xx/mios32_usb_midi.o
                0x08014cb4                MIOS32_USB_MIDI_CheckAvailable
 .text.USBH_InterfaceInit
                0x08014cd4      0x104 project_build//data/Hardware/MIDIbox/mios32/trunk/mios32/STM32F4xx/mios32_usb_midi.o
 .text.MIOS32_USB_MIDI_PackageSend_NonBlocking
                0x08014dd8       0x70 project_build//data/Hardware/MIDIbox/mios32/trunk/mios32/STM32F4xx/mios32_usb_midi.o
                0x08014dd8                MIOS32_USB_MIDI_PackageSend_NonBlocking
 .text.MIOS32_USB_MIDI_PackageSend
                0x08014e48       0x30 project_build//data/Hardware/MIDIbox/mios32/trunk/mios32/STM32F4xx/mios32_usb_midi.o
                0x08014e48                MIOS32_USB_MIDI_PackageSend
 .text.MIOS32_USB_MIDI_PackageReceive
                0x08014e78       0x54 project_build//data/Hardware/MIDIbox/mios32/trunk/mios32/STM32F4xx/mios32_usb_midi.o
                0x08014e78                MIOS32_USB_MIDI_PackageReceive
 .text.MIOS32_USB_MIDI_Periodic_mS
                0x08014ecc       0x28 project_build//data/Hardware/MIDIbox/mios32/trunk/mios32/STM32F4xx/mios32_usb_midi.o
                0x08014ecc                MIOS32_USB_MIDI_Periodic_mS
 .text.MIOS32_USB_MIDI_EP1_IN_Callback
                0x08014ef4       0x10 project_build//data/Hardware/MIDIbox/mios32/trunk/mios32/STM32F4xx/mios32_usb_midi.o
                0x08014ef4                MIOS32_USB_MIDI_EP1_IN_Callback
 .text.MIOS32_USB_MIDI_EP2_OUT_Callback
                0x08014f04       0x10 project_build//data/Hardware/MIDIbox/mios32/trunk/mios32/STM32F4xx/mios32_usb_midi.o
                0x08014f04                MIOS32_USB_MIDI_EP2_OUT_Callback
 .text.MIOS32_UART_BaudrateSet
                0x08014f14       0x58 project_build//data/Hardware/MIDIbox/mios32/trunk/mios32/STM32F4xx/mios32_uart.o
                0x08014f14                MIOS32_UART_BaudrateSet
 .text.MIOS32_UART_Init
                0x08014f6c      0x140 project_build//data/Hardware/MIDIbox/mios32/trunk/mios32/STM32F4xx/mios32_uart.o
                0x08014f6c                MIOS32_UART_Init
 .text.MIOS32_UART_RxBufferGet
                0x080150ac       0x58 project_build//data/Hardware/MIDIbox/mios32/trunk/mios32/STM32F4xx/mios32_uart.o
                0x080150ac                MIOS32_UART_RxBufferGet
 .text.MIOS32_UART_RxBufferPut
                0x08015104       0x5c project_build//data/Hardware/MIDIbox/mios32/trunk/mios32/STM32F4xx/mios32_uart.o
                0x08015104                MIOS32_UART_RxBufferPut
 .text.MIOS32_UART_TxBufferGet
                0x08015160       0x58 project_build//data/Hardware/MIDIbox/mios32/trunk/mios32/STM32F4xx/mios32_uart.o
                0x08015160                MIOS32_UART_TxBufferGet
 .text.MIOS32_UART_TxBufferPutMore_NonBlocking
                0x080151b8       0x90 project_build//data/Hardware/MIDIbox/mios32/trunk/mios32/STM32F4xx/mios32_uart.o
                0x080151b8                MIOS32_UART_TxBufferPutMore_NonBlocking
 .text.MIOS32_UART_TxBufferPutMore
                0x08015248       0x18 project_build//data/Hardware/MIDIbox/mios32/trunk/mios32/STM32F4xx/mios32_uart.o
                0x08015248                MIOS32_UART_TxBufferPutMore
 .text.USART2_IRQHandler
                0x08015260       0x60 project_build//data/Hardware/MIDIbox/mios32/trunk/mios32/STM32F4xx/mios32_uart.o
                0x08015260                USART2_IRQHandler
 .text.USART3_IRQHandler
                0x080152c0       0x64 project_build//data/Hardware/MIDIbox/mios32/trunk/mios32/STM32F4xx/mios32_uart.o
                0x080152c0                USART3_IRQHandler
 .text.EV_IRQHandler
                0x08015324      0x162 project_build//data/Hardware/MIDIbox/mios32/trunk/mios32/STM32F4xx/mios32_iic.o
 *fill*         0x08015486        0x2 00
 .text.ER_IRQHandler
                0x08015488       0x7c project_build//data/Hardware/MIDIbox/mios32/trunk/mios32/STM32F4xx/mios32_iic.o
 .text.I2C2_EV_IRQHandler
                0x08015504        0xc project_build//data/Hardware/MIDIbox/mios32/trunk/mios32/STM32F4xx/mios32_iic.o
                0x08015504                I2C2_EV_IRQHandler
 .text.I2C2_ER_IRQHandler
                0x08015510        0xc project_build//data/Hardware/MIDIbox/mios32/trunk/mios32/STM32F4xx/mios32_iic.o
                0x08015510                I2C2_ER_IRQHandler
 .text.I2C1_EV_IRQHandler
                0x0801551c        0xc project_build//data/Hardware/MIDIbox/mios32/trunk/mios32/STM32F4xx/mios32_iic.o
                0x0801551c                I2C1_EV_IRQHandler
 .text.I2C1_ER_IRQHandler
                0x08015528        0xc project_build//data/Hardware/MIDIbox/mios32/trunk/mios32/STM32F4xx/mios32_iic.o
                0x08015528                I2C1_ER_IRQHandler
 .text.printchar
                0x08015534       0x16 project_build//data/Hardware/MIDIbox/mios32/trunk/mios32/common/printf-stdarg.o
 .text.prints   0x0801554a       0x82 project_build//data/Hardware/MIDIbox/mios32/trunk/mios32/common/printf-stdarg.o
 .text.printi   0x080155cc       0x98 project_build//data/Hardware/MIDIbox/mios32/trunk/mios32/common/printf-stdarg.o
 .text.print    0x08015664      0x120 project_build//data/Hardware/MIDIbox/mios32/trunk/mios32/common/printf-stdarg.o
 .text.sprintf  0x08015784       0x1e project_build//data/Hardware/MIDIbox/mios32/trunk/mios32/common/printf-stdarg.o
                0x08015784                sprintf
 .text.vsprintf
                0x080157a2       0x10 project_build//data/Hardware/MIDIbox/mios32/trunk/mios32/common/printf-stdarg.o
                0x080157a2                vsprintf
 *fill*         0x080157b2        0x2 00
 .text.NVIC_PriorityGroupConfig
                0x080157b4       0x14 project_build//data/Hardware/MIDIbox/mios32/trunk/drivers/STM32F4xx/v1.1.0/STM32F4xx_StdPeriph_Driver/src/misc.o
                0x080157b4                NVIC_PriorityGroupConfig
 .text.NVIC_SetVectorTable
                0x080157c8       0x14 project_build//data/Hardware/MIDIbox/mios32/trunk/drivers/STM32F4xx/v1.1.0/STM32F4xx_StdPeriph_Driver/src/misc.o
                0x080157c8                NVIC_SetVectorTable
 .text.DMA_Init
                0x080157dc       0x54 project_build//data/Hardware/MIDIbox/mios32/trunk/drivers/STM32F4xx/v1.1.0/STM32F4xx_StdPeriph_Driver/src/stm32f4xx_dma.o
                0x080157dc                DMA_Init
 .text.DMA_StructInit
                0x08015830       0x22 project_build//data/Hardware/MIDIbox/mios32/trunk/drivers/STM32F4xx/v1.1.0/STM32F4xx_StdPeriph_Driver/src/stm32f4xx_dma.o
                0x08015830                DMA_StructInit
 .text.DMA_Cmd  0x08015852       0x12 project_build//data/Hardware/MIDIbox/mios32/trunk/drivers/STM32F4xx/v1.1.0/STM32F4xx_StdPeriph_Driver/src/stm32f4xx_dma.o
                0x08015852                DMA_Cmd
 .text.DMA_ClearFlag
                0x08015864       0x30 project_build//data/Hardware/MIDIbox/mios32/trunk/drivers/STM32F4xx/v1.1.0/STM32F4xx_StdPeriph_Driver/src/stm32f4xx_dma.o
                0x08015864                DMA_ClearFlag
 .text.EXTI_ClearITPendingBit
                0x08015894        0xc project_build//data/Hardware/MIDIbox/mios32/trunk/drivers/STM32F4xx/v1.1.0/STM32F4xx_StdPeriph_Driver/src/stm32f4xx_exti.o
                0x08015894                EXTI_ClearITPendingBit
 .text.GPIO_Init
                0x080158a0       0x9a project_build//data/Hardware/MIDIbox/mios32/trunk/drivers/STM32F4xx/v1.1.0/STM32F4xx_StdPeriph_Driver/src/stm32f4xx_gpio.o
                0x080158a0                GPIO_Init
 .text.GPIO_StructInit
                0x0801593a       0x12 project_build//data/Hardware/MIDIbox/mios32/trunk/drivers/STM32F4xx/v1.1.0/STM32F4xx_StdPeriph_Driver/src/stm32f4xx_gpio.o
                0x0801593a                GPIO_StructInit
 .text.GPIO_SetBits
                0x0801594c        0x4 project_build//data/Hardware/MIDIbox/mios32/trunk/drivers/STM32F4xx/v1.1.0/STM32F4xx_StdPeriph_Driver/src/stm32f4xx_gpio.o
                0x0801594c                GPIO_SetBits
 .text.GPIO_ResetBits
                0x08015950        0x4 project_build//data/Hardware/MIDIbox/mios32/trunk/drivers/STM32F4xx/v1.1.0/STM32F4xx_StdPeriph_Driver/src/stm32f4xx_gpio.o
                0x08015950                GPIO_ResetBits
 .text.GPIO_PinAFConfig
                0x08015954       0x2e project_build//data/Hardware/MIDIbox/mios32/trunk/drivers/STM32F4xx/v1.1.0/STM32F4xx_StdPeriph_Driver/src/stm32f4xx_gpio.o
                0x08015954                GPIO_PinAFConfig
 .text.I2C_GenerateSTOP
                0x08015982       0x18 project_build//data/Hardware/MIDIbox/mios32/trunk/drivers/STM32F4xx/v1.1.0/STM32F4xx_StdPeriph_Driver/src/stm32f4xx_i2c.o
                0x08015982                I2C_GenerateSTOP
 .text.I2C_ITConfig
                0x0801599a       0x12 project_build//data/Hardware/MIDIbox/mios32/trunk/drivers/STM32F4xx/v1.1.0/STM32F4xx_StdPeriph_Driver/src/stm32f4xx_i2c.o
                0x0801599a                I2C_ITConfig
 .text.I2C_GetLastEvent
                0x080159ac       0x10 project_build//data/Hardware/MIDIbox/mios32/trunk/drivers/STM32F4xx/v1.1.0/STM32F4xx_StdPeriph_Driver/src/stm32f4xx_i2c.o
                0x080159ac                I2C_GetLastEvent
 .text.I2C_ClearITPendingBit
                0x080159bc        0x8 project_build//data/Hardware/MIDIbox/mios32/trunk/drivers/STM32F4xx/v1.1.0/STM32F4xx_StdPeriph_Driver/src/stm32f4xx_i2c.o
                0x080159bc                I2C_ClearITPendingBit
 .text.PWR_BackupAccessCmd
                0x080159c4        0xc project_build//data/Hardware/MIDIbox/mios32/trunk/drivers/STM32F4xx/v1.1.0/STM32F4xx_StdPeriph_Driver/src/stm32f4xx_pwr.o
                0x080159c4                PWR_BackupAccessCmd
 .text.RCC_GetClocksFreq
                0x080159d0       0x8c project_build//data/Hardware/MIDIbox/mios32/trunk/drivers/STM32F4xx/v1.1.0/STM32F4xx_StdPeriph_Driver/src/stm32f4xx_rcc.o
                0x080159d0                RCC_GetClocksFreq
 .text.RCC_RTCCLKConfig
                0x08015a5c       0x30 project_build//data/Hardware/MIDIbox/mios32/trunk/drivers/STM32F4xx/v1.1.0/STM32F4xx_StdPeriph_Driver/src/stm32f4xx_rcc.o
                0x08015a5c                RCC_RTCCLKConfig
 .text.RCC_RTCCLKCmd
                0x08015a8c        0xc project_build//data/Hardware/MIDIbox/mios32/trunk/drivers/STM32F4xx/v1.1.0/STM32F4xx_StdPeriph_Driver/src/stm32f4xx_rcc.o
                0x08015a8c                RCC_RTCCLKCmd
 .text.RCC_AHB1PeriphClockCmd
                0x08015a98       0x18 project_build//data/Hardware/MIDIbox/mios32/trunk/drivers/STM32F4xx/v1.1.0/STM32F4xx_StdPeriph_Driver/src/stm32f4xx_rcc.o
                0x08015a98                RCC_AHB1PeriphClockCmd
 .text.RCC_AHB2PeriphClockCmd
                0x08015ab0       0x18 project_build//data/Hardware/MIDIbox/mios32/trunk/drivers/STM32F4xx/v1.1.0/STM32F4xx_StdPeriph_Driver/src/stm32f4xx_rcc.o
                0x08015ab0                RCC_AHB2PeriphClockCmd
 .text.RCC_APB1PeriphClockCmd
                0x08015ac8       0x18 project_build//data/Hardware/MIDIbox/mios32/trunk/drivers/STM32F4xx/v1.1.0/STM32F4xx_StdPeriph_Driver/src/stm32f4xx_rcc.o
                0x08015ac8                RCC_APB1PeriphClockCmd
 .text.RCC_APB2PeriphClockCmd
                0x08015ae0       0x18 project_build//data/Hardware/MIDIbox/mios32/trunk/drivers/STM32F4xx/v1.1.0/STM32F4xx_StdPeriph_Driver/src/stm32f4xx_rcc.o
                0x08015ae0                RCC_APB2PeriphClockCmd
 .text.RCC_AHB1PeriphResetCmd
                0x08015af8       0x18 project_build//data/Hardware/MIDIbox/mios32/trunk/drivers/STM32F4xx/v1.1.0/STM32F4xx_StdPeriph_Driver/src/stm32f4xx_rcc.o
                0x08015af8                RCC_AHB1PeriphResetCmd
 .text.RCC_AHB2PeriphResetCmd
                0x08015b10       0x18 project_build//data/Hardware/MIDIbox/mios32/trunk/drivers/STM32F4xx/v1.1.0/STM32F4xx_StdPeriph_Driver/src/stm32f4xx_rcc.o
                0x08015b10                RCC_AHB2PeriphResetCmd
 .text.RCC_APB1PeriphResetCmd
                0x08015b28       0x18 project_build//data/Hardware/MIDIbox/mios32/trunk/drivers/STM32F4xx/v1.1.0/STM32F4xx_StdPeriph_Driver/src/stm32f4xx_rcc.o
                0x08015b28                RCC_APB1PeriphResetCmd
 .text.RCC_APB2PeriphResetCmd
                0x08015b40       0x18 project_build//data/Hardware/MIDIbox/mios32/trunk/drivers/STM32F4xx/v1.1.0/STM32F4xx_StdPeriph_Driver/src/stm32f4xx_rcc.o
                0x08015b40                RCC_APB2PeriphResetCmd
 .text.RTC_ByteToBcd2
                0x08015b58       0x18 project_build//data/Hardware/MIDIbox/mios32/trunk/drivers/STM32F4xx/v1.1.0/STM32F4xx_StdPeriph_Driver/src/stm32f4xx_rtc.o
 .text.RTC_StructInit
                0x08015b70        0xc project_build//data/Hardware/MIDIbox/mios32/trunk/drivers/STM32F4xx/v1.1.0/STM32F4xx_StdPeriph_Driver/src/stm32f4xx_rtc.o
                0x08015b70                RTC_StructInit
 .text.RTC_EnterInitMode
                0x08015b7c       0x40 project_build//data/Hardware/MIDIbox/mios32/trunk/drivers/STM32F4xx/v1.1.0/STM32F4xx_StdPeriph_Driver/src/stm32f4xx_rtc.o
                0x08015b7c                RTC_EnterInitMode
 .text.RTC_ExitInitMode
                0x08015bbc       0x10 project_build//data/Hardware/MIDIbox/mios32/trunk/drivers/STM32F4xx/v1.1.0/STM32F4xx_StdPeriph_Driver/src/stm32f4xx_rtc.o
                0x08015bbc                RTC_ExitInitMode
 .text.RTC_Init
                0x08015bcc       0x48 project_build//data/Hardware/MIDIbox/mios32/trunk/drivers/STM32F4xx/v1.1.0/STM32F4xx_StdPeriph_Driver/src/stm32f4xx_rtc.o
                0x08015bcc                RTC_Init
 .text.RTC_WaitForSynchro
                0x08015c14       0x44 project_build//data/Hardware/MIDIbox/mios32/trunk/drivers/STM32F4xx/v1.1.0/STM32F4xx_StdPeriph_Driver/src/stm32f4xx_rtc.o
                0x08015c14                RTC_WaitForSynchro
 .text.RTC_SetTime
                0x08015c58       0x8c project_build//data/Hardware/MIDIbox/mios32/trunk/drivers/STM32F4xx/v1.1.0/STM32F4xx_StdPeriph_Driver/src/stm32f4xx_rtc.o
                0x08015c58                RTC_SetTime
 .text.RTC_TimeStructInit
                0x08015ce4        0xc project_build//data/Hardware/MIDIbox/mios32/trunk/drivers/STM32F4xx/v1.1.0/STM32F4xx_StdPeriph_Driver/src/stm32f4xx_rtc.o
                0x08015ce4                RTC_TimeStructInit
 .text.SPI_Init
                0x08015cf0       0x3e project_build//data/Hardware/MIDIbox/mios32/trunk/drivers/STM32F4xx/v1.1.0/STM32F4xx_StdPeriph_Driver/src/stm32f4xx_spi.o
                0x08015cf0                SPI_Init
 .text.SPI_Cmd  0x08015d2e       0x18 project_build//data/Hardware/MIDIbox/mios32/trunk/drivers/STM32F4xx/v1.1.0/STM32F4xx_StdPeriph_Driver/src/stm32f4xx_spi.o
                0x08015d2e                SPI_Cmd
 .text.SPI_I2S_DMACmd
                0x08015d46       0x12 project_build//data/Hardware/MIDIbox/mios32/trunk/drivers/STM32F4xx/v1.1.0/STM32F4xx_StdPeriph_Driver/src/stm32f4xx_spi.o
                0x08015d46                SPI_I2S_DMACmd
 .text.TIM_TimeBaseInit
                0x08015d58       0x7c project_build//data/Hardware/MIDIbox/mios32/trunk/drivers/STM32F4xx/v1.1.0/STM32F4xx_StdPeriph_Driver/src/stm32f4xx_tim.o
                0x08015d58                TIM_TimeBaseInit
 .text.TIM_ARRPreloadConfig
                0x08015dd4       0x18 project_build//data/Hardware/MIDIbox/mios32/trunk/drivers/STM32F4xx/v1.1.0/STM32F4xx_StdPeriph_Driver/src/stm32f4xx_tim.o
                0x08015dd4                TIM_ARRPreloadConfig
 .text.TIM_Cmd  0x08015dec       0x18 project_build//data/Hardware/MIDIbox/mios32/trunk/drivers/STM32F4xx/v1.1.0/STM32F4xx_StdPeriph_Driver/src/stm32f4xx_tim.o
                0x08015dec                TIM_Cmd
 .text.TIM_ITConfig
                0x08015e04       0x12 project_build//data/Hardware/MIDIbox/mios32/trunk/drivers/STM32F4xx/v1.1.0/STM32F4xx_StdPeriph_Driver/src/stm32f4xx_tim.o
                0x08015e04                TIM_ITConfig
 .text.TIM_GetITStatus
                0x08015e16       0x16 project_build//data/Hardware/MIDIbox/mios32/trunk/drivers/STM32F4xx/v1.1.0/STM32F4xx_StdPeriph_Driver/src/stm32f4xx_tim.o
                0x08015e16                TIM_GetITStatus
 .text.TIM_ClearITPendingBit
                0x08015e2c        0x8 project_build//data/Hardware/MIDIbox/mios32/trunk/drivers/STM32F4xx/v1.1.0/STM32F4xx_StdPeriph_Driver/src/stm32f4xx_tim.o
                0x08015e2c                TIM_ClearITPendingBit
 .text.USART_Init
                0x08015e34       0xb8 project_build//data/Hardware/MIDIbox/mios32/trunk/drivers/STM32F4xx/v1.1.0/STM32F4xx_StdPeriph_Driver/src/stm32f4xx_usart.o
                0x08015e34                USART_Init
 .text.USART_Cmd
                0x08015eec       0x18 project_build//data/Hardware/MIDIbox/mios32/trunk/drivers/STM32F4xx/v1.1.0/STM32F4xx_StdPeriph_Driver/src/stm32f4xx_usart.o
                0x08015eec                USART_Cmd
 .text.USART_ITConfig
                0x08015f04       0x34 project_build//data/Hardware/MIDIbox/mios32/trunk/drivers/STM32F4xx/v1.1.0/STM32F4xx_StdPeriph_Driver/src/stm32f4xx_usart.o
                0x08015f04                USART_ITConfig
 .text.USBD_Resume
                0x08015f38       0x16 project_build//data/Hardware/MIDIbox/mios32/trunk/drivers/STM32F4xx/v1.1.0/STM32_USB_Device_Library/Core/src/usbd_core.o
 .text.USBD_Suspend
                0x08015f4e       0x1c project_build//data/Hardware/MIDIbox/mios32/trunk/drivers/STM32F4xx/v1.1.0/STM32_USB_Device_Library/Core/src/usbd_core.o
 .text.USBD_SOF
                0x08015f6a       0x10 project_build//data/Hardware/MIDIbox/mios32/trunk/drivers/STM32F4xx/v1.1.0/STM32_USB_Device_Library/Core/src/usbd_core.o
 .text.USBD_IsoINIncomplete
                0x08015f7a        0xe project_build//data/Hardware/MIDIbox/mios32/trunk/drivers/STM32F4xx/v1.1.0/STM32_USB_Device_Library/Core/src/usbd_core.o
 .text.USBD_IsoOUTIncomplete
                0x08015f88        0xe project_build//data/Hardware/MIDIbox/mios32/trunk/drivers/STM32F4xx/v1.1.0/STM32_USB_Device_Library/Core/src/usbd_core.o
 .text.USBD_Reset
                0x08015f96       0x2e project_build//data/Hardware/MIDIbox/mios32/trunk/drivers/STM32F4xx/v1.1.0/STM32_USB_Device_Library/Core/src/usbd_core.o
 .text.USBD_SetupStage
                0x08015fc4       0x48 project_build//data/Hardware/MIDIbox/mios32/trunk/drivers/STM32F4xx/v1.1.0/STM32_USB_Device_Library/Core/src/usbd_core.o
 .text.USBD_DataInStage
                0x0801600c       0xb4 project_build//data/Hardware/MIDIbox/mios32/trunk/drivers/STM32F4xx/v1.1.0/STM32_USB_Device_Library/Core/src/usbd_core.o
 .text.USBD_DataOutStage
                0x080160c0       0x74 project_build//data/Hardware/MIDIbox/mios32/trunk/drivers/STM32F4xx/v1.1.0/STM32_USB_Device_Library/Core/src/usbd_core.o
 .text.USBD_Init
                0x08016134       0x38 project_build//data/Hardware/MIDIbox/mios32/trunk/drivers/STM32F4xx/v1.1.0/STM32_USB_Device_Library/Core/src/usbd_core.o
                0x08016134                USBD_Init
 .text.USBD_SetCfg
                0x0801616c       0x18 project_build//data/Hardware/MIDIbox/mios32/trunk/drivers/STM32F4xx/v1.1.0/STM32_USB_Device_Library/Core/src/usbd_core.o
                0x0801616c                USBD_SetCfg
 .text.USBD_ClrCfg
                0x08016184        0xe project_build//data/Hardware/MIDIbox/mios32/trunk/drivers/STM32F4xx/v1.1.0/STM32_USB_Device_Library/Core/src/usbd_core.o
                0x08016184                USBD_ClrCfg
 .text.USBD_CtlSendData
                0x08016192       0x22 project_build//data/Hardware/MIDIbox/mios32/trunk/drivers/STM32F4xx/v1.1.0/STM32_USB_Device_Library/Core/src/usbd_ioreq.o
                0x08016192                USBD_CtlSendData
 .text.USBD_CtlContinueSendData
                0x080161b4       0x12 project_build//data/Hardware/MIDIbox/mios32/trunk/drivers/STM32F4xx/v1.1.0/STM32_USB_Device_Library/Core/src/usbd_ioreq.o
                0x080161b4                USBD_CtlContinueSendData
 .text.USBD_CtlContinueRx
                0x080161c6       0x12 project_build//data/Hardware/MIDIbox/mios32/trunk/drivers/STM32F4xx/v1.1.0/STM32_USB_Device_Library/Core/src/usbd_ioreq.o
                0x080161c6                USBD_CtlContinueRx
 .text.USBD_CtlSendStatus
                0x080161d8       0x1e project_build//data/Hardware/MIDIbox/mios32/trunk/drivers/STM32F4xx/v1.1.0/STM32_USB_Device_Library/Core/src/usbd_ioreq.o
                0x080161d8                USBD_CtlSendStatus
 .text.USBD_CtlReceiveStatus
                0x080161f6       0x1e project_build//data/Hardware/MIDIbox/mios32/trunk/drivers/STM32F4xx/v1.1.0/STM32_USB_Device_Library/Core/src/usbd_ioreq.o
                0x080161f6                USBD_CtlReceiveStatus
 .text.USBD_ParseSetupRequest
                0x08016214       0x44 project_build//data/Hardware/MIDIbox/mios32/trunk/drivers/STM32F4xx/v1.1.0/STM32_USB_Device_Library/Core/src/usbd_req.o
                0x08016214                USBD_ParseSetupRequest
 .text.USBD_CtlError
                0x08016258       0x1c project_build//data/Hardware/MIDIbox/mios32/trunk/drivers/STM32F4xx/v1.1.0/STM32_USB_Device_Library/Core/src/usbd_req.o
                0x08016258                USBD_CtlError
 .text.USBD_StdEPReq
                0x08016274       0xc4 project_build//data/Hardware/MIDIbox/mios32/trunk/drivers/STM32F4xx/v1.1.0/STM32_USB_Device_Library/Core/src/usbd_req.o
                0x08016274                USBD_StdEPReq
 .text.USBD_StdItfReq
                0x08016338       0x30 project_build//data/Hardware/MIDIbox/mios32/trunk/drivers/STM32F4xx/v1.1.0/STM32_USB_Device_Library/Core/src/usbd_req.o
                0x08016338                USBD_StdItfReq
 .text.USBD_StdDevReq
                0x08016368      0x2ac project_build//data/Hardware/MIDIbox/mios32/trunk/drivers/STM32F4xx/v1.1.0/STM32_USB_Device_Library/Core/src/usbd_req.o
                0x08016368                USBD_StdDevReq
 .text.USBD_GetString
                0x08016614       0x38 project_build//data/Hardware/MIDIbox/mios32/trunk/drivers/STM32F4xx/v1.1.0/STM32_USB_Device_Library/Core/src/usbd_req.o
                0x08016614                USBD_GetString
 .text.USBH_Connected
                0x0801664c        0xa project_build//data/Hardware/MIDIbox/mios32/trunk/drivers/STM32F4xx/v1.1.0/STM32_USB_HOST_Library/Core/src/usbh_core.o
                0x0801664c                USBH_Connected
 .text.USBH_Disconnected
                0x08016656        0xa project_build//data/Hardware/MIDIbox/mios32/trunk/drivers/STM32F4xx/v1.1.0/STM32_USB_HOST_Library/Core/src/usbh_core.o
                0x08016656                USBH_Disconnected
 .text.USBH_SOF
                0x08016660        0x4 project_build//data/Hardware/MIDIbox/mios32/trunk/drivers/STM32F4xx/v1.1.0/STM32_USB_HOST_Library/Core/src/usbh_core.o
                0x08016660                USBH_SOF
 .text.USBH_DeInit
                0x08016664       0x32 project_build//data/Hardware/MIDIbox/mios32/trunk/drivers/STM32F4xx/v1.1.0/STM32_USB_HOST_Library/Core/src/usbh_core.o
                0x08016664                USBH_DeInit
 .text.USBH_Init
                0x08016696       0x42 project_build//data/Hardware/MIDIbox/mios32/trunk/drivers/STM32F4xx/v1.1.0/STM32_USB_HOST_Library/Core/src/usbh_core.o
                0x08016696                USBH_Init
 .text.USBH_ErrorHandle
                0x080166d8       0x2a project_build//data/Hardware/MIDIbox/mios32/trunk/drivers/STM32F4xx/v1.1.0/STM32_USB_HOST_Library/Core/src/usbh_core.o
                0x080166d8                USBH_ErrorHandle
 *fill*         0x08016702        0x2 00
 .text.USBH_HandleControl
                0x08016704      0x1b8 project_build//data/Hardware/MIDIbox/mios32/trunk/drivers/STM32F4xx/v1.1.0/STM32_USB_HOST_Library/Core/src/usbh_core.o
                0x08016704                USBH_HandleControl
 .text.USBH_Process
                0x080168bc      0x344 project_build//data/Hardware/MIDIbox/mios32/trunk/drivers/STM32F4xx/v1.1.0/STM32_USB_HOST_Library/Core/src/usbh_core.o
                0x080168bc                USBH_Process
 .text.USBH_Open_Channel
                0x08016c00       0x54 project_build//data/Hardware/MIDIbox/mios32/trunk/drivers/STM32F4xx/v1.1.0/STM32_USB_HOST_Library/Core/src/usbh_hcs.o
                0x08016c00                USBH_Open_Channel
 .text.USBH_Modify_Channel
                0x08016c54       0x3a project_build//data/Hardware/MIDIbox/mios32/trunk/drivers/STM32F4xx/v1.1.0/STM32_USB_HOST_Library/Core/src/usbh_hcs.o
                0x08016c54                USBH_Modify_Channel
 .text.USBH_Alloc_Channel
                0x08016c8e       0x32 project_build//data/Hardware/MIDIbox/mios32/trunk/drivers/STM32F4xx/v1.1.0/STM32_USB_HOST_Library/Core/src/usbh_hcs.o
                0x08016c8e                USBH_Alloc_Channel
 .text.USBH_Free_Channel
                0x08016cc0       0x18 project_build//data/Hardware/MIDIbox/mios32/trunk/drivers/STM32F4xx/v1.1.0/STM32_USB_HOST_Library/Core/src/usbh_hcs.o
                0x08016cc0                USBH_Free_Channel
 .text.USBH_DeAllocate_AllChannel
                0x08016cd8       0x1e project_build//data/Hardware/MIDIbox/mios32/trunk/drivers/STM32F4xx/v1.1.0/STM32_USB_HOST_Library/Core/src/usbh_hcs.o
                0x08016cd8                USBH_DeAllocate_AllChannel
 .text.USBH_CtlReq
                0x08016cf6       0x48 project_build//data/Hardware/MIDIbox/mios32/trunk/drivers/STM32F4xx/v1.1.0/STM32_USB_HOST_Library/Core/src/usbh_ioreq.o
                0x08016cf6                USBH_CtlReq
 .text.USBH_CtlSendSetup
                0x08016d3e       0x2e project_build//data/Hardware/MIDIbox/mios32/trunk/drivers/STM32F4xx/v1.1.0/STM32_USB_HOST_Library/Core/src/usbh_ioreq.o
                0x08016d3e                USBH_CtlSendSetup
 .text.USBH_CtlSendData
                0x08016d6c       0x40 project_build//data/Hardware/MIDIbox/mios32/trunk/drivers/STM32F4xx/v1.1.0/STM32_USB_HOST_Library/Core/src/usbh_ioreq.o
                0x08016d6c                USBH_CtlSendData
 .text.USBH_CtlReceiveData
                0x08016dac       0x2c project_build//data/Hardware/MIDIbox/mios32/trunk/drivers/STM32F4xx/v1.1.0/STM32_USB_HOST_Library/Core/src/usbh_ioreq.o
                0x08016dac                USBH_CtlReceiveData
 .text.USBH_BulkSendData
                0x08016dd8       0x34 project_build//data/Hardware/MIDIbox/mios32/trunk/drivers/STM32F4xx/v1.1.0/STM32_USB_HOST_Library/Core/src/usbh_ioreq.o
                0x08016dd8                USBH_BulkSendData
 .text.USBH_BulkReceiveData