Archive member included because of file (symbol)

/usr/local/etc/mios32_toolchain/bin/../lib/gcc/arm-none-eabi/4.7.4/../../../../arm-none-eabi/lib/armv7e-m/libstdc++_s.a(new_opv.o)
                              project_build/src/app.o (operator new[](unsigned int))
/usr/local/etc/mios32_toolchain/bin/../lib/gcc/arm-none-eabi/4.7.4/../../../../arm-none-eabi/lib/armv7e-m/libstdc++_s.a(del_opv.o)
                              project_build/src/app.o (operator delete[](void*))
/usr/local/etc/mios32_toolchain/bin/../lib/gcc/arm-none-eabi/4.7.4/armv7e-m/libgcc.a(_lshrdi3.o)
                              project_build//data/Hardware/MIDIbox/mios32/trunk/modules/app_lcd/universal/app_lcd.o (__aeabi_llsr)
/usr/local/etc/mios32_toolchain/bin/../lib/gcc/arm-none-eabi/4.7.4/armv7e-m/libgcc.a(_ashldi3.o)
                              project_build//data/Hardware/MIDIbox/mios32/trunk/modules/app_lcd/universal/app_lcd.o (__aeabi_llsl)
/usr/local/etc/mios32_toolchain/bin/../lib/gcc/arm-none-eabi/4.7.4/armv7e-m/libgcc.a(_arm_addsubdf3.o)
                              project_build//data/Hardware/MIDIbox/mios32/trunk/modules/file/file.o (__aeabi_f2d)
/usr/local/etc/mios32_toolchain/bin/../lib/gcc/arm-none-eabi/4.7.4/armv7e-m/libgcc.a(_arm_muldivdf3.o)
                              project_build//data/Hardware/MIDIbox/mios32/trunk/mios32/common/mios32_osc.o (__aeabi_dmul)
/usr/local/etc/mios32_toolchain/bin/../lib/gcc/arm-none-eabi/4.7.4/armv7e-m/libgcc.a(_arm_fixdfsi.o)
                              project_build//data/Hardware/MIDIbox/mios32/trunk/mios32/common/mios32_osc.o (__aeabi_d2iz)
/usr/local/etc/mios32_toolchain/bin/../lib/gcc/arm-none-eabi/4.7.4/armv7e-m/libgcc.a(_arm_addsubsf3.o)
                              project_build//data/Hardware/MIDIbox/mios32/trunk/modules/file/file.o (__aeabi_ui2f)
/usr/local/etc/mios32_toolchain/bin/../lib/gcc/arm-none-eabi/4.7.4/armv7e-m/libgcc.a(_arm_muldivsf3.o)
                              project_build//data/Hardware/MIDIbox/mios32/trunk/mios32/common/mios32_osc.o (__aeabi_fmul)
/usr/local/etc/mios32_toolchain/bin/../lib/gcc/arm-none-eabi/4.7.4/armv7e-m/libgcc.a(_arm_fixsfsi.o)
                              project_build//data/Hardware/MIDIbox/mios32/trunk/mios32/common/mios32_osc.o (__aeabi_f2iz)
/usr/local/etc/mios32_toolchain/bin/../lib/gcc/arm-none-eabi/4.7.4/../../../../arm-none-eabi/lib/armv7e-m/libc_s.a(lib_a-ctype_.o)
                              project_build//data/Hardware/MIDIbox/mios32/trunk/programming_models/traditional/strtol.o (__ctype_ptr__)
/usr/local/etc/mios32_toolchain/bin/../lib/gcc/arm-none-eabi/4.7.4/../../../../arm-none-eabi/lib/armv7e-m/libc_s.a(lib_a-init.o)
                              project_build//data/Hardware/MIDIbox/mios32/trunk/programming_models/traditional/main.o (__libc_init_array)
/usr/local/etc/mios32_toolchain/bin/../lib/gcc/arm-none-eabi/4.7.4/../../../../arm-none-eabi/lib/armv7e-m/libc_s.a(lib_a-memcpy.o)
                              project_build//data/Hardware/MIDIbox/mios32/trunk/FreeRTOS/Source/queue.o (memcpy)
/usr/local/etc/mios32_toolchain/bin/../lib/gcc/arm-none-eabi/4.7.4/../../../../arm-none-eabi/lib/armv7e-m/libc_s.a(lib_a-memmove.o)
                              project_build//data/Hardware/MIDIbox/mios32/trunk/FreeRTOS/Source/portable/MemMang/umm_malloc.o (memmove)
/usr/local/etc/mios32_toolchain/bin/../lib/gcc/arm-none-eabi/4.7.4/../../../../arm-none-eabi/lib/armv7e-m/libc_s.a(lib_a-memset.o)
                              project_build//data/Hardware/MIDIbox/mios32/trunk/FreeRTOS/Source/tasks.o (memset)
/usr/local/etc/mios32_toolchain/bin/../lib/gcc/arm-none-eabi/4.7.4/../../../../arm-none-eabi/lib/armv7e-m/libc_s.a(lib_a-stpcpy.o)
                              project_build//data/Hardware/MIDIbox/mios32/trunk/mios32/common/mios32_osc.o (stpcpy)
/usr/local/etc/mios32_toolchain/bin/../lib/gcc/arm-none-eabi/4.7.4/../../../../arm-none-eabi/lib/armv7e-m/libc_s.a(lib_a-strcasecmp.o)
                              project_build//data/Hardware/MIDIbox/mios32/trunk/modules/app_lcd/universal/app_lcd.o (strcasecmp)
/usr/local/etc/mios32_toolchain/bin/../lib/gcc/arm-none-eabi/4.7.4/../../../../arm-none-eabi/lib/armv7e-m/libc_s.a(lib_a-strcmp.o)
                              project_build//data/Hardware/MIDIbox/mios32/trunk/modules/file/file.o (strcmp)
/usr/local/etc/mios32_toolchain/bin/../lib/gcc/arm-none-eabi/4.7.4/../../../../arm-none-eabi/lib/armv7e-m/libc_s.a(lib_a-strcpy.o)
                              project_build//data/Hardware/MIDIbox/mios32/trunk/modules/file/file.o (strcpy)
/usr/local/etc/mios32_toolchain/bin/../lib/gcc/arm-none-eabi/4.7.4/../../../../arm-none-eabi/lib/armv7e-m/libc_s.a(lib_a-strlen.o)
                              project_build//data/Hardware/MIDIbox/mios32/trunk/mios32/common/mios32_midi.o (strlen)
/usr/local/etc/mios32_toolchain/bin/../lib/gcc/arm-none-eabi/4.7.4/../../../../arm-none-eabi/lib/armv7e-m/libc_s.a(lib_a-strncasecmp.o)
[...]
Memory Configuration

Name             Origin             Length             Attributes
RAM              0x20000000         0x00030000         xrw
FLASH_SECTOR0    0x08000000         0x00004000         xr
FLASH_SECTOR1    0x08004000         0x00004000         xr
FLASH_SECTOR2    0x08008000         0x00004000         xr
FLASH_SECTOR3    0x0800c000         0x00004000         xr
FLASH            0x08010000         0x000f0000         xr
FLASHB1          0x00000000         0x00000000         xr
EXTMEMB0         0x00000000         0x00000000         xr
EXTMEMB1         0x00000000         0x00000000         xr
EXTMEMB2         0x00000000         0x00000000         xr
EXTMEMB3         0x00000000         0x00000000         xr
*default*        0x00000000         0xffffffff

Linker script and memory map

LOAD project_build/src/vgmplayer_ll.o
LOAD project_build//data/Hardware/MIDIbox/mios32/trunk/programming_models/traditional/main.o
LOAD project_build//data/Hardware/MIDIbox/mios32/trunk/programming_models/traditional/strtol.o
LOAD project_build//data/Hardware/MIDIbox/mios32/trunk/FreeRTOS/Source/tasks.o
LOAD project_build//data/Hardware/MIDIbox/mios32/trunk/FreeRTOS/Source/list.o
LOAD project_build//data/Hardware/MIDIbox/mios32/trunk/FreeRTOS/Source/queue.o
LOAD project_build//data/Hardware/MIDIbox/mios32/trunk/FreeRTOS/Source/timers.o
LOAD project_build//data/Hardware/MIDIbox/mios32/trunk/FreeRTOS/Source/portable/GCC/ARM_CM3/port.o
LOAD project_build//data/Hardware/MIDIbox/mios32/trunk/FreeRTOS/Source/portable/MemMang/umm_malloc.o
LOAD project_build//data/Hardware/MIDIbox/mios32/trunk/programming_models/traditional/startup_stm32f4xx.o
LOAD project_build//data/Hardware/MIDIbox/mios32/trunk/mios32/common/mios32_srio.o
LOAD project_build//data/Hardware/MIDIbox/mios32/trunk/mios32/common/mios32_din.o
LOAD project_build//data/Hardware/MIDIbox/mios32/trunk/mios32/common/mios32_dout.o
LOAD project_build//data/Hardware/MIDIbox/mios32/trunk/mios32/common/mios32_enc.o
LOAD project_build//data/Hardware/MIDIbox/mios32/trunk/mios32/common/mios32_lcd.o
LOAD project_build//data/Hardware/MIDIbox/mios32/trunk/mios32/common/mios32_midi.o
LOAD project_build//data/Hardware/MIDIbox/mios32/trunk/mios32/common/mios32_osc.o
LOAD project_build//data/Hardware/MIDIbox/mios32/trunk/mios32/common/mios32_com.o
LOAD project_build//data/Hardware/MIDIbox/mios32/trunk/mios32/common/mios32_uart_midi.o
LOAD project_build//data/Hardware/MIDIbox/mios32/trunk/mios32/common/mios32_spi_midi.o
LOAD project_build//data/Hardware/MIDIbox/mios32/trunk/mios32/common/mios32_iic_midi.o
LOAD project_build//data/Hardware/MIDIbox/mios32/trunk/mios32/common/mios32_iic_bs.o
LOAD project_build//data/Hardware/MIDIbox/mios32/trunk/mios32/common/mios32_mf.o
LOAD project_build//data/Hardware/MIDIbox/mios32/trunk/mios32/common/mios32_sdcard.o
LOAD project_build//data/Hardware/MIDIbox/mios32/trunk/mios32/common/mios32_enc28j60.o
LOAD project_build//data/Hardware/MIDIbox/mios32/trunk/mios32/common/mios32_timestamp.o
LOAD project_build//data/Hardware/MIDIbox/mios32/trunk/mios32/STM32F4xx/mios32_bsl.o
LOAD project_build//data/Hardware/MIDIbox/mios32/trunk/mios32/STM32F4xx/mios32_sys.o
LOAD project_build//data/Hardware/MIDIbox/mios32/trunk/mios32/STM32F4xx/mios32_irq.o
LOAD project_build//data/Hardware/MIDIbox/mios32/trunk/mios32/STM32F4xx/mios32_spi.o
LOAD project_build//data/Hardware/MIDIbox/mios32/trunk/mios32/STM32F4xx/mios32_i2s.o
LOAD project_build//data/Hardware/MIDIbox/mios32/trunk/mios32/STM32F4xx/mios32_board.o
LOAD project_build//data/Hardware/MIDIbox/mios32/trunk/mios32/STM32F4xx/mios32_timer.o
LOAD project_build//data/Hardware/MIDIbox/mios32/trunk/mios32/STM32F4xx/mios32_stopwatch.o
LOAD project_build//data/Hardware/MIDIbox/mios32/trunk/mios32/STM32F4xx/mios32_delay.o
LOAD project_build//data/Hardware/MIDIbox/mios32/trunk/mios32/STM32F4xx/mios32_ain.o
LOAD project_build//data/Hardware/MIDIbox/mios32/trunk/mios32/STM32F4xx/mios32_usb.o
LOAD project_build//data/Hardware/MIDIbox/mios32/trunk/mios32/STM32F4xx/mios32_usb_midi.o
LOAD project_build//data/Hardware/MIDIbox/mios32/trunk/mios32/STM32F4xx/mios32_usb_com.o
LOAD project_build//data/Hardware/MIDIbox/mios32/trunk/mios32/STM32F4xx/mios32_uart.o
LOAD project_build//data/Hardware/MIDIbox/mios32/trunk/mios32/STM32F4xx/mios32_iic.o
LOAD project_build//data/Hardware/MIDIbox/mios32/trunk/mios32/common/printf-stdarg.o
LOAD project_build//data/Hardware/MIDIbox/mios32/trunk/drivers/STM32F4xx/v1.1.0/STM32F4xx_StdPeriph_Driver/src/misc.o
LOAD project_build//data/Hardware/MIDIbox/mios32/trunk/drivers/STM32F4xx/v1.1.0/STM32F4xx_StdPeriph_Driver/src/stm32f4xx_adc.o
LOAD project_build//data/Hardware/MIDIbox/mios32/trunk/drivers/STM32F4xx/v1.1.0/STM32F4xx_StdPeriph_Driver/src/stm32f4xx_can.o
LOAD project_build//data/Hardware/MIDIbox/mios32/trunk/drivers/STM32F4xx/v1.1.0/STM32F4xx_StdPeriph_Driver/src/stm32f4xx_crc.o
LOAD project_build//data/Hardware/MIDIbox/mios32/trunk/drivers/STM32F4xx/v1.1.0/STM32F4xx_StdPeriph_Driver/src/stm32f4xx_cryp.o
LOAD project_build//data/Hardware/MIDIbox/mios32/trunk/drivers/STM32F4xx/v1.1.0/STM32F4xx_StdPeriph_Driver/src/stm32f4xx_cryp_aes.o
LOAD project_build//data/Hardware/MIDIbox/mios32/trunk/drivers/STM32F4xx/v1.1.0/STM32F4xx_StdPeriph_Driver/src/stm32f4xx_cryp_des.o
LOAD project_build//data/Hardware/MIDIbox/mios32/trunk/drivers/STM32F4xx/v1.1.0/STM32F4xx_StdPeriph_Driver/src/stm32f4xx_cryp_tdes.o
LOAD project_build//data/Hardware/MIDIbox/mios32/trunk/drivers/STM32F4xx/v1.1.0/STM32F4xx_StdPeriph_Driver/src/stm32f4xx_dac.o
LOAD project_build//data/Hardware/MIDIbox/mios32/trunk/drivers/STM32F4xx/v1.1.0/STM32F4xx_StdPeriph_Driver/src/stm32f4xx_dbgmcu.o
LOAD project_build//data/Hardware/MIDIbox/mios32/trunk/drivers/STM32F4xx/v1.1.0/STM32F4xx_StdPeriph_Driver/src/stm32f4xx_dcmi.o
LOAD project_build//data/Hardware/MIDIbox/mios32/trunk/drivers/STM32F4xx/v1.1.0/STM32F4xx_StdPeriph_Driver/src/stm32f4xx_dma.o
LOAD project_build//data/Hardware/MIDIbox/mios32/trunk/drivers/STM32F4xx/v1.1.0/STM32F4xx_StdPeriph_Driver/src/stm32f4xx_exti.o
LOAD project_build//data/Hardware/MIDIbox/mios32/trunk/drivers/STM32F4xx/v1.1.0/STM32F4xx_StdPeriph_Driver/src/stm32f4xx_flash.o
LOAD project_build//data/Hardware/MIDIbox/mios32/trunk/drivers/STM32F4xx/v1.1.0/STM32F4xx_StdPeriph_Driver/src/stm32f4xx_fsmc.o
LOAD project_build//data/Hardware/MIDIbox/mios32/trunk/drivers/STM32F4xx/v1.1.0/STM32F4xx_StdPeriph_Driver/src/stm32f4xx_gpio.o
LOAD project_build//data/Hardware/MIDIbox/mios32/trunk/drivers/STM32F4xx/v1.1.0/STM32F4xx_StdPeriph_Driver/src/stm32f4xx_hash.o
LOAD project_build//data/Hardware/MIDIbox/mios32/trunk/drivers/STM32F4xx/v1.1.0/STM32F4xx_StdPeriph_Driver/src/stm32f4xx_hash_md5.o
LOAD project_build//data/Hardware/MIDIbox/mios32/trunk/drivers/STM32F4xx/v1.1.0/STM32F4xx_StdPeriph_Driver/src/stm32f4xx_hash_sha1.o
LOAD project_build//data/Hardware/MIDIbox/mios32/trunk/drivers/STM32F4xx/v1.1.0/STM32F4xx_StdPeriph_Driver/src/stm32f4xx_i2c.o
LOAD project_build//data/Hardware/MIDIbox/mios32/trunk/drivers/STM32F4xx/v1.1.0/STM32F4xx_StdPeriph_Driver/src/stm32f4xx_iwdg.o
LOAD project_build//data/Hardware/MIDIbox/mios32/trunk/drivers/STM32F4xx/v1.1.0/STM32F4xx_StdPeriph_Driver/src/stm32f4xx_pwr.o
LOAD project_build//data/Hardware/MIDIbox/mios32/trunk/drivers/STM32F4xx/v1.1.0/STM32F4xx_StdPeriph_Driver/src/stm32f4xx_rcc.o
LOAD project_build//data/Hardware/MIDIbox/mios32/trunk/drivers/STM32F4xx/v1.1.0/STM32F4xx_StdPeriph_Driver/src/stm32f4xx_rng.o
LOAD project_build//data/Hardware/MIDIbox/mios32/trunk/drivers/STM32F4xx/v1.1.0/STM32F4xx_StdPeriph_Driver/src/stm32f4xx_rtc.o
LOAD project_build//data/Hardware/MIDIbox/mios32/trunk/drivers/STM32F4xx/v1.1.0/STM32F4xx_StdPeriph_Driver/src/stm32f4xx_sdio.o
LOAD project_build//data/Hardware/MIDIbox/mios32/trunk/drivers/STM32F4xx/v1.1.0/STM32F4xx_StdPeriph_Driver/src/stm32f4xx_spi.o
LOAD project_build//data/Hardware/MIDIbox/mios32/trunk/drivers/STM32F4xx/v1.1.0/STM32F4xx_StdPeriph_Driver/src/stm32f4xx_syscfg.o
LOAD project_build//data/Hardware/MIDIbox/mios32/trunk/drivers/STM32F4xx/v1.1.0/STM32F4xx_StdPeriph_Driver/src/stm32f4xx_tim.o
LOAD project_build//data/Hardware/MIDIbox/mios32/trunk/drivers/STM32F4xx/v1.1.0/STM32F4xx_StdPeriph_Driver/src/stm32f4xx_usart.o
LOAD project_build//data/Hardware/MIDIbox/mios32/trunk/drivers/STM32F4xx/v1.1.0/STM32F4xx_StdPeriph_Driver/src/stm32f4xx_wwdg.o
LOAD project_build//data/Hardware/MIDIbox/mios32/trunk/drivers/STM32F4xx/v1.1.0/STM32_USB_Device_Library/Core/src/usbd_core.o
LOAD project_build//data/Hardware/MIDIbox/mios32/trunk/drivers/STM32F4xx/v1.1.0/STM32_USB_Device_Library/Core/src/usbd_ioreq.o
LOAD project_build//data/Hardware/MIDIbox/mios32/trunk/drivers/STM32F4xx/v1.1.0/STM32_USB_Device_Library/Core/src/usbd_req.o
LOAD project_build//data/Hardware/MIDIbox/mios32/trunk/drivers/STM32F4xx/v1.1.0/STM32_USB_HOST_Library/Core/src/usbh_core.o
LOAD project_build//data/Hardware/MIDIbox/mios32/trunk/drivers/STM32F4xx/v1.1.0/STM32_USB_HOST_Library/Core/src/usbh_hcs.o
LOAD project_build//data/Hardware/MIDIbox/mios32/trunk/drivers/STM32F4xx/v1.1.0/STM32_USB_HOST_Library/Core/src/usbh_ioreq.o
LOAD project_build//data/Hardware/MIDIbox/mios32/trunk/drivers/STM32F4xx/v1.1.0/STM32_USB_HOST_Library/Core/src/usbh_stdreq.o
LOAD project_build//data/Hardware/MIDIbox/mios32/trunk/drivers/STM32F4xx/v1.1.0/STM32_USB_OTG_Driver/src/usb_core.o
LOAD project_build//data/Hardware/MIDIbox/mios32/trunk/drivers/STM32F4xx/v1.1.0/STM32_USB_OTG_Driver/src/usb_dcd.o
LOAD project_build//data/Hardware/MIDIbox/mios32/trunk/drivers/STM32F4xx/v1.1.0/STM32_USB_OTG_Driver/src/usb_dcd_int.o
LOAD project_build//data/Hardware/MIDIbox/mios32/trunk/drivers/STM32F4xx/v1.1.0/STM32_USB_OTG_Driver/src/usb_hcd.o
LOAD project_build//data/Hardware/MIDIbox/mios32/trunk/drivers/STM32F4xx/v1.1.0/STM32_USB_OTG_Driver/src/usb_hcd_int.o
LOAD project_build//data/Hardware/MIDIbox/mios32/trunk/drivers/STM32F4xx/v1.1.0/STM32_USB_OTG_Driver/src/usb_otg.o
LOAD project_build//data/Hardware/MIDIbox/mios32/trunk/modules/app_lcd/universal/app_lcd.o
LOAD project_build//data/Hardware/MIDIbox/mios32/trunk/modules/glcd_font/glcd_font_normal.o
LOAD project_build//data/Hardware/MIDIbox/mios32/trunk/modules/glcd_font/glcd_font_normal_inv.o
LOAD project_build//data/Hardware/MIDIbox/mios32/trunk/modules/glcd_font/glcd_font_big.o
LOAD project_build//data/Hardware/MIDIbox/mios32/trunk/modules/glcd_font/glcd_font_small.o
LOAD project_build//data/Hardware/MIDIbox/mios32/trunk/modules/glcd_font/glcd_font_tiny.o
LOAD project_build//data/Hardware/MIDIbox/mios32/trunk/modules/glcd_font/glcd_font_knob_icons.o
LOAD project_build//data/Hardware/MIDIbox/mios32/trunk/modules/glcd_font/glcd_font_meter_icons_h.o
LOAD project_build//data/Hardware/MIDIbox/mios32/trunk/modules/glcd_font/glcd_font_meter_icons_v.o
LOAD project_build//data/Hardware/MIDIbox/mios32/trunk/modules/fatfs/src/diskio.o
LOAD project_build//data/Hardware/MIDIbox/mios32/trunk/modules/fatfs/src/option/ccsbcs.o
LOAD project_build//data/Hardware/MIDIbox/mios32/trunk/modules/fatfs/src/ff.o
LOAD project_build//data/Hardware/MIDIbox/mios32/trunk/modules/file/file.o
LOAD project_build//data/Hardware/MIDIbox/mios32/trunk/modules/genesis/genesis.o
LOAD project_build/src/app.o
LOAD project_build/src/vgmhead.o
LOAD project_build/src/vgmsourcestream.o
LOAD project_build/src/vgmplayer.o
LOAD project_build//data/Hardware/MIDIbox/mios32/trunk/programming_models/traditional/mini_cpp.o
LOAD project_build//data/Hardware/MIDIbox/mios32/trunk/programming_models/traditional/freertos_heap.o
LOAD /usr/local/etc/mios32_toolchain/bin/../lib/gcc/arm-none-eabi/4.7.4/../../../../arm-none-eabi/lib/armv7e-m/libstdc++_s.a
START GROUP
LOAD /usr/local/etc/mios32_toolchain/bin/../lib/gcc/arm-none-eabi/4.7.4/armv7e-m/libgcc.a
LOAD /usr/local/etc/mios32_toolchain/bin/../lib/gcc/arm-none-eabi/4.7.4/../../../../arm-none-eabi/lib/armv7e-m/libc_s.a
END GROUP
                0x20020000                _estack = 0x20020000
                0x00000080                __Stack_Size = 0x80
                0x00000080                PROVIDE (_Stack_Size, __Stack_Size)
                0x2001ff80                __Stack_Init = (_estack - __Stack_Size)
                0x2001ff80                PROVIDE (_Stack_Init, __Stack_Init)
                0x00000100                _Minimum_Stack_Size = 0x100
                0x42000000                PERIPH_BB_BASE = 0x42000000
                0x22000000                SRAM_BB_BASE = 0x22000000
                0x20000000                SRAM_BASE = 0x20000000
                0x40000000                PERIPH_BASE = 0x40000000
                0x40022000                PROVIDE (FLASH_BASE, 0x40022000)
                0x1ffff800                PROVIDE (OB_BASE, 0x1ffff800)
                0x40000000                APB1PERIPH_BASE = PERIPH_BASE
                0x40010000                APB2PERIPH_BASE = (PERIPH_BASE + 0x10000)
                0x40020000                AHBPERIPH_BASE = (PERIPH_BASE + 0x20000)
                0x40000000                PROVIDE (TIM2, (APB1PERIPH_BASE + 0x0))
                0x40000400                PROVIDE (TIM3, (APB1PERIPH_BASE + 0x400))
                0x40000800                PROVIDE (TIM4, (APB1PERIPH_BASE + 0x800))
                0x40002800                PROVIDE (RTC, (APB1PERIPH_BASE + 0x2800))
                0x40002c00                PROVIDE (WWDG, (APB1PERIPH_BASE + 0x2c00))
                0x40003000                PROVIDE (IWDG, (APB1PERIPH_BASE + 0x3000))
                0x40003800                PROVIDE (SPI2, (APB1PERIPH_BASE + 0x3800))
                0x40004400                PROVIDE (USART2, (APB1PERIPH_BASE + 0x4400))
                0x40004800                PROVIDE (USART3, (APB1PERIPH_BASE + 0x4800))
                0x40005400                PROVIDE (I2C1, (APB1PERIPH_BASE + 0x5400))
                0x40005800                PROVIDE (I2C2, (APB1PERIPH_BASE + 0x5800))
                0x40006400                PROVIDE (CAN, (APB1PERIPH_BASE + 0x6400))
                0x40006c00                PROVIDE (BKP, (APB1PERIPH_BASE + 0x6c00))
                0x40007000                PROVIDE (PWR, (APB1PERIPH_BASE + 0x7000))
                0x40010000                PROVIDE (AFIO, (APB2PERIPH_BASE + 0x0))
                0x40010400                PROVIDE (EXTI, (APB2PERIPH_BASE + 0x400))
                0x40010800                PROVIDE (GPIOA, (APB2PERIPH_BASE + 0x800))
                0x40010c00                PROVIDE (GPIOB, (APB2PERIPH_BASE + 0xc00))
                0x40011000                PROVIDE (GPIOC, (APB2PERIPH_BASE + 0x1000))
                0x40011400                PROVIDE (GPIOD, (APB2PERIPH_BASE + 0x1400))
                0x40011800                PROVIDE (GPIOE, (APB2PERIPH_BASE + 0x1800))
                0x40012400                PROVIDE (ADC1, (APB2PERIPH_BASE + 0x2400))
                0x40012800                PROVIDE (ADC2, (APB2PERIPH_BASE + 0x2800))
                0x40012c00                PROVIDE (TIM1, (APB2PERIPH_BASE + 0x2c00))
                0x40013000                PROVIDE (SPI1, (APB2PERIPH_BASE + 0x3000))
                0x40013800                PROVIDE (USART1, (APB2PERIPH_BASE + 0x3800))
                0x40020000                PROVIDE (DMA, (AHBPERIPH_BASE + 0x0))
                0x40020008                PROVIDE (DMA_Channel1, (AHBPERIPH_BASE + 0x8))
                0x4002001c                PROVIDE (DMA_Channel2, (AHBPERIPH_BASE + 0x1c))
                0x40020030                PROVIDE (DMA_Channel3, (AHBPERIPH_BASE + 0x30))
                0x40020044                PROVIDE (DMA_Channel4, (AHBPERIPH_BASE + 0x44))
                0x40020058                PROVIDE (DMA_Channel5, (AHBPERIPH_BASE + 0x58))
                0x4002006c                PROVIDE (DMA_Channel6, (AHBPERIPH_BASE + 0x6c))
                0x40020080                PROVIDE (DMA_Channel7, (AHBPERIPH_BASE + 0x80))
                0x40021000                PROVIDE (RCC, (AHBPERIPH_BASE + 0x1000))
                0xe000e000                SCS_BASE = 0xe000e000
                0xe000e010                PROVIDE (SysTick, (SCS_BASE + 0x10))
                0xe000e100                PROVIDE (NVIC, (SCS_BASE + 0x100))
                0xe000ed00                PROVIDE (SCB, (SCS_BASE + 0xd00))

.mios32_bsl     0x08000000     0x4000
                0x08000000                . = ALIGN (0x4)
 *(.mios32_bsl)
 .mios32_bsl    0x08000000     0x4000 project_build//data/Hardware/MIDIbox/mios32/trunk/mios32/STM32F4xx/mios32_bsl.o
                0x08000000                mios32_bsl_image
                0x08004000                . = ALIGN (0x4)

.isr_vector     0x08004000      0x188
                0x08004000                _mios32_sys_isr_vector = .
                0x08004000                . = ALIGN (0x4)
 *(.isr_vector)
 .isr_vector    0x08004000      0x188 project_build//data/Hardware/MIDIbox/mios32/trunk/programming_models/traditional/startup_stm32f4xx.o
                0x08004000                g_pfnVectors
                0x08004188                . = ALIGN (0x4)
                0x08004000                PROVIDE (mios32_sys_isr_vector, _mios32_sys_isr_vector)

.flashtext      0x08010000        0x0
                0x08010000                . = ALIGN (0x4)
 *(.flashtext)
                0x08010000                . = ALIGN (0x4)

.text           0x08010000     0xbe1c
                0x08010000                . = ALIGN (0x4)
 CREATE_OBJECT_SYMBOLS
 *(.text .text.* .gnu.linkonce.t.*)
 .text.VgmPlayerLL_GetVGMTime
                0x08010000        0xc project_build/src/vgmplayer_ll.o
                0x08010000                VgmPlayerLL_GetVGMTime
 .text.TIM3_IRQHandler
                0x0801000c       0x4c project_build/src/vgmplayer_ll.o
                0x0801000c                TIM3_IRQHandler
 .text.VgmPlayerLL_RegisterCallback
                0x08010058        0xc project_build/src/vgmplayer_ll.o
                0x08010058                VgmPlayerLL_RegisterCallback
 .text.VgmPlayerLL_Init
                0x08010064       0xd4 project_build/src/vgmplayer_ll.o
                0x08010064                VgmPlayerLL_Init
 .text.SRIO_ServiceFinish
                0x08010138        0xe project_build//data/Hardware/MIDIbox/mios32/trunk/programming_models/traditional/main.o
                0x08010138                SRIO_ServiceFinish
 *fill*         0x08010146        0x2 00
 .text.TASK_Hooks
                0x08010148       0x48 project_build//data/Hardware/MIDIbox/mios32/trunk/programming_models/traditional/main.o
 .text.TASK_MIDI_Hooks
                0x08010190       0x34 project_build//data/Hardware/MIDIbox/mios32/trunk/programming_models/traditional/main.o
 .text.startup.main
                0x080101c4       0xe0 project_build//data/Hardware/MIDIbox/mios32/trunk/programming_models/traditional/main.o
                0x080101c4                main
 .text.vApplicationTickHook
                0x080102a4       0x18 project_build//data/Hardware/MIDIbox/mios32/trunk/programming_models/traditional/main.o
                0x080102a4                vApplicationTickHook
 .text.vApplicationIdleHook
                0x080102bc        0x4 project_build//data/Hardware/MIDIbox/mios32/trunk/programming_models/traditional/main.o
                0x080102bc                vApplicationIdleHook
 .text._abort   0x080102c0       0x40 project_build//data/Hardware/MIDIbox/mios32/trunk/programming_models/traditional/main.o
                0x080102c0                _abort
 .text.HardFault_Handler_c
                0x08010300      0x148 project_build//data/Hardware/MIDIbox/mios32/trunk/programming_models/traditional/main.o
                0x08010300                HardFault_Handler_c
 .text.HardFault_Handler
                0x08010448       0x14 project_build//data/Hardware/MIDIbox/mios32/trunk/programming_models/traditional/main.o
                0x08010448                HardFault_Handler
 .text.prvAddCurrentTaskToDelayedList
                0x0801045c       0x50 project_build//data/Hardware/MIDIbox/mios32/trunk/FreeRTOS/Source/tasks.o
 .text.xTaskGenericCreate
                0x080104ac      0x194 project_build//data/Hardware/MIDIbox/mios32/trunk/FreeRTOS/Source/tasks.o
                0x080104ac                xTaskGenericCreate
 .text.vTaskStartScheduler
                0x08010640       0x4c project_build//data/Hardware/MIDIbox/mios32/trunk/FreeRTOS/Source/tasks.o
                0x08010640                vTaskStartScheduler
 .text.vTaskSuspendAll
                0x0801068c       0x10 project_build//data/Hardware/MIDIbox/mios32/trunk/FreeRTOS/Source/tasks.o
                0x0801068c                vTaskSuspendAll
 .text.xTaskGetTickCount
                0x0801069c       0x18 project_build//data/Hardware/MIDIbox/mios32/trunk/FreeRTOS/Source/tasks.o
                0x0801069c                xTaskGetTickCount
 .text.vTaskIncrementTick
                0x080106b4       0xec project_build//data/Hardware/MIDIbox/mios32/trunk/FreeRTOS/Source/tasks.o
                0x080106b4                vTaskIncrementTick
 .text.xTaskResumeAll
                0x080107a0       0xc4 project_build//data/Hardware/MIDIbox/mios32/trunk/FreeRTOS/Source/tasks.o
                0x080107a0                xTaskResumeAll
 .text.prvIdleTask
                0x08010864       0x68 project_build//data/Hardware/MIDIbox/mios32/trunk/FreeRTOS/Source/tasks.o
 .text.vTaskDelayUntil
                0x080108cc       0x78 project_build//data/Hardware/MIDIbox/mios32/trunk/FreeRTOS/Source/tasks.o
                0x080108cc                vTaskDelayUntil
 .text.vTaskSwitchContext
                0x08010944       0x54 project_build//data/Hardware/MIDIbox/mios32/trunk/FreeRTOS/Source/tasks.o
                0x08010944                vTaskSwitchContext
 .text.vListInitialise
                0x08010998       0x16 project_build//data/Hardware/MIDIbox/mios32/trunk/FreeRTOS/Source/list.o
                0x08010998                vListInitialise
 .text.vListInitialiseItem
                0x080109ae        0x6 project_build//data/Hardware/MIDIbox/mios32/trunk/FreeRTOS/Source/list.o
                0x080109ae                vListInitialiseItem
 .text.vListInsertEnd
                0x080109b4       0x1a project_build//data/Hardware/MIDIbox/mios32/trunk/FreeRTOS/Source/list.o
                0x080109b4                vListInsertEnd
 .text.vListInsert
                0x080109ce       0x30 project_build//data/Hardware/MIDIbox/mios32/trunk/FreeRTOS/Source/list.o
                0x080109ce                vListInsert
 .text.uxListRemove
                0x080109fe       0x22 project_build//data/Hardware/MIDIbox/mios32/trunk/FreeRTOS/Source/list.o
                0x080109fe                uxListRemove
 .text.prvPortStartFirstTask
                0x08010a20       0x14 project_build//data/Hardware/MIDIbox/mios32/trunk/FreeRTOS/Source/portable/GCC/ARM_CM3/port.o
 .text.pxPortInitialiseStack
                0x08010a34       0x16 project_build//data/Hardware/MIDIbox/mios32/trunk/FreeRTOS/Source/portable/GCC/ARM_CM3/port.o
                0x08010a34                pxPortInitialiseStack
 *fill*         0x08010a4a        0x2 00
 .text.vPortSVCHandler
                0x08010a4c       0x20 project_build//data/Hardware/MIDIbox/mios32/trunk/FreeRTOS/Source/portable/GCC/ARM_CM3/port.o
                0x08010a4c                vPortSVCHandler
 .text.vPortYieldFromISR
                0x08010a6c       0x10 project_build//data/Hardware/MIDIbox/mios32/trunk/FreeRTOS/Source/portable/GCC/ARM_CM3/port.o
                0x08010a6c                vPortYieldFromISR
 .text.ulPortSetInterruptMask
                0x08010a7c       0x10 project_build//data/Hardware/MIDIbox/mios32/trunk/FreeRTOS/Source/portable/GCC/ARM_CM3/port.o
                0x08010a7c                ulPortSetInterruptMask
 .text.vPortEnterCritical
                0x08010a8c       0x14 project_build//data/Hardware/MIDIbox/mios32/trunk/FreeRTOS/Source/portable/GCC/ARM_CM3/port.o
                0x08010a8c                vPortEnterCritical
 .text.vPortClearInterruptMask
                0x08010aa0        0x6 project_build//data/Hardware/MIDIbox/mios32/trunk/FreeRTOS/Source/portable/GCC/ARM_CM3/port.o
                0x08010aa0                vPortClearInterruptMask
 *fill*         0x08010aa6        0x2 00
 .text.vPortExitCritical
                0x08010aa8       0x14 project_build//data/Hardware/MIDIbox/mios32/trunk/FreeRTOS/Source/portable/GCC/ARM_CM3/port.o
                0x08010aa8                vPortExitCritical
 .text.xPortPendSVHandler
                0x08010abc       0x3c project_build//data/Hardware/MIDIbox/mios32/trunk/FreeRTOS/Source/portable/GCC/ARM_CM3/port.o
                0x08010abc                xPortPendSVHandler
 .text.xPortSysTickHandler
                0x08010af8       0x20 project_build//data/Hardware/MIDIbox/mios32/trunk/FreeRTOS/Source/portable/GCC/ARM_CM3/port.o
                0x08010af8                xPortSysTickHandler
 .text.vPortSetupTimerInterrupt
                0x08010b18       0x18 project_build//data/Hardware/MIDIbox/mios32/trunk/FreeRTOS/Source/portable/GCC/ARM_CM3/port.o
                0x08010b18                vPortSetupTimerInterrupt
 .text.xPortStartScheduler
                0x08010b30       0x30 project_build//data/Hardware/MIDIbox/mios32/trunk/FreeRTOS/Source/portable/GCC/ARM_CM3/port.o
                0x08010b30                xPortStartScheduler
 .text.umm_disconnect_from_free_list
                0x08010b60       0x2c project_build//data/Hardware/MIDIbox/mios32/trunk/FreeRTOS/Source/portable/MemMang/umm_malloc.o
 .text.umm_assimilate_up
                0x08010b8c       0x4c project_build//data/Hardware/MIDIbox/mios32/trunk/FreeRTOS/Source/portable/MemMang/umm_malloc.o
 .text.vPortFree
                0x08010bd8       0x74 project_build//data/Hardware/MIDIbox/mios32/trunk/FreeRTOS/Source/portable/MemMang/umm_malloc.o
                0x08010bd8                vPortFree
 .text.pvPortMalloc
                0x08010c4c      0x11c project_build//data/Hardware/MIDIbox/mios32/trunk/FreeRTOS/Source/portable/MemMang/umm_malloc.o
                0x08010c4c                pvPortMalloc
 .text.Default_Handler
                0x08010d68        0x2 project_build//data/Hardware/MIDIbox/mios32/trunk/programming_models/traditional/startup_stm32f4xx.o
                0x08010d68                RTC_Alarm_IRQHandler
                0x08010d68                HASH_RNG_IRQHandler
                0x08010d68                EXTI2_IRQHandler
                0x08010d68                TIM8_CC_IRQHandler
                0x08010d68                DebugMon_Handler
                0x08010d68                TIM1_CC_IRQHandler
                0x08010d68                DMA2_Stream5_IRQHandler
                0x08010d68                DMA1_Stream5_IRQHandler
                0x08010d68                SysTick_Handler
                0x08010d68                PVD_IRQHandler
                0x08010d68                SDIO_IRQHandler
                0x08010d68                TAMP_STAMP_IRQHandler
                0x08010d68                PendSV_Handler
                0x08010d68                NMI_Handler
                0x08010d68                CAN2_RX1_IRQHandler
                0x08010d68                EXTI3_IRQHandler
                0x08010d68                TIM8_TRG_COM_TIM14_IRQHandler
                0x08010d68                TIM1_UP_TIM10_IRQHandler
                0x08010d68                TIM8_UP_TIM13_IRQHandler
                0x08010d68                I2C3_ER_IRQHandler
                0x08010d68                EXTI0_IRQHandler
                0x08010d68                CAN1_RX0_IRQHandler
                0x08010d68                FPU_IRQHandler
                0x08010d68                OTG_HS_WKUP_IRQHandler
                0x08010d68                UsageFault_Handler
                0x08010d68                CAN2_SCE_IRQHandler
                0x08010d68                SPI1_IRQHandler
                0x08010d68                TIM6_DAC_IRQHandler
                0x08010d68                TIM1_BRK_TIM9_IRQHandler
                0x08010d68                DCMI_IRQHandler
                0x08010d68                CAN2_RX0_IRQHandler
                0x08010d68                DMA2_Stream3_IRQHandler
                0x08010d68                USART6_IRQHandler
                0x08010d68                CRYP_IRQHandler
                0x08010d68                CAN1_RX1_IRQHandler
                0x08010d68                UART5_IRQHandler
                0x08010d68                DMA2_Stream0_IRQHandler
                0x08010d68                TIM4_IRQHandler
                0x08010d68                DMA1_Stream6_IRQHandler
                0x08010d68                DMA1_Stream1_IRQHandler
                0x08010d68                UART4_IRQHandler
                0x08010d68                RCC_IRQHandler
                0x08010d68                TIM8_BRK_TIM12_IRQHandler
                0x08010d68                Default_Handler
                0x08010d68                EXTI15_10_IRQHandler
                0x08010d68                ADC_IRQHandler
                0x08010d68                DMA1_Stream7_IRQHandler
                0x08010d68                TIM7_IRQHandler
                0x08010d68                CAN2_TX_IRQHandler
                0x08010d68                TIM5_IRQHandler
                0x08010d68                DMA2_Stream7_IRQHandler
                0x08010d68                I2C3_EV_IRQHandler
                0x08010d68                EXTI9_5_IRQHandler
                0x08010d68                RTC_WKUP_IRQHandler
                0x08010d68                ETH_WKUP_IRQHandler
                0x08010d68                SPI2_IRQHandler
                0x08010d68                OTG_HS_EP1_IN_IRQHandler
                0x08010d68                MemManage_Handler
                0x08010d68                DMA1_Stream0_IRQHandler
                0x08010d68                CAN1_TX_IRQHandler
                0x08010d68                SVC_Handler
                0x08010d68                EXTI4_IRQHandler
                0x08010d68                FSMC_IRQHandler
                0x08010d68                ETH_IRQHandler
                0x08010d68                OTG_HS_EP1_OUT_IRQHandler
                0x08010d68                WWDG_IRQHandler
                0x08010d68                TIM2_IRQHandler
                0x08010d68                OTG_FS_WKUP_IRQHandler
                0x08010d68                TIM1_TRG_COM_TIM11_IRQHandler
                0x08010d68                OTG_HS_IRQHandler
                0x08010d68                EXTI1_IRQHandler
                0x08010d68                DMA2_Stream1_IRQHandler
                0x08010d68                CAN1_SCE_IRQHandler
                0x08010d68                FLASH_IRQHandler
                0x08010d68                DMA2_Stream4_IRQHandler
                0x08010d68                BusFault_Handler
                0x08010d68                USART1_IRQHandler
                0x08010d68                SPI3_IRQHandler
                0x08010d68                DMA1_Stream4_IRQHandler
                0x08010d68                DMA2_Stream6_IRQHandler
 *fill*         0x08010d6a        0x2 00
 .text.Reset_Handler
                0x08010d6c       0x4c project_build//data/Hardware/MIDIbox/mios32/trunk/programming_models/traditional/startup_stm32f4xx.o
                0x08010d6c                Reset_Handler
 .text._init    0x08010db8        0x2 project_build//data/Hardware/MIDIbox/mios32/trunk/programming_models/traditional/startup_stm32f4xx.o
                0x08010db8                _init
 *fill*         0x08010dba        0x2 00
 .text.MIOS32_SRIO_DMA_Callback
                0x08010dbc       0xac project_build//data/Hardware/MIDIbox/mios32/trunk/mios32/common/mios32_srio.o
 .text.MIOS32_SRIO_Init
                0x08010e68       0x90 project_build//data/Hardware/MIDIbox/mios32/trunk/mios32/common/mios32_srio.o
                0x08010e68                MIOS32_SRIO_Init
 .text.MIOS32_SRIO_ScanNumGet
                0x08010ef8        0xc project_build//data/Hardware/MIDIbox/mios32/trunk/mios32/common/mios32_srio.o
                0x08010ef8                MIOS32_SRIO_ScanNumGet
 .text.MIOS32_SRIO_DebounceStart
                0x08010f04       0x14 project_build//data/Hardware/MIDIbox/mios32/trunk/mios32/common/mios32_srio.o
                0x08010f04                MIOS32_SRIO_DebounceStart
 .text.MIOS32_SRIO_ScanStart
                0x08010f18       0x78 project_build//data/Hardware/MIDIbox/mios32/trunk/mios32/common/mios32_srio.o
                0x08010f18                MIOS32_SRIO_ScanStart
 .text.MIOS32_DIN_Init
                0x08010f90       0x28 project_build//data/Hardware/MIDIbox/mios32/trunk/mios32/common/mios32_din.o
                0x08010f90                MIOS32_DIN_Init
 .text.MIOS32_DIN_SRChangedGetAndClear
                0x08010fb8       0x30 project_build//data/Hardware/MIDIbox/mios32/trunk/mios32/common/mios32_din.o
                0x08010fb8                MIOS32_DIN_SRChangedGetAndClear
 .text.MIOS32_DIN_Handler
                0x08010fe8       0x64 project_build//data/Hardware/MIDIbox/mios32/trunk/mios32/common/mios32_din.o
                0x08010fe8                MIOS32_DIN_Handler
 .text.MIOS32_DOUT_Init
                0x0801104c       0x1c project_build//data/Hardware/MIDIbox/mios32/trunk/mios32/common/mios32_dout.o
                0x0801104c                MIOS32_DOUT_Init
 .text.MIOS32_ENC_Init
                0x08011068       0x6c project_build//data/Hardware/MIDIbox/mios32/trunk/mios32/common/mios32_enc.o
                0x08011068                MIOS32_ENC_Init
 .text.MIOS32_ENC_UpdateStates
                0x080110d4      0x26c project_build//data/Hardware/MIDIbox/mios32/trunk/mios32/common/mios32_enc.o
                0x080110d4                MIOS32_ENC_UpdateStates
 .text.MIOS32_ENC_Handler
                0x08011340       0x44 project_build//data/Hardware/MIDIbox/mios32/trunk/mios32/common/mios32_enc.o
                0x08011340                MIOS32_ENC_Handler
 .text.MIOS32_LCD_ParametersFetchFromBslInfoRange
                0x08011384       0x64 project_build//data/Hardware/MIDIbox/mios32/trunk/mios32/common/mios32_lcd.o
                0x08011384                MIOS32_LCD_ParametersFetchFromBslInfoRange
 .text.MIOS32_LCD_TypeIsGLCD
                0x080113e8       0x10 project_build//data/Hardware/MIDIbox/mios32/trunk/mios32/common/mios32_lcd.o
                0x080113e8                MIOS32_LCD_TypeIsGLCD
 .text.MIOS32_LCD_DeviceSet
                0x080113f8        0xc project_build//data/Hardware/MIDIbox/mios32/trunk/mios32/common/mios32_lcd.o
                0x080113f8                MIOS32_LCD_DeviceSet
 .text.MIOS32_LCD_CursorSet
                0x08011404       0x44 project_build//data/Hardware/MIDIbox/mios32/trunk/mios32/common/mios32_lcd.o
                0x08011404                MIOS32_LCD_CursorSet
 .text.MIOS32_LCD_GCursorSet
                0x08011448       0x14 project_build//data/Hardware/MIDIbox/mios32/trunk/mios32/common/mios32_lcd.o
                0x08011448                MIOS32_LCD_GCursorSet
 .text.MIOS32_LCD_CursorMapSet
                0x0801145c       0x18 project_build//data/Hardware/MIDIbox/mios32/trunk/mios32/common/mios32_lcd.o
                0x0801145c                MIOS32_LCD_CursorMapSet
 .text.MIOS32_LCD_FontInit
                0x08011474       0x24 project_build//data/Hardware/MIDIbox/mios32/trunk/mios32/common/mios32_lcd.o
                0x08011474                MIOS32_LCD_FontInit
 .text.MIOS32_LCD_Clear
                0x08011498        0x4 project_build//data/Hardware/MIDIbox/mios32/trunk/mios32/common/mios32_lcd.o
                0x08011498                MIOS32_LCD_Clear
 .text.MIOS32_LCD_Init
                0x0801149c       0x54 project_build//data/Hardware/MIDIbox/mios32/trunk/mios32/common/mios32_lcd.o
                0x0801149c                MIOS32_LCD_Init
 .text.MIOS32_LCD_PrintChar
                0x080114f0       0x64 project_build//data/Hardware/MIDIbox/mios32/trunk/mios32/common/mios32_lcd.o
                0x080114f0                MIOS32_LCD_PrintChar
 .text.MIOS32_LCD_PrintString
                0x08011554       0x18 project_build//data/Hardware/MIDIbox/mios32/trunk/mios32/common/mios32_lcd.o
                0x08011554                MIOS32_LCD_PrintString
 .text.MIOS32_LCD_PrintBootMessage
                0x0801156c       0x3c project_build//data/Hardware/MIDIbox/mios32/trunk/mios32/common/mios32_lcd.o
                0x0801156c                MIOS32_LCD_PrintBootMessage
 .text.MIOS32_LCD_PrintFormattedString
                0x080115a8       0x24 project_build//data/Hardware/MIDIbox/mios32/trunk/mios32/common/mios32_lcd.o
                0x080115a8                MIOS32_LCD_PrintFormattedString
 .text.MIOS32_LCD_BColourSet
                0x080115cc        0x4 project_build//data/Hardware/MIDIbox/mios32/trunk/mios32/common/mios32_lcd.o
                0x080115cc                MIOS32_LCD_BColourSet
 .text.MIOS32_LCD_FColourSet
                0x080115d0        0x4 project_build//data/Hardware/MIDIbox/mios32/trunk/mios32/common/mios32_lcd.o
                0x080115d0                MIOS32_LCD_FColourSet
 .text.MIOS32_MIDI_Init
                0x080115d4       0xd8 project_build//data/Hardware/MIDIbox/mios32/trunk/mios32/common/mios32_midi.o
                0x080115d4                MIOS32_MIDI_Init
 .text.MIOS32_MIDI_SendPackage
                0x080116ac       0x9c project_build//data/Hardware/MIDIbox/mios32/trunk/mios32/common/mios32_midi.o
                0x080116ac                MIOS32_MIDI_SendPackage
 .text.MIOS32_MIDI_SendSysEx
                0x08011748       0x82 project_build//data/Hardware/MIDIbox/mios32/trunk/mios32/common/mios32_midi.o
                0x08011748                MIOS32_MIDI_SendSysEx
 *fill*         0x080117ca        0x2 00
 .text.MIOS32_MIDI_SYSEX_SendAckStr
                0x080117cc       0x5c project_build//data/Hardware/MIDIbox/mios32/trunk/mios32/common/mios32_midi.o
 .text.MIOS32_MIDI_SYSEX_SendAck
                0x08011828       0x48 project_build//data/Hardware/MIDIbox/mios32/trunk/mios32/common/mios32_midi.o
 .text.MIOS32_MIDI_SendDebugStringHeader
                0x08011870       0x68 project_build//data/Hardware/MIDIbox/mios32/trunk/mios32/common/mios32_midi.o
                0x08011870                MIOS32_MIDI_SendDebugStringHeader
 .text.MIOS32_MIDI_SendDebugStringBody
                0x080118d8       0x6a project_build//data/Hardware/MIDIbox/mios32/trunk/mios32/common/mios32_midi.o
                0x080118d8                MIOS32_MIDI_SendDebugStringBody
 .text.MIOS32_MIDI_SendDebugStringFooter
                0x08011942       0x1a project_build//data/Hardware/MIDIbox/mios32/trunk/mios32/common/mios32_midi.o
                0x08011942                MIOS32_MIDI_SendDebugStringFooter
 .text.MIOS32_MIDI_SendDebugString
                0x0801195c       0x38 project_build//data/Hardware/MIDIbox/mios32/trunk/mios32/common/mios32_midi.o
                0x0801195c                MIOS32_MIDI_SendDebugString
 .text.MIOS32_MIDI_SendDebugMessage
                0x08011994       0x50 project_build//data/Hardware/MIDIbox/mios32/trunk/mios32/common/mios32_midi.o
                0x08011994                MIOS32_MIDI_SendDebugMessage
 .text.MIOS32_MIDI_TimeOut
                0x080119e4       0x50 project_build//data/Hardware/MIDIbox/mios32/trunk/mios32/common/mios32_midi.o
 .text.MIOS32_MIDI_Periodic_mS
                0x08011a34       0x34 project_build//data/Hardware/MIDIbox/mios32/trunk/mios32/common/mios32_midi.o
                0x08011a34                MIOS32_MIDI_Periodic_mS
 .text.MIOS32_MIDI_SendByteToRxCallback
                0x08011a68       0x14 project_build//data/Hardware/MIDIbox/mios32/trunk/mios32/common/mios32_midi.o
                0x08011a68                MIOS32_MIDI_SendByteToRxCallback
 .text.MIOS32_MIDI_SendPackageToRxCallback
                0x08011a7c       0x50 project_build//data/Hardware/MIDIbox/mios32/trunk/mios32/common/mios32_midi.o
                0x08011a7c                MIOS32_MIDI_SendPackageToRxCallback
 .text.MIOS32_MIDI_DebugPortSet
                0x08011acc       0x18 project_build//data/Hardware/MIDIbox/mios32/trunk/mios32/common/mios32_midi.o
                0x08011acc                MIOS32_MIDI_DebugPortSet
 .text.MIOS32_MIDI_SYSEX_Cmd
                0x08011ae4      0x1b4 project_build//data/Hardware/MIDIbox/mios32/trunk/mios32/common/mios32_midi.o
 .text.MIOS32_MIDI_SYSEX_Parser
                0x08011c98       0xd8 project_build//data/Hardware/MIDIbox/mios32/trunk/mios32/common/mios32_midi.o
 .text.MIOS32_MIDI_ReceivePackage
                0x08011d70      0x22c project_build//data/Hardware/MIDIbox/mios32/trunk/mios32/common/mios32_midi.o
                0x08011d70                MIOS32_MIDI_ReceivePackage
 .text.MIOS32_MIDI_Receive_Handler
                0x08011f9c      0x138 project_build//data/Hardware/MIDIbox/mios32/trunk/mios32/common/mios32_midi.o
                0x08011f9c                MIOS32_MIDI_Receive_Handler
 .text.MIOS32_OSC_Init
                0x080120d4        0xc project_build//data/Hardware/MIDIbox/mios32/trunk/mios32/common/mios32_osc.o
                0x080120d4                MIOS32_OSC_Init
 .text.MIOS32_COM_Init
                0x080120e0       0x24 project_build//data/Hardware/MIDIbox/mios32/trunk/mios32/common/mios32_com.o
                0x080120e0                MIOS32_COM_Init
 .text.MIOS32_COM_SendBuffer
                0x08012104       0x2c project_build//data/Hardware/MIDIbox/mios32/trunk/mios32/common/mios32_com.o
                0x08012104                MIOS32_COM_SendBuffer
 .text.MIOS32_COM_SendChar
                0x08012130       0x12 project_build//data/Hardware/MIDIbox/mios32/trunk/mios32/common/mios32_com.o
                0x08012130                MIOS32_COM_SendChar
 .text.MIOS32_COM_Receive_Handler
                0x08012142       0x12 project_build//data/Hardware/MIDIbox/mios32/trunk/mios32/common/mios32_com.o
                0x08012142                MIOS32_COM_Receive_Handler
 .text.MIOS32_UART_MIDI_RS_Reset
                0x08012154       0x30 project_build//data/Hardware/MIDIbox/mios32/trunk/mios32/common/mios32_uart_midi.o
                0x08012154                MIOS32_UART_MIDI_RS_Reset
 .text.MIOS32_UART_MIDI_Init
                0x08012184       0x4c project_build//data/Hardware/MIDIbox/mios32/trunk/mios32/common/mios32_uart_midi.o
                0x08012184                MIOS32_UART_MIDI_Init
 .text.MIOS32_UART_MIDI_Periodic_mS
                0x080121d0       0x50 project_build//data/Hardware/MIDIbox/mios32/trunk/mios32/common/mios32_uart_midi.o
                0x080121d0                MIOS32_UART_MIDI_Periodic_mS
 .text.MIOS32_UART_MIDI_PackageSend_NonBlocking
                0x08012220       0xb8 project_build//data/Hardware/MIDIbox/mios32/trunk/mios32/common/mios32_uart_midi.o
                0x08012220                MIOS32_UART_MIDI_PackageSend_NonBlocking
 .text.MIOS32_UART_MIDI_PackageSend
                0x080122d8       0x14 project_build//data/Hardware/MIDIbox/mios32/trunk/mios32/common/mios32_uart_midi.o
                0x080122d8                MIOS32_UART_MIDI_PackageSend
 .text.MIOS32_UART_MIDI_PackageReceive
                0x080122ec      0x1b0 project_build//data/Hardware/MIDIbox/mios32/trunk/mios32/common/mios32_uart_midi.o
                0x080122ec                MIOS32_UART_MIDI_PackageReceive
 .text.MIOS32_SPI_MIDI_Init
                0x0801249c        0x6 project_build//data/Hardware/MIDIbox/mios32/trunk/mios32/common/mios32_spi_midi.o
                0x0801249c                MIOS32_SPI_MIDI_Init
 .text.MIOS32_SPI_MIDI_Periodic_mS
                0x080124a2        0x4 project_build//data/Hardware/MIDIbox/mios32/trunk/mios32/common/mios32_spi_midi.o
                0x080124a2                MIOS32_SPI_MIDI_Periodic_mS
 .text.MIOS32_SPI_MIDI_PackageSend
                0x080124a6        0x6 project_build//data/Hardware/MIDIbox/mios32/trunk/mios32/common/mios32_spi_midi.o
                0x080124a6                MIOS32_SPI_MIDI_PackageSend
 .text.MIOS32_SPI_MIDI_PackageReceive
                0x080124ac        0x6 project_build//data/Hardware/MIDIbox/mios32/trunk/mios32/common/mios32_spi_midi.o
                0x080124ac                MIOS32_SPI_MIDI_PackageReceive
 .text.MIOS32_IIC_MIDI_Init
                0x080124b2        0x6 project_build//data/Hardware/MIDIbox/mios32/trunk/mios32/common/mios32_iic_midi.o
                0x080124b2                MIOS32_IIC_MIDI_Init
 .text.MIOS32_IIC_MIDI_Periodic_mS
                0x080124b8        0x4 project_build//data/Hardware/MIDIbox/mios32/trunk/mios32/common/mios32_iic_midi.o
                0x080124b8                MIOS32_IIC_MIDI_Periodic_mS
 .text.MIOS32_IIC_MIDI_PackageSend
                0x080124bc        0x6 project_build//data/Hardware/MIDIbox/mios32/trunk/mios32/common/mios32_iic_midi.o
                0x080124bc                MIOS32_IIC_MIDI_PackageSend
 .text.MIOS32_IIC_BS_Init
                0x080124c2        0x6 project_build//data/Hardware/MIDIbox/mios32/trunk/mios32/common/mios32_iic_bs.o
                0x080124c2                MIOS32_IIC_BS_Init
 .text.MIOS32_MF_Init
                0x080124c8        0x6 project_build//data/Hardware/MIDIbox/mios32/trunk/mios32/common/mios32_mf.o
                0x080124c8                MIOS32_MF_Init
 .text.MIOS32_SDCARD_Init
                0x080124ce       0x20 project_build//data/Hardware/MIDIbox/mios32/trunk/mios32/common/mios32_sdcard.o
                0x080124ce                MIOS32_SDCARD_Init
 .text.MIOS32_SDCARD_SendSDCCmd
                0x080124ee      0x102 project_build//data/Hardware/MIDIbox/mios32/trunk/mios32/common/mios32_sdcard.o
                0x080124ee                MIOS32_SDCARD_SendSDCCmd
 .text.MIOS32_SDCARD_PowerOn
                0x080125f0      0x108 project_build//data/Hardware/MIDIbox/mios32/trunk/mios32/common/mios32_sdcard.o
                0x080125f0                MIOS32_SDCARD_PowerOn
 .text.MIOS32_SDCARD_CheckAvailable
                0x080126f8       0x8e project_build//data/Hardware/MIDIbox/mios32/trunk/mios32/common/mios32_sdcard.o
                0x080126f8                MIOS32_SDCARD_CheckAvailable
 *fill*         0x08012786        0x2 00
 .text.MIOS32_SDCARD_SectorRead
                0x08012788       0x94 project_build//data/Hardware/MIDIbox/mios32/trunk/mios32/common/mios32_sdcard.o
                0x08012788                MIOS32_SDCARD_SectorRead
 .text.MIOS32_SDCARD_SectorWrite
                0x0801281c       0xb0 project_build//data/Hardware/MIDIbox/mios32/trunk/mios32/common/mios32_sdcard.o
                0x0801281c                MIOS32_SDCARD_SectorWrite
 .text.MIOS32_TIMESTAMP_Init
                0x080128cc       0x14 project_build//data/Hardware/MIDIbox/mios32/trunk/mios32/common/mios32_timestamp.o
                0x080128cc                MIOS32_TIMESTAMP_Init
 .text.MIOS32_TIMESTAMP_Inc
                0x080128e0       0x10 project_build//data/Hardware/MIDIbox/mios32/trunk/mios32/common/mios32_timestamp.o
                0x080128e0                MIOS32_TIMESTAMP_Inc
 .text.MIOS32_SYS_Reset
                0x080128f0       0xac project_build//data/Hardware/MIDIbox/mios32/trunk/mios32/STM32F4xx/mios32_sys.o
                0x080128f0                MIOS32_SYS_Reset
 .text.MIOS32_SYS_ChipIDGet
                0x0801299c        0xc project_build//data/Hardware/MIDIbox/mios32/trunk/mios32/STM32F4xx/mios32_sys.o
                0x0801299c                MIOS32_SYS_ChipIDGet
 .text.MIOS32_SYS_FlashSizeGet
                0x080129a8       0x10 project_build//data/Hardware/MIDIbox/mios32/trunk/mios32/STM32F4xx/mios32_sys.o
                0x080129a8                MIOS32_SYS_FlashSizeGet
 .text.MIOS32_SYS_RAMSizeGet
                0x080129b8        0x6 project_build//data/Hardware/MIDIbox/mios32/trunk/mios32/STM32F4xx/mios32_sys.o
                0x080129b8                MIOS32_SYS_RAMSizeGet
 *fill*         0x080129be        0x2 00
 .text.MIOS32_SYS_SerialNumberGet
                0x080129c0       0x34 project_build//data/Hardware/MIDIbox/mios32/trunk/mios32/STM32F4xx/mios32_sys.o
                0x080129c0                MIOS32_SYS_SerialNumberGet
 .text.MIOS32_SYS_TimeSet
                0x080129f4       0x7c project_build//data/Hardware/MIDIbox/mios32/trunk/mios32/STM32F4xx/mios32_sys.o
                0x080129f4                MIOS32_SYS_TimeSet
 .text.MIOS32_SYS_Init
                0x08012a70      0x130 project_build//data/Hardware/MIDIbox/mios32/trunk/mios32/STM32F4xx/mios32_sys.o
                0x08012a70                MIOS32_SYS_Init
 .text.MIOS32_IRQ_Disable
                0x08012ba0       0x28 project_build//data/Hardware/MIDIbox/mios32/trunk/mios32/STM32F4xx/mios32_irq.o
                0x08012ba0                MIOS32_IRQ_Disable
 .text.MIOS32_IRQ_Enable
                0x08012bc8       0x28 project_build//data/Hardware/MIDIbox/mios32/trunk/mios32/STM32F4xx/mios32_irq.o
                0x08012bc8                MIOS32_IRQ_Enable
 .text.MIOS32_IRQ_Install
                0x08012bf0       0x4c project_build//data/Hardware/MIDIbox/mios32/trunk/mios32/STM32F4xx/mios32_irq.o
                0x08012bf0                MIOS32_IRQ_Install
 .text.MIOS32_SPI_IO_Init
                0x08012c3c      0x27c project_build//data/Hardware/MIDIbox/mios32/trunk/mios32/STM32F4xx/mios32_spi.o
                0x08012c3c                MIOS32_SPI_IO_Init
 .text.MIOS32_SPI_RC_PinSet
                0x08012eb8       0x78 project_build//data/Hardware/MIDIbox/mios32/trunk/mios32/STM32F4xx/mios32_spi.o
                0x08012eb8                MIOS32_SPI_RC_PinSet
 .text.MIOS32_SPI_TransferByte
                0x08012f30       0x4c project_build//data/Hardware/MIDIbox/mios32/trunk/mios32/STM32F4xx/mios32_spi.o
                0x08012f30                MIOS32_SPI_TransferByte
 .text.MIOS32_SPI_TransferModeInit
                0x08012f7c      0x110 project_build//data/Hardware/MIDIbox/mios32/trunk/mios32/STM32F4xx/mios32_spi.o
                0x08012f7c                MIOS32_SPI_TransferModeInit
 .text.MIOS32_SPI_Init
                0x0801308c      0x258 project_build//data/Hardware/MIDIbox/mios32/trunk/mios32/STM32F4xx/mios32_spi.o
                0x0801308c                MIOS32_SPI_Init
 .text.MIOS32_SPI_TransferBlock
                0x080132e4      0x128 project_build//data/Hardware/MIDIbox/mios32/trunk/mios32/STM32F4xx/mios32_spi.o
                0x080132e4                MIOS32_SPI_TransferBlock
 .text.DMA2_Stream2_IRQHandler
                0x0801340c       0x20 project_build//data/Hardware/MIDIbox/mios32/trunk/mios32/STM32F4xx/mios32_spi.o
                0x0801340c                DMA2_Stream2_IRQHandler
 .text.DMA1_Stream3_IRQHandler
                0x0801342c       0x20 project_build//data/Hardware/MIDIbox/mios32/trunk/mios32/STM32F4xx/mios32_spi.o
                0x0801342c                DMA1_Stream3_IRQHandler
 .text.DMA1_Stream2_IRQHandler
                0x0801344c       0x20 project_build//data/Hardware/MIDIbox/mios32/trunk/mios32/STM32F4xx/mios32_spi.o
                0x0801344c                DMA1_Stream2_IRQHandler
 .text.MIOS32_BOARD_PinInitHlp
                0x0801346c       0x74 project_build//data/Hardware/MIDIbox/mios32/trunk/mios32/STM32F4xx/mios32_board.o
 .text.MIOS32_BOARD_Init
                0x080134e0       0x1c project_build//data/Hardware/MIDIbox/mios32/trunk/mios32/STM32F4xx/mios32_board.o
                0x080134e0                MIOS32_BOARD_Init
 .text.MIOS32_BOARD_LED_Init
                0x080134fc       0x58 project_build//data/Hardware/MIDIbox/mios32/trunk/mios32/STM32F4xx/mios32_board.o
                0x080134fc                MIOS32_BOARD_LED_Init
 .text.MIOS32_BOARD_LED_Set
                0x08013554       0x64 project_build//data/Hardware/MIDIbox/mios32/trunk/mios32/STM32F4xx/mios32_board.o
                0x08013554                MIOS32_BOARD_LED_Set
 .text.MIOS32_BOARD_LED_Get
                0x080135b8       0x2c project_build//data/Hardware/MIDIbox/mios32/trunk/mios32/STM32F4xx/mios32_board.o
                0x080135b8                MIOS32_BOARD_LED_Get
 .text.MIOS32_BOARD_J10_PinInit
                0x080135e4       0x48 project_build//data/Hardware/MIDIbox/mios32/trunk/mios32/STM32F4xx/mios32_board.o
                0x080135e4                MIOS32_BOARD_J10_PinInit
 .text.MIOS32_BOARD_J10_PinSet
                0x0801362c       0x44 project_build//data/Hardware/MIDIbox/mios32/trunk/mios32/STM32F4xx/mios32_board.o
                0x0801362c                MIOS32_BOARD_J10_PinSet
 .text.MIOS32_BOARD_J15_PortInit
                0x08013670       0xc0 project_build//data/Hardware/MIDIbox/mios32/trunk/mios32/STM32F4xx/mios32_board.o
                0x08013670                MIOS32_BOARD_J15_PortInit
 .text.MIOS32_BOARD_J15_DataSet
                0x08013730       0x44 project_build//data/Hardware/MIDIbox/mios32/trunk/mios32/STM32F4xx/mios32_board.o
                0x08013730                MIOS32_BOARD_J15_DataSet
 .text.MIOS32_BOARD_J15_SerDataShift
                0x08013774       0x68 project_build//data/Hardware/MIDIbox/mios32/trunk/mios32/STM32F4xx/mios32_board.o
                0x08013774                MIOS32_BOARD_J15_SerDataShift
 .text.MIOS32_BOARD_J15_RS_Set
                0x080137dc       0x18 project_build//data/Hardware/MIDIbox/mios32/trunk/mios32/STM32F4xx/mios32_board.o
                0x080137dc                MIOS32_BOARD_J15_RS_Set
 .text.MIOS32_BOARD_J15_RW_Set
                0x080137f4       0x18 project_build//data/Hardware/MIDIbox/mios32/trunk/mios32/STM32F4xx/mios32_board.o
                0x080137f4                MIOS32_BOARD_J15_RW_Set
 .text.MIOS32_BOARD_J15_E_Set
                0x0801380c       0x30 project_build//data/Hardware/MIDIbox/mios32/trunk/mios32/STM32F4xx/mios32_board.o
                0x0801380c                MIOS32_BOARD_J15_E_Set
 .text.MIOS32_BOARD_J15_GetD7In
                0x0801383c       0x10 project_build//data/Hardware/MIDIbox/mios32/trunk/mios32/STM32F4xx/mios32_board.o
                0x0801383c                MIOS32_BOARD_J15_GetD7In
 .text.MIOS32_BOARD_J15_D7InPullUpEnable
                0x0801384c        0x4 project_build//data/Hardware/MIDIbox/mios32/trunk/mios32/STM32F4xx/mios32_board.o
                0x0801384c                MIOS32_BOARD_J15_D7InPullUpEnable
 .text.MIOS32_BOARD_J15_PollUnbusy
                0x08013850       0x80 project_build//data/Hardware/MIDIbox/mios32/trunk/mios32/STM32F4xx/mios32_board.o
                0x08013850                MIOS32_BOARD_J15_PollUnbusy
 .text.MIOS32_DELAY_Init
                0x080138d0       0x44 project_build//data/Hardware/MIDIbox/mios32/trunk/mios32/STM32F4xx/mios32_delay.o
                0x080138d0                MIOS32_DELAY_Init
 .text.MIOS32_DELAY_Wait_uS
                0x08013914       0x18 project_build//data/Hardware/MIDIbox/mios32/trunk/mios32/STM32F4xx/mios32_delay.o
                0x08013914                MIOS32_DELAY_Wait_uS
 .text.MIOS32_AIN_Init
                0x0801392c        0x6 project_build//data/Hardware/MIDIbox/mios32/trunk/mios32/STM32F4xx/mios32_ain.o
                0x0801392c                MIOS32_AIN_Init
 .text.MIOS32_AIN_Handler
                0x08013932        0x6 project_build//data/Hardware/MIDIbox/mios32/trunk/mios32/STM32F4xx/mios32_ain.o
                0x08013932                MIOS32_AIN_Handler
 .text.USBD_USR_DeviceDescriptor
                0x08013938        0xc project_build//data/Hardware/MIDIbox/mios32/trunk/mios32/STM32F4xx/mios32_usb.o
 .text.USBD_USR_LangIDStrDescriptor
                0x08013944        0xc project_build//data/Hardware/MIDIbox/mios32/trunk/mios32/STM32F4xx/mios32_usb.o
 .text.USBD_USR_Init
                0x08013950        0x2 project_build//data/Hardware/MIDIbox/mios32/trunk/mios32/STM32F4xx/mios32_usb.o
 .text.USBD_USR_DeviceReset
                0x08013952        0x2 project_build//data/Hardware/MIDIbox/mios32/trunk/mios32/STM32F4xx/mios32_usb.o
 .text.USBD_USR_DeviceConnected
                0x08013954        0x2 project_build//data/Hardware/MIDIbox/mios32/trunk/mios32/STM32F4xx/mios32_usb.o
 .text.USBD_USR_DeviceSuspended
                0x08013956        0x2 project_build//data/Hardware/MIDIbox/mios32/trunk/mios32/STM32F4xx/mios32_usb.o
 .text.USBD_USR_DeviceResumed
                0x08013958        0x2 project_build//data/Hardware/MIDIbox/mios32/trunk/mios32/STM32F4xx/mios32_usb.o
 .text.USBH_USR_Init
                0x0801395a        0x2 project_build//data/Hardware/MIDIbox/mios32/trunk/mios32/STM32F4xx/mios32_usb.o
 .text.USBH_USR_DeviceAttached
                0x0801395c        0x2 project_build//data/Hardware/MIDIbox/mios32/trunk/mios32/STM32F4xx/mios32_usb.o
 .text.USBH_USR_UnrecoveredError
                0x0801395e        0x2 project_build//data/Hardware/MIDIbox/mios32/trunk/mios32/STM32F4xx/mios32_usb.o
 .text.USBH_USR_ResetDevice
                0x08013960        0x2 project_build//data/Hardware/MIDIbox/mios32/trunk/mios32/STM32F4xx/mios32_usb.o
 .text.USBH_USR_DeviceSpeedDetected
                0x08013962        0x2 project_build//data/Hardware/MIDIbox/mios32/trunk/mios32/STM32F4xx/mios32_usb.o
 .text.USBH_USR_Device_DescAvailable
                0x08013964        0x2 project_build//data/Hardware/MIDIbox/mios32/trunk/mios32/STM32F4xx/mios32_usb.o
 .text.USBH_USR_DeviceAddressAssigned
                0x08013966        0x2 project_build//data/Hardware/MIDIbox/mios32/trunk/mios32/STM32F4xx/mios32_usb.o
 .text.USBH_USR_Configuration_DescAvailable
                0x08013968        0x2 project_build//data/Hardware/MIDIbox/mios32/trunk/mios32/STM32F4xx/mios32_usb.o
 .text.USBH_USR_Manufacturer_String
                0x0801396a        0x2 project_build//data/Hardware/MIDIbox/mios32/trunk/mios32/STM32F4xx/mios32_usb.o
 .text.USBH_USR_Product_String
                0x0801396c        0x2 project_build//data/Hardware/MIDIbox/mios32/trunk/mios32/STM32F4xx/mios32_usb.o
 .text.USBH_USR_SerialNum_String
                0x0801396e        0x2 project_build//data/Hardware/MIDIbox/mios32/trunk/mios32/STM32F4xx/mios32_usb.o
 .text.USBH_USR_EnumerationDone
                0x08013970        0x2 project_build//data/Hardware/MIDIbox/mios32/trunk/mios32/STM32F4xx/mios32_usb.o
 .text.USBH_USR_DeviceNotSupported
                0x08013972        0x2 project_build//data/Hardware/MIDIbox/mios32/trunk/mios32/STM32F4xx/mios32_usb.o
 .text.USBH_USR_UserInput
                0x08013974        0x4 project_build//data/Hardware/MIDIbox/mios32/trunk/mios32/STM32F4xx/mios32_usb.o
 .text.USBH_USR_OverCurrentDetected
                0x08013978        0x2 project_build//data/Hardware/MIDIbox/mios32/trunk/mios32/STM32F4xx/mios32_usb.o
 .text.USBH_USR_Application
                0x0801397a        0x4 project_build//data/Hardware/MIDIbox/mios32/trunk/mios32/STM32F4xx/mios32_usb.o
 .text.USBH_USR_DeInit
                0x0801397e        0x2 project_build//data/Hardware/MIDIbox/mios32/trunk/mios32/STM32F4xx/mios32_usb.o
 .text.MIOS32_USB_CLASS_Setup
                0x08013980        0x4 project_build//data/Hardware/MIDIbox/mios32/trunk/mios32/STM32F4xx/mios32_usb.o
 .text.MIOS32_USB_CLASS_EP0_RxReady
                0x08013984        0x4 project_build//data/Hardware/MIDIbox/mios32/trunk/mios32/STM32F4xx/mios32_usb.o
 .text.MIOS32_USB_CLASS_GetCfgDesc
                0x08013988        0xc project_build//data/Hardware/MIDIbox/mios32/trunk/mios32/STM32F4xx/mios32_usb.o
 .text.USBD_USR_SerialStrDescriptor
                0x08013994       0x38 project_build//data/Hardware/MIDIbox/mios32/trunk/mios32/STM32F4xx/mios32_usb.o
 .text.USBD_USR_ProductStrDescriptor
                0x080139cc       0x64 project_build//data/Hardware/MIDIbox/mios32/trunk/mios32/STM32F4xx/mios32_usb.o
 .text.USBD_USR_InterfaceStrDescriptor
                0x08013a30        0x4 project_build//data/Hardware/MIDIbox/mios32/trunk/mios32/STM32F4xx/mios32_usb.o
 .text.USBD_USR_ConfigStrDescriptor
                0x08013a34        0x4 project_build//data/Hardware/MIDIbox/mios32/trunk/mios32/STM32F4xx/mios32_usb.o
 .text.MIOS32_USB_CLASS_GetUsrStrDesc
                0x08013a38        0x6 project_build//data/Hardware/MIDIbox/mios32/trunk/mios32/STM32F4xx/mios32_usb.o
 *fill*         0x08013a3e        0x2 00
 .text.USBD_USR_ManufacturerStrDescriptor
                0x08013a40       0x2c project_build//data/Hardware/MIDIbox/mios32/trunk/mios32/STM32F4xx/mios32_usb.o
 .text.MIOS32_USB_CLASS_DataOut
                0x08013a6c       0x12 project_build//data/Hardware/MIDIbox/mios32/trunk/mios32/STM32F4xx/mios32_usb.o
 .text.MIOS32_USB_CLASS_DataIn
                0x08013a7e       0x12 project_build//data/Hardware/MIDIbox/mios32/trunk/mios32/STM32F4xx/mios32_usb.o
 .text.MIOS32_USB_CLASS_DeInit
                0x08013a90       0x16 project_build//data/Hardware/MIDIbox/mios32/trunk/mios32/STM32F4xx/mios32_usb.o
 .text.USBH_USR_DeviceDisconnected
                0x08013aa6        0x6 project_build//data/Hardware/MIDIbox/mios32/trunk/mios32/STM32F4xx/mios32_usb.o
 .text.USBD_USR_DeviceDisconnected
                0x08013aac        0x6 project_build//data/Hardware/MIDIbox/mios32/trunk/mios32/STM32F4xx/mios32_usb.o
 .text.USBD_USR_DeviceConfigured
                0x08013ab2        0x6 project_build//data/Hardware/MIDIbox/mios32/trunk/mios32/STM32F4xx/mios32_usb.o
 .text.MIOS32_USB_CLASS_Init
                0x08013ab8       0x34 project_build//data/Hardware/MIDIbox/mios32/trunk/mios32/STM32F4xx/mios32_usb.o
 .text.USB_OTG_BSP_Init
                0x08013aec       0x9c project_build//data/Hardware/MIDIbox/mios32/trunk/mios32/STM32F4xx/mios32_usb.o
                0x08013aec                USB_OTG_BSP_Init
 .text.USB_OTG_BSP_EnableInterrupt
                0x08013b88        0x8 project_build//data/Hardware/MIDIbox/mios32/trunk/mios32/STM32F4xx/mios32_usb.o
                0x08013b88                USB_OTG_BSP_EnableInterrupt
 .text.OTG_FS_IRQHandler
                0x08013b90       0x28 project_build//data/Hardware/MIDIbox/mios32/trunk/mios32/STM32F4xx/mios32_usb.o
                0x08013b90                OTG_FS_IRQHandler
 .text.USB_OTG_BSP_uDelay
                0x08013bb8        0x6 project_build//data/Hardware/MIDIbox/mios32/trunk/mios32/STM32F4xx/mios32_usb.o
                0x08013bb8                USB_OTG_BSP_uDelay
 .text.USB_OTG_BSP_mDelay
                0x08013bbe        0xc project_build//data/Hardware/MIDIbox/mios32/trunk/mios32/STM32F4xx/mios32_usb.o
                0x08013bbe                USB_OTG_BSP_mDelay
 *fill*         0x08013bca        0x2 00
 .text.USB_OTG_BSP_ConfigVBUS
                0x08013bcc       0x44 project_build//data/Hardware/MIDIbox/mios32/trunk/mios32/STM32F4xx/mios32_usb.o
                0x08013bcc                USB_OTG_BSP_ConfigVBUS
 .text.USB_OTG_BSP_DriveVBUS
                0x08013c10       0x14 project_build//data/Hardware/MIDIbox/mios32/trunk/mios32/STM32F4xx/mios32_usb.o
                0x08013c10                USB_OTG_BSP_DriveVBUS
 .text.MIOS32_USB_IsInitialized
                0x08013c24        0xc project_build//data/Hardware/MIDIbox/mios32/trunk/mios32/STM32F4xx/mios32_usb.o
                0x08013c24                MIOS32_USB_IsInitialized
 .text.MIOS32_USB_ForceSingleUSB
                0x08013c30       0x24 project_build//data/Hardware/MIDIbox/mios32/trunk/mios32/STM32F4xx/mios32_usb.o
                0x08013c30                MIOS32_USB_ForceSingleUSB
 .text.MIOS32_USB_ForceDeviceMode
                0x08013c54       0x24 project_build//data/Hardware/MIDIbox/mios32/trunk/mios32/STM32F4xx/mios32_usb.o
                0x08013c54                MIOS32_USB_ForceDeviceMode
 .text.MIOS32_USB_Init
                0x08013c78       0xec project_build//data/Hardware/MIDIbox/mios32/trunk/mios32/STM32F4xx/mios32_usb.o
                0x08013c78                MIOS32_USB_Init
 .text.USBH_ClassRequest
                0x08013d64        0x4 project_build//data/Hardware/MIDIbox/mios32/trunk/mios32/STM32F4xx/mios32_usb_midi.o
 .text.USBH_InterfaceDeInit
                0x08013d68       0x3c project_build//data/Hardware/MIDIbox/mios32/trunk/mios32/STM32F4xx/mios32_usb_midi.o
 .text.MIOS32_USB_MIDI_RxBufferHandler
                0x08013da4       0xac project_build//data/Hardware/MIDIbox/mios32/trunk/mios32/STM32F4xx/mios32_usb_midi.o
 .text.MIOS32_USB_MIDI_TxBufferHandler
                0x08013e50       0xac project_build//data/Hardware/MIDIbox/mios32/trunk/mios32/STM32F4xx/mios32_usb_midi.o
 .text.USBH_Handle
                0x08013efc      0x1f0 project_build//data/Hardware/MIDIbox/mios32/trunk/mios32/STM32F4xx/mios32_usb_midi.o
 .text.MIOS32_USB_MIDI_Init
                0x080140ec        0xc project_build//data/Hardware/MIDIbox/mios32/trunk/mios32/STM32F4xx/mios32_usb_midi.o
                0x080140ec                MIOS32_USB_MIDI_Init
 .text.MIOS32_USB_MIDI_ChangeConnectionState
                0x080140f8       0x64 project_build//data/Hardware/MIDIbox/mios32/trunk/mios32/STM32F4xx/mios32_usb_midi.o
                0x080140f8                MIOS32_USB_MIDI_ChangeConnectionState
 .text.MIOS32_USB_MIDI_CheckAvailable
                0x0801415c       0x20 project_build//data/Hardware/MIDIbox/mios32/trunk/mios32/STM32F4xx/mios32_usb_midi.o
                0x0801415c                MIOS32_USB_MIDI_CheckAvailable
 .text.USBH_InterfaceInit
                0x0801417c      0x104 project_build//data/Hardware/MIDIbox/mios32/trunk/mios32/STM32F4xx/mios32_usb_midi.o
 .text.MIOS32_USB_MIDI_PackageSend_NonBlocking
                0x08014280       0x70 project_build//data/Hardware/MIDIbox/mios32/trunk/mios32/STM32F4xx/mios32_usb_midi.o
                0x08014280                MIOS32_USB_MIDI_PackageSend_NonBlocking
 .text.MIOS32_USB_MIDI_PackageSend
                0x080142f0       0x30 project_build//data/Hardware/MIDIbox/mios32/trunk/mios32/STM32F4xx/mios32_usb_midi.o
                0x080142f0                MIOS32_USB_MIDI_PackageSend
 .text.MIOS32_USB_MIDI_PackageReceive
                0x08014320       0x54 project_build//data/Hardware/MIDIbox/mios32/trunk/mios32/STM32F4xx/mios32_usb_midi.o
                0x08014320                MIOS32_USB_MIDI_PackageReceive
 .text.MIOS32_USB_MIDI_Periodic_mS
                0x08014374       0x28 project_build//data/Hardware/MIDIbox/mios32/trunk/mios32/STM32F4xx/mios32_usb_midi.o
                0x08014374                MIOS32_USB_MIDI_Periodic_mS
 .text.MIOS32_USB_MIDI_EP1_IN_Callback
                0x0801439c       0x10 project_build//data/Hardware/MIDIbox/mios32/trunk/mios32/STM32F4xx/mios32_usb_midi.o
                0x0801439c                MIOS32_USB_MIDI_EP1_IN_Callback
 .text.MIOS32_USB_MIDI_EP2_OUT_Callback
                0x080143ac       0x10 project_build//data/Hardware/MIDIbox/mios32/trunk/mios32/STM32F4xx/mios32_usb_midi.o
                0x080143ac                MIOS32_USB_MIDI_EP2_OUT_Callback
 .text.MIOS32_UART_BaudrateSet
                0x080143bc       0x58 project_build//data/Hardware/MIDIbox/mios32/trunk/mios32/STM32F4xx/mios32_uart.o
                0x080143bc                MIOS32_UART_BaudrateSet
 .text.MIOS32_UART_Init
                0x08014414      0x140 project_build//data/Hardware/MIDIbox/mios32/trunk/mios32/STM32F4xx/mios32_uart.o
                0x08014414                MIOS32_UART_Init
 .text.MIOS32_UART_RxBufferGet
                0x08014554       0x58 project_build//data/Hardware/MIDIbox/mios32/trunk/mios32/STM32F4xx/mios32_uart.o
                0x08014554                MIOS32_UART_RxBufferGet
 .text.MIOS32_UART_RxBufferPut
                0x080145ac       0x5c project_build//data/Hardware/MIDIbox/mios32/trunk/mios32/STM32F4xx/mios32_uart.o
                0x080145ac                MIOS32_UART_RxBufferPut
 .text.MIOS32_UART_TxBufferGet
                0x08014608       0x58 project_build//data/Hardware/MIDIbox/mios32/trunk/mios32/STM32F4xx/mios32_uart.o
                0x08014608                MIOS32_UART_TxBufferGet
 .text.MIOS32_UART_TxBufferPutMore_NonBlocking
                0x08014660       0x90 project_build//data/Hardware/MIDIbox/mios32/trunk/mios32/STM32F4xx/mios32_uart.o
                0x08014660                MIOS32_UART_TxBufferPutMore_NonBlocking
 .text.MIOS32_UART_TxBufferPutMore
                0x080146f0       0x18 project_build//data/Hardware/MIDIbox/mios32/trunk/mios32/STM32F4xx/mios32_uart.o
                0x080146f0                MIOS32_UART_TxBufferPutMore
 .text.USART2_IRQHandler
                0x08014708       0x60 project_build//data/Hardware/MIDIbox/mios32/trunk/mios32/STM32F4xx/mios32_uart.o
                0x08014708                USART2_IRQHandler
 .text.USART3_IRQHandler
                0x08014768       0x64 project_build//data/Hardware/MIDIbox/mios32/trunk/mios32/STM32F4xx/mios32_uart.o
                0x08014768                USART3_IRQHandler
 .text.EV_IRQHandler
                0x080147cc      0x162 project_build//data/Hardware/MIDIbox/mios32/trunk/mios32/STM32F4xx/mios32_iic.o
 *fill*         0x0801492e        0x2 00
 .text.ER_IRQHandler
                0x08014930       0x7c project_build//data/Hardware/MIDIbox/mios32/trunk/mios32/STM32F4xx/mios32_iic.o
 .text.I2C2_EV_IRQHandler
                0x080149ac        0xc project_build//data/Hardware/MIDIbox/mios32/trunk/mios32/STM32F4xx/mios32_iic.o
                0x080149ac                I2C2_EV_IRQHandler
 .text.I2C2_ER_IRQHandler
                0x080149b8        0xc project_build//data/Hardware/MIDIbox/mios32/trunk/mios32/STM32F4xx/mios32_iic.o
                0x080149b8                I2C2_ER_IRQHandler
 .text.I2C1_EV_IRQHandler
                0x080149c4        0xc project_build//data/Hardware/MIDIbox/mios32/trunk/mios32/STM32F4xx/mios32_iic.o
                0x080149c4                I2C1_EV_IRQHandler
 .text.I2C1_ER_IRQHandler
                0x080149d0        0xc project_build//data/Hardware/MIDIbox/mios32/trunk/mios32/STM32F4xx/mios32_iic.o
                0x080149d0                I2C1_ER_IRQHandler
 .text.printchar
                0x080149dc       0x16 project_build//data/Hardware/MIDIbox/mios32/trunk/mios32/common/printf-stdarg.o
 .text.prints   0x080149f2       0x82 project_build//data/Hardware/MIDIbox/mios32/trunk/mios32/common/printf-stdarg.o
 .text.printi   0x08014a74       0x98 project_build//data/Hardware/MIDIbox/mios32/trunk/mios32/common/printf-stdarg.o
 .text.print    0x08014b0c      0x120 project_build//data/Hardware/MIDIbox/mios32/trunk/mios32/common/printf-stdarg.o
 .text.sprintf  0x08014c2c       0x1e project_build//data/Hardware/MIDIbox/mios32/trunk/mios32/common/printf-stdarg.o
                0x08014c2c                sprintf
 .text.vsprintf
                0x08014c4a       0x10 project_build//data/Hardware/MIDIbox/mios32/trunk/mios32/common/printf-stdarg.o
                0x08014c4a                vsprintf
 *fill*         0x08014c5a        0x2 00
 .text.NVIC_PriorityGroupConfig
                0x08014c5c       0x14 project_build//data/Hardware/MIDIbox/mios32/trunk/drivers/STM32F4xx/v1.1.0/STM32F4xx_StdPeriph_Driver/src/misc.o
                0x08014c5c                NVIC_PriorityGroupConfig
 .text.NVIC_SetVectorTable
                0x08014c70       0x14 project_build//data/Hardware/MIDIbox/mios32/trunk/drivers/STM32F4xx/v1.1.0/STM32F4xx_StdPeriph_Driver/src/misc.o
                0x08014c70                NVIC_SetVectorTable
 .text.DMA_Init
                0x08014c84       0x54 project_build//data/Hardware/MIDIbox/mios32/trunk/drivers/STM32F4xx/v1.1.0/STM32F4xx_StdPeriph_Driver/src/stm32f4xx_dma.o
                0x08014c84                DMA_Init
 .text.DMA_StructInit
                0x08014cd8       0x22 project_build//data/Hardware/MIDIbox/mios32/trunk/drivers/STM32F4xx/v1.1.0/STM32F4xx_StdPeriph_Driver/src/stm32f4xx_dma.o
                0x08014cd8                DMA_StructInit
 .text.DMA_Cmd  0x08014cfa       0x12 project_build//data/Hardware/MIDIbox/mios32/trunk/drivers/STM32F4xx/v1.1.0/STM32F4xx_StdPeriph_Driver/src/stm32f4xx_dma.o
                0x08014cfa                DMA_Cmd
 .text.DMA_ClearFlag
                0x08014d0c       0x30 project_build//data/Hardware/MIDIbox/mios32/trunk/drivers/STM32F4xx/v1.1.0/STM32F4xx_StdPeriph_Driver/src/stm32f4xx_dma.o
                0x08014d0c                DMA_ClearFlag
 .text.EXTI_ClearITPendingBit
                0x08014d3c        0xc project_build//data/Hardware/MIDIbox/mios32/trunk/drivers/STM32F4xx/v1.1.0/STM32F4xx_StdPeriph_Driver/src/stm32f4xx_exti.o
                0x08014d3c                EXTI_ClearITPendingBit
 .text.GPIO_Init
                0x08014d48       0x9a project_build//data/Hardware/MIDIbox/mios32/trunk/drivers/STM32F4xx/v1.1.0/STM32F4xx_StdPeriph_Driver/src/stm32f4xx_gpio.o
                0x08014d48                GPIO_Init
 .text.GPIO_StructInit
                0x08014de2       0x12 project_build//data/Hardware/MIDIbox/mios32/trunk/drivers/STM32F4xx/v1.1.0/STM32F4xx_StdPeriph_Driver/src/stm32f4xx_gpio.o
                0x08014de2                GPIO_StructInit
 .text.GPIO_SetBits
                0x08014df4        0x4 project_build//data/Hardware/MIDIbox/mios32/trunk/drivers/STM32F4xx/v1.1.0/STM32F4xx_StdPeriph_Driver/src/stm32f4xx_gpio.o
                0x08014df4                GPIO_SetBits
 .text.GPIO_ResetBits
                0x08014df8        0x4 project_build//data/Hardware/MIDIbox/mios32/trunk/drivers/STM32F4xx/v1.1.0/STM32F4xx_StdPeriph_Driver/src/stm32f4xx_gpio.o
                0x08014df8                GPIO_ResetBits
 .text.GPIO_PinAFConfig
                0x08014dfc       0x2e project_build//data/Hardware/MIDIbox/mios32/trunk/drivers/STM32F4xx/v1.1.0/STM32F4xx_StdPeriph_Driver/src/stm32f4xx_gpio.o
                0x08014dfc                GPIO_PinAFConfig
 .text.I2C_GenerateSTOP
                0x08014e2a       0x18 project_build//data/Hardware/MIDIbox/mios32/trunk/drivers/STM32F4xx/v1.1.0/STM32F4xx_StdPeriph_Driver/src/stm32f4xx_i2c.o
                0x08014e2a                I2C_GenerateSTOP
 .text.I2C_ITConfig
                0x08014e42       0x12 project_build//data/Hardware/MIDIbox/mios32/trunk/drivers/STM32F4xx/v1.1.0/STM32F4xx_StdPeriph_Driver/src/stm32f4xx_i2c.o
                0x08014e42                I2C_ITConfig
 .text.I2C_GetLastEvent
                0x08014e54       0x10 project_build//data/Hardware/MIDIbox/mios32/trunk/drivers/STM32F4xx/v1.1.0/STM32F4xx_StdPeriph_Driver/src/stm32f4xx_i2c.o
                0x08014e54                I2C_GetLastEvent
 .text.I2C_ClearITPendingBit
                0x08014e64        0x8 project_build//data/Hardware/MIDIbox/mios32/trunk/drivers/STM32F4xx/v1.1.0/STM32F4xx_StdPeriph_Driver/src/stm32f4xx_i2c.o
                0x08014e64                I2C_ClearITPendingBit
 .text.PWR_BackupAccessCmd
                0x08014e6c        0xc project_build//data/Hardware/MIDIbox/mios32/trunk/drivers/STM32F4xx/v1.1.0/STM32F4xx_StdPeriph_Driver/src/stm32f4xx_pwr.o
                0x08014e6c                PWR_BackupAccessCmd
 .text.RCC_GetClocksFreq
                0x08014e78       0x8c project_build//data/Hardware/MIDIbox/mios32/trunk/drivers/STM32F4xx/v1.1.0/STM32F4xx_StdPeriph_Driver/src/stm32f4xx_rcc.o
                0x08014e78                RCC_GetClocksFreq
 .text.RCC_RTCCLKConfig
                0x08014f04       0x30 project_build//data/Hardware/MIDIbox/mios32/trunk/drivers/STM32F4xx/v1.1.0/STM32F4xx_StdPeriph_Driver/src/stm32f4xx_rcc.o
                0x08014f04                RCC_RTCCLKConfig
 .text.RCC_RTCCLKCmd
                0x08014f34        0xc project_build//data/Hardware/MIDIbox/mios32/trunk/drivers/STM32F4xx/v1.1.0/STM32F4xx_StdPeriph_Driver/src/stm32f4xx_rcc.o
                0x08014f34                RCC_RTCCLKCmd
 .text.RCC_AHB1PeriphClockCmd
                0x08014f40       0x18 project_build//data/Hardware/MIDIbox/mios32/trunk/drivers/STM32F4xx/v1.1.0/STM32F4xx_StdPeriph_Driver/src/stm32f4xx_rcc.o
                0x08014f40                RCC_AHB1PeriphClockCmd
 .text.RCC_AHB2PeriphClockCmd
                0x08014f58       0x18 project_build//data/Hardware/MIDIbox/mios32/trunk/drivers/STM32F4xx/v1.1.0/STM32F4xx_StdPeriph_Driver/src/stm32f4xx_rcc.o
                0x08014f58                RCC_AHB2PeriphClockCmd
 .text.RCC_APB1PeriphClockCmd
                0x08014f70       0x18 project_build//data/Hardware/MIDIbox/mios32/trunk/drivers/STM32F4xx/v1.1.0/STM32F4xx_StdPeriph_Driver/src/stm32f4xx_rcc.o
                0x08014f70                RCC_APB1PeriphClockCmd
 .text.RCC_APB2PeriphClockCmd
                0x08014f88       0x18 project_build//data/Hardware/MIDIbox/mios32/trunk/drivers/STM32F4xx/v1.1.0/STM32F4xx_StdPeriph_Driver/src/stm32f4xx_rcc.o
                0x08014f88                RCC_APB2PeriphClockCmd
 .text.RCC_AHB1PeriphResetCmd
                0x08014fa0       0x18 project_build//data/Hardware/MIDIbox/mios32/trunk/drivers/STM32F4xx/v1.1.0/STM32F4xx_StdPeriph_Driver/src/stm32f4xx_rcc.o
                0x08014fa0                RCC_AHB1PeriphResetCmd
 .text.RCC_AHB2PeriphResetCmd
                0x08014fb8       0x18 project_build//data/Hardware/MIDIbox/mios32/trunk/drivers/STM32F4xx/v1.1.0/STM32F4xx_StdPeriph_Driver/src/stm32f4xx_rcc.o
                0x08014fb8                RCC_AHB2PeriphResetCmd
 .text.RCC_APB1PeriphResetCmd
                0x08014fd0       0x18 project_build//data/Hardware/MIDIbox/mios32/trunk/drivers/STM32F4xx/v1.1.0/STM32F4xx_StdPeriph_Driver/src/stm32f4xx_rcc.o
                0x08014fd0                RCC_APB1PeriphResetCmd
 .text.RCC_APB2PeriphResetCmd
                0x08014fe8       0x18 project_build//data/Hardware/MIDIbox/mios32/trunk/drivers/STM32F4xx/v1.1.0/STM32F4xx_StdPeriph_Driver/src/stm32f4xx_rcc.o
                0x08014fe8                RCC_APB2PeriphResetCmd
 .text.RTC_ByteToBcd2
                0x08015000       0x18 project_build//data/Hardware/MIDIbox/mios32/trunk/drivers/STM32F4xx/v1.1.0/STM32F4xx_StdPeriph_Driver/src/stm32f4xx_rtc.o
 .text.RTC_StructInit
                0x08015018        0xc project_build//data/Hardware/MIDIbox/mios32/trunk/drivers/STM32F4xx/v1.1.0/STM32F4xx_StdPeriph_Driver/src/stm32f4xx_rtc.o
                0x08015018                RTC_StructInit
 .text.RTC_EnterInitMode
                0x08015024       0x40 project_build//data/Hardware/MIDIbox/mios32/trunk/drivers/STM32F4xx/v1.1.0/STM32F4xx_StdPeriph_Driver/src/stm32f4xx_rtc.o
                0x08015024                RTC_EnterInitMode
 .text.RTC_ExitInitMode
                0x08015064       0x10 project_build//data/Hardware/MIDIbox/mios32/trunk/drivers/STM32F4xx/v1.1.0/STM32F4xx_StdPeriph_Driver/src/stm32f4xx_rtc.o
                0x08015064                RTC_ExitInitMode
 .text.RTC_Init
                0x08015074       0x48 project_build//data/Hardware/MIDIbox/mios32/trunk/drivers/STM32F4xx/v1.1.0/STM32F4xx_StdPeriph_Driver/src/stm32f4xx_rtc.o
                0x08015074                RTC_Init
 .text.RTC_WaitForSynchro
                0x080150bc       0x44 project_build//data/Hardware/MIDIbox/mios32/trunk/drivers/STM32F4xx/v1.1.0/STM32F4xx_StdPeriph_Driver/src/stm32f4xx_rtc.o
                0x080150bc                RTC_WaitForSynchro
 .text.RTC_SetTime
                0x08015100       0x8c project_build//data/Hardware/MIDIbox/mios32/trunk/drivers/STM32F4xx/v1.1.0/STM32F4xx_StdPeriph_Driver/src/stm32f4xx_rtc.o
                0x08015100                RTC_SetTime
 .text.RTC_TimeStructInit
                0x0801518c        0xc project_build//data/Hardware/MIDIbox/mios32/trunk/drivers/STM32F4xx/v1.1.0/STM32F4xx_StdPeriph_Driver/src/stm32f4xx_rtc.o
                0x0801518c                RTC_TimeStructInit
 .text.SPI_Init
                0x08015198       0x3e project_build//data/Hardware/MIDIbox/mios32/trunk/drivers/STM32F4xx/v1.1.0/STM32F4xx_StdPeriph_Driver/src/stm32f4xx_spi.o
                0x08015198                SPI_Init
 .text.SPI_Cmd  0x080151d6       0x18 project_build//data/Hardware/MIDIbox/mios32/trunk/drivers/STM32F4xx/v1.1.0/STM32F4xx_StdPeriph_Driver/src/stm32f4xx_spi.o
                0x080151d6                SPI_Cmd
 .text.SPI_I2S_DMACmd
                0x080151ee       0x12 project_build//data/Hardware/MIDIbox/mios32/trunk/drivers/STM32F4xx/v1.1.0/STM32F4xx_StdPeriph_Driver/src/stm32f4xx_spi.o
                0x080151ee                SPI_I2S_DMACmd
 .text.TIM_TimeBaseInit
                0x08015200       0x7c project_build//data/Hardware/MIDIbox/mios32/trunk/drivers/STM32F4xx/v1.1.0/STM32F4xx_StdPeriph_Driver/src/stm32f4xx_tim.o
                0x08015200                TIM_TimeBaseInit
 .text.TIM_ARRPreloadConfig
                0x0801527c       0x18 project_build//data/Hardware/MIDIbox/mios32/trunk/drivers/STM32F4xx/v1.1.0/STM32F4xx_StdPeriph_Driver/src/stm32f4xx_tim.o
                0x0801527c                TIM_ARRPreloadConfig
 .text.TIM_Cmd  0x08015294       0x18 project_build//data/Hardware/MIDIbox/mios32/trunk/drivers/STM32F4xx/v1.1.0/STM32F4xx_StdPeriph_Driver/src/stm32f4xx_tim.o
                0x08015294                TIM_Cmd
 .text.TIM_ITConfig
                0x080152ac       0x12 project_build//data/Hardware/MIDIbox/mios32/trunk/drivers/STM32F4xx/v1.1.0/STM32F4xx_StdPeriph_Driver/src/stm32f4xx_tim.o
                0x080152ac                TIM_ITConfig
 .text.TIM_GetITStatus
                0x080152be       0x16 project_build//data/Hardware/MIDIbox/mios32/trunk/drivers/STM32F4xx/v1.1.0/STM32F4xx_StdPeriph_Driver/src/stm32f4xx_tim.o
                0x080152be                TIM_GetITStatus
 .text.TIM_ClearITPendingBit
                0x080152d4        0x8 project_build//data/Hardware/MIDIbox/mios32/trunk/drivers/STM32F4xx/v1.1.0/STM32F4xx_StdPeriph_Driver/src/stm32f4xx_tim.o
                0x080152d4                TIM_ClearITPendingBit
 .text.USART_Init
                0x080152dc       0xb8 project_build//data/Hardware/MIDIbox/mios32/trunk/drivers/STM32F4xx/v1.1.0/STM32F4xx_StdPeriph_Driver/src/stm32f4xx_usart.o
                0x080152dc                USART_Init
 .text.USART_Cmd
                0x08015394       0x18 project_build//data/Hardware/MIDIbox/mios32/trunk/drivers/STM32F4xx/v1.1.0/STM32F4xx_StdPeriph_Driver/src/stm32f4xx_usart.o
                0x08015394                USART_Cmd
 .text.USART_ITConfig
                0x080153ac       0x34 project_build//data/Hardware/MIDIbox/mios32/trunk/drivers/STM32F4xx/v1.1.0/STM32F4xx_StdPeriph_Driver/src/stm32f4xx_usart.o
                0x080153ac                USART_ITConfig
 .text.USBD_Resume
                0x080153e0       0x16 project_build//data/Hardware/MIDIbox/mios32/trunk/drivers/STM32F4xx/v1.1.0/STM32_USB_Device_Library/Core/src/usbd_core.o
 .text.USBD_Suspend
                0x080153f6       0x1c project_build//data/Hardware/MIDIbox/mios32/trunk/drivers/STM32F4xx/v1.1.0/STM32_USB_Device_Library/Core/src/usbd_core.o
 .text.USBD_SOF
                0x08015412       0x10 project_build//data/Hardware/MIDIbox/mios32/trunk/drivers/STM32F4xx/v1.1.0/STM32_USB_Device_Library/Core/src/usbd_core.o
 .text.USBD_IsoINIncomplete
                0x08015422        0xe project_build//data/Hardware/MIDIbox/mios32/trunk/drivers/STM32F4xx/v1.1.0/STM32_USB_Device_Library/Core/src/usbd_core.o
 .text.USBD_IsoOUTIncomplete
                0x08015430        0xe project_build//data/Hardware/MIDIbox/mios32/trunk/drivers/STM32F4xx/v1.1.0/STM32_USB_Device_Library/Core/src/usbd_core.o
 .text.USBD_Reset
                0x0801543e       0x2e project_build//data/Hardware/MIDIbox/mios32/trunk/drivers/STM32F4xx/v1.1.0/STM32_USB_Device_Library/Core/src/usbd_core.o
 .text.USBD_SetupStage
                0x0801546c       0x48 project_build//data/Hardware/MIDIbox/mios32/trunk/drivers/STM32F4xx/v1.1.0/STM32_USB_Device_Library/Core/src/usbd_core.o
 .text.USBD_DataInStage
                0x080154b4       0xb4 project_build//data/Hardware/MIDIbox/mios32/trunk/drivers/STM32F4xx/v1.1.0/STM32_USB_Device_Library/Core/src/usbd_core.o
 .text.USBD_DataOutStage
                0x08015568       0x74 project_build//data/Hardware/MIDIbox/mios32/trunk/drivers/STM32F4xx/v1.1.0/STM32_USB_Device_Library/Core/src/usbd_core.o
 .text.USBD_Init
                0x080155dc       0x38 project_build//data/Hardware/MIDIbox/mios32/trunk/drivers/STM32F4xx/v1.1.0/STM32_USB_Device_Library/Core/src/usbd_core.o
                0x080155dc                USBD_Init
 .text.USBD_SetCfg
                0x08015614       0x18 project_build//data/Hardware/MIDIbox/mios32/trunk/drivers/STM32F4xx/v1.1.0/STM32_USB_Device_Library/Core/src/usbd_core.o
                0x08015614                USBD_SetCfg
 .text.USBD_ClrCfg
                0x0801562c        0xe project_build//data/Hardware/MIDIbox/mios32/trunk/drivers/STM32F4xx/v1.1.0/STM32_USB_Device_Library/Core/src/usbd_core.o
                0x0801562c                USBD_ClrCfg
 .text.USBD_CtlSendData
                0x0801563a       0x22 project_build//data/Hardware/MIDIbox/mios32/trunk/drivers/STM32F4xx/v1.1.0/STM32_USB_Device_Library/Core/src/usbd_ioreq.o
                0x0801563a                USBD_CtlSendData
 .text.USBD_CtlContinueSendData
                0x0801565c       0x12 project_build//data/Hardware/MIDIbox/mios32/trunk/drivers/STM32F4xx/v1.1.0/STM32_USB_Device_Library/Core/src/usbd_ioreq.o
                0x0801565c                USBD_CtlContinueSendData
 .text.USBD_CtlContinueRx
                0x0801566e       0x12 project_build//data/Hardware/MIDIbox/mios32/trunk/drivers/STM32F4xx/v1.1.0/STM32_USB_Device_Library/Core/src/usbd_ioreq.o
                0x0801566e                USBD_CtlContinueRx
 .text.USBD_CtlSendStatus
                0x08015680       0x1e project_build//data/Hardware/MIDIbox/mios32/trunk/drivers/STM32F4xx/v1.1.0/STM32_USB_Device_Library/Core/src/usbd_ioreq.o
                0x08015680                USBD_CtlSendStatus
 .text.USBD_CtlReceiveStatus
                0x0801569e       0x1e project_build//data/Hardware/MIDIbox/mios32/trunk/drivers/STM32F4xx/v1.1.0/STM32_USB_Device_Library/Core/src/usbd_ioreq.o
                0x0801569e                USBD_CtlReceiveStatus
 .text.USBD_ParseSetupRequest
                0x080156bc       0x44 project_build//data/Hardware/MIDIbox/mios32/trunk/drivers/STM32F4xx/v1.1.0/STM32_USB_Device_Library/Core/src/usbd_req.o
                0x080156bc                USBD_ParseSetupRequest
 .text.USBD_CtlError
                0x08015700       0x1c project_build//data/Hardware/MIDIbox/mios32/trunk/drivers/STM32F4xx/v1.1.0/STM32_USB_Device_Library/Core/src/usbd_req.o
                0x08015700                USBD_CtlError
 .text.USBD_StdEPReq
                0x0801571c       0xc4 project_build//data/Hardware/MIDIbox/mios32/trunk/drivers/STM32F4xx/v1.1.0/STM32_USB_Device_Library/Core/src/usbd_req.o
                0x0801571c                USBD_StdEPReq
 .text.USBD_StdItfReq
                0x080157e0       0x30 project_build//data/Hardware/MIDIbox/mios32/trunk/drivers/STM32F4xx/v1.1.0/STM32_USB_Device_Library/Core/src/usbd_req.o
                0x080157e0                USBD_StdItfReq
 .text.USBD_StdDevReq
                0x08015810      0x2ac project_build//data/Hardware/MIDIbox/mios32/trunk/drivers/STM32F4xx/v1.1.0/STM32_USB_Device_Library/Core/src/usbd_req.o
                0x08015810                USBD_StdDevReq
 .text.USBD_GetString
                0x08015abc       0x38 project_build//data/Hardware/MIDIbox/mios32/trunk/drivers/STM32F4xx/v1.1.0/STM32_USB_Device_Library/Core/src/usbd_req.o
                0x08015abc                USBD_GetString
 .text.USBH_Connected
                0x08015af4        0xa project_build//data/Hardware/MIDIbox/mios32/trunk/drivers/STM32F4xx/v1.1.0/STM32_USB_HOST_Library/Core/src/usbh_core.o
                0x08015af4                USBH_Connected
 .text.USBH_Disconnected
                0x08015afe        0xa project_build//data/Hardware/MIDIbox/mios32/trunk/drivers/STM32F4xx/v1.1.0/STM32_USB_HOST_Library/Core/src/usbh_core.o
                0x08015afe                USBH_Disconnected
 .text.USBH_SOF
                0x08015b08        0x4 project_build//data/Hardware/MIDIbox/mios32/trunk/drivers/STM32F4xx/v1.1.0/STM32_USB_HOST_Library/Core/src/usbh_core.o
                0x08015b08                USBH_SOF
 .text.USBH_DeInit
                0x08015b0c       0x32 project_build//data/Hardware/MIDIbox/mios32/trunk/drivers/STM32F4xx/v1.1.0/STM32_USB_HOST_Library/Core/src/usbh_core.o
                0x08015b0c                USBH_DeInit
 .text.USBH_Init
                0x08015b3e       0x42 project_build//data/Hardware/MIDIbox/mios32/trunk/drivers/STM32F4xx/v1.1.0/STM32_USB_HOST_Library/Core/src/usbh_core.o
                0x08015b3e                USBH_Init
 .text.USBH_ErrorHandle
                0x08015b80       0x2a project_build//data/Hardware/MIDIbox/mios32/trunk/drivers/STM32F4xx/v1.1.0/STM32_USB_HOST_Library/Core/src/usbh_core.o
                0x08015b80                USBH_ErrorHandle
 *fill*         0x08015baa        0x2 00
 .text.USBH_HandleControl
                0x08015bac      0x1b8 project_build//data/Hardware/MIDIbox/mios32/trunk/drivers/STM32F4xx/v1.1.0/STM32_USB_HOST_Library/Core/src/usbh_core.o
                0x08015bac                USBH_HandleControl
 .text.USBH_Process
                0x08015d64      0x344 project_build//data/Hardware/MIDIbox/mios32/trunk/drivers/STM32F4xx/v1.1.0/STM32_USB_HOST_Library/Core/src/usbh_core.o
                0x08015d64                USBH_Process
 .text.USBH_Open_Channel
                0x080160a8       0x54 project_build//data/Hardware/MIDIbox/mios32/trunk/drivers/STM32F4xx/v1.1.0/STM32_USB_HOST_Library/Core/src/usbh_hcs.o
                0x080160a8                USBH_Open_Channel
 .text.USBH_Modify_Channel
                0x080160fc       0x3a project_build//data/Hardware/MIDIbox/mios32/trunk/drivers/STM32F4xx/v1.1.0/STM32_USB_HOST_Library/Core/src/usbh_hcs.o
                0x080160fc                USBH_Modify_Channel
 .text.USBH_Alloc_Channel
                0x08016136       0x32 project_build//data/Hardware/MIDIbox/mios32/trunk/drivers/STM32F4xx/v1.1.0/STM32_USB_HOST_Library/Core/src/usbh_hcs.o
                0x08016136                USBH_Alloc_Channel
 .text.USBH_Free_Channel
                0x08016168       0x18 project_build//data/Hardware/MIDIbox/mios32/trunk/drivers/STM32F4xx/v1.1.0/STM32_USB_HOST_Library/Core/src/usbh_hcs.o
                0x08016168                USBH_Free_Channel
 .text.USBH_DeAllocate_AllChannel
                0x08016180       0x1e project_build//data/Hardware/MIDIbox/mios32/trunk/drivers/STM32F4xx/v1.1.0/STM32_USB_HOST_Library/Core/src/usbh_hcs.o
                0x08016180                USBH_DeAllocate_AllChannel
 .text.USBH_CtlReq
                0x0801619e       0x48 project_build//data/Hardware/MIDIbox/mios32/trunk/drivers/STM32F4xx/v1.1.0/STM32_USB_HOST_Library/Core/src/usbh_ioreq.o
                0x0801619e                USBH_CtlReq
 .text.USBH_CtlSendSetup
                0x080161e6       0x2e project_build//data/Hardware/MIDIbox/mios32/trunk/drivers/STM32F4xx/v1.1.0/STM32_USB_HOST_Library/Core/src/usbh_ioreq.o
                0x080161e6                USBH_CtlSendSetup
 .text.USBH_CtlSendData
                0x08016214       0x40 project_build//data/Hardware/MIDIbox/mios32/trunk/drivers/STM32F4xx/v1.1.0/STM32_USB_HOST_Library/Core/src/usbh_ioreq.o
                0x08016214                USBH_CtlSendData
 .text.USBH_CtlReceiveData
                0x08016254       0x2c project_build//data/Hardware/MIDIbox/mios32/trunk/drivers/STM32F4xx/v1.1.0/STM32_USB_HOST_Library/Core/src/usbh_ioreq.o
                0x08016254                USBH_CtlReceiveData
 .text.USBH_BulkSendData
                0x08016280       0x34 project_build//data/Hardware/MIDIbox/mios32/trunk/drivers/STM32F4xx/v1.1.0/STM32_USB_HOST_Library/Core/src/usbh_ioreq.o
                0x08016280                USBH_BulkSendData
 .text.USBH_BulkReceiveData
                0x080162b4       0x34 project_build//data/Hardware/MIDIbox/mios32/trunk/drivers/STM32F4xx/v1.1.0/STM32_USB_HOST_Library/Core/src/usbh_ioreq.o
                0x080162b4                USBH_BulkReceiveData
 .text.USBH_GetDescriptor
                0x080162e8       0x34 project_build//data/Hardware/MIDIbox/mios32/trunk/drivers/STM32F4xx/v1.1.0/STM32_USB_HOST_Library/Core/src/usbh_stdreq.o
                0x080162e8                USBH_GetDescriptor
 .text.USBH_Get_StringDesc
                0x0801631c       0x50 project_build//data/Hardware/MIDIbox/mios32/trunk/drivers/STM32F4xx/v1.1.0/STM32_USB_HOST_Library/Core/src/usbh_stdreq.o
                0x0801631c                USBH_Get_StringDesc
 .text.USBH_Get_DevDesc
                0x0801636c       0xac project_build//data/Hardware/MIDIbox/mios32/trunk/drivers/STM32F4xx/v1.1.0/STM32_USB_HOST_Library/Core/src/usbh_stdreq.o
                0x0801636c                USBH_Get_DevDesc
 .text.USBH_Get_CfgDesc
                0x08016418      0x1dc project_build//data/Hardware/MIDIbox/mios32/trunk/drivers/STM32F4xx/v1.1.0/STM32_USB_HOST_Library/Core/src/usbh_stdreq.o
                0x08016418                USBH_Get_CfgDesc
 .text.USBH_SetAddress
                0x080165f4       0x1c project_build//data/Hardware/MIDIbox/mios32/trunk/drivers/STM32F4xx/v1.1.0/STM32_USB_HOST_Library/Core/src/usbh_stdreq.o
                0x080165f4                USBH_SetAddress
 .text.USBH_SetCfg
                0x08016610       0x1c project_build//data/Hardware/MIDIbox/mios32/trunk/drivers/STM32F4xx/v1.1.0/STM32_USB_HOST_Library/Core/src/usbh_stdreq.o
                0x08016610                USBH_SetCfg
 .text.USBH_ClrFeature
                0x0801662c       0x32 project_build//data/Hardware/MIDIbox/mios32/trunk/drivers/STM32F4xx/v1.1.0/STM32_USB_HOST_Library/Core/src/usbh_stdreq.o
                0x0801662c                USBH_ClrFeature
 *fill*         0x0801665e        0x2 00
 .text.USB_OTG_EnableCommonInt
                0x08016660       0x14 project_build//data/Hardware/MIDIbox/mios32/trunk/drivers/STM32F4xx/v1.1.0/STM32_USB_OTG_Driver/src/usb_core.o
 .text.USB_OTG_CoreReset
                0x08016674       0x4c project_build//data/Hardware/MIDIbox/mios32/trunk/drivers/STM32F4xx/v1.1.0/STM32_USB_OTG_Driver/src/usb_core.o
 .text.USB_OTG_WritePacket
                0x080166c0       0x26 project_build//data/Hardware/MIDIbox/mios32/trunk/drivers/STM32F4xx/v1.1.0/STM32_USB_OTG_Driver/src/usb_core.o
                0x080166c0                USB_OTG_WritePacket
 .text.USB_OTG_ReadPacket
                0x080166e6       0x22 project_build//data/Hardware/MIDIbox/mios32/trunk/drivers/STM32F4xx/v1.1.0/STM32_USB_OTG_Driver/src/usb_core.o
                0x080166e6                USB_OTG_ReadPacket
 .text.USB_OTG_SelectCore
                0x08016708       0xc0 project_build//data/Hardware/MIDIbox/mios32/trunk/drivers/STM32F4xx/v1.1.0/STM32_USB_OTG_Driver/src/usb_core.o
                0x08016708                USB_OTG_SelectCore
 .text.USB_OTG_CoreInit