Archive member included because of file (symbol)

/usr/local/etc/mios32_toolchain/bin/../lib/gcc/arm-none-eabi/4.7.4/../../../../arm-none-eabi/lib/armv7e-m/libstdc++_s.a(new_opv.o)
                              project_build/src/app.o (operator new[](unsigned int))
/usr/local/etc/mios32_toolchain/bin/../lib/gcc/arm-none-eabi/4.7.4/../../../../arm-none-eabi/lib/armv7e-m/libstdc++_s.a(del_opv.o)
                              project_build/src/app.o (operator delete[](void*))
/usr/local/etc/mios32_toolchain/bin/../lib/gcc/arm-none-eabi/4.7.4/armv7e-m/libgcc.a(_lshrdi3.o)
                              project_build//data/Hardware/MIDIbox/mios32/trunk/modules/app_lcd/universal/app_lcd.o (__aeabi_llsr)
/usr/local/etc/mios32_toolchain/bin/../lib/gcc/arm-none-eabi/4.7.4/armv7e-m/libgcc.a(_ashldi3.o)
                              project_build//data/Hardware/MIDIbox/mios32/trunk/modules/app_lcd/universal/app_lcd.o (__aeabi_llsl)
/usr/local/etc/mios32_toolchain/bin/../lib/gcc/arm-none-eabi/4.7.4/armv7e-m/libgcc.a(_arm_addsubdf3.o)
                              project_build//data/Hardware/MIDIbox/mios32/trunk/modules/file/file.o (__aeabi_f2d)
/usr/local/etc/mios32_toolchain/bin/../lib/gcc/arm-none-eabi/4.7.4/armv7e-m/libgcc.a(_arm_muldivdf3.o)
                              project_build//data/Hardware/MIDIbox/mios32/trunk/mios32/common/mios32_osc.o (__aeabi_dmul)
/usr/local/etc/mios32_toolchain/bin/../lib/gcc/arm-none-eabi/4.7.4/armv7e-m/libgcc.a(_arm_fixdfsi.o)
                              project_build//data/Hardware/MIDIbox/mios32/trunk/mios32/common/mios32_osc.o (__aeabi_d2iz)
/usr/local/etc/mios32_toolchain/bin/../lib/gcc/arm-none-eabi/4.7.4/armv7e-m/libgcc.a(_arm_addsubsf3.o)
                              project_build//data/Hardware/MIDIbox/mios32/trunk/modules/file/file.o (__aeabi_ui2f)
/usr/local/etc/mios32_toolchain/bin/../lib/gcc/arm-none-eabi/4.7.4/armv7e-m/libgcc.a(_arm_muldivsf3.o)
                              project_build//data/Hardware/MIDIbox/mios32/trunk/mios32/common/mios32_osc.o (__aeabi_fmul)
/usr/local/etc/mios32_toolchain/bin/../lib/gcc/arm-none-eabi/4.7.4/armv7e-m/libgcc.a(_arm_fixsfsi.o)
                              project_build//data/Hardware/MIDIbox/mios32/trunk/mios32/common/mios32_osc.o (__aeabi_f2iz)
/usr/local/etc/mios32_toolchain/bin/../lib/gcc/arm-none-eabi/4.7.4/../../../../arm-none-eabi/lib/armv7e-m/libc_s.a(lib_a-ctype_.o)
                              project_build//data/Hardware/MIDIbox/mios32/trunk/programming_models/traditional/strtol.o (__ctype_ptr__)
/usr/local/etc/mios32_toolchain/bin/../lib/gcc/arm-none-eabi/4.7.4/../../../../arm-none-eabi/lib/armv7e-m/libc_s.a(lib_a-init.o)
                              project_build//data/Hardware/MIDIbox/mios32/trunk/programming_models/traditional/main.o (__libc_init_array)
/usr/local/etc/mios32_toolchain/bin/../lib/gcc/arm-none-eabi/4.7.4/../../../../arm-none-eabi/lib/armv7e-m/libc_s.a(lib_a-memcpy.o)
                              project_build//data/Hardware/MIDIbox/mios32/trunk/FreeRTOS/Source/queue.o (memcpy)
/usr/local/etc/mios32_toolchain/bin/../lib/gcc/arm-none-eabi/4.7.4/../../../../arm-none-eabi/lib/armv7e-m/libc_s.a(lib_a-memmove.o)
                              project_build//data/Hardware/MIDIbox/mios32/trunk/FreeRTOS/Source/portable/MemMang/umm_malloc.o (memmove)
/usr/local/etc/mios32_toolchain/bin/../lib/gcc/arm-none-eabi/4.7.4/../../../../arm-none-eabi/lib/armv7e-m/libc_s.a(lib_a-memset.o)
                              project_build//data/Hardware/MIDIbox/mios32/trunk/FreeRTOS/Source/tasks.o (memset)
/usr/local/etc/mios32_toolchain/bin/../lib/gcc/arm-none-eabi/4.7.4/../../../../arm-none-eabi/lib/armv7e-m/libc_s.a(lib_a-stpcpy.o)
                              project_build//data/Hardware/MIDIbox/mios32/trunk/mios32/common/mios32_osc.o (stpcpy)
/usr/local/etc/mios32_toolchain/bin/../lib/gcc/arm-none-eabi/4.7.4/../../../../arm-none-eabi/lib/armv7e-m/libc_s.a(lib_a-strcasecmp.o)
                              project_build//data/Hardware/MIDIbox/mios32/trunk/modules/app_lcd/universal/app_lcd.o (strcasecmp)
/usr/local/etc/mios32_toolchain/bin/../lib/gcc/arm-none-eabi/4.7.4/../../../../arm-none-eabi/lib/armv7e-m/libc_s.a(lib_a-strcmp.o)
                              project_build//data/Hardware/MIDIbox/mios32/trunk/modules/file/file.o (strcmp)
/usr/local/etc/mios32_toolchain/bin/../lib/gcc/arm-none-eabi/4.7.4/../../../../arm-none-eabi/lib/armv7e-m/libc_s.a(lib_a-strcpy.o)
                              project_build//data/Hardware/MIDIbox/mios32/trunk/modules/file/file.o (strcpy)
/usr/local/etc/mios32_toolchain/bin/../lib/gcc/arm-none-eabi/4.7.4/../../../../arm-none-eabi/lib/armv7e-m/libc_s.a(lib_a-strlen.o)
                              project_build//data/Hardware/MIDIbox/mios32/trunk/mios32/common/mios32_midi.o (strlen)
/usr/local/etc/mios32_toolchain/bin/../lib/gcc/arm-none-eabi/4.7.4/../../../../arm-none-eabi/lib/armv7e-m/libc_s.a(lib_a-strncasecmp.o)
[...]
Memory Configuration

Name             Origin             Length             Attributes
RAM              0x20000000         0x00030000         xrw
FLASH_SECTOR0    0x08000000         0x00004000         xr
FLASH_SECTOR1    0x08004000         0x00004000         xr
FLASH_SECTOR2    0x08008000         0x00004000         xr
FLASH_SECTOR3    0x0800c000         0x00004000         xr
FLASH            0x08010000         0x000f0000         xr
FLASHB1          0x00000000         0x00000000         xr
EXTMEMB0         0x00000000         0x00000000         xr
EXTMEMB1         0x00000000         0x00000000         xr
EXTMEMB2         0x00000000         0x00000000         xr
EXTMEMB3         0x00000000         0x00000000         xr
*default*        0x00000000         0xffffffff

Linker script and memory map

LOAD project_build/src/vgmplayer_ll.o
LOAD project_build/src/frontpanel.o
LOAD project_build/src/interface.o
LOAD project_build//data/Hardware/MIDIbox/mios32/trunk/programming_models/traditional/main.o
LOAD project_build//data/Hardware/MIDIbox/mios32/trunk/programming_models/traditional/strtol.o
LOAD project_build//data/Hardware/MIDIbox/mios32/trunk/FreeRTOS/Source/tasks.o
LOAD project_build//data/Hardware/MIDIbox/mios32/trunk/FreeRTOS/Source/list.o
LOAD project_build//data/Hardware/MIDIbox/mios32/trunk/FreeRTOS/Source/queue.o
LOAD project_build//data/Hardware/MIDIbox/mios32/trunk/FreeRTOS/Source/timers.o
LOAD project_build//data/Hardware/MIDIbox/mios32/trunk/FreeRTOS/Source/portable/GCC/ARM_CM3/port.o
LOAD project_build//data/Hardware/MIDIbox/mios32/trunk/FreeRTOS/Source/portable/MemMang/umm_malloc.o
LOAD project_build//data/Hardware/MIDIbox/mios32/trunk/programming_models/traditional/startup_stm32f4xx.o
LOAD project_build//data/Hardware/MIDIbox/mios32/trunk/mios32/common/mios32_srio.o
LOAD project_build//data/Hardware/MIDIbox/mios32/trunk/mios32/common/mios32_din.o
LOAD project_build//data/Hardware/MIDIbox/mios32/trunk/mios32/common/mios32_dout.o
LOAD project_build//data/Hardware/MIDIbox/mios32/trunk/mios32/common/mios32_enc.o
LOAD project_build//data/Hardware/MIDIbox/mios32/trunk/mios32/common/mios32_lcd.o
LOAD project_build//data/Hardware/MIDIbox/mios32/trunk/mios32/common/mios32_midi.o
LOAD project_build//data/Hardware/MIDIbox/mios32/trunk/mios32/common/mios32_osc.o
LOAD project_build//data/Hardware/MIDIbox/mios32/trunk/mios32/common/mios32_com.o
LOAD project_build//data/Hardware/MIDIbox/mios32/trunk/mios32/common/mios32_uart_midi.o
LOAD project_build//data/Hardware/MIDIbox/mios32/trunk/mios32/common/mios32_spi_midi.o
LOAD project_build//data/Hardware/MIDIbox/mios32/trunk/mios32/common/mios32_iic_midi.o
LOAD project_build//data/Hardware/MIDIbox/mios32/trunk/mios32/common/mios32_iic_bs.o
LOAD project_build//data/Hardware/MIDIbox/mios32/trunk/mios32/common/mios32_mf.o
LOAD project_build//data/Hardware/MIDIbox/mios32/trunk/mios32/common/mios32_sdcard.o
LOAD project_build//data/Hardware/MIDIbox/mios32/trunk/mios32/common/mios32_enc28j60.o
LOAD project_build//data/Hardware/MIDIbox/mios32/trunk/mios32/common/mios32_timestamp.o
LOAD project_build//data/Hardware/MIDIbox/mios32/trunk/mios32/STM32F4xx/mios32_bsl.o
LOAD project_build//data/Hardware/MIDIbox/mios32/trunk/mios32/STM32F4xx/mios32_sys.o
LOAD project_build//data/Hardware/MIDIbox/mios32/trunk/mios32/STM32F4xx/mios32_irq.o
LOAD project_build//data/Hardware/MIDIbox/mios32/trunk/mios32/STM32F4xx/mios32_spi.o
LOAD project_build//data/Hardware/MIDIbox/mios32/trunk/mios32/STM32F4xx/mios32_i2s.o
LOAD project_build//data/Hardware/MIDIbox/mios32/trunk/mios32/STM32F4xx/mios32_board.o
LOAD project_build//data/Hardware/MIDIbox/mios32/trunk/mios32/STM32F4xx/mios32_timer.o
LOAD project_build//data/Hardware/MIDIbox/mios32/trunk/mios32/STM32F4xx/mios32_stopwatch.o
LOAD project_build//data/Hardware/MIDIbox/mios32/trunk/mios32/STM32F4xx/mios32_delay.o
LOAD project_build//data/Hardware/MIDIbox/mios32/trunk/mios32/STM32F4xx/mios32_ain.o
LOAD project_build//data/Hardware/MIDIbox/mios32/trunk/mios32/STM32F4xx/mios32_usb.o
LOAD project_build//data/Hardware/MIDIbox/mios32/trunk/mios32/STM32F4xx/mios32_usb_midi.o
LOAD project_build//data/Hardware/MIDIbox/mios32/trunk/mios32/STM32F4xx/mios32_usb_com.o
LOAD project_build//data/Hardware/MIDIbox/mios32/trunk/mios32/STM32F4xx/mios32_uart.o
LOAD project_build//data/Hardware/MIDIbox/mios32/trunk/mios32/STM32F4xx/mios32_iic.o
LOAD project_build//data/Hardware/MIDIbox/mios32/trunk/mios32/common/printf-stdarg.o
LOAD project_build//data/Hardware/MIDIbox/mios32/trunk/drivers/STM32F4xx/v1.1.0/STM32F4xx_StdPeriph_Driver/src/misc.o
LOAD project_build//data/Hardware/MIDIbox/mios32/trunk/drivers/STM32F4xx/v1.1.0/STM32F4xx_StdPeriph_Driver/src/stm32f4xx_adc.o
LOAD project_build//data/Hardware/MIDIbox/mios32/trunk/drivers/STM32F4xx/v1.1.0/STM32F4xx_StdPeriph_Driver/src/stm32f4xx_can.o
LOAD project_build//data/Hardware/MIDIbox/mios32/trunk/drivers/STM32F4xx/v1.1.0/STM32F4xx_StdPeriph_Driver/src/stm32f4xx_crc.o
LOAD project_build//data/Hardware/MIDIbox/mios32/trunk/drivers/STM32F4xx/v1.1.0/STM32F4xx_StdPeriph_Driver/src/stm32f4xx_cryp.o
LOAD project_build//data/Hardware/MIDIbox/mios32/trunk/drivers/STM32F4xx/v1.1.0/STM32F4xx_StdPeriph_Driver/src/stm32f4xx_cryp_aes.o
LOAD project_build//data/Hardware/MIDIbox/mios32/trunk/drivers/STM32F4xx/v1.1.0/STM32F4xx_StdPeriph_Driver/src/stm32f4xx_cryp_des.o
LOAD project_build//data/Hardware/MIDIbox/mios32/trunk/drivers/STM32F4xx/v1.1.0/STM32F4xx_StdPeriph_Driver/src/stm32f4xx_cryp_tdes.o
LOAD project_build//data/Hardware/MIDIbox/mios32/trunk/drivers/STM32F4xx/v1.1.0/STM32F4xx_StdPeriph_Driver/src/stm32f4xx_dac.o
LOAD project_build//data/Hardware/MIDIbox/mios32/trunk/drivers/STM32F4xx/v1.1.0/STM32F4xx_StdPeriph_Driver/src/stm32f4xx_dbgmcu.o
LOAD project_build//data/Hardware/MIDIbox/mios32/trunk/drivers/STM32F4xx/v1.1.0/STM32F4xx_StdPeriph_Driver/src/stm32f4xx_dcmi.o
LOAD project_build//data/Hardware/MIDIbox/mios32/trunk/drivers/STM32F4xx/v1.1.0/STM32F4xx_StdPeriph_Driver/src/stm32f4xx_dma.o
LOAD project_build//data/Hardware/MIDIbox/mios32/trunk/drivers/STM32F4xx/v1.1.0/STM32F4xx_StdPeriph_Driver/src/stm32f4xx_exti.o
LOAD project_build//data/Hardware/MIDIbox/mios32/trunk/drivers/STM32F4xx/v1.1.0/STM32F4xx_StdPeriph_Driver/src/stm32f4xx_flash.o
LOAD project_build//data/Hardware/MIDIbox/mios32/trunk/drivers/STM32F4xx/v1.1.0/STM32F4xx_StdPeriph_Driver/src/stm32f4xx_fsmc.o
LOAD project_build//data/Hardware/MIDIbox/mios32/trunk/drivers/STM32F4xx/v1.1.0/STM32F4xx_StdPeriph_Driver/src/stm32f4xx_gpio.o
LOAD project_build//data/Hardware/MIDIbox/mios32/trunk/drivers/STM32F4xx/v1.1.0/STM32F4xx_StdPeriph_Driver/src/stm32f4xx_hash.o
LOAD project_build//data/Hardware/MIDIbox/mios32/trunk/drivers/STM32F4xx/v1.1.0/STM32F4xx_StdPeriph_Driver/src/stm32f4xx_hash_md5.o
LOAD project_build//data/Hardware/MIDIbox/mios32/trunk/drivers/STM32F4xx/v1.1.0/STM32F4xx_StdPeriph_Driver/src/stm32f4xx_hash_sha1.o
LOAD project_build//data/Hardware/MIDIbox/mios32/trunk/drivers/STM32F4xx/v1.1.0/STM32F4xx_StdPeriph_Driver/src/stm32f4xx_i2c.o
LOAD project_build//data/Hardware/MIDIbox/mios32/trunk/drivers/STM32F4xx/v1.1.0/STM32F4xx_StdPeriph_Driver/src/stm32f4xx_iwdg.o
LOAD project_build//data/Hardware/MIDIbox/mios32/trunk/drivers/STM32F4xx/v1.1.0/STM32F4xx_StdPeriph_Driver/src/stm32f4xx_pwr.o
LOAD project_build//data/Hardware/MIDIbox/mios32/trunk/drivers/STM32F4xx/v1.1.0/STM32F4xx_StdPeriph_Driver/src/stm32f4xx_rcc.o
LOAD project_build//data/Hardware/MIDIbox/mios32/trunk/drivers/STM32F4xx/v1.1.0/STM32F4xx_StdPeriph_Driver/src/stm32f4xx_rng.o
LOAD project_build//data/Hardware/MIDIbox/mios32/trunk/drivers/STM32F4xx/v1.1.0/STM32F4xx_StdPeriph_Driver/src/stm32f4xx_rtc.o
LOAD project_build//data/Hardware/MIDIbox/mios32/trunk/drivers/STM32F4xx/v1.1.0/STM32F4xx_StdPeriph_Driver/src/stm32f4xx_sdio.o
LOAD project_build//data/Hardware/MIDIbox/mios32/trunk/drivers/STM32F4xx/v1.1.0/STM32F4xx_StdPeriph_Driver/src/stm32f4xx_spi.o
LOAD project_build//data/Hardware/MIDIbox/mios32/trunk/drivers/STM32F4xx/v1.1.0/STM32F4xx_StdPeriph_Driver/src/stm32f4xx_syscfg.o
LOAD project_build//data/Hardware/MIDIbox/mios32/trunk/drivers/STM32F4xx/v1.1.0/STM32F4xx_StdPeriph_Driver/src/stm32f4xx_tim.o
LOAD project_build//data/Hardware/MIDIbox/mios32/trunk/drivers/STM32F4xx/v1.1.0/STM32F4xx_StdPeriph_Driver/src/stm32f4xx_usart.o
LOAD project_build//data/Hardware/MIDIbox/mios32/trunk/drivers/STM32F4xx/v1.1.0/STM32F4xx_StdPeriph_Driver/src/stm32f4xx_wwdg.o
LOAD project_build//data/Hardware/MIDIbox/mios32/trunk/drivers/STM32F4xx/v1.1.0/STM32_USB_Device_Library/Core/src/usbd_core.o
LOAD project_build//data/Hardware/MIDIbox/mios32/trunk/drivers/STM32F4xx/v1.1.0/STM32_USB_Device_Library/Core/src/usbd_ioreq.o
LOAD project_build//data/Hardware/MIDIbox/mios32/trunk/drivers/STM32F4xx/v1.1.0/STM32_USB_Device_Library/Core/src/usbd_req.o
LOAD project_build//data/Hardware/MIDIbox/mios32/trunk/drivers/STM32F4xx/v1.1.0/STM32_USB_HOST_Library/Core/src/usbh_core.o
LOAD project_build//data/Hardware/MIDIbox/mios32/trunk/drivers/STM32F4xx/v1.1.0/STM32_USB_HOST_Library/Core/src/usbh_hcs.o
LOAD project_build//data/Hardware/MIDIbox/mios32/trunk/drivers/STM32F4xx/v1.1.0/STM32_USB_HOST_Library/Core/src/usbh_ioreq.o
LOAD project_build//data/Hardware/MIDIbox/mios32/trunk/drivers/STM32F4xx/v1.1.0/STM32_USB_HOST_Library/Core/src/usbh_stdreq.o
LOAD project_build//data/Hardware/MIDIbox/mios32/trunk/drivers/STM32F4xx/v1.1.0/STM32_USB_OTG_Driver/src/usb_core.o
LOAD project_build//data/Hardware/MIDIbox/mios32/trunk/drivers/STM32F4xx/v1.1.0/STM32_USB_OTG_Driver/src/usb_dcd.o
LOAD project_build//data/Hardware/MIDIbox/mios32/trunk/drivers/STM32F4xx/v1.1.0/STM32_USB_OTG_Driver/src/usb_dcd_int.o
LOAD project_build//data/Hardware/MIDIbox/mios32/trunk/drivers/STM32F4xx/v1.1.0/STM32_USB_OTG_Driver/src/usb_hcd.o
LOAD project_build//data/Hardware/MIDIbox/mios32/trunk/drivers/STM32F4xx/v1.1.0/STM32_USB_OTG_Driver/src/usb_hcd_int.o
LOAD project_build//data/Hardware/MIDIbox/mios32/trunk/drivers/STM32F4xx/v1.1.0/STM32_USB_OTG_Driver/src/usb_otg.o
LOAD project_build//data/Hardware/MIDIbox/mios32/trunk/modules/app_lcd/universal/app_lcd.o
LOAD project_build//data/Hardware/MIDIbox/mios32/trunk/modules/glcd_font/glcd_font_normal.o
LOAD project_build//data/Hardware/MIDIbox/mios32/trunk/modules/glcd_font/glcd_font_normal_inv.o
LOAD project_build//data/Hardware/MIDIbox/mios32/trunk/modules/glcd_font/glcd_font_big.o
LOAD project_build//data/Hardware/MIDIbox/mios32/trunk/modules/glcd_font/glcd_font_small.o
LOAD project_build//data/Hardware/MIDIbox/mios32/trunk/modules/glcd_font/glcd_font_tiny.o
LOAD project_build//data/Hardware/MIDIbox/mios32/trunk/modules/glcd_font/glcd_font_knob_icons.o
LOAD project_build//data/Hardware/MIDIbox/mios32/trunk/modules/glcd_font/glcd_font_meter_icons_h.o
LOAD project_build//data/Hardware/MIDIbox/mios32/trunk/modules/glcd_font/glcd_font_meter_icons_v.o
LOAD project_build//data/Hardware/MIDIbox/mios32/trunk/modules/fatfs/src/diskio.o
LOAD project_build//data/Hardware/MIDIbox/mios32/trunk/modules/fatfs/src/option/ccsbcs.o
LOAD project_build//data/Hardware/MIDIbox/mios32/trunk/modules/fatfs/src/ff.o
LOAD project_build//data/Hardware/MIDIbox/mios32/trunk/modules/file/file.o
LOAD project_build//data/Hardware/MIDIbox/mios32/trunk/modules/genesis/genesis.o
LOAD project_build//data/Hardware/MIDIbox/mios32/trunk/modules/blm_x/blm_x.o
LOAD project_build/src/app.o
LOAD project_build/src/vgmhead.o
LOAD project_build/src/vgmsourcestream.o
LOAD project_build/src/vgmplayer.o
LOAD project_build//data/Hardware/MIDIbox/mios32/trunk/programming_models/traditional/mini_cpp.o
LOAD project_build//data/Hardware/MIDIbox/mios32/trunk/programming_models/traditional/freertos_heap.o
LOAD /usr/local/etc/mios32_toolchain/bin/../lib/gcc/arm-none-eabi/4.7.4/../../../../arm-none-eabi/lib/armv7e-m/libstdc++_s.a
START GROUP
LOAD /usr/local/etc/mios32_toolchain/bin/../lib/gcc/arm-none-eabi/4.7.4/armv7e-m/libgcc.a
LOAD /usr/local/etc/mios32_toolchain/bin/../lib/gcc/arm-none-eabi/4.7.4/../../../../arm-none-eabi/lib/armv7e-m/libc_s.a
END GROUP
                0x20020000                _estack = 0x20020000
                0x00000080                __Stack_Size = 0x80
                0x00000080                PROVIDE (_Stack_Size, __Stack_Size)
                0x2001ff80                __Stack_Init = (_estack - __Stack_Size)
                0x2001ff80                PROVIDE (_Stack_Init, __Stack_Init)
                0x00000100                _Minimum_Stack_Size = 0x100
                0x42000000                PERIPH_BB_BASE = 0x42000000
                0x22000000                SRAM_BB_BASE = 0x22000000
                0x20000000                SRAM_BASE = 0x20000000
                0x40000000                PERIPH_BASE = 0x40000000
                0x40022000                PROVIDE (FLASH_BASE, 0x40022000)
                0x1ffff800                PROVIDE (OB_BASE, 0x1ffff800)
                0x40000000                APB1PERIPH_BASE = PERIPH_BASE
                0x40010000                APB2PERIPH_BASE = (PERIPH_BASE + 0x10000)
                0x40020000                AHBPERIPH_BASE = (PERIPH_BASE + 0x20000)
                0x40000000                PROVIDE (TIM2, (APB1PERIPH_BASE + 0x0))
                0x40000400                PROVIDE (TIM3, (APB1PERIPH_BASE + 0x400))
                0x40000800                PROVIDE (TIM4, (APB1PERIPH_BASE + 0x800))
                0x40002800                PROVIDE (RTC, (APB1PERIPH_BASE + 0x2800))
                0x40002c00                PROVIDE (WWDG, (APB1PERIPH_BASE + 0x2c00))
                0x40003000                PROVIDE (IWDG, (APB1PERIPH_BASE + 0x3000))
                0x40003800                PROVIDE (SPI2, (APB1PERIPH_BASE + 0x3800))
                0x40004400                PROVIDE (USART2, (APB1PERIPH_BASE + 0x4400))
                0x40004800                PROVIDE (USART3, (APB1PERIPH_BASE + 0x4800))
                0x40005400                PROVIDE (I2C1, (APB1PERIPH_BASE + 0x5400))
                0x40005800                PROVIDE (I2C2, (APB1PERIPH_BASE + 0x5800))
                0x40006400                PROVIDE (CAN, (APB1PERIPH_BASE + 0x6400))
                0x40006c00                PROVIDE (BKP, (APB1PERIPH_BASE + 0x6c00))
                0x40007000                PROVIDE (PWR, (APB1PERIPH_BASE + 0x7000))
                0x40010000                PROVIDE (AFIO, (APB2PERIPH_BASE + 0x0))
                0x40010400                PROVIDE (EXTI, (APB2PERIPH_BASE + 0x400))
                0x40010800                PROVIDE (GPIOA, (APB2PERIPH_BASE + 0x800))
                0x40010c00                PROVIDE (GPIOB, (APB2PERIPH_BASE + 0xc00))
                0x40011000                PROVIDE (GPIOC, (APB2PERIPH_BASE + 0x1000))
                0x40011400                PROVIDE (GPIOD, (APB2PERIPH_BASE + 0x1400))
                0x40011800                PROVIDE (GPIOE, (APB2PERIPH_BASE + 0x1800))
                0x40012400                PROVIDE (ADC1, (APB2PERIPH_BASE + 0x2400))
                0x40012800                PROVIDE (ADC2, (APB2PERIPH_BASE + 0x2800))
                0x40012c00                PROVIDE (TIM1, (APB2PERIPH_BASE + 0x2c00))
                0x40013000                PROVIDE (SPI1, (APB2PERIPH_BASE + 0x3000))
                0x40013800                PROVIDE (USART1, (APB2PERIPH_BASE + 0x3800))
                0x40020000                PROVIDE (DMA, (AHBPERIPH_BASE + 0x0))
                0x40020008                PROVIDE (DMA_Channel1, (AHBPERIPH_BASE + 0x8))
                0x4002001c                PROVIDE (DMA_Channel2, (AHBPERIPH_BASE + 0x1c))
                0x40020030                PROVIDE (DMA_Channel3, (AHBPERIPH_BASE + 0x30))
                0x40020044                PROVIDE (DMA_Channel4, (AHBPERIPH_BASE + 0x44))
                0x40020058                PROVIDE (DMA_Channel5, (AHBPERIPH_BASE + 0x58))
                0x4002006c                PROVIDE (DMA_Channel6, (AHBPERIPH_BASE + 0x6c))
                0x40020080                PROVIDE (DMA_Channel7, (AHBPERIPH_BASE + 0x80))
                0x40021000                PROVIDE (RCC, (AHBPERIPH_BASE + 0x1000))
                0xe000e000                SCS_BASE = 0xe000e000
                0xe000e010                PROVIDE (SysTick, (SCS_BASE + 0x10))
                0xe000e100                PROVIDE (NVIC, (SCS_BASE + 0x100))
                0xe000ed00                PROVIDE (SCB, (SCS_BASE + 0xd00))

.mios32_bsl     0x08000000     0x4000
                0x08000000                . = ALIGN (0x4)
 *(.mios32_bsl)
 .mios32_bsl    0x08000000     0x4000 project_build//data/Hardware/MIDIbox/mios32/trunk/mios32/STM32F4xx/mios32_bsl.o
                0x08000000                mios32_bsl_image
                0x08004000                . = ALIGN (0x4)

.isr_vector     0x08004000      0x188
                0x08004000                _mios32_sys_isr_vector = .
                0x08004000                . = ALIGN (0x4)
 *(.isr_vector)
 .isr_vector    0x08004000      0x188 project_build//data/Hardware/MIDIbox/mios32/trunk/programming_models/traditional/startup_stm32f4xx.o
                0x08004000                g_pfnVectors
                0x08004188                . = ALIGN (0x4)
                0x08004000                PROVIDE (mios32_sys_isr_vector, _mios32_sys_isr_vector)

.flashtext      0x08010000        0x0
                0x08010000                . = ALIGN (0x4)
 *(.flashtext)
                0x08010000                . = ALIGN (0x4)

.text           0x08010000     0xc940
                0x08010000                . = ALIGN (0x4)
 CREATE_OBJECT_SYMBOLS
 *(.text .text.* .gnu.linkonce.t.*)
 .text.VgmPlayerLL_GetVGMTime
                0x08010000        0xc project_build/src/vgmplayer_ll.o
                0x08010000                VgmPlayerLL_GetVGMTime
 .text.TIM3_IRQHandler
                0x0801000c       0x4c project_build/src/vgmplayer_ll.o
                0x0801000c                TIM3_IRQHandler
 .text.VgmPlayerLL_RegisterCallback
                0x08010058        0xc project_build/src/vgmplayer_ll.o
                0x08010058                VgmPlayerLL_RegisterCallback
 .text.VgmPlayerLL_Init
                0x08010064       0xd4 project_build/src/vgmplayer_ll.o
                0x08010064                VgmPlayerLL_Init
 .text.FrontPanel_Init
                0x08010138      0x674 project_build/src/frontpanel.o
                0x08010138                FrontPanel_Init
 .text.FrontPanel_ButtonChange
                0x080107ac       0xbc project_build/src/frontpanel.o
                0x080107ac                FrontPanel_ButtonChange
 .text.FrontPanel_EncoderChange
                0x08010868        0xe project_build/src/frontpanel.o
                0x08010868                FrontPanel_EncoderChange
 .text.Interface_Init
                0x08010876        0x2 project_build/src/interface.o
                0x08010876                Interface_Init
 .text.Interface_BtnGVoice
                0x08010878       0x10 project_build/src/interface.o
                0x08010878                Interface_BtnGVoice
 .text.Interface_BtnSoftkey
                0x08010888       0x10 project_build/src/interface.o
                0x08010888                Interface_BtnSoftkey
 .text.Interface_BtnSelOp
                0x08010898       0x10 project_build/src/interface.o
                0x08010898                Interface_BtnSelOp
 .text.Interface_BtnOpMute
                0x080108a8       0x10 project_build/src/interface.o
                0x080108a8                Interface_BtnOpMute
 .text.Interface_BtnSystem
                0x080108b8       0x10 project_build/src/interface.o
                0x080108b8                Interface_BtnSystem
 .text.Interface_BtnEdit
                0x080108c8       0x10 project_build/src/interface.o
                0x080108c8                Interface_BtnEdit
 .text.Interface_EncDatawheel
                0x080108d8        0xc project_build/src/interface.o
                0x080108d8                Interface_EncDatawheel
 .text.Interface_EncEdit
                0x080108e4       0x10 project_build/src/interface.o
                0x080108e4                Interface_EncEdit
 .text.SRIO_ServiceFinish
                0x080108f4        0xe project_build//data/Hardware/MIDIbox/mios32/trunk/programming_models/traditional/main.o
                0x080108f4                SRIO_ServiceFinish
 *fill*         0x08010902        0x2 00
 .text.TASK_Hooks
                0x08010904       0x48 project_build//data/Hardware/MIDIbox/mios32/trunk/programming_models/traditional/main.o
 .text.TASK_MIDI_Hooks
                0x0801094c       0x34 project_build//data/Hardware/MIDIbox/mios32/trunk/programming_models/traditional/main.o
 .text.startup.main
                0x08010980       0xe0 project_build//data/Hardware/MIDIbox/mios32/trunk/programming_models/traditional/main.o
                0x08010980                main
 .text.vApplicationTickHook
                0x08010a60       0x18 project_build//data/Hardware/MIDIbox/mios32/trunk/programming_models/traditional/main.o
                0x08010a60                vApplicationTickHook
 .text.vApplicationIdleHook
                0x08010a78        0x4 project_build//data/Hardware/MIDIbox/mios32/trunk/programming_models/traditional/main.o
                0x08010a78                vApplicationIdleHook
 .text._abort   0x08010a7c       0x40 project_build//data/Hardware/MIDIbox/mios32/trunk/programming_models/traditional/main.o
                0x08010a7c                _abort
 .text.HardFault_Handler_c
                0x08010abc      0x148 project_build//data/Hardware/MIDIbox/mios32/trunk/programming_models/traditional/main.o
                0x08010abc                HardFault_Handler_c
 .text.HardFault_Handler
                0x08010c04       0x14 project_build//data/Hardware/MIDIbox/mios32/trunk/programming_models/traditional/main.o
                0x08010c04                HardFault_Handler
 .text.prvAddCurrentTaskToDelayedList
                0x08010c18       0x50 project_build//data/Hardware/MIDIbox/mios32/trunk/FreeRTOS/Source/tasks.o
 .text.xTaskGenericCreate
                0x08010c68      0x194 project_build//data/Hardware/MIDIbox/mios32/trunk/FreeRTOS/Source/tasks.o
                0x08010c68                xTaskGenericCreate
 .text.vTaskStartScheduler
                0x08010dfc       0x4c project_build//data/Hardware/MIDIbox/mios32/trunk/FreeRTOS/Source/tasks.o
                0x08010dfc                vTaskStartScheduler
 .text.vTaskSuspendAll
                0x08010e48       0x10 project_build//data/Hardware/MIDIbox/mios32/trunk/FreeRTOS/Source/tasks.o
                0x08010e48                vTaskSuspendAll
 .text.xTaskGetTickCount
                0x08010e58       0x18 project_build//data/Hardware/MIDIbox/mios32/trunk/FreeRTOS/Source/tasks.o
                0x08010e58                xTaskGetTickCount
 .text.vTaskIncrementTick
                0x08010e70       0xec project_build//data/Hardware/MIDIbox/mios32/trunk/FreeRTOS/Source/tasks.o
                0x08010e70                vTaskIncrementTick
 .text.xTaskResumeAll
                0x08010f5c       0xc4 project_build//data/Hardware/MIDIbox/mios32/trunk/FreeRTOS/Source/tasks.o
                0x08010f5c                xTaskResumeAll
 .text.prvIdleTask
                0x08011020       0x68 project_build//data/Hardware/MIDIbox/mios32/trunk/FreeRTOS/Source/tasks.o
 .text.vTaskDelayUntil
                0x08011088       0x78 project_build//data/Hardware/MIDIbox/mios32/trunk/FreeRTOS/Source/tasks.o
                0x08011088                vTaskDelayUntil
 .text.vTaskSwitchContext
                0x08011100       0x54 project_build//data/Hardware/MIDIbox/mios32/trunk/FreeRTOS/Source/tasks.o
                0x08011100                vTaskSwitchContext
 .text.vListInitialise
                0x08011154       0x16 project_build//data/Hardware/MIDIbox/mios32/trunk/FreeRTOS/Source/list.o
                0x08011154                vListInitialise
 .text.vListInitialiseItem
                0x0801116a        0x6 project_build//data/Hardware/MIDIbox/mios32/trunk/FreeRTOS/Source/list.o
                0x0801116a                vListInitialiseItem
 .text.vListInsertEnd
                0x08011170       0x1a project_build//data/Hardware/MIDIbox/mios32/trunk/FreeRTOS/Source/list.o
                0x08011170                vListInsertEnd
 .text.vListInsert
                0x0801118a       0x30 project_build//data/Hardware/MIDIbox/mios32/trunk/FreeRTOS/Source/list.o
                0x0801118a                vListInsert
 .text.uxListRemove
                0x080111ba       0x22 project_build//data/Hardware/MIDIbox/mios32/trunk/FreeRTOS/Source/list.o
                0x080111ba                uxListRemove
 .text.prvPortStartFirstTask
                0x080111dc       0x14 project_build//data/Hardware/MIDIbox/mios32/trunk/FreeRTOS/Source/portable/GCC/ARM_CM3/port.o
 .text.pxPortInitialiseStack
                0x080111f0       0x16 project_build//data/Hardware/MIDIbox/mios32/trunk/FreeRTOS/Source/portable/GCC/ARM_CM3/port.o
                0x080111f0                pxPortInitialiseStack
 *fill*         0x08011206        0x2 00
 .text.vPortSVCHandler
                0x08011208       0x20 project_build//data/Hardware/MIDIbox/mios32/trunk/FreeRTOS/Source/portable/GCC/ARM_CM3/port.o
                0x08011208                vPortSVCHandler
 .text.vPortYieldFromISR
                0x08011228       0x10 project_build//data/Hardware/MIDIbox/mios32/trunk/FreeRTOS/Source/portable/GCC/ARM_CM3/port.o
                0x08011228                vPortYieldFromISR
 .text.ulPortSetInterruptMask
                0x08011238       0x10 project_build//data/Hardware/MIDIbox/mios32/trunk/FreeRTOS/Source/portable/GCC/ARM_CM3/port.o
                0x08011238                ulPortSetInterruptMask
 .text.vPortEnterCritical
                0x08011248       0x14 project_build//data/Hardware/MIDIbox/mios32/trunk/FreeRTOS/Source/portable/GCC/ARM_CM3/port.o
                0x08011248                vPortEnterCritical
 .text.vPortClearInterruptMask
                0x0801125c        0x6 project_build//data/Hardware/MIDIbox/mios32/trunk/FreeRTOS/Source/portable/GCC/ARM_CM3/port.o
                0x0801125c                vPortClearInterruptMask
 *fill*         0x08011262        0x2 00
 .text.vPortExitCritical
                0x08011264       0x14 project_build//data/Hardware/MIDIbox/mios32/trunk/FreeRTOS/Source/portable/GCC/ARM_CM3/port.o
                0x08011264                vPortExitCritical
 .text.xPortPendSVHandler
                0x08011278       0x3c project_build//data/Hardware/MIDIbox/mios32/trunk/FreeRTOS/Source/portable/GCC/ARM_CM3/port.o
                0x08011278                xPortPendSVHandler
 .text.xPortSysTickHandler
                0x080112b4       0x20 project_build//data/Hardware/MIDIbox/mios32/trunk/FreeRTOS/Source/portable/GCC/ARM_CM3/port.o
                0x080112b4                xPortSysTickHandler
 .text.vPortSetupTimerInterrupt
                0x080112d4       0x18 project_build//data/Hardware/MIDIbox/mios32/trunk/FreeRTOS/Source/portable/GCC/ARM_CM3/port.o
                0x080112d4                vPortSetupTimerInterrupt
 .text.xPortStartScheduler
                0x080112ec       0x30 project_build//data/Hardware/MIDIbox/mios32/trunk/FreeRTOS/Source/portable/GCC/ARM_CM3/port.o
                0x080112ec                xPortStartScheduler
 .text.umm_disconnect_from_free_list
                0x0801131c       0x2c project_build//data/Hardware/MIDIbox/mios32/trunk/FreeRTOS/Source/portable/MemMang/umm_malloc.o
 .text.umm_assimilate_up
                0x08011348       0x4c project_build//data/Hardware/MIDIbox/mios32/trunk/FreeRTOS/Source/portable/MemMang/umm_malloc.o
 .text.vPortFree
                0x08011394       0x74 project_build//data/Hardware/MIDIbox/mios32/trunk/FreeRTOS/Source/portable/MemMang/umm_malloc.o
                0x08011394                vPortFree
 .text.pvPortMalloc
                0x08011408      0x11c project_build//data/Hardware/MIDIbox/mios32/trunk/FreeRTOS/Source/portable/MemMang/umm_malloc.o
                0x08011408                pvPortMalloc
 .text.Default_Handler
                0x08011524        0x2 project_build//data/Hardware/MIDIbox/mios32/trunk/programming_models/traditional/startup_stm32f4xx.o
                0x08011524                RTC_Alarm_IRQHandler
                0x08011524                HASH_RNG_IRQHandler
                0x08011524                EXTI2_IRQHandler
                0x08011524                TIM8_CC_IRQHandler
                0x08011524                DebugMon_Handler
                0x08011524                TIM1_CC_IRQHandler
                0x08011524                DMA2_Stream5_IRQHandler
                0x08011524                DMA1_Stream5_IRQHandler
                0x08011524                SysTick_Handler
                0x08011524                PVD_IRQHandler
                0x08011524                SDIO_IRQHandler
                0x08011524                TAMP_STAMP_IRQHandler
                0x08011524                PendSV_Handler
                0x08011524                NMI_Handler
                0x08011524                CAN2_RX1_IRQHandler
                0x08011524                EXTI3_IRQHandler
                0x08011524                TIM8_TRG_COM_TIM14_IRQHandler
                0x08011524                TIM1_UP_TIM10_IRQHandler
                0x08011524                TIM8_UP_TIM13_IRQHandler
                0x08011524                I2C3_ER_IRQHandler
                0x08011524                EXTI0_IRQHandler
                0x08011524                CAN1_RX0_IRQHandler
                0x08011524                FPU_IRQHandler
                0x08011524                OTG_HS_WKUP_IRQHandler
                0x08011524                UsageFault_Handler
                0x08011524                CAN2_SCE_IRQHandler
                0x08011524                SPI1_IRQHandler
                0x08011524                TIM6_DAC_IRQHandler
                0x08011524                TIM1_BRK_TIM9_IRQHandler
                0x08011524                DCMI_IRQHandler
                0x08011524                CAN2_RX0_IRQHandler
                0x08011524                DMA2_Stream3_IRQHandler
                0x08011524                USART6_IRQHandler
                0x08011524                CRYP_IRQHandler
                0x08011524                CAN1_RX1_IRQHandler
                0x08011524                UART5_IRQHandler
                0x08011524                DMA2_Stream0_IRQHandler
                0x08011524                TIM4_IRQHandler
                0x08011524                DMA1_Stream6_IRQHandler
                0x08011524                DMA1_Stream1_IRQHandler
                0x08011524                UART4_IRQHandler
                0x08011524                RCC_IRQHandler
                0x08011524                TIM8_BRK_TIM12_IRQHandler
                0x08011524                Default_Handler
                0x08011524                EXTI15_10_IRQHandler
                0x08011524                ADC_IRQHandler
                0x08011524                DMA1_Stream7_IRQHandler
                0x08011524                TIM7_IRQHandler
                0x08011524                CAN2_TX_IRQHandler
                0x08011524                TIM5_IRQHandler
                0x08011524                DMA2_Stream7_IRQHandler
                0x08011524                I2C3_EV_IRQHandler
                0x08011524                EXTI9_5_IRQHandler
                0x08011524                RTC_WKUP_IRQHandler
                0x08011524                ETH_WKUP_IRQHandler
                0x08011524                SPI2_IRQHandler
                0x08011524                OTG_HS_EP1_IN_IRQHandler
                0x08011524                MemManage_Handler
                0x08011524                DMA1_Stream0_IRQHandler
                0x08011524                CAN1_TX_IRQHandler
                0x08011524                SVC_Handler
                0x08011524                EXTI4_IRQHandler
                0x08011524                FSMC_IRQHandler
                0x08011524                ETH_IRQHandler
                0x08011524                OTG_HS_EP1_OUT_IRQHandler
                0x08011524                WWDG_IRQHandler
                0x08011524                TIM2_IRQHandler
                0x08011524                OTG_FS_WKUP_IRQHandler
                0x08011524                TIM1_TRG_COM_TIM11_IRQHandler
                0x08011524                OTG_HS_IRQHandler
                0x08011524                EXTI1_IRQHandler
                0x08011524                DMA2_Stream1_IRQHandler
                0x08011524                CAN1_SCE_IRQHandler
                0x08011524                FLASH_IRQHandler
                0x08011524                DMA2_Stream4_IRQHandler
                0x08011524                BusFault_Handler
                0x08011524                USART1_IRQHandler
                0x08011524                SPI3_IRQHandler
                0x08011524                DMA1_Stream4_IRQHandler
                0x08011524                DMA2_Stream6_IRQHandler
 *fill*         0x08011526        0x2 00
 .text.Reset_Handler
                0x08011528       0x4c project_build//data/Hardware/MIDIbox/mios32/trunk/programming_models/traditional/startup_stm32f4xx.o
                0x08011528                Reset_Handler
 .text._init    0x08011574        0x2 project_build//data/Hardware/MIDIbox/mios32/trunk/programming_models/traditional/startup_stm32f4xx.o
                0x08011574                _init
 *fill*         0x08011576        0x2 00
 .text.MIOS32_SRIO_DMA_Callback
                0x08011578       0xac project_build//data/Hardware/MIDIbox/mios32/trunk/mios32/common/mios32_srio.o
 .text.MIOS32_SRIO_Init
                0x08011624       0x90 project_build//data/Hardware/MIDIbox/mios32/trunk/mios32/common/mios32_srio.o
                0x08011624                MIOS32_SRIO_Init
 .text.MIOS32_SRIO_ScanNumGet
                0x080116b4        0xc project_build//data/Hardware/MIDIbox/mios32/trunk/mios32/common/mios32_srio.o
                0x080116b4                MIOS32_SRIO_ScanNumGet
 .text.MIOS32_SRIO_DebounceStart
                0x080116c0       0x14 project_build//data/Hardware/MIDIbox/mios32/trunk/mios32/common/mios32_srio.o
                0x080116c0                MIOS32_SRIO_DebounceStart
 .text.MIOS32_SRIO_ScanStart
                0x080116d4       0x78 project_build//data/Hardware/MIDIbox/mios32/trunk/mios32/common/mios32_srio.o
                0x080116d4                MIOS32_SRIO_ScanStart
 .text.MIOS32_DIN_Init
                0x0801174c       0x28 project_build//data/Hardware/MIDIbox/mios32/trunk/mios32/common/mios32_din.o
                0x0801174c                MIOS32_DIN_Init
 .text.MIOS32_DIN_SRGet
                0x08011774       0x1c project_build//data/Hardware/MIDIbox/mios32/trunk/mios32/common/mios32_din.o
                0x08011774                MIOS32_DIN_SRGet
 .text.MIOS32_DIN_SRChangedGetAndClear
                0x08011790       0x30 project_build//data/Hardware/MIDIbox/mios32/trunk/mios32/common/mios32_din.o
                0x08011790                MIOS32_DIN_SRChangedGetAndClear
 .text.MIOS32_DIN_Handler
                0x080117c0       0x64 project_build//data/Hardware/MIDIbox/mios32/trunk/mios32/common/mios32_din.o
                0x080117c0                MIOS32_DIN_Handler
 .text.MIOS32_DOUT_Init
                0x08011824       0x1c project_build//data/Hardware/MIDIbox/mios32/trunk/mios32/common/mios32_dout.o
                0x08011824                MIOS32_DOUT_Init
 .text.MIOS32_DOUT_SRSet
                0x08011840       0x2c project_build//data/Hardware/MIDIbox/mios32/trunk/mios32/common/mios32_dout.o
                0x08011840                MIOS32_DOUT_SRSet
 .text.MIOS32_ENC_Init
                0x0801186c       0x6c project_build//data/Hardware/MIDIbox/mios32/trunk/mios32/common/mios32_enc.o
                0x0801186c                MIOS32_ENC_Init
 .text.MIOS32_ENC_ConfigSet
                0x080118d8       0x1c project_build//data/Hardware/MIDIbox/mios32/trunk/mios32/common/mios32_enc.o
                0x080118d8                MIOS32_ENC_ConfigSet
 .text.MIOS32_ENC_ConfigGet
                0x080118f4       0x28 project_build//data/Hardware/MIDIbox/mios32/trunk/mios32/common/mios32_enc.o
                0x080118f4                MIOS32_ENC_ConfigGet
 .text.MIOS32_ENC_UpdateStates
                0x0801191c      0x26c project_build//data/Hardware/MIDIbox/mios32/trunk/mios32/common/mios32_enc.o
                0x0801191c                MIOS32_ENC_UpdateStates
 .text.MIOS32_ENC_Handler
                0x08011b88       0x44 project_build//data/Hardware/MIDIbox/mios32/trunk/mios32/common/mios32_enc.o
                0x08011b88                MIOS32_ENC_Handler
 .text.MIOS32_LCD_ParametersFetchFromBslInfoRange
                0x08011bcc       0x64 project_build//data/Hardware/MIDIbox/mios32/trunk/mios32/common/mios32_lcd.o
                0x08011bcc                MIOS32_LCD_ParametersFetchFromBslInfoRange
 .text.MIOS32_LCD_TypeIsGLCD
                0x08011c30       0x10 project_build//data/Hardware/MIDIbox/mios32/trunk/mios32/common/mios32_lcd.o
                0x08011c30                MIOS32_LCD_TypeIsGLCD
 .text.MIOS32_LCD_DeviceSet
                0x08011c40        0xc project_build//data/Hardware/MIDIbox/mios32/trunk/mios32/common/mios32_lcd.o
                0x08011c40                MIOS32_LCD_DeviceSet
 .text.MIOS32_LCD_CursorSet
                0x08011c4c       0x44 project_build//data/Hardware/MIDIbox/mios32/trunk/mios32/common/mios32_lcd.o
                0x08011c4c                MIOS32_LCD_CursorSet
 .text.MIOS32_LCD_GCursorSet
                0x08011c90       0x14 project_build//data/Hardware/MIDIbox/mios32/trunk/mios32/common/mios32_lcd.o
                0x08011c90                MIOS32_LCD_GCursorSet
 .text.MIOS32_LCD_CursorMapSet
                0x08011ca4       0x18 project_build//data/Hardware/MIDIbox/mios32/trunk/mios32/common/mios32_lcd.o
                0x08011ca4                MIOS32_LCD_CursorMapSet
 .text.MIOS32_LCD_FontInit
                0x08011cbc       0x24 project_build//data/Hardware/MIDIbox/mios32/trunk/mios32/common/mios32_lcd.o
                0x08011cbc                MIOS32_LCD_FontInit
 .text.MIOS32_LCD_Clear
                0x08011ce0        0x4 project_build//data/Hardware/MIDIbox/mios32/trunk/mios32/common/mios32_lcd.o
                0x08011ce0                MIOS32_LCD_Clear
 .text.MIOS32_LCD_Init
                0x08011ce4       0x54 project_build//data/Hardware/MIDIbox/mios32/trunk/mios32/common/mios32_lcd.o
                0x08011ce4                MIOS32_LCD_Init
 .text.MIOS32_LCD_PrintChar
                0x08011d38       0x64 project_build//data/Hardware/MIDIbox/mios32/trunk/mios32/common/mios32_lcd.o
                0x08011d38                MIOS32_LCD_PrintChar
 .text.MIOS32_LCD_PrintString
                0x08011d9c       0x18 project_build//data/Hardware/MIDIbox/mios32/trunk/mios32/common/mios32_lcd.o
                0x08011d9c                MIOS32_LCD_PrintString
 .text.MIOS32_LCD_PrintBootMessage
                0x08011db4       0x3c project_build//data/Hardware/MIDIbox/mios32/trunk/mios32/common/mios32_lcd.o
                0x08011db4                MIOS32_LCD_PrintBootMessage
 .text.MIOS32_LCD_PrintFormattedString
                0x08011df0       0x24 project_build//data/Hardware/MIDIbox/mios32/trunk/mios32/common/mios32_lcd.o
                0x08011df0                MIOS32_LCD_PrintFormattedString
 .text.MIOS32_LCD_BColourSet
                0x08011e14        0x4 project_build//data/Hardware/MIDIbox/mios32/trunk/mios32/common/mios32_lcd.o
                0x08011e14                MIOS32_LCD_BColourSet
 .text.MIOS32_LCD_FColourSet
                0x08011e18        0x4 project_build//data/Hardware/MIDIbox/mios32/trunk/mios32/common/mios32_lcd.o
                0x08011e18                MIOS32_LCD_FColourSet
 .text.MIOS32_MIDI_Init
                0x08011e1c       0xd8 project_build//data/Hardware/MIDIbox/mios32/trunk/mios32/common/mios32_midi.o
                0x08011e1c                MIOS32_MIDI_Init
 .text.MIOS32_MIDI_SendPackage
                0x08011ef4       0x9c project_build//data/Hardware/MIDIbox/mios32/trunk/mios32/common/mios32_midi.o
                0x08011ef4                MIOS32_MIDI_SendPackage
 .text.MIOS32_MIDI_SendSysEx
                0x08011f90       0x82 project_build//data/Hardware/MIDIbox/mios32/trunk/mios32/common/mios32_midi.o
                0x08011f90                MIOS32_MIDI_SendSysEx
 *fill*         0x08012012        0x2 00
 .text.MIOS32_MIDI_SYSEX_SendAckStr
                0x08012014       0x5c project_build//data/Hardware/MIDIbox/mios32/trunk/mios32/common/mios32_midi.o
 .text.MIOS32_MIDI_SYSEX_SendAck
                0x08012070       0x48 project_build//data/Hardware/MIDIbox/mios32/trunk/mios32/common/mios32_midi.o
 .text.MIOS32_MIDI_SendDebugStringHeader
                0x080120b8       0x68 project_build//data/Hardware/MIDIbox/mios32/trunk/mios32/common/mios32_midi.o
                0x080120b8                MIOS32_MIDI_SendDebugStringHeader
 .text.MIOS32_MIDI_SendDebugStringBody
                0x08012120       0x6a project_build//data/Hardware/MIDIbox/mios32/trunk/mios32/common/mios32_midi.o
                0x08012120                MIOS32_MIDI_SendDebugStringBody
 .text.MIOS32_MIDI_SendDebugStringFooter
                0x0801218a       0x1a project_build//data/Hardware/MIDIbox/mios32/trunk/mios32/common/mios32_midi.o
                0x0801218a                MIOS32_MIDI_SendDebugStringFooter
 .text.MIOS32_MIDI_SendDebugString
                0x080121a4       0x38 project_build//data/Hardware/MIDIbox/mios32/trunk/mios32/common/mios32_midi.o
                0x080121a4                MIOS32_MIDI_SendDebugString
 .text.MIOS32_MIDI_SendDebugMessage
                0x080121dc       0x50 project_build//data/Hardware/MIDIbox/mios32/trunk/mios32/common/mios32_midi.o
                0x080121dc                MIOS32_MIDI_SendDebugMessage
 .text.MIOS32_MIDI_TimeOut
                0x0801222c       0x50 project_build//data/Hardware/MIDIbox/mios32/trunk/mios32/common/mios32_midi.o
 .text.MIOS32_MIDI_Periodic_mS
                0x0801227c       0x34 project_build//data/Hardware/MIDIbox/mios32/trunk/mios32/common/mios32_midi.o
                0x0801227c                MIOS32_MIDI_Periodic_mS
 .text.MIOS32_MIDI_SendByteToRxCallback
                0x080122b0       0x14 project_build//data/Hardware/MIDIbox/mios32/trunk/mios32/common/mios32_midi.o
                0x080122b0                MIOS32_MIDI_SendByteToRxCallback
 .text.MIOS32_MIDI_SendPackageToRxCallback
                0x080122c4       0x50 project_build//data/Hardware/MIDIbox/mios32/trunk/mios32/common/mios32_midi.o
                0x080122c4                MIOS32_MIDI_SendPackageToRxCallback
 .text.MIOS32_MIDI_DebugPortSet
                0x08012314       0x18 project_build//data/Hardware/MIDIbox/mios32/trunk/mios32/common/mios32_midi.o
                0x08012314                MIOS32_MIDI_DebugPortSet
 .text.MIOS32_MIDI_SYSEX_Cmd
                0x0801232c      0x1b4 project_build//data/Hardware/MIDIbox/mios32/trunk/mios32/common/mios32_midi.o
 .text.MIOS32_MIDI_SYSEX_Parser
                0x080124e0       0xd8 project_build//data/Hardware/MIDIbox/mios32/trunk/mios32/common/mios32_midi.o
 .text.MIOS32_MIDI_ReceivePackage
                0x080125b8      0x22c project_build//data/Hardware/MIDIbox/mios32/trunk/mios32/common/mios32_midi.o
                0x080125b8                MIOS32_MIDI_ReceivePackage
 .text.MIOS32_MIDI_Receive_Handler
                0x080127e4      0x138 project_build//data/Hardware/MIDIbox/mios32/trunk/mios32/common/mios32_midi.o
                0x080127e4                MIOS32_MIDI_Receive_Handler
 .text.MIOS32_OSC_Init
                0x0801291c        0xc project_build//data/Hardware/MIDIbox/mios32/trunk/mios32/common/mios32_osc.o
                0x0801291c                MIOS32_OSC_Init
 .text.MIOS32_COM_Init
                0x08012928       0x24 project_build//data/Hardware/MIDIbox/mios32/trunk/mios32/common/mios32_com.o
                0x08012928                MIOS32_COM_Init
 .text.MIOS32_COM_SendBuffer
                0x0801294c       0x2c project_build//data/Hardware/MIDIbox/mios32/trunk/mios32/common/mios32_com.o
                0x0801294c                MIOS32_COM_SendBuffer
 .text.MIOS32_COM_SendChar
                0x08012978       0x12 project_build//data/Hardware/MIDIbox/mios32/trunk/mios32/common/mios32_com.o
                0x08012978                MIOS32_COM_SendChar
 .text.MIOS32_COM_Receive_Handler
                0x0801298a       0x12 project_build//data/Hardware/MIDIbox/mios32/trunk/mios32/common/mios32_com.o
                0x0801298a                MIOS32_COM_Receive_Handler
 .text.MIOS32_UART_MIDI_RS_Reset
                0x0801299c       0x30 project_build//data/Hardware/MIDIbox/mios32/trunk/mios32/common/mios32_uart_midi.o
                0x0801299c                MIOS32_UART_MIDI_RS_Reset
 .text.MIOS32_UART_MIDI_Init
                0x080129cc       0x4c project_build//data/Hardware/MIDIbox/mios32/trunk/mios32/common/mios32_uart_midi.o
                0x080129cc                MIOS32_UART_MIDI_Init
 .text.MIOS32_UART_MIDI_Periodic_mS
                0x08012a18       0x50 project_build//data/Hardware/MIDIbox/mios32/trunk/mios32/common/mios32_uart_midi.o
                0x08012a18                MIOS32_UART_MIDI_Periodic_mS
 .text.MIOS32_UART_MIDI_PackageSend_NonBlocking
                0x08012a68       0xb8 project_build//data/Hardware/MIDIbox/mios32/trunk/mios32/common/mios32_uart_midi.o
                0x08012a68                MIOS32_UART_MIDI_PackageSend_NonBlocking
 .text.MIOS32_UART_MIDI_PackageSend
                0x08012b20       0x14 project_build//data/Hardware/MIDIbox/mios32/trunk/mios32/common/mios32_uart_midi.o
                0x08012b20                MIOS32_UART_MIDI_PackageSend
 .text.MIOS32_UART_MIDI_PackageReceive
                0x08012b34      0x1b0 project_build//data/Hardware/MIDIbox/mios32/trunk/mios32/common/mios32_uart_midi.o
                0x08012b34                MIOS32_UART_MIDI_PackageReceive
 .text.MIOS32_SPI_MIDI_Init
                0x08012ce4        0x6 project_build//data/Hardware/MIDIbox/mios32/trunk/mios32/common/mios32_spi_midi.o
                0x08012ce4                MIOS32_SPI_MIDI_Init
 .text.MIOS32_SPI_MIDI_Periodic_mS
                0x08012cea        0x4 project_build//data/Hardware/MIDIbox/mios32/trunk/mios32/common/mios32_spi_midi.o
                0x08012cea                MIOS32_SPI_MIDI_Periodic_mS
 .text.MIOS32_SPI_MIDI_PackageSend
                0x08012cee        0x6 project_build//data/Hardware/MIDIbox/mios32/trunk/mios32/common/mios32_spi_midi.o
                0x08012cee                MIOS32_SPI_MIDI_PackageSend
 .text.MIOS32_SPI_MIDI_PackageReceive
                0x08012cf4        0x6 project_build//data/Hardware/MIDIbox/mios32/trunk/mios32/common/mios32_spi_midi.o
                0x08012cf4                MIOS32_SPI_MIDI_PackageReceive
 .text.MIOS32_IIC_MIDI_Init
                0x08012cfa        0x6 project_build//data/Hardware/MIDIbox/mios32/trunk/mios32/common/mios32_iic_midi.o
                0x08012cfa                MIOS32_IIC_MIDI_Init
 .text.MIOS32_IIC_MIDI_Periodic_mS
                0x08012d00        0x4 project_build//data/Hardware/MIDIbox/mios32/trunk/mios32/common/mios32_iic_midi.o
                0x08012d00                MIOS32_IIC_MIDI_Periodic_mS
 .text.MIOS32_IIC_MIDI_PackageSend
                0x08012d04        0x6 project_build//data/Hardware/MIDIbox/mios32/trunk/mios32/common/mios32_iic_midi.o
                0x08012d04                MIOS32_IIC_MIDI_PackageSend
 .text.MIOS32_IIC_BS_Init
                0x08012d0a        0x6 project_build//data/Hardware/MIDIbox/mios32/trunk/mios32/common/mios32_iic_bs.o
                0x08012d0a                MIOS32_IIC_BS_Init
 .text.MIOS32_MF_Init
                0x08012d10        0x6 project_build//data/Hardware/MIDIbox/mios32/trunk/mios32/common/mios32_mf.o
                0x08012d10                MIOS32_MF_Init
 .text.MIOS32_SDCARD_Init
                0x08012d16       0x20 project_build//data/Hardware/MIDIbox/mios32/trunk/mios32/common/mios32_sdcard.o
                0x08012d16                MIOS32_SDCARD_Init
 .text.MIOS32_SDCARD_SendSDCCmd
                0x08012d36      0x102 project_build//data/Hardware/MIDIbox/mios32/trunk/mios32/common/mios32_sdcard.o
                0x08012d36                MIOS32_SDCARD_SendSDCCmd
 .text.MIOS32_SDCARD_PowerOn
                0x08012e38      0x108 project_build//data/Hardware/MIDIbox/mios32/trunk/mios32/common/mios32_sdcard.o
                0x08012e38                MIOS32_SDCARD_PowerOn
 .text.MIOS32_SDCARD_CheckAvailable
                0x08012f40       0x8e project_build//data/Hardware/MIDIbox/mios32/trunk/mios32/common/mios32_sdcard.o
                0x08012f40                MIOS32_SDCARD_CheckAvailable
 *fill*         0x08012fce        0x2 00
 .text.MIOS32_SDCARD_SectorRead
                0x08012fd0       0x94 project_build//data/Hardware/MIDIbox/mios32/trunk/mios32/common/mios32_sdcard.o
                0x08012fd0                MIOS32_SDCARD_SectorRead
 .text.MIOS32_SDCARD_SectorWrite
                0x08013064       0xb0 project_build//data/Hardware/MIDIbox/mios32/trunk/mios32/common/mios32_sdcard.o
                0x08013064                MIOS32_SDCARD_SectorWrite
 .text.MIOS32_TIMESTAMP_Init
                0x08013114       0x14 project_build//data/Hardware/MIDIbox/mios32/trunk/mios32/common/mios32_timestamp.o
                0x08013114                MIOS32_TIMESTAMP_Init
 .text.MIOS32_TIMESTAMP_Inc
                0x08013128       0x10 project_build//data/Hardware/MIDIbox/mios32/trunk/mios32/common/mios32_timestamp.o
                0x08013128                MIOS32_TIMESTAMP_Inc
 .text.MIOS32_SYS_Reset
                0x08013138       0xac project_build//data/Hardware/MIDIbox/mios32/trunk/mios32/STM32F4xx/mios32_sys.o
                0x08013138                MIOS32_SYS_Reset
 .text.MIOS32_SYS_ChipIDGet
                0x080131e4        0xc project_build//data/Hardware/MIDIbox/mios32/trunk/mios32/STM32F4xx/mios32_sys.o
                0x080131e4                MIOS32_SYS_ChipIDGet
 .text.MIOS32_SYS_FlashSizeGet
                0x080131f0       0x10 project_build//data/Hardware/MIDIbox/mios32/trunk/mios32/STM32F4xx/mios32_sys.o
                0x080131f0                MIOS32_SYS_FlashSizeGet
 .text.MIOS32_SYS_RAMSizeGet
                0x08013200        0x6 project_build//data/Hardware/MIDIbox/mios32/trunk/mios32/STM32F4xx/mios32_sys.o
                0x08013200                MIOS32_SYS_RAMSizeGet
 *fill*         0x08013206        0x2 00
 .text.MIOS32_SYS_SerialNumberGet
                0x08013208       0x34 project_build//data/Hardware/MIDIbox/mios32/trunk/mios32/STM32F4xx/mios32_sys.o
                0x08013208                MIOS32_SYS_SerialNumberGet
 .text.MIOS32_SYS_TimeSet
                0x0801323c       0x7c project_build//data/Hardware/MIDIbox/mios32/trunk/mios32/STM32F4xx/mios32_sys.o
                0x0801323c                MIOS32_SYS_TimeSet
 .text.MIOS32_SYS_Init
                0x080132b8      0x130 project_build//data/Hardware/MIDIbox/mios32/trunk/mios32/STM32F4xx/mios32_sys.o
                0x080132b8                MIOS32_SYS_Init
 .text.MIOS32_IRQ_Disable
                0x080133e8       0x28 project_build//data/Hardware/MIDIbox/mios32/trunk/mios32/STM32F4xx/mios32_irq.o
                0x080133e8                MIOS32_IRQ_Disable
 .text.MIOS32_IRQ_Enable
                0x08013410       0x28 project_build//data/Hardware/MIDIbox/mios32/trunk/mios32/STM32F4xx/mios32_irq.o
                0x08013410                MIOS32_IRQ_Enable
 .text.MIOS32_IRQ_Install
                0x08013438       0x4c project_build//data/Hardware/MIDIbox/mios32/trunk/mios32/STM32F4xx/mios32_irq.o
                0x08013438                MIOS32_IRQ_Install
 .text.MIOS32_SPI_IO_Init
                0x08013484      0x27c project_build//data/Hardware/MIDIbox/mios32/trunk/mios32/STM32F4xx/mios32_spi.o
                0x08013484                MIOS32_SPI_IO_Init
 .text.MIOS32_SPI_RC_PinSet
                0x08013700       0x78 project_build//data/Hardware/MIDIbox/mios32/trunk/mios32/STM32F4xx/mios32_spi.o
                0x08013700                MIOS32_SPI_RC_PinSet
 .text.MIOS32_SPI_TransferByte
                0x08013778       0x4c project_build//data/Hardware/MIDIbox/mios32/trunk/mios32/STM32F4xx/mios32_spi.o
                0x08013778                MIOS32_SPI_TransferByte
 .text.MIOS32_SPI_TransferModeInit
                0x080137c4      0x110 project_build//data/Hardware/MIDIbox/mios32/trunk/mios32/STM32F4xx/mios32_spi.o
                0x080137c4                MIOS32_SPI_TransferModeInit
 .text.MIOS32_SPI_Init
                0x080138d4      0x258 project_build//data/Hardware/MIDIbox/mios32/trunk/mios32/STM32F4xx/mios32_spi.o
                0x080138d4                MIOS32_SPI_Init
 .text.MIOS32_SPI_TransferBlock
                0x08013b2c      0x128 project_build//data/Hardware/MIDIbox/mios32/trunk/mios32/STM32F4xx/mios32_spi.o
                0x08013b2c                MIOS32_SPI_TransferBlock
 .text.DMA2_Stream2_IRQHandler
                0x08013c54       0x20 project_build//data/Hardware/MIDIbox/mios32/trunk/mios32/STM32F4xx/mios32_spi.o
                0x08013c54                DMA2_Stream2_IRQHandler
 .text.DMA1_Stream3_IRQHandler
                0x08013c74       0x20 project_build//data/Hardware/MIDIbox/mios32/trunk/mios32/STM32F4xx/mios32_spi.o
                0x08013c74                DMA1_Stream3_IRQHandler
 .text.DMA1_Stream2_IRQHandler
                0x08013c94       0x20 project_build//data/Hardware/MIDIbox/mios32/trunk/mios32/STM32F4xx/mios32_spi.o
                0x08013c94                DMA1_Stream2_IRQHandler
 .text.MIOS32_BOARD_PinInitHlp
                0x08013cb4       0x74 project_build//data/Hardware/MIDIbox/mios32/trunk/mios32/STM32F4xx/mios32_board.o
 .text.MIOS32_BOARD_Init
                0x08013d28       0x1c project_build//data/Hardware/MIDIbox/mios32/trunk/mios32/STM32F4xx/mios32_board.o
                0x08013d28                MIOS32_BOARD_Init
 .text.MIOS32_BOARD_LED_Init
                0x08013d44       0x58 project_build//data/Hardware/MIDIbox/mios32/trunk/mios32/STM32F4xx/mios32_board.o
                0x08013d44                MIOS32_BOARD_LED_Init
 .text.MIOS32_BOARD_LED_Set
                0x08013d9c       0x64 project_build//data/Hardware/MIDIbox/mios32/trunk/mios32/STM32F4xx/mios32_board.o
                0x08013d9c                MIOS32_BOARD_LED_Set
 .text.MIOS32_BOARD_LED_Get
                0x08013e00       0x2c project_build//data/Hardware/MIDIbox/mios32/trunk/mios32/STM32F4xx/mios32_board.o
                0x08013e00                MIOS32_BOARD_LED_Get
 .text.MIOS32_BOARD_J10_PinInit
                0x08013e2c       0x48 project_build//data/Hardware/MIDIbox/mios32/trunk/mios32/STM32F4xx/mios32_board.o
                0x08013e2c                MIOS32_BOARD_J10_PinInit
 .text.MIOS32_BOARD_J10_PinSet
                0x08013e74       0x44 project_build//data/Hardware/MIDIbox/mios32/trunk/mios32/STM32F4xx/mios32_board.o
                0x08013e74                MIOS32_BOARD_J10_PinSet
 .text.MIOS32_BOARD_J15_PortInit
                0x08013eb8       0xc0 project_build//data/Hardware/MIDIbox/mios32/trunk/mios32/STM32F4xx/mios32_board.o
                0x08013eb8                MIOS32_BOARD_J15_PortInit
 .text.MIOS32_BOARD_J15_DataSet
                0x08013f78       0x44 project_build//data/Hardware/MIDIbox/mios32/trunk/mios32/STM32F4xx/mios32_board.o
                0x08013f78                MIOS32_BOARD_J15_DataSet
 .text.MIOS32_BOARD_J15_SerDataShift
                0x08013fbc       0x68 project_build//data/Hardware/MIDIbox/mios32/trunk/mios32/STM32F4xx/mios32_board.o
                0x08013fbc                MIOS32_BOARD_J15_SerDataShift
 .text.MIOS32_BOARD_J15_RS_Set
                0x08014024       0x18 project_build//data/Hardware/MIDIbox/mios32/trunk/mios32/STM32F4xx/mios32_board.o
                0x08014024                MIOS32_BOARD_J15_RS_Set
 .text.MIOS32_BOARD_J15_RW_Set
                0x0801403c       0x18 project_build//data/Hardware/MIDIbox/mios32/trunk/mios32/STM32F4xx/mios32_board.o
                0x0801403c                MIOS32_BOARD_J15_RW_Set
 .text.MIOS32_BOARD_J15_E_Set
                0x08014054       0x30 project_build//data/Hardware/MIDIbox/mios32/trunk/mios32/STM32F4xx/mios32_board.o
                0x08014054                MIOS32_BOARD_J15_E_Set
 .text.MIOS32_BOARD_J15_GetD7In
                0x08014084       0x10 project_build//data/Hardware/MIDIbox/mios32/trunk/mios32/STM32F4xx/mios32_board.o
                0x08014084                MIOS32_BOARD_J15_GetD7In
 .text.MIOS32_BOARD_J15_D7InPullUpEnable
                0x08014094        0x4 project_build//data/Hardware/MIDIbox/mios32/trunk/mios32/STM32F4xx/mios32_board.o
                0x08014094                MIOS32_BOARD_J15_D7InPullUpEnable
 .text.MIOS32_BOARD_J15_PollUnbusy
                0x08014098       0x80 project_build//data/Hardware/MIDIbox/mios32/trunk/mios32/STM32F4xx/mios32_board.o
                0x08014098                MIOS32_BOARD_J15_PollUnbusy
 .text.MIOS32_DELAY_Init
                0x08014118       0x44 project_build//data/Hardware/MIDIbox/mios32/trunk/mios32/STM32F4xx/mios32_delay.o
                0x08014118                MIOS32_DELAY_Init
 .text.MIOS32_DELAY_Wait_uS
                0x0801415c       0x18 project_build//data/Hardware/MIDIbox/mios32/trunk/mios32/STM32F4xx/mios32_delay.o
                0x0801415c                MIOS32_DELAY_Wait_uS
 .text.MIOS32_AIN_Init
                0x08014174        0x6 project_build//data/Hardware/MIDIbox/mios32/trunk/mios32/STM32F4xx/mios32_ain.o
                0x08014174                MIOS32_AIN_Init
 .text.MIOS32_AIN_Handler
                0x0801417a        0x6 project_build//data/Hardware/MIDIbox/mios32/trunk/mios32/STM32F4xx/mios32_ain.o
                0x0801417a                MIOS32_AIN_Handler
 .text.USBD_USR_DeviceDescriptor
                0x08014180        0xc project_build//data/Hardware/MIDIbox/mios32/trunk/mios32/STM32F4xx/mios32_usb.o
 .text.USBD_USR_LangIDStrDescriptor
                0x0801418c        0xc project_build//data/Hardware/MIDIbox/mios32/trunk/mios32/STM32F4xx/mios32_usb.o
 .text.USBD_USR_Init
                0x08014198        0x2 project_build//data/Hardware/MIDIbox/mios32/trunk/mios32/STM32F4xx/mios32_usb.o
 .text.USBD_USR_DeviceReset
                0x0801419a        0x2 project_build//data/Hardware/MIDIbox/mios32/trunk/mios32/STM32F4xx/mios32_usb.o
 .text.USBD_USR_DeviceConnected
                0x0801419c        0x2 project_build//data/Hardware/MIDIbox/mios32/trunk/mios32/STM32F4xx/mios32_usb.o
 .text.USBD_USR_DeviceSuspended
                0x0801419e        0x2 project_build//data/Hardware/MIDIbox/mios32/trunk/mios32/STM32F4xx/mios32_usb.o
 .text.USBD_USR_DeviceResumed
                0x080141a0        0x2 project_build//data/Hardware/MIDIbox/mios32/trunk/mios32/STM32F4xx/mios32_usb.o
 .text.USBH_USR_Init
                0x080141a2        0x2 project_build//data/Hardware/MIDIbox/mios32/trunk/mios32/STM32F4xx/mios32_usb.o
 .text.USBH_USR_DeviceAttached
                0x080141a4        0x2 project_build//data/Hardware/MIDIbox/mios32/trunk/mios32/STM32F4xx/mios32_usb.o
 .text.USBH_USR_UnrecoveredError
                0x080141a6        0x2 project_build//data/Hardware/MIDIbox/mios32/trunk/mios32/STM32F4xx/mios32_usb.o
 .text.USBH_USR_ResetDevice
                0x080141a8        0x2 project_build//data/Hardware/MIDIbox/mios32/trunk/mios32/STM32F4xx/mios32_usb.o
 .text.USBH_USR_DeviceSpeedDetected
                0x080141aa        0x2 project_build//data/Hardware/MIDIbox/mios32/trunk/mios32/STM32F4xx/mios32_usb.o
 .text.USBH_USR_Device_DescAvailable
                0x080141ac        0x2 project_build//data/Hardware/MIDIbox/mios32/trunk/mios32/STM32F4xx/mios32_usb.o
 .text.USBH_USR_DeviceAddressAssigned
                0x080141ae        0x2 project_build//data/Hardware/MIDIbox/mios32/trunk/mios32/STM32F4xx/mios32_usb.o
 .text.USBH_USR_Configuration_DescAvailable
                0x080141b0        0x2 project_build//data/Hardware/MIDIbox/mios32/trunk/mios32/STM32F4xx/mios32_usb.o
 .text.USBH_USR_Manufacturer_String
                0x080141b2        0x2 project_build//data/Hardware/MIDIbox/mios32/trunk/mios32/STM32F4xx/mios32_usb.o
 .text.USBH_USR_Product_String
                0x080141b4        0x2 project_build//data/Hardware/MIDIbox/mios32/trunk/mios32/STM32F4xx/mios32_usb.o
 .text.USBH_USR_SerialNum_String
                0x080141b6        0x2 project_build//data/Hardware/MIDIbox/mios32/trunk/mios32/STM32F4xx/mios32_usb.o
 .text.USBH_USR_EnumerationDone
                0x080141b8        0x2 project_build//data/Hardware/MIDIbox/mios32/trunk/mios32/STM32F4xx/mios32_usb.o
 .text.USBH_USR_DeviceNotSupported
                0x080141ba        0x2 project_build//data/Hardware/MIDIbox/mios32/trunk/mios32/STM32F4xx/mios32_usb.o
 .text.USBH_USR_UserInput
                0x080141bc        0x4 project_build//data/Hardware/MIDIbox/mios32/trunk/mios32/STM32F4xx/mios32_usb.o
 .text.USBH_USR_OverCurrentDetected
                0x080141c0        0x2 project_build//data/Hardware/MIDIbox/mios32/trunk/mios32/STM32F4xx/mios32_usb.o
 .text.USBH_USR_Application
                0x080141c2        0x4 project_build//data/Hardware/MIDIbox/mios32/trunk/mios32/STM32F4xx/mios32_usb.o
 .text.USBH_USR_DeInit
                0x080141c6        0x2 project_build//data/Hardware/MIDIbox/mios32/trunk/mios32/STM32F4xx/mios32_usb.o
 .text.MIOS32_USB_CLASS_Setup
                0x080141c8        0x4 project_build//data/Hardware/MIDIbox/mios32/trunk/mios32/STM32F4xx/mios32_usb.o
 .text.MIOS32_USB_CLASS_EP0_RxReady
                0x080141cc        0x4 project_build//data/Hardware/MIDIbox/mios32/trunk/mios32/STM32F4xx/mios32_usb.o
 .text.MIOS32_USB_CLASS_GetCfgDesc
                0x080141d0        0xc project_build//data/Hardware/MIDIbox/mios32/trunk/mios32/STM32F4xx/mios32_usb.o
 .text.USBD_USR_SerialStrDescriptor
                0x080141dc       0x38 project_build//data/Hardware/MIDIbox/mios32/trunk/mios32/STM32F4xx/mios32_usb.o
 .text.USBD_USR_ProductStrDescriptor
                0x08014214       0x64 project_build//data/Hardware/MIDIbox/mios32/trunk/mios32/STM32F4xx/mios32_usb.o
 .text.USBD_USR_InterfaceStrDescriptor
                0x08014278        0x4 project_build//data/Hardware/MIDIbox/mios32/trunk/mios32/STM32F4xx/mios32_usb.o
 .text.USBD_USR_ConfigStrDescriptor
                0x0801427c        0x4 project_build//data/Hardware/MIDIbox/mios32/trunk/mios32/STM32F4xx/mios32_usb.o
 .text.MIOS32_USB_CLASS_GetUsrStrDesc
                0x08014280        0x6 project_build//data/Hardware/MIDIbox/mios32/trunk/mios32/STM32F4xx/mios32_usb.o
 *fill*         0x08014286        0x2 00
 .text.USBD_USR_ManufacturerStrDescriptor
                0x08014288       0x2c project_build//data/Hardware/MIDIbox/mios32/trunk/mios32/STM32F4xx/mios32_usb.o
 .text.MIOS32_USB_CLASS_DataOut
                0x080142b4       0x12 project_build//data/Hardware/MIDIbox/mios32/trunk/mios32/STM32F4xx/mios32_usb.o
 .text.MIOS32_USB_CLASS_DataIn
                0x080142c6       0x12 project_build//data/Hardware/MIDIbox/mios32/trunk/mios32/STM32F4xx/mios32_usb.o
 .text.MIOS32_USB_CLASS_DeInit
                0x080142d8       0x16 project_build//data/Hardware/MIDIbox/mios32/trunk/mios32/STM32F4xx/mios32_usb.o
 .text.USBH_USR_DeviceDisconnected
                0x080142ee        0x6 project_build//data/Hardware/MIDIbox/mios32/trunk/mios32/STM32F4xx/mios32_usb.o
 .text.USBD_USR_DeviceDisconnected
                0x080142f4        0x6 project_build//data/Hardware/MIDIbox/mios32/trunk/mios32/STM32F4xx/mios32_usb.o
 .text.USBD_USR_DeviceConfigured
                0x080142fa        0x6 project_build//data/Hardware/MIDIbox/mios32/trunk/mios32/STM32F4xx/mios32_usb.o
 .text.MIOS32_USB_CLASS_Init
                0x08014300       0x34 project_build//data/Hardware/MIDIbox/mios32/trunk/mios32/STM32F4xx/mios32_usb.o
 .text.USB_OTG_BSP_Init
                0x08014334       0x9c project_build//data/Hardware/MIDIbox/mios32/trunk/mios32/STM32F4xx/mios32_usb.o
                0x08014334                USB_OTG_BSP_Init
 .text.USB_OTG_BSP_EnableInterrupt
                0x080143d0        0x8 project_build//data/Hardware/MIDIbox/mios32/trunk/mios32/STM32F4xx/mios32_usb.o
                0x080143d0                USB_OTG_BSP_EnableInterrupt
 .text.OTG_FS_IRQHandler
                0x080143d8       0x28 project_build//data/Hardware/MIDIbox/mios32/trunk/mios32/STM32F4xx/mios32_usb.o
                0x080143d8                OTG_FS_IRQHandler
 .text.USB_OTG_BSP_uDelay
                0x08014400        0x6 project_build//data/Hardware/MIDIbox/mios32/trunk/mios32/STM32F4xx/mios32_usb.o
                0x08014400                USB_OTG_BSP_uDelay
 .text.USB_OTG_BSP_mDelay
                0x08014406        0xc project_build//data/Hardware/MIDIbox/mios32/trunk/mios32/STM32F4xx/mios32_usb.o
                0x08014406                USB_OTG_BSP_mDelay
 *fill*         0x08014412        0x2 00
 .text.USB_OTG_BSP_ConfigVBUS
                0x08014414       0x44 project_build//data/Hardware/MIDIbox/mios32/trunk/mios32/STM32F4xx/mios32_usb.o
                0x08014414                USB_OTG_BSP_ConfigVBUS
 .text.USB_OTG_BSP_DriveVBUS
                0x08014458       0x14 project_build//data/Hardware/MIDIbox/mios32/trunk/mios32/STM32F4xx/mios32_usb.o
                0x08014458                USB_OTG_BSP_DriveVBUS
 .text.MIOS32_USB_IsInitialized
                0x0801446c        0xc project_build//data/Hardware/MIDIbox/mios32/trunk/mios32/STM32F4xx/mios32_usb.o
                0x0801446c                MIOS32_USB_IsInitialized
 .text.MIOS32_USB_ForceSingleUSB
                0x08014478       0x24 project_build//data/Hardware/MIDIbox/mios32/trunk/mios32/STM32F4xx/mios32_usb.o
                0x08014478                MIOS32_USB_ForceSingleUSB
 .text.MIOS32_USB_ForceDeviceMode
                0x0801449c       0x24 project_build//data/Hardware/MIDIbox/mios32/trunk/mios32/STM32F4xx/mios32_usb.o
                0x0801449c                MIOS32_USB_ForceDeviceMode
 .text.MIOS32_USB_Init
                0x080144c0       0xec project_build//data/Hardware/MIDIbox/mios32/trunk/mios32/STM32F4xx/mios32_usb.o
                0x080144c0                MIOS32_USB_Init
 .text.USBH_ClassRequest
                0x080145ac        0x4 project_build//data/Hardware/MIDIbox/mios32/trunk/mios32/STM32F4xx/mios32_usb_midi.o
 .text.USBH_InterfaceDeInit
                0x080145b0       0x3c project_build//data/Hardware/MIDIbox/mios32/trunk/mios32/STM32F4xx/mios32_usb_midi.o
 .text.MIOS32_USB_MIDI_RxBufferHandler
                0x080145ec       0xac project_build//data/Hardware/MIDIbox/mios32/trunk/mios32/STM32F4xx/mios32_usb_midi.o
 .text.MIOS32_USB_MIDI_TxBufferHandler
                0x08014698       0xac project_build//data/Hardware/MIDIbox/mios32/trunk/mios32/STM32F4xx/mios32_usb_midi.o
 .text.USBH_Handle
                0x08014744      0x1f0 project_build//data/Hardware/MIDIbox/mios32/trunk/mios32/STM32F4xx/mios32_usb_midi.o
 .text.MIOS32_USB_MIDI_Init
                0x08014934        0xc project_build//data/Hardware/MIDIbox/mios32/trunk/mios32/STM32F4xx/mios32_usb_midi.o
                0x08014934                MIOS32_USB_MIDI_Init
 .text.MIOS32_USB_MIDI_ChangeConnectionState
                0x08014940       0x64 project_build//data/Hardware/MIDIbox/mios32/trunk/mios32/STM32F4xx/mios32_usb_midi.o
                0x08014940                MIOS32_USB_MIDI_ChangeConnectionState
 .text.MIOS32_USB_MIDI_CheckAvailable
                0x080149a4       0x20 project_build//data/Hardware/MIDIbox/mios32/trunk/mios32/STM32F4xx/mios32_usb_midi.o
                0x080149a4                MIOS32_USB_MIDI_CheckAvailable
 .text.USBH_InterfaceInit
                0x080149c4      0x104 project_build//data/Hardware/MIDIbox/mios32/trunk/mios32/STM32F4xx/mios32_usb_midi.o
 .text.MIOS32_USB_MIDI_PackageSend_NonBlocking
                0x08014ac8       0x70 project_build//data/Hardware/MIDIbox/mios32/trunk/mios32/STM32F4xx/mios32_usb_midi.o
                0x08014ac8                MIOS32_USB_MIDI_PackageSend_NonBlocking
 .text.MIOS32_USB_MIDI_PackageSend
                0x08014b38       0x30 project_build//data/Hardware/MIDIbox/mios32/trunk/mios32/STM32F4xx/mios32_usb_midi.o
                0x08014b38                MIOS32_USB_MIDI_PackageSend
 .text.MIOS32_USB_MIDI_PackageReceive
                0x08014b68       0x54 project_build//data/Hardware/MIDIbox/mios32/trunk/mios32/STM32F4xx/mios32_usb_midi.o
                0x08014b68                MIOS32_USB_MIDI_PackageReceive
 .text.MIOS32_USB_MIDI_Periodic_mS
                0x08014bbc       0x28 project_build//data/Hardware/MIDIbox/mios32/trunk/mios32/STM32F4xx/mios32_usb_midi.o
                0x08014bbc                MIOS32_USB_MIDI_Periodic_mS
 .text.MIOS32_USB_MIDI_EP1_IN_Callback
                0x08014be4       0x10 project_build//data/Hardware/MIDIbox/mios32/trunk/mios32/STM32F4xx/mios32_usb_midi.o
                0x08014be4                MIOS32_USB_MIDI_EP1_IN_Callback
 .text.MIOS32_USB_MIDI_EP2_OUT_Callback
                0x08014bf4       0x10 project_build//data/Hardware/MIDIbox/mios32/trunk/mios32/STM32F4xx/mios32_usb_midi.o
                0x08014bf4                MIOS32_USB_MIDI_EP2_OUT_Callback
 .text.MIOS32_UART_BaudrateSet
                0x08014c04       0x58 project_build//data/Hardware/MIDIbox/mios32/trunk/mios32/STM32F4xx/mios32_uart.o
                0x08014c04                MIOS32_UART_BaudrateSet
 .text.MIOS32_UART_Init
                0x08014c5c      0x140 project_build//data/Hardware/MIDIbox/mios32/trunk/mios32/STM32F4xx/mios32_uart.o
                0x08014c5c                MIOS32_UART_Init
 .text.MIOS32_UART_RxBufferGet
                0x08014d9c       0x58 project_build//data/Hardware/MIDIbox/mios32/trunk/mios32/STM32F4xx/mios32_uart.o
                0x08014d9c                MIOS32_UART_RxBufferGet
 .text.MIOS32_UART_RxBufferPut
                0x08014df4       0x5c project_build//data/Hardware/MIDIbox/mios32/trunk/mios32/STM32F4xx/mios32_uart.o
                0x08014df4                MIOS32_UART_RxBufferPut
 .text.MIOS32_UART_TxBufferGet
                0x08014e50       0x58 project_build//data/Hardware/MIDIbox/mios32/trunk/mios32/STM32F4xx/mios32_uart.o
                0x08014e50                MIOS32_UART_TxBufferGet
 .text.MIOS32_UART_TxBufferPutMore_NonBlocking
                0x08014ea8       0x90 project_build//data/Hardware/MIDIbox/mios32/trunk/mios32/STM32F4xx/mios32_uart.o
                0x08014ea8                MIOS32_UART_TxBufferPutMore_NonBlocking
 .text.MIOS32_UART_TxBufferPutMore
                0x08014f38       0x18 project_build//data/Hardware/MIDIbox/mios32/trunk/mios32/STM32F4xx/mios32_uart.o
                0x08014f38                MIOS32_UART_TxBufferPutMore
 .text.USART2_IRQHandler
                0x08014f50       0x60 project_build//data/Hardware/MIDIbox/mios32/trunk/mios32/STM32F4xx/mios32_uart.o
                0x08014f50                USART2_IRQHandler
 .text.USART3_IRQHandler
                0x08014fb0       0x64 project_build//data/Hardware/MIDIbox/mios32/trunk/mios32/STM32F4xx/mios32_uart.o
                0x08014fb0                USART3_IRQHandler
 .text.EV_IRQHandler
                0x08015014      0x162 project_build//data/Hardware/MIDIbox/mios32/trunk/mios32/STM32F4xx/mios32_iic.o
 *fill*         0x08015176        0x2 00
 .text.ER_IRQHandler
                0x08015178       0x7c project_build//data/Hardware/MIDIbox/mios32/trunk/mios32/STM32F4xx/mios32_iic.o
 .text.I2C2_EV_IRQHandler
                0x080151f4        0xc project_build//data/Hardware/MIDIbox/mios32/trunk/mios32/STM32F4xx/mios32_iic.o
                0x080151f4                I2C2_EV_IRQHandler
 .text.I2C2_ER_IRQHandler
                0x08015200        0xc project_build//data/Hardware/MIDIbox/mios32/trunk/mios32/STM32F4xx/mios32_iic.o
                0x08015200                I2C2_ER_IRQHandler
 .text.I2C1_EV_IRQHandler
                0x0801520c        0xc project_build//data/Hardware/MIDIbox/mios32/trunk/mios32/STM32F4xx/mios32_iic.o
                0x0801520c                I2C1_EV_IRQHandler
 .text.I2C1_ER_IRQHandler
                0x08015218        0xc project_build//data/Hardware/MIDIbox/mios32/trunk/mios32/STM32F4xx/mios32_iic.o
                0x08015218                I2C1_ER_IRQHandler
 .text.printchar
                0x08015224       0x16 project_build//data/Hardware/MIDIbox/mios32/trunk/mios32/common/printf-stdarg.o
 .text.prints   0x0801523a       0x82 project_build//data/Hardware/MIDIbox/mios32/trunk/mios32/common/printf-stdarg.o
 .text.printi   0x080152bc       0x98 project_build//data/Hardware/MIDIbox/mios32/trunk/mios32/common/printf-stdarg.o
 .text.print    0x08015354      0x120 project_build//data/Hardware/MIDIbox/mios32/trunk/mios32/common/printf-stdarg.o
 .text.sprintf  0x08015474       0x1e project_build//data/Hardware/MIDIbox/mios32/trunk/mios32/common/printf-stdarg.o
                0x08015474                sprintf
 .text.vsprintf
                0x08015492       0x10 project_build//data/Hardware/MIDIbox/mios32/trunk/mios32/common/printf-stdarg.o
                0x08015492                vsprintf
 *fill*         0x080154a2        0x2 00
 .text.NVIC_PriorityGroupConfig
                0x080154a4       0x14 project_build//data/Hardware/MIDIbox/mios32/trunk/drivers/STM32F4xx/v1.1.0/STM32F4xx_StdPeriph_Driver/src/misc.o
                0x080154a4                NVIC_PriorityGroupConfig
 .text.NVIC_SetVectorTable
                0x080154b8       0x14 project_build//data/Hardware/MIDIbox/mios32/trunk/drivers/STM32F4xx/v1.1.0/STM32F4xx_StdPeriph_Driver/src/misc.o
                0x080154b8                NVIC_SetVectorTable
 .text.DMA_Init
                0x080154cc       0x54 project_build//data/Hardware/MIDIbox/mios32/trunk/drivers/STM32F4xx/v1.1.0/STM32F4xx_StdPeriph_Driver/src/stm32f4xx_dma.o
                0x080154cc                DMA_Init
 .text.DMA_StructInit
                0x08015520       0x22 project_build//data/Hardware/MIDIbox/mios32/trunk/drivers/STM32F4xx/v1.1.0/STM32F4xx_StdPeriph_Driver/src/stm32f4xx_dma.o
                0x08015520                DMA_StructInit
 .text.DMA_Cmd  0x08015542       0x12 project_build//data/Hardware/MIDIbox/mios32/trunk/drivers/STM32F4xx/v1.1.0/STM32F4xx_StdPeriph_Driver/src/stm32f4xx_dma.o
                0x08015542                DMA_Cmd
 .text.DMA_ClearFlag
                0x08015554       0x30 project_build//data/Hardware/MIDIbox/mios32/trunk/drivers/STM32F4xx/v1.1.0/STM32F4xx_StdPeriph_Driver/src/stm32f4xx_dma.o
                0x08015554                DMA_ClearFlag
 .text.EXTI_ClearITPendingBit
                0x08015584        0xc project_build//data/Hardware/MIDIbox/mios32/trunk/drivers/STM32F4xx/v1.1.0/STM32F4xx_StdPeriph_Driver/src/stm32f4xx_exti.o
                0x08015584                EXTI_ClearITPendingBit
 .text.GPIO_Init
                0x08015590       0x9a project_build//data/Hardware/MIDIbox/mios32/trunk/drivers/STM32F4xx/v1.1.0/STM32F4xx_StdPeriph_Driver/src/stm32f4xx_gpio.o
                0x08015590                GPIO_Init
 .text.GPIO_StructInit
                0x0801562a       0x12 project_build//data/Hardware/MIDIbox/mios32/trunk/drivers/STM32F4xx/v1.1.0/STM32F4xx_StdPeriph_Driver/src/stm32f4xx_gpio.o
                0x0801562a                GPIO_StructInit
 .text.GPIO_SetBits
                0x0801563c        0x4 project_build//data/Hardware/MIDIbox/mios32/trunk/drivers/STM32F4xx/v1.1.0/STM32F4xx_StdPeriph_Driver/src/stm32f4xx_gpio.o
                0x0801563c                GPIO_SetBits
 .text.GPIO_ResetBits
                0x08015640        0x4 project_build//data/Hardware/MIDIbox/mios32/trunk/drivers/STM32F4xx/v1.1.0/STM32F4xx_StdPeriph_Driver/src/stm32f4xx_gpio.o
                0x08015640                GPIO_ResetBits
 .text.GPIO_PinAFConfig
                0x08015644       0x2e project_build//data/Hardware/MIDIbox/mios32/trunk/drivers/STM32F4xx/v1.1.0/STM32F4xx_StdPeriph_Driver/src/stm32f4xx_gpio.o
                0x08015644                GPIO_PinAFConfig
 .text.I2C_GenerateSTOP
                0x08015672       0x18 project_build//data/Hardware/MIDIbox/mios32/trunk/drivers/STM32F4xx/v1.1.0/STM32F4xx_StdPeriph_Driver/src/stm32f4xx_i2c.o
                0x08015672                I2C_GenerateSTOP
 .text.I2C_ITConfig
                0x0801568a       0x12 project_build//data/Hardware/MIDIbox/mios32/trunk/drivers/STM32F4xx/v1.1.0/STM32F4xx_StdPeriph_Driver/src/stm32f4xx_i2c.o
                0x0801568a                I2C_ITConfig
 .text.I2C_GetLastEvent
                0x0801569c       0x10 project_build//data/Hardware/MIDIbox/mios32/trunk/drivers/STM32F4xx/v1.1.0/STM32F4xx_StdPeriph_Driver/src/stm32f4xx_i2c.o
                0x0801569c                I2C_GetLastEvent
 .text.I2C_ClearITPendingBit
                0x080156ac        0x8 project_build//data/Hardware/MIDIbox/mios32/trunk/drivers/STM32F4xx/v1.1.0/STM32F4xx_StdPeriph_Driver/src/stm32f4xx_i2c.o
                0x080156ac                I2C_ClearITPendingBit
 .text.PWR_BackupAccessCmd
                0x080156b4        0xc project_build//data/Hardware/MIDIbox/mios32/trunk/drivers/STM32F4xx/v1.1.0/STM32F4xx_StdPeriph_Driver/src/stm32f4xx_pwr.o
                0x080156b4                PWR_BackupAccessCmd
 .text.RCC_GetClocksFreq
                0x080156c0       0x8c project_build//data/Hardware/MIDIbox/mios32/trunk/drivers/STM32F4xx/v1.1.0/STM32F4xx_StdPeriph_Driver/src/stm32f4xx_rcc.o
                0x080156c0                RCC_GetClocksFreq
 .text.RCC_RTCCLKConfig
                0x0801574c       0x30 project_build//data/Hardware/MIDIbox/mios32/trunk/drivers/STM32F4xx/v1.1.0/STM32F4xx_StdPeriph_Driver/src/stm32f4xx_rcc.o
                0x0801574c                RCC_RTCCLKConfig
 .text.RCC_RTCCLKCmd
                0x0801577c        0xc project_build//data/Hardware/MIDIbox/mios32/trunk/drivers/STM32F4xx/v1.1.0/STM32F4xx_StdPeriph_Driver/src/stm32f4xx_rcc.o
                0x0801577c                RCC_RTCCLKCmd
 .text.RCC_AHB1PeriphClockCmd
                0x08015788       0x18 project_build//data/Hardware/MIDIbox/mios32/trunk/drivers/STM32F4xx/v1.1.0/STM32F4xx_StdPeriph_Driver/src/stm32f4xx_rcc.o
                0x08015788                RCC_AHB1PeriphClockCmd
 .text.RCC_AHB2PeriphClockCmd
                0x080157a0       0x18 project_build//data/Hardware/MIDIbox/mios32/trunk/drivers/STM32F4xx/v1.1.0/STM32F4xx_StdPeriph_Driver/src/stm32f4xx_rcc.o
                0x080157a0                RCC_AHB2PeriphClockCmd
 .text.RCC_APB1PeriphClockCmd
                0x080157b8       0x18 project_build//data/Hardware/MIDIbox/mios32/trunk/drivers/STM32F4xx/v1.1.0/STM32F4xx_StdPeriph_Driver/src/stm32f4xx_rcc.o
                0x080157b8                RCC_APB1PeriphClockCmd
 .text.RCC_APB2PeriphClockCmd
                0x080157d0       0x18 project_build//data/Hardware/MIDIbox/mios32/trunk/drivers/STM32F4xx/v1.1.0/STM32F4xx_StdPeriph_Driver/src/stm32f4xx_rcc.o
                0x080157d0                RCC_APB2PeriphClockCmd
 .text.RCC_AHB1PeriphResetCmd
                0x080157e8       0x18 project_build//data/Hardware/MIDIbox/mios32/trunk/drivers/STM32F4xx/v1.1.0/STM32F4xx_StdPeriph_Driver/src/stm32f4xx_rcc.o
                0x080157e8                RCC_AHB1PeriphResetCmd
 .text.RCC_AHB2PeriphResetCmd
                0x08015800       0x18 project_build//data/Hardware/MIDIbox/mios32/trunk/drivers/STM32F4xx/v1.1.0/STM32F4xx_StdPeriph_Driver/src/stm32f4xx_rcc.o
                0x08015800                RCC_AHB2PeriphResetCmd
 .text.RCC_APB1PeriphResetCmd
                0x08015818       0x18 project_build//data/Hardware/MIDIbox/mios32/trunk/drivers/STM32F4xx/v1.1.0/STM32F4xx_StdPeriph_Driver/src/stm32f4xx_rcc.o
                0x08015818                RCC_APB1PeriphResetCmd
 .text.RCC_APB2PeriphResetCmd
                0x08015830       0x18 project_build//data/Hardware/MIDIbox/mios32/trunk/drivers/STM32F4xx/v1.1.0/STM32F4xx_StdPeriph_Driver/src/stm32f4xx_rcc.o
                0x08015830                RCC_APB2PeriphResetCmd
 .text.RTC_ByteToBcd2
                0x08015848       0x18 project_build//data/Hardware/MIDIbox/mios32/trunk/drivers/STM32F4xx/v1.1.0/STM32F4xx_StdPeriph_Driver/src/stm32f4xx_rtc.o
 .text.RTC_StructInit
                0x08015860        0xc project_build//data/Hardware/MIDIbox/mios32/trunk/drivers/STM32F4xx/v1.1.0/STM32F4xx_StdPeriph_Driver/src/stm32f4xx_rtc.o
                0x08015860                RTC_StructInit
 .text.RTC_EnterInitMode
                0x0801586c       0x40 project_build//data/Hardware/MIDIbox/mios32/trunk/drivers/STM32F4xx/v1.1.0/STM32F4xx_StdPeriph_Driver/src/stm32f4xx_rtc.o
                0x0801586c                RTC_EnterInitMode
 .text.RTC_ExitInitMode
                0x080158ac       0x10 project_build//data/Hardware/MIDIbox/mios32/trunk/drivers/STM32F4xx/v1.1.0/STM32F4xx_StdPeriph_Driver/src/stm32f4xx_rtc.o
                0x080158ac                RTC_ExitInitMode
 .text.RTC_Init
                0x080158bc       0x48 project_build//data/Hardware/MIDIbox/mios32/trunk/drivers/STM32F4xx/v1.1.0/STM32F4xx_StdPeriph_Driver/src/stm32f4xx_rtc.o
                0x080158bc                RTC_Init
 .text.RTC_WaitForSynchro
                0x08015904       0x44 project_build//data/Hardware/MIDIbox/mios32/trunk/drivers/STM32F4xx/v1.1.0/STM32F4xx_StdPeriph_Driver/src/stm32f4xx_rtc.o
                0x08015904                RTC_WaitForSynchro
 .text.RTC_SetTime
                0x08015948       0x8c project_build//data/Hardware/MIDIbox/mios32/trunk/drivers/STM32F4xx/v1.1.0/STM32F4xx_StdPeriph_Driver/src/stm32f4xx_rtc.o
                0x08015948                RTC_SetTime
 .text.RTC_TimeStructInit
                0x080159d4        0xc project_build//data/Hardware/MIDIbox/mios32/trunk/drivers/STM32F4xx/v1.1.0/STM32F4xx_StdPeriph_Driver/src/stm32f4xx_rtc.o
                0x080159d4                RTC_TimeStructInit
 .text.SPI_Init
                0x080159e0       0x3e project_build//data/Hardware/MIDIbox/mios32/trunk/drivers/STM32F4xx/v1.1.0/STM32F4xx_StdPeriph_Driver/src/stm32f4xx_spi.o
                0x080159e0                SPI_Init
 .text.SPI_Cmd  0x08015a1e       0x18 project_build//data/Hardware/MIDIbox/mios32/trunk/drivers/STM32F4xx/v1.1.0/STM32F4xx_StdPeriph_Driver/src/stm32f4xx_spi.o
                0x08015a1e                SPI_Cmd
 .text.SPI_I2S_DMACmd
                0x08015a36       0x12 project_build//data/Hardware/MIDIbox/mios32/trunk/drivers/STM32F4xx/v1.1.0/STM32F4xx_StdPeriph_Driver/src/stm32f4xx_spi.o
                0x08015a36                SPI_I2S_DMACmd
 .text.TIM_TimeBaseInit
                0x08015a48       0x7c project_build//data/Hardware/MIDIbox/mios32/trunk/drivers/STM32F4xx/v1.1.0/STM32F4xx_StdPeriph_Driver/src/stm32f4xx_tim.o
                0x08015a48                TIM_TimeBaseInit
 .text.TIM_ARRPreloadConfig
                0x08015ac4       0x18 project_build//data/Hardware/MIDIbox/mios32/trunk/drivers/STM32F4xx/v1.1.0/STM32F4xx_StdPeriph_Driver/src/stm32f4xx_tim.o
                0x08015ac4                TIM_ARRPreloadConfig
 .text.TIM_Cmd  0x08015adc       0x18 project_build//data/Hardware/MIDIbox/mios32/trunk/drivers/STM32F4xx/v1.1.0/STM32F4xx_StdPeriph_Driver/src/stm32f4xx_tim.o
                0x08015adc                TIM_Cmd
 .text.TIM_ITConfig
                0x08015af4       0x12 project_build//data/Hardware/MIDIbox/mios32/trunk/drivers/STM32F4xx/v1.1.0/STM32F4xx_StdPeriph_Driver/src/stm32f4xx_tim.o
                0x08015af4                TIM_ITConfig
 .text.TIM_GetITStatus
                0x08015b06       0x16 project_build//data/Hardware/MIDIbox/mios32/trunk/drivers/STM32F4xx/v1.1.0/STM32F4xx_StdPeriph_Driver/src/stm32f4xx_tim.o
                0x08015b06                TIM_GetITStatus
 .text.TIM_ClearITPendingBit
                0x08015b1c        0x8 project_build//data/Hardware/MIDIbox/mios32/trunk/drivers/STM32F4xx/v1.1.0/STM32F4xx_StdPeriph_Driver/src/stm32f4xx_tim.o
                0x08015b1c                TIM_ClearITPendingBit
 .text.USART_Init
                0x08015b24       0xb8 project_build//data/Hardware/MIDIbox/mios32/trunk/drivers/STM32F4xx/v1.1.0/STM32F4xx_StdPeriph_Driver/src/stm32f4xx_usart.o
                0x08015b24                USART_Init
 .text.USART_Cmd
                0x08015bdc       0x18 project_build//data/Hardware/MIDIbox/mios32/trunk/drivers/STM32F4xx/v1.1.0/STM32F4xx_StdPeriph_Driver/src/stm32f4xx_usart.o
                0x08015bdc                USART_Cmd
 .text.USART_ITConfig
                0x08015bf4       0x34 project_build//data/Hardware/MIDIbox/mios32/trunk/drivers/STM32F4xx/v1.1.0/STM32F4xx_StdPeriph_Driver/src/stm32f4xx_usart.o
                0x08015bf4                USART_ITConfig
 .text.USBD_Resume
                0x08015c28       0x16 project_build//data/Hardware/MIDIbox/mios32/trunk/drivers/STM32F4xx/v1.1.0/STM32_USB_Device_Library/Core/src/usbd_core.o
 .text.USBD_Suspend
                0x08015c3e       0x1c project_build//data/Hardware/MIDIbox/mios32/trunk/drivers/STM32F4xx/v1.1.0/STM32_USB_Device_Library/Core/src/usbd_core.o
 .text.USBD_SOF
                0x08015c5a       0x10 project_build//data/Hardware/MIDIbox/mios32/trunk/drivers/STM32F4xx/v1.1.0/STM32_USB_Device_Library/Core/src/usbd_core.o
 .text.USBD_IsoINIncomplete
                0x08015c6a        0xe project_build//data/Hardware/MIDIbox/mios32/trunk/drivers/STM32F4xx/v1.1.0/STM32_USB_Device_Library/Core/src/usbd_core.o
 .text.USBD_IsoOUTIncomplete
                0x08015c78        0xe project_build//data/Hardware/MIDIbox/mios32/trunk/drivers/STM32F4xx/v1.1.0/STM32_USB_Device_Library/Core/src/usbd_core.o
 .text.USBD_Reset
                0x08015c86       0x2e project_build//data/Hardware/MIDIbox/mios32/trunk/drivers/STM32F4xx/v1.1.0/STM32_USB_Device_Library/Core/src/usbd_core.o
 .text.USBD_SetupStage
                0x08015cb4       0x48 project_build//data/Hardware/MIDIbox/mios32/trunk/drivers/STM32F4xx/v1.1.0/STM32_USB_Device_Library/Core/src/usbd_core.o
 .text.USBD_DataInStage
                0x08015cfc       0xb4 project_build//data/Hardware/MIDIbox/mios32/trunk/drivers/STM32F4xx/v1.1.0/STM32_USB_Device_Library/Core/src/usbd_core.o
 .text.USBD_DataOutStage
                0x08015db0       0x74 project_build//data/Hardware/MIDIbox/mios32/trunk/drivers/STM32F4xx/v1.1.0/STM32_USB_Device_Library/Core/src/usbd_core.o
 .text.USBD_Init
                0x08015e24       0x38 project_build//data/Hardware/MIDIbox/mios32/trunk/drivers/STM32F4xx/v1.1.0/STM32_USB_Device_Library/Core/src/usbd_core.o
                0x08015e24                USBD_Init
 .text.USBD_SetCfg
                0x08015e5c       0x18 project_build//data/Hardware/MIDIbox/mios32/trunk/drivers/STM32F4xx/v1.1.0/STM32_USB_Device_Library/Core/src/usbd_core.o
                0x08015e5c                USBD_SetCfg
 .text.USBD_ClrCfg
                0x08015e74        0xe project_build//data/Hardware/MIDIbox/mios32/trunk/drivers/STM32F4xx/v1.1.0/STM32_USB_Device_Library/Core/src/usbd_core.o
                0x08015e74                USBD_ClrCfg
 .text.USBD_CtlSendData
                0x08015e82       0x22 project_build//data/Hardware/MIDIbox/mios32/trunk/drivers/STM32F4xx/v1.1.0/STM32_USB_Device_Library/Core/src/usbd_ioreq.o
                0x08015e82                USBD_CtlSendData
 .text.USBD_CtlContinueSendData
                0x08015ea4       0x12 project_build//data/Hardware/MIDIbox/mios32/trunk/drivers/STM32F4xx/v1.1.0/STM32_USB_Device_Library/Core/src/usbd_ioreq.o
                0x08015ea4                USBD_CtlContinueSendData
 .text.USBD_CtlContinueRx
                0x08015eb6       0x12 project_build//data/Hardware/MIDIbox/mios32/trunk/drivers/STM32F4xx/v1.1.0/STM32_USB_Device_Library/Core/src/usbd_ioreq.o
                0x08015eb6                USBD_CtlContinueRx
 .text.USBD_CtlSendStatus
                0x08015ec8       0x1e project_build//data/Hardware/MIDIbox/mios32/trunk/drivers/STM32F4xx/v1.1.0/STM32_USB_Device_Library/Core/src/usbd_ioreq.o
                0x08015ec8                USBD_CtlSendStatus
 .text.USBD_CtlReceiveStatus
                0x08015ee6       0x1e project_build//data/Hardware/MIDIbox/mios32/trunk/drivers/STM32F4xx/v1.1.0/STM32_USB_Device_Library/Core/src/usbd_ioreq.o
                0x08015ee6                USBD_CtlReceiveStatus
 .text.USBD_ParseSetupRequest
                0x08015f04       0x44 project_build//data/Hardware/MIDIbox/mios32/trunk/drivers/STM32F4xx/v1.1.0/STM32_USB_Device_Library/Core/src/usbd_req.o
                0x08015f04                USBD_ParseSetupRequest
 .text.USBD_CtlError
                0x08015f48       0x1c project_build//data/Hardware/MIDIbox/mios32/trunk/drivers/STM32F4xx/v1.1.0/STM32_USB_Device_Library/Core/src/usbd_req.o
                0x08015f48                USBD_CtlError
 .text.USBD_StdEPReq
                0x08015f64       0xc4 project_build//data/Hardware/MIDIbox/mios32/trunk/drivers/STM32F4xx/v1.1.0/STM32_USB_Device_Library/Core/src/usbd_req.o
                0x08015f64                USBD_StdEPReq
 .text.USBD_StdItfReq
                0x08016028       0x30 project_build//data/Hardware/MIDIbox/mios32/trunk/drivers/STM32F4xx/v1.1.0/STM32_USB_Device_Library/Core/src/usbd_req.o
                0x08016028                USBD_StdItfReq
 .text.USBD_StdDevReq
                0x08016058      0x2ac project_build//data/Hardware/MIDIbox/mios32/trunk/drivers/STM32F4xx/v1.1.0/STM32_USB_Device_Library/Core/src/usbd_req.o
                0x08016058                USBD_StdDevReq
 .text.USBD_GetString
                0x08016304       0x38 project_build//data/Hardware/MIDIbox/mios32/trunk/drivers/STM32F4xx/v1.1.0/STM32_USB_Device_Library/Core/src/usbd_req.o
                0x08016304                USBD_GetString
 .text.USBH_Connected
                0x0801633c        0xa project_build//data/Hardware/MIDIbox/mios32/trunk/drivers/STM32F4xx/v1.1.0/STM32_USB_HOST_Library/Core/src/usbh_core.o
                0x0801633c                USBH_Connected
 .text.USBH_Disconnected
                0x08016346        0xa project_build//data/Hardware/MIDIbox/mios32/trunk/drivers/STM32F4xx/v1.1.0/STM32_USB_HOST_Library/Core/src/usbh_core.o
                0x08016346                USBH_Disconnected
 .text.USBH_SOF
                0x08016350        0x4 project_build//data/Hardware/MIDIbox/mios32/trunk/drivers/STM32F4xx/v1.1.0/STM32_USB_HOST_Library/Core/src/usbh_core.o
                0x08016350                USBH_SOF
 .text.USBH_DeInit
                0x08016354       0x32 project_build//data/Hardware/MIDIbox/mios32/trunk/drivers/STM32F4xx/v1.1.0/STM32_USB_HOST_Library/Core/src/usbh_core.o
                0x08016354                USBH_DeInit
 .text.USBH_Init
                0x08016386       0x42 project_build//data/Hardware/MIDIbox/mios32/trunk/drivers/STM32F4xx/v1.1.0/STM32_USB_HOST_Library/Core/src/usbh_core.o
                0x08016386                USBH_Init
 .text.USBH_ErrorHandle
                0x080163c8       0x2a project_build//data/Hardware/MIDIbox/mios32/trunk/drivers/STM32F4xx/v1.1.0/STM32_USB_HOST_Library/Core/src/usbh_core.o
                0x080163c8                USBH_ErrorHandle
 *fill*         0x080163f2        0x2 00
 .text.USBH_HandleControl
                0x080163f4      0x1b8 project_build//data/Hardware/MIDIbox/mios32/trunk/drivers/STM32F4xx/v1.1.0/STM32_USB_HOST_Library/Core/src/usbh_core.o
                0x080163f4                USBH_HandleControl
 .text.USBH_Process
                0x080165ac      0x344 project_build//data/Hardware/MIDIbox/mios32/trunk/drivers/STM32F4xx/v1.1.0/STM32_USB_HOST_Library/Core/src/usbh_core.o
                0x080165ac                USBH_Process
 .text.USBH_Open_Channel
                0x080168f0       0x54 project_build//data/Hardware/MIDIbox/mios32/trunk/drivers/STM32F4xx/v1.1.0/STM32_USB_HOST_Library/Core/src/usbh_hcs.o
                0x080168f0                USBH_Open_Channel
 .text.USBH_Modify_Channel
                0x08016944       0x3a project_build//data/Hardware/MIDIbox/mios32/trunk/drivers/STM32F4xx/v1.1.0/STM32_USB_HOST_Library/Core/src/usbh_hcs.o
                0x08016944                USBH_Modify_Channel
 .text.USBH_Alloc_Channel
                0x0801697e       0x32 project_build//data/Hardware/MIDIbox/mios32/trunk/drivers/STM32F4xx/v1.1.0/STM32_USB_HOST_Library/Core/src/usbh_hcs.o
                0x0801697e                USBH_Alloc_Channel
 .text.USBH_Free_Channel
                0x080169b0       0x18 project_build//data/Hardware/MIDIbox/mios32/trunk/drivers/STM32F4xx/v1.1.0/STM32_USB_HOST_Library/Core/src/usbh_hcs.o
                0x080169b0                USBH_Free_Channel
 .text.USBH_DeAllocate_AllChannel
                0x080169c8       0x1e project_build//data/Hardware/MIDIbox/mios32/trunk/drivers/STM32F4xx/v1.1.0/STM32_USB_HOST_Library/Core/src/usbh_hcs.o
                0x080169c8                USBH_DeAllocate_AllChannel
 .text.USBH_CtlReq
                0x080169e6       0x48 project_build//data/Hardware/MIDIbox/mios32/trunk/drivers/STM32F4xx/v1.1.0/STM32_USB_HOST_Library/Core/src/usbh_ioreq.o
                0x080169e6                USBH_CtlReq
 .text.USBH_CtlSendSetup
                0x08016a2e       0x2e project_build//data/Hardware/MIDIbox/mios32/trunk/drivers/STM32F4xx/v1.1.0/STM32_USB_HOST_Library/Core/src/usbh_ioreq.o
                0x08016a2e                USBH_CtlSendSetup
 .text.USBH_CtlSendData
                0x08016a5c       0x40 project_build//data/Hardware/MIDIbox/mios32/trunk/drivers/STM32F4xx/v1.1.0/STM32_USB_HOST_Library/Core/src/usbh_ioreq.o
                0x08016a5c                USBH_CtlSendData
 .text.USBH_CtlReceiveData
                0x08016a9c       0x2c project_build//data/Hardware/MIDIbox/mios32/trunk/drivers/STM32F4xx/v1.1.0/STM32_USB_HOST_Library/Core/src/usbh_ioreq.o
                0x08016a9c                USBH_CtlReceiveData
 .text.USBH_BulkSendData
                0x08016ac8       0x34 project_build//data/Hardware/MIDIbox/mios32/trunk/drivers/STM32F4xx/v1.1.0/STM32_USB_HOST_Library/Core/src/usbh_ioreq.o
                0x08016ac8                USBH_BulkSendData
 .text.USBH_BulkReceiveData
                0x08016afc       0x34 project_build//data/Hardware/MIDIbox/mios32/trunk/drivers/STM32F4xx/v1.1.0/STM32_USB_HOST_Library/Core/src/usbh_ioreq.o
                0x08016afc                USBH_BulkReceiveData
 .text.USBH_GetDescriptor