Archive member included because of file (symbol)

/usr/local/etc/mios32_toolchain/bin/../lib/gcc/arm-none-eabi/4.7.4/armv7e-m/libgcc.a(_lshrdi3.o)
                              project_build//data/Hardware/MIDIbox/mios32/trunk/modules/app_lcd/universal/app_lcd.o (__aeabi_llsr)
/usr/local/etc/mios32_toolchain/bin/../lib/gcc/arm-none-eabi/4.7.4/armv7e-m/libgcc.a(_ashldi3.o)
                              project_build//data/Hardware/MIDIbox/mios32/trunk/modules/app_lcd/universal/app_lcd.o (__aeabi_llsl)
/usr/local/etc/mios32_toolchain/bin/../lib/gcc/arm-none-eabi/4.7.4/armv7e-m/libgcc.a(_arm_muldivdf3.o)
                              project_build//data/Hardware/MIDIbox/mios32/trunk/mios32/common/mios32_osc.o (__aeabi_dmul)
/usr/local/etc/mios32_toolchain/bin/../lib/gcc/arm-none-eabi/4.7.4/armv7e-m/libgcc.a(_arm_fixdfsi.o)
                              project_build//data/Hardware/MIDIbox/mios32/trunk/mios32/common/mios32_osc.o (__aeabi_d2iz)
/usr/local/etc/mios32_toolchain/bin/../lib/gcc/arm-none-eabi/4.7.4/armv7e-m/libgcc.a(_arm_muldivsf3.o)
                              project_build//data/Hardware/MIDIbox/mios32/trunk/mios32/common/mios32_osc.o (__aeabi_fmul)
/usr/local/etc/mios32_toolchain/bin/../lib/gcc/arm-none-eabi/4.7.4/armv7e-m/libgcc.a(_arm_fixsfsi.o)
                              project_build//data/Hardware/MIDIbox/mios32/trunk/mios32/common/mios32_osc.o (__aeabi_f2iz)
/usr/local/etc/mios32_toolchain/bin/../lib/gcc/arm-none-eabi/4.7.4/../../../../arm-none-eabi/lib/armv7e-m/libc_s.a(lib_a-ctype_.o)
                              project_build//data/Hardware/MIDIbox/mios32/trunk/programming_models/traditional/strtol.o (__ctype_ptr__)
/usr/local/etc/mios32_toolchain/bin/../lib/gcc/arm-none-eabi/4.7.4/../../../../arm-none-eabi/lib/armv7e-m/libc_s.a(lib_a-init.o)
                              project_build//data/Hardware/MIDIbox/mios32/trunk/programming_models/traditional/main.o (__libc_init_array)
/usr/local/etc/mios32_toolchain/bin/../lib/gcc/arm-none-eabi/4.7.4/../../../../arm-none-eabi/lib/armv7e-m/libc_s.a(lib_a-memcpy.o)
                              project_build//data/Hardware/MIDIbox/mios32/trunk/FreeRTOS/Source/queue.o (memcpy)
/usr/local/etc/mios32_toolchain/bin/../lib/gcc/arm-none-eabi/4.7.4/../../../../arm-none-eabi/lib/armv7e-m/libc_s.a(lib_a-memmove.o)
                              project_build//data/Hardware/MIDIbox/mios32/trunk/FreeRTOS/Source/portable/MemMang/umm_malloc.o (memmove)
/usr/local/etc/mios32_toolchain/bin/../lib/gcc/arm-none-eabi/4.7.4/../../../../arm-none-eabi/lib/armv7e-m/libc_s.a(lib_a-memset.o)
                              project_build//data/Hardware/MIDIbox/mios32/trunk/FreeRTOS/Source/tasks.o (memset)
/usr/local/etc/mios32_toolchain/bin/../lib/gcc/arm-none-eabi/4.7.4/../../../../arm-none-eabi/lib/armv7e-m/libc_s.a(lib_a-stpcpy.o)
                              project_build//data/Hardware/MIDIbox/mios32/trunk/mios32/common/mios32_osc.o (stpcpy)
/usr/local/etc/mios32_toolchain/bin/../lib/gcc/arm-none-eabi/4.7.4/../../../../arm-none-eabi/lib/armv7e-m/libc_s.a(lib_a-strcasecmp.o)
                              project_build//data/Hardware/MIDIbox/mios32/trunk/modules/app_lcd/universal/app_lcd.o (strcasecmp)
/usr/local/etc/mios32_toolchain/bin/../lib/gcc/arm-none-eabi/4.7.4/../../../../arm-none-eabi/lib/armv7e-m/libc_s.a(lib_a-strlen.o)
                              project_build//data/Hardware/MIDIbox/mios32/trunk/mios32/common/mios32_midi.o (strlen)
/usr/local/etc/mios32_toolchain/bin/../lib/gcc/arm-none-eabi/4.7.4/../../../../arm-none-eabi/lib/armv7e-m/libc_s.a(lib_a-strncmp.o)
                              project_build//data/Hardware/MIDIbox/mios32/trunk/mios32/common/mios32_osc.o (strncmp)
/usr/local/etc/mios32_toolchain/bin/../lib/gcc/arm-none-eabi/4.7.4/../../../../arm-none-eabi/lib/armv7e-m/libc_s.a(lib_a-strncpy.o)
                              project_build//data/Hardware/MIDIbox/mios32/trunk/FreeRTOS/Source/tasks.o (strncpy)
/usr/local/etc/mios32_toolchain/bin/../lib/gcc/arm-none-eabi/4.7.4/../../../../arm-none-eabi/lib/armv7e-m/libc_s.a(lib_a-strtok_r.o)
                              project_build//data/Hardware/MIDIbox/mios32/trunk/modules/app_lcd/universal/app_lcd.o (strtok_r)

Allocating common symbols
Common symbol       size              file

heapInfo            0xc               project_build//data/Hardware/MIDIbox/mios32/trunk/FreeRTOS/Source/portable/MemMang/umm_malloc.o
mios32_srio_din_changed
                    0x10              project_build//data/Hardware/MIDIbox/mios32/trunk/mios32/common/mios32_srio.o
SET_TEST_MODE       0x4               project_build//data/Hardware/MIDIbox/mios32/trunk/drivers/STM32F4xx/v1.1.0/STM32_USB_Device_Library/Core/src/usbd_core.o
timeout_counter     0x4               project_build//data/Hardware/MIDIbox/mios32/trunk/modules/genesis/genesis.o
USB_rx_buffer       0x40              project_build//data/Hardware/MIDIbox/mios32/trunk/mios32/STM32F4xx/mios32_usb.o
[...]
Memory Configuration

Name             Origin             Length             Attributes
RAM              0x20000000         0x00030000         xrw
FLASH_SECTOR0    0x08000000         0x00004000         xr
FLASH_SECTOR1    0x08004000         0x00004000         xr
FLASH_SECTOR2    0x08008000         0x00004000         xr
FLASH_SECTOR3    0x0800c000         0x00004000         xr
FLASH            0x08010000         0x000f0000         xr
FLASHB1          0x00000000         0x00000000         xr
EXTMEMB0         0x00000000         0x00000000         xr
EXTMEMB1         0x00000000         0x00000000         xr
EXTMEMB2         0x00000000         0x00000000         xr
EXTMEMB3         0x00000000         0x00000000         xr
*default*        0x00000000         0xffffffff

Linker script and memory map

LOAD project_build//data/Hardware/MIDIbox/mios32/trunk/programming_models/traditional/main.o
LOAD project_build//data/Hardware/MIDIbox/mios32/trunk/programming_models/traditional/strtol.o
LOAD project_build//data/Hardware/MIDIbox/mios32/trunk/FreeRTOS/Source/tasks.o
LOAD project_build//data/Hardware/MIDIbox/mios32/trunk/FreeRTOS/Source/list.o
LOAD project_build//data/Hardware/MIDIbox/mios32/trunk/FreeRTOS/Source/queue.o
LOAD project_build//data/Hardware/MIDIbox/mios32/trunk/FreeRTOS/Source/timers.o
LOAD project_build//data/Hardware/MIDIbox/mios32/trunk/FreeRTOS/Source/portable/GCC/ARM_CM3/port.o
LOAD project_build//data/Hardware/MIDIbox/mios32/trunk/FreeRTOS/Source/portable/MemMang/umm_malloc.o
LOAD project_build//data/Hardware/MIDIbox/mios32/trunk/programming_models/traditional/startup_stm32f4xx.o
LOAD project_build//data/Hardware/MIDIbox/mios32/trunk/mios32/common/mios32_srio.o
LOAD project_build//data/Hardware/MIDIbox/mios32/trunk/mios32/common/mios32_din.o
LOAD project_build//data/Hardware/MIDIbox/mios32/trunk/mios32/common/mios32_dout.o
LOAD project_build//data/Hardware/MIDIbox/mios32/trunk/mios32/common/mios32_enc.o
LOAD project_build//data/Hardware/MIDIbox/mios32/trunk/mios32/common/mios32_lcd.o
LOAD project_build//data/Hardware/MIDIbox/mios32/trunk/mios32/common/mios32_midi.o
LOAD project_build//data/Hardware/MIDIbox/mios32/trunk/mios32/common/mios32_osc.o
LOAD project_build//data/Hardware/MIDIbox/mios32/trunk/mios32/common/mios32_com.o
LOAD project_build//data/Hardware/MIDIbox/mios32/trunk/mios32/common/mios32_uart_midi.o
LOAD project_build//data/Hardware/MIDIbox/mios32/trunk/mios32/common/mios32_spi_midi.o
LOAD project_build//data/Hardware/MIDIbox/mios32/trunk/mios32/common/mios32_iic_midi.o
LOAD project_build//data/Hardware/MIDIbox/mios32/trunk/mios32/common/mios32_iic_bs.o
LOAD project_build//data/Hardware/MIDIbox/mios32/trunk/mios32/common/mios32_mf.o
LOAD project_build//data/Hardware/MIDIbox/mios32/trunk/mios32/common/mios32_sdcard.o
LOAD project_build//data/Hardware/MIDIbox/mios32/trunk/mios32/common/mios32_enc28j60.o
LOAD project_build//data/Hardware/MIDIbox/mios32/trunk/mios32/common/mios32_timestamp.o
LOAD project_build//data/Hardware/MIDIbox/mios32/trunk/mios32/STM32F4xx/mios32_bsl.o
LOAD project_build//data/Hardware/MIDIbox/mios32/trunk/mios32/STM32F4xx/mios32_sys.o
LOAD project_build//data/Hardware/MIDIbox/mios32/trunk/mios32/STM32F4xx/mios32_irq.o
LOAD project_build//data/Hardware/MIDIbox/mios32/trunk/mios32/STM32F4xx/mios32_spi.o
LOAD project_build//data/Hardware/MIDIbox/mios32/trunk/mios32/STM32F4xx/mios32_i2s.o
LOAD project_build//data/Hardware/MIDIbox/mios32/trunk/mios32/STM32F4xx/mios32_board.o
LOAD project_build//data/Hardware/MIDIbox/mios32/trunk/mios32/STM32F4xx/mios32_timer.o
LOAD project_build//data/Hardware/MIDIbox/mios32/trunk/mios32/STM32F4xx/mios32_stopwatch.o
LOAD project_build//data/Hardware/MIDIbox/mios32/trunk/mios32/STM32F4xx/mios32_delay.o
LOAD project_build//data/Hardware/MIDIbox/mios32/trunk/mios32/STM32F4xx/mios32_ain.o
LOAD project_build//data/Hardware/MIDIbox/mios32/trunk/mios32/STM32F4xx/mios32_usb.o
LOAD project_build//data/Hardware/MIDIbox/mios32/trunk/mios32/STM32F4xx/mios32_usb_midi.o
LOAD project_build//data/Hardware/MIDIbox/mios32/trunk/mios32/STM32F4xx/mios32_usb_com.o
LOAD project_build//data/Hardware/MIDIbox/mios32/trunk/mios32/STM32F4xx/mios32_uart.o
LOAD project_build//data/Hardware/MIDIbox/mios32/trunk/mios32/STM32F4xx/mios32_iic.o
LOAD project_build//data/Hardware/MIDIbox/mios32/trunk/mios32/common/printf-stdarg.o
LOAD project_build//data/Hardware/MIDIbox/mios32/trunk/drivers/STM32F4xx/v1.1.0/STM32F4xx_StdPeriph_Driver/src/misc.o
LOAD project_build//data/Hardware/MIDIbox/mios32/trunk/drivers/STM32F4xx/v1.1.0/STM32F4xx_StdPeriph_Driver/src/stm32f4xx_adc.o
LOAD project_build//data/Hardware/MIDIbox/mios32/trunk/drivers/STM32F4xx/v1.1.0/STM32F4xx_StdPeriph_Driver/src/stm32f4xx_can.o
LOAD project_build//data/Hardware/MIDIbox/mios32/trunk/drivers/STM32F4xx/v1.1.0/STM32F4xx_StdPeriph_Driver/src/stm32f4xx_crc.o
LOAD project_build//data/Hardware/MIDIbox/mios32/trunk/drivers/STM32F4xx/v1.1.0/STM32F4xx_StdPeriph_Driver/src/stm32f4xx_cryp.o
LOAD project_build//data/Hardware/MIDIbox/mios32/trunk/drivers/STM32F4xx/v1.1.0/STM32F4xx_StdPeriph_Driver/src/stm32f4xx_cryp_aes.o
LOAD project_build//data/Hardware/MIDIbox/mios32/trunk/drivers/STM32F4xx/v1.1.0/STM32F4xx_StdPeriph_Driver/src/stm32f4xx_cryp_des.o
LOAD project_build//data/Hardware/MIDIbox/mios32/trunk/drivers/STM32F4xx/v1.1.0/STM32F4xx_StdPeriph_Driver/src/stm32f4xx_cryp_tdes.o
LOAD project_build//data/Hardware/MIDIbox/mios32/trunk/drivers/STM32F4xx/v1.1.0/STM32F4xx_StdPeriph_Driver/src/stm32f4xx_dac.o
LOAD project_build//data/Hardware/MIDIbox/mios32/trunk/drivers/STM32F4xx/v1.1.0/STM32F4xx_StdPeriph_Driver/src/stm32f4xx_dbgmcu.o
LOAD project_build//data/Hardware/MIDIbox/mios32/trunk/drivers/STM32F4xx/v1.1.0/STM32F4xx_StdPeriph_Driver/src/stm32f4xx_dcmi.o
LOAD project_build//data/Hardware/MIDIbox/mios32/trunk/drivers/STM32F4xx/v1.1.0/STM32F4xx_StdPeriph_Driver/src/stm32f4xx_dma.o
LOAD project_build//data/Hardware/MIDIbox/mios32/trunk/drivers/STM32F4xx/v1.1.0/STM32F4xx_StdPeriph_Driver/src/stm32f4xx_exti.o
LOAD project_build//data/Hardware/MIDIbox/mios32/trunk/drivers/STM32F4xx/v1.1.0/STM32F4xx_StdPeriph_Driver/src/stm32f4xx_flash.o
LOAD project_build//data/Hardware/MIDIbox/mios32/trunk/drivers/STM32F4xx/v1.1.0/STM32F4xx_StdPeriph_Driver/src/stm32f4xx_fsmc.o
LOAD project_build//data/Hardware/MIDIbox/mios32/trunk/drivers/STM32F4xx/v1.1.0/STM32F4xx_StdPeriph_Driver/src/stm32f4xx_gpio.o
LOAD project_build//data/Hardware/MIDIbox/mios32/trunk/drivers/STM32F4xx/v1.1.0/STM32F4xx_StdPeriph_Driver/src/stm32f4xx_hash.o
LOAD project_build//data/Hardware/MIDIbox/mios32/trunk/drivers/STM32F4xx/v1.1.0/STM32F4xx_StdPeriph_Driver/src/stm32f4xx_hash_md5.o
LOAD project_build//data/Hardware/MIDIbox/mios32/trunk/drivers/STM32F4xx/v1.1.0/STM32F4xx_StdPeriph_Driver/src/stm32f4xx_hash_sha1.o
LOAD project_build//data/Hardware/MIDIbox/mios32/trunk/drivers/STM32F4xx/v1.1.0/STM32F4xx_StdPeriph_Driver/src/stm32f4xx_i2c.o
LOAD project_build//data/Hardware/MIDIbox/mios32/trunk/drivers/STM32F4xx/v1.1.0/STM32F4xx_StdPeriph_Driver/src/stm32f4xx_iwdg.o
LOAD project_build//data/Hardware/MIDIbox/mios32/trunk/drivers/STM32F4xx/v1.1.0/STM32F4xx_StdPeriph_Driver/src/stm32f4xx_pwr.o
LOAD project_build//data/Hardware/MIDIbox/mios32/trunk/drivers/STM32F4xx/v1.1.0/STM32F4xx_StdPeriph_Driver/src/stm32f4xx_rcc.o
LOAD project_build//data/Hardware/MIDIbox/mios32/trunk/drivers/STM32F4xx/v1.1.0/STM32F4xx_StdPeriph_Driver/src/stm32f4xx_rng.o
LOAD project_build//data/Hardware/MIDIbox/mios32/trunk/drivers/STM32F4xx/v1.1.0/STM32F4xx_StdPeriph_Driver/src/stm32f4xx_rtc.o
LOAD project_build//data/Hardware/MIDIbox/mios32/trunk/drivers/STM32F4xx/v1.1.0/STM32F4xx_StdPeriph_Driver/src/stm32f4xx_sdio.o
LOAD project_build//data/Hardware/MIDIbox/mios32/trunk/drivers/STM32F4xx/v1.1.0/STM32F4xx_StdPeriph_Driver/src/stm32f4xx_spi.o
LOAD project_build//data/Hardware/MIDIbox/mios32/trunk/drivers/STM32F4xx/v1.1.0/STM32F4xx_StdPeriph_Driver/src/stm32f4xx_syscfg.o
LOAD project_build//data/Hardware/MIDIbox/mios32/trunk/drivers/STM32F4xx/v1.1.0/STM32F4xx_StdPeriph_Driver/src/stm32f4xx_tim.o
LOAD project_build//data/Hardware/MIDIbox/mios32/trunk/drivers/STM32F4xx/v1.1.0/STM32F4xx_StdPeriph_Driver/src/stm32f4xx_usart.o
LOAD project_build//data/Hardware/MIDIbox/mios32/trunk/drivers/STM32F4xx/v1.1.0/STM32F4xx_StdPeriph_Driver/src/stm32f4xx_wwdg.o
LOAD project_build//data/Hardware/MIDIbox/mios32/trunk/drivers/STM32F4xx/v1.1.0/STM32_USB_Device_Library/Core/src/usbd_core.o
LOAD project_build//data/Hardware/MIDIbox/mios32/trunk/drivers/STM32F4xx/v1.1.0/STM32_USB_Device_Library/Core/src/usbd_ioreq.o
LOAD project_build//data/Hardware/MIDIbox/mios32/trunk/drivers/STM32F4xx/v1.1.0/STM32_USB_Device_Library/Core/src/usbd_req.o
LOAD project_build//data/Hardware/MIDIbox/mios32/trunk/drivers/STM32F4xx/v1.1.0/STM32_USB_HOST_Library/Core/src/usbh_core.o
LOAD project_build//data/Hardware/MIDIbox/mios32/trunk/drivers/STM32F4xx/v1.1.0/STM32_USB_HOST_Library/Core/src/usbh_hcs.o
LOAD project_build//data/Hardware/MIDIbox/mios32/trunk/drivers/STM32F4xx/v1.1.0/STM32_USB_HOST_Library/Core/src/usbh_ioreq.o
LOAD project_build//data/Hardware/MIDIbox/mios32/trunk/drivers/STM32F4xx/v1.1.0/STM32_USB_HOST_Library/Core/src/usbh_stdreq.o
LOAD project_build//data/Hardware/MIDIbox/mios32/trunk/drivers/STM32F4xx/v1.1.0/STM32_USB_OTG_Driver/src/usb_core.o
LOAD project_build//data/Hardware/MIDIbox/mios32/trunk/drivers/STM32F4xx/v1.1.0/STM32_USB_OTG_Driver/src/usb_dcd.o
LOAD project_build//data/Hardware/MIDIbox/mios32/trunk/drivers/STM32F4xx/v1.1.0/STM32_USB_OTG_Driver/src/usb_dcd_int.o
LOAD project_build//data/Hardware/MIDIbox/mios32/trunk/drivers/STM32F4xx/v1.1.0/STM32_USB_OTG_Driver/src/usb_hcd.o
LOAD project_build//data/Hardware/MIDIbox/mios32/trunk/drivers/STM32F4xx/v1.1.0/STM32_USB_OTG_Driver/src/usb_hcd_int.o
LOAD project_build//data/Hardware/MIDIbox/mios32/trunk/drivers/STM32F4xx/v1.1.0/STM32_USB_OTG_Driver/src/usb_otg.o
LOAD project_build//data/Hardware/MIDIbox/mios32/trunk/modules/app_lcd/universal/app_lcd.o
LOAD project_build//data/Hardware/MIDIbox/mios32/trunk/modules/glcd_font/glcd_font_normal.o
LOAD project_build//data/Hardware/MIDIbox/mios32/trunk/modules/glcd_font/glcd_font_normal_inv.o
LOAD project_build//data/Hardware/MIDIbox/mios32/trunk/modules/glcd_font/glcd_font_big.o
LOAD project_build//data/Hardware/MIDIbox/mios32/trunk/modules/glcd_font/glcd_font_small.o
LOAD project_build//data/Hardware/MIDIbox/mios32/trunk/modules/glcd_font/glcd_font_tiny.o
LOAD project_build//data/Hardware/MIDIbox/mios32/trunk/modules/glcd_font/glcd_font_knob_icons.o
LOAD project_build//data/Hardware/MIDIbox/mios32/trunk/modules/glcd_font/glcd_font_meter_icons_h.o
LOAD project_build//data/Hardware/MIDIbox/mios32/trunk/modules/glcd_font/glcd_font_meter_icons_v.o
LOAD project_build//data/Hardware/MIDIbox/mios32/trunk/modules/genesis/genesis.o
LOAD project_build/src/app.o
LOAD project_build//data/Hardware/MIDIbox/mios32/trunk/programming_models/traditional/mini_cpp.o
LOAD project_build//data/Hardware/MIDIbox/mios32/trunk/programming_models/traditional/freertos_heap.o
LOAD /usr/local/etc/mios32_toolchain/bin/../lib/gcc/arm-none-eabi/4.7.4/../../../../arm-none-eabi/lib/armv7e-m/libstdc++_s.a
START GROUP
LOAD /usr/local/etc/mios32_toolchain/bin/../lib/gcc/arm-none-eabi/4.7.4/armv7e-m/libgcc.a
LOAD /usr/local/etc/mios32_toolchain/bin/../lib/gcc/arm-none-eabi/4.7.4/../../../../arm-none-eabi/lib/armv7e-m/libc_s.a
END GROUP
                0x20020000                _estack = 0x20020000
                0x00000080                __Stack_Size = 0x80
                0x00000080                PROVIDE (_Stack_Size, __Stack_Size)
                0x2001ff80                __Stack_Init = (_estack - __Stack_Size)
                0x2001ff80                PROVIDE (_Stack_Init, __Stack_Init)
                0x00000100                _Minimum_Stack_Size = 0x100
                0x42000000                PERIPH_BB_BASE = 0x42000000
                0x22000000                SRAM_BB_BASE = 0x22000000
                0x20000000                SRAM_BASE = 0x20000000
                0x40000000                PERIPH_BASE = 0x40000000
                0x40022000                PROVIDE (FLASH_BASE, 0x40022000)
                0x1ffff800                PROVIDE (OB_BASE, 0x1ffff800)
                0x40000000                APB1PERIPH_BASE = PERIPH_BASE
                0x40010000                APB2PERIPH_BASE = (PERIPH_BASE + 0x10000)
                0x40020000                AHBPERIPH_BASE = (PERIPH_BASE + 0x20000)
                0x40000000                PROVIDE (TIM2, (APB1PERIPH_BASE + 0x0))
                0x40000400                PROVIDE (TIM3, (APB1PERIPH_BASE + 0x400))
                0x40000800                PROVIDE (TIM4, (APB1PERIPH_BASE + 0x800))
                0x40002800                PROVIDE (RTC, (APB1PERIPH_BASE + 0x2800))
                0x40002c00                PROVIDE (WWDG, (APB1PERIPH_BASE + 0x2c00))
                0x40003000                PROVIDE (IWDG, (APB1PERIPH_BASE + 0x3000))
                0x40003800                PROVIDE (SPI2, (APB1PERIPH_BASE + 0x3800))
                0x40004400                PROVIDE (USART2, (APB1PERIPH_BASE + 0x4400))
                0x40004800                PROVIDE (USART3, (APB1PERIPH_BASE + 0x4800))
                0x40005400                PROVIDE (I2C1, (APB1PERIPH_BASE + 0x5400))
                0x40005800                PROVIDE (I2C2, (APB1PERIPH_BASE + 0x5800))
                0x40006400                PROVIDE (CAN, (APB1PERIPH_BASE + 0x6400))
                0x40006c00                PROVIDE (BKP, (APB1PERIPH_BASE + 0x6c00))
                0x40007000                PROVIDE (PWR, (APB1PERIPH_BASE + 0x7000))
                0x40010000                PROVIDE (AFIO, (APB2PERIPH_BASE + 0x0))
                0x40010400                PROVIDE (EXTI, (APB2PERIPH_BASE + 0x400))
                0x40010800                PROVIDE (GPIOA, (APB2PERIPH_BASE + 0x800))
                0x40010c00                PROVIDE (GPIOB, (APB2PERIPH_BASE + 0xc00))
                0x40011000                PROVIDE (GPIOC, (APB2PERIPH_BASE + 0x1000))
                0x40011400                PROVIDE (GPIOD, (APB2PERIPH_BASE + 0x1400))
                0x40011800                PROVIDE (GPIOE, (APB2PERIPH_BASE + 0x1800))
                0x40012400                PROVIDE (ADC1, (APB2PERIPH_BASE + 0x2400))
                0x40012800                PROVIDE (ADC2, (APB2PERIPH_BASE + 0x2800))
                0x40012c00                PROVIDE (TIM1, (APB2PERIPH_BASE + 0x2c00))
                0x40013000                PROVIDE (SPI1, (APB2PERIPH_BASE + 0x3000))
                0x40013800                PROVIDE (USART1, (APB2PERIPH_BASE + 0x3800))
                0x40020000                PROVIDE (DMA, (AHBPERIPH_BASE + 0x0))
                0x40020008                PROVIDE (DMA_Channel1, (AHBPERIPH_BASE + 0x8))
                0x4002001c                PROVIDE (DMA_Channel2, (AHBPERIPH_BASE + 0x1c))
                0x40020030                PROVIDE (DMA_Channel3, (AHBPERIPH_BASE + 0x30))
                0x40020044                PROVIDE (DMA_Channel4, (AHBPERIPH_BASE + 0x44))
                0x40020058                PROVIDE (DMA_Channel5, (AHBPERIPH_BASE + 0x58))
                0x4002006c                PROVIDE (DMA_Channel6, (AHBPERIPH_BASE + 0x6c))
                0x40020080                PROVIDE (DMA_Channel7, (AHBPERIPH_BASE + 0x80))
                0x40021000                PROVIDE (RCC, (AHBPERIPH_BASE + 0x1000))
                0xe000e000                SCS_BASE = 0xe000e000
                0xe000e010                PROVIDE (SysTick, (SCS_BASE + 0x10))
                0xe000e100                PROVIDE (NVIC, (SCS_BASE + 0x100))
                0xe000ed00                PROVIDE (SCB, (SCS_BASE + 0xd00))

.mios32_bsl     0x08000000     0x4000
                0x08000000                . = ALIGN (0x4)
 *(.mios32_bsl)
 .mios32_bsl    0x08000000     0x4000 project_build//data/Hardware/MIDIbox/mios32/trunk/mios32/STM32F4xx/mios32_bsl.o
                0x08000000                mios32_bsl_image
                0x08004000                . = ALIGN (0x4)

.isr_vector     0x08004000      0x188
                0x08004000                _mios32_sys_isr_vector = .
                0x08004000                . = ALIGN (0x4)
 *(.isr_vector)
 .isr_vector    0x08004000      0x188 project_build//data/Hardware/MIDIbox/mios32/trunk/programming_models/traditional/startup_stm32f4xx.o
                0x08004000                g_pfnVectors
                0x08004188                . = ALIGN (0x4)
                0x08004000                PROVIDE (mios32_sys_isr_vector, _mios32_sys_isr_vector)

.flashtext      0x08010000        0x0
                0x08010000                . = ALIGN (0x4)
 *(.flashtext)
                0x08010000                . = ALIGN (0x4)

.text           0x08010000     0xa3f4
                0x08010000                . = ALIGN (0x4)
 CREATE_OBJECT_SYMBOLS
 *(.text .text.* .gnu.linkonce.t.*)
 .text.SRIO_ServiceFinish
                0x08010000        0xe project_build//data/Hardware/MIDIbox/mios32/trunk/programming_models/traditional/main.o
                0x08010000                SRIO_ServiceFinish
 *fill*         0x0801000e        0x2 00
 .text.TASK_Hooks
                0x08010010       0x48 project_build//data/Hardware/MIDIbox/mios32/trunk/programming_models/traditional/main.o
 .text.TASK_MIDI_Hooks
                0x08010058       0x34 project_build//data/Hardware/MIDIbox/mios32/trunk/programming_models/traditional/main.o
 .text.startup.main
                0x0801008c       0xe0 project_build//data/Hardware/MIDIbox/mios32/trunk/programming_models/traditional/main.o
                0x0801008c                main
 .text.vApplicationTickHook
                0x0801016c       0x18 project_build//data/Hardware/MIDIbox/mios32/trunk/programming_models/traditional/main.o
                0x0801016c                vApplicationTickHook
 .text.vApplicationIdleHook
                0x08010184        0x4 project_build//data/Hardware/MIDIbox/mios32/trunk/programming_models/traditional/main.o
                0x08010184                vApplicationIdleHook
 .text._abort   0x08010188       0x40 project_build//data/Hardware/MIDIbox/mios32/trunk/programming_models/traditional/main.o
                0x08010188                _abort
 .text.HardFault_Handler_c
                0x080101c8      0x148 project_build//data/Hardware/MIDIbox/mios32/trunk/programming_models/traditional/main.o
                0x080101c8                HardFault_Handler_c
 .text.HardFault_Handler
                0x08010310       0x14 project_build//data/Hardware/MIDIbox/mios32/trunk/programming_models/traditional/main.o
                0x08010310                HardFault_Handler
 .text.prvAddCurrentTaskToDelayedList
                0x08010324       0x50 project_build//data/Hardware/MIDIbox/mios32/trunk/FreeRTOS/Source/tasks.o
 .text.xTaskGenericCreate
                0x08010374      0x194 project_build//data/Hardware/MIDIbox/mios32/trunk/FreeRTOS/Source/tasks.o
                0x08010374                xTaskGenericCreate
 .text.vTaskStartScheduler
                0x08010508       0x4c project_build//data/Hardware/MIDIbox/mios32/trunk/FreeRTOS/Source/tasks.o
                0x08010508                vTaskStartScheduler
 .text.vTaskSuspendAll
                0x08010554       0x10 project_build//data/Hardware/MIDIbox/mios32/trunk/FreeRTOS/Source/tasks.o
                0x08010554                vTaskSuspendAll
 .text.xTaskGetTickCount
                0x08010564       0x18 project_build//data/Hardware/MIDIbox/mios32/trunk/FreeRTOS/Source/tasks.o
                0x08010564                xTaskGetTickCount
 .text.vTaskIncrementTick
                0x0801057c       0xec project_build//data/Hardware/MIDIbox/mios32/trunk/FreeRTOS/Source/tasks.o
                0x0801057c                vTaskIncrementTick
 .text.xTaskResumeAll
                0x08010668       0xc4 project_build//data/Hardware/MIDIbox/mios32/trunk/FreeRTOS/Source/tasks.o
                0x08010668                xTaskResumeAll
 .text.prvIdleTask
                0x0801072c       0x68 project_build//data/Hardware/MIDIbox/mios32/trunk/FreeRTOS/Source/tasks.o
 .text.vTaskDelayUntil
                0x08010794       0x78 project_build//data/Hardware/MIDIbox/mios32/trunk/FreeRTOS/Source/tasks.o
                0x08010794                vTaskDelayUntil
 .text.vTaskSwitchContext
                0x0801080c       0x54 project_build//data/Hardware/MIDIbox/mios32/trunk/FreeRTOS/Source/tasks.o
                0x0801080c                vTaskSwitchContext
 .text.vListInitialise
                0x08010860       0x16 project_build//data/Hardware/MIDIbox/mios32/trunk/FreeRTOS/Source/list.o
                0x08010860                vListInitialise
 .text.vListInitialiseItem
                0x08010876        0x6 project_build//data/Hardware/MIDIbox/mios32/trunk/FreeRTOS/Source/list.o
                0x08010876                vListInitialiseItem
 .text.vListInsertEnd
                0x0801087c       0x1a project_build//data/Hardware/MIDIbox/mios32/trunk/FreeRTOS/Source/list.o
                0x0801087c                vListInsertEnd
 .text.vListInsert
                0x08010896       0x30 project_build//data/Hardware/MIDIbox/mios32/trunk/FreeRTOS/Source/list.o
                0x08010896                vListInsert
 .text.uxListRemove
                0x080108c6       0x22 project_build//data/Hardware/MIDIbox/mios32/trunk/FreeRTOS/Source/list.o
                0x080108c6                uxListRemove
 .text.prvPortStartFirstTask
                0x080108e8       0x14 project_build//data/Hardware/MIDIbox/mios32/trunk/FreeRTOS/Source/portable/GCC/ARM_CM3/port.o
 .text.pxPortInitialiseStack
                0x080108fc       0x16 project_build//data/Hardware/MIDIbox/mios32/trunk/FreeRTOS/Source/portable/GCC/ARM_CM3/port.o
                0x080108fc                pxPortInitialiseStack
 *fill*         0x08010912        0x2 00
 .text.vPortSVCHandler
                0x08010914       0x20 project_build//data/Hardware/MIDIbox/mios32/trunk/FreeRTOS/Source/portable/GCC/ARM_CM3/port.o
                0x08010914                vPortSVCHandler
 .text.vPortYieldFromISR
                0x08010934       0x10 project_build//data/Hardware/MIDIbox/mios32/trunk/FreeRTOS/Source/portable/GCC/ARM_CM3/port.o
                0x08010934                vPortYieldFromISR
 .text.ulPortSetInterruptMask
                0x08010944       0x10 project_build//data/Hardware/MIDIbox/mios32/trunk/FreeRTOS/Source/portable/GCC/ARM_CM3/port.o
                0x08010944                ulPortSetInterruptMask
 .text.vPortEnterCritical
                0x08010954       0x14 project_build//data/Hardware/MIDIbox/mios32/trunk/FreeRTOS/Source/portable/GCC/ARM_CM3/port.o
                0x08010954                vPortEnterCritical
 .text.vPortClearInterruptMask
                0x08010968        0x6 project_build//data/Hardware/MIDIbox/mios32/trunk/FreeRTOS/Source/portable/GCC/ARM_CM3/port.o
                0x08010968                vPortClearInterruptMask
 *fill*         0x0801096e        0x2 00
 .text.vPortExitCritical
                0x08010970       0x14 project_build//data/Hardware/MIDIbox/mios32/trunk/FreeRTOS/Source/portable/GCC/ARM_CM3/port.o
                0x08010970                vPortExitCritical
 .text.xPortPendSVHandler
                0x08010984       0x3c project_build//data/Hardware/MIDIbox/mios32/trunk/FreeRTOS/Source/portable/GCC/ARM_CM3/port.o
                0x08010984                xPortPendSVHandler
 .text.xPortSysTickHandler
                0x080109c0       0x20 project_build//data/Hardware/MIDIbox/mios32/trunk/FreeRTOS/Source/portable/GCC/ARM_CM3/port.o
                0x080109c0                xPortSysTickHandler
 .text.vPortSetupTimerInterrupt
                0x080109e0       0x18 project_build//data/Hardware/MIDIbox/mios32/trunk/FreeRTOS/Source/portable/GCC/ARM_CM3/port.o
                0x080109e0                vPortSetupTimerInterrupt
 .text.xPortStartScheduler
                0x080109f8       0x30 project_build//data/Hardware/MIDIbox/mios32/trunk/FreeRTOS/Source/portable/GCC/ARM_CM3/port.o
                0x080109f8                xPortStartScheduler
 .text.umm_disconnect_from_free_list
                0x08010a28       0x2c project_build//data/Hardware/MIDIbox/mios32/trunk/FreeRTOS/Source/portable/MemMang/umm_malloc.o
 .text.umm_assimilate_up
                0x08010a54       0x4c project_build//data/Hardware/MIDIbox/mios32/trunk/FreeRTOS/Source/portable/MemMang/umm_malloc.o
 .text.vPortFree
                0x08010aa0       0x74 project_build//data/Hardware/MIDIbox/mios32/trunk/FreeRTOS/Source/portable/MemMang/umm_malloc.o
                0x08010aa0                vPortFree
 .text.pvPortMalloc
                0x08010b14      0x11c project_build//data/Hardware/MIDIbox/mios32/trunk/FreeRTOS/Source/portable/MemMang/umm_malloc.o
                0x08010b14                pvPortMalloc
 .text.Default_Handler
                0x08010c30        0x2 project_build//data/Hardware/MIDIbox/mios32/trunk/programming_models/traditional/startup_stm32f4xx.o
                0x08010c30                RTC_Alarm_IRQHandler
                0x08010c30                HASH_RNG_IRQHandler
                0x08010c30                EXTI2_IRQHandler
                0x08010c30                TIM8_CC_IRQHandler
                0x08010c30                DebugMon_Handler
                0x08010c30                TIM1_CC_IRQHandler
                0x08010c30                DMA2_Stream5_IRQHandler
                0x08010c30                DMA1_Stream5_IRQHandler
                0x08010c30                SysTick_Handler
                0x08010c30                PVD_IRQHandler
                0x08010c30                SDIO_IRQHandler
                0x08010c30                TAMP_STAMP_IRQHandler
                0x08010c30                PendSV_Handler
                0x08010c30                NMI_Handler
                0x08010c30                CAN2_RX1_IRQHandler
                0x08010c30                EXTI3_IRQHandler
                0x08010c30                TIM8_TRG_COM_TIM14_IRQHandler
                0x08010c30                TIM1_UP_TIM10_IRQHandler
                0x08010c30                TIM8_UP_TIM13_IRQHandler
                0x08010c30                I2C3_ER_IRQHandler
                0x08010c30                EXTI0_IRQHandler
                0x08010c30                CAN1_RX0_IRQHandler
                0x08010c30                FPU_IRQHandler
                0x08010c30                OTG_HS_WKUP_IRQHandler
                0x08010c30                UsageFault_Handler
                0x08010c30                CAN2_SCE_IRQHandler
                0x08010c30                SPI1_IRQHandler
                0x08010c30                TIM6_DAC_IRQHandler
                0x08010c30                TIM1_BRK_TIM9_IRQHandler
                0x08010c30                DCMI_IRQHandler
                0x08010c30                CAN2_RX0_IRQHandler
                0x08010c30                DMA2_Stream3_IRQHandler
                0x08010c30                USART6_IRQHandler
                0x08010c30                CRYP_IRQHandler
                0x08010c30                CAN1_RX1_IRQHandler
                0x08010c30                UART5_IRQHandler
                0x08010c30                DMA2_Stream0_IRQHandler
                0x08010c30                TIM4_IRQHandler
                0x08010c30                DMA1_Stream6_IRQHandler
                0x08010c30                DMA1_Stream1_IRQHandler
                0x08010c30                UART4_IRQHandler
                0x08010c30                RCC_IRQHandler
                0x08010c30                TIM8_BRK_TIM12_IRQHandler
                0x08010c30                Default_Handler
                0x08010c30                EXTI15_10_IRQHandler
                0x08010c30                ADC_IRQHandler
                0x08010c30                DMA1_Stream7_IRQHandler
                0x08010c30                TIM7_IRQHandler
                0x08010c30                CAN2_TX_IRQHandler
                0x08010c30                DMA2_Stream7_IRQHandler
                0x08010c30                I2C3_EV_IRQHandler
                0x08010c30                EXTI9_5_IRQHandler
                0x08010c30                RTC_WKUP_IRQHandler
                0x08010c30                ETH_WKUP_IRQHandler
                0x08010c30                SPI2_IRQHandler
                0x08010c30                OTG_HS_EP1_IN_IRQHandler
                0x08010c30                MemManage_Handler
                0x08010c30                DMA1_Stream0_IRQHandler
                0x08010c30                CAN1_TX_IRQHandler
                0x08010c30                SVC_Handler
                0x08010c30                EXTI4_IRQHandler
                0x08010c30                FSMC_IRQHandler
                0x08010c30                ETH_IRQHandler
                0x08010c30                OTG_HS_EP1_OUT_IRQHandler
                0x08010c30                WWDG_IRQHandler
                0x08010c30                OTG_FS_WKUP_IRQHandler
                0x08010c30                TIM1_TRG_COM_TIM11_IRQHandler
                0x08010c30                OTG_HS_IRQHandler
                0x08010c30                EXTI1_IRQHandler
                0x08010c30                DMA2_Stream1_IRQHandler
                0x08010c30                CAN1_SCE_IRQHandler
                0x08010c30                FLASH_IRQHandler
                0x08010c30                DMA2_Stream4_IRQHandler
                0x08010c30                BusFault_Handler
                0x08010c30                USART1_IRQHandler
                0x08010c30                SPI3_IRQHandler
                0x08010c30                DMA1_Stream4_IRQHandler
                0x08010c30                DMA2_Stream6_IRQHandler
 *fill*         0x08010c32        0x2 00
 .text.Reset_Handler
                0x08010c34       0x4c project_build//data/Hardware/MIDIbox/mios32/trunk/programming_models/traditional/startup_stm32f4xx.o
                0x08010c34                Reset_Handler
 .text._init    0x08010c80        0x2 project_build//data/Hardware/MIDIbox/mios32/trunk/programming_models/traditional/startup_stm32f4xx.o
                0x08010c80                _init
 *fill*         0x08010c82        0x2 00
 .text.MIOS32_SRIO_DMA_Callback
                0x08010c84       0xac project_build//data/Hardware/MIDIbox/mios32/trunk/mios32/common/mios32_srio.o
 .text.MIOS32_SRIO_Init
                0x08010d30       0x90 project_build//data/Hardware/MIDIbox/mios32/trunk/mios32/common/mios32_srio.o
                0x08010d30                MIOS32_SRIO_Init
 .text.MIOS32_SRIO_ScanNumGet
                0x08010dc0        0xc project_build//data/Hardware/MIDIbox/mios32/trunk/mios32/common/mios32_srio.o
                0x08010dc0                MIOS32_SRIO_ScanNumGet
 .text.MIOS32_SRIO_DebounceStart
                0x08010dcc       0x14 project_build//data/Hardware/MIDIbox/mios32/trunk/mios32/common/mios32_srio.o
                0x08010dcc                MIOS32_SRIO_DebounceStart
 .text.MIOS32_SRIO_ScanStart
                0x08010de0       0x78 project_build//data/Hardware/MIDIbox/mios32/trunk/mios32/common/mios32_srio.o
                0x08010de0                MIOS32_SRIO_ScanStart
 .text.MIOS32_DIN_Init
                0x08010e58       0x28 project_build//data/Hardware/MIDIbox/mios32/trunk/mios32/common/mios32_din.o
                0x08010e58                MIOS32_DIN_Init
 .text.MIOS32_DIN_SRChangedGetAndClear
                0x08010e80       0x30 project_build//data/Hardware/MIDIbox/mios32/trunk/mios32/common/mios32_din.o
                0x08010e80                MIOS32_DIN_SRChangedGetAndClear
 .text.MIOS32_DIN_Handler
                0x08010eb0       0x64 project_build//data/Hardware/MIDIbox/mios32/trunk/mios32/common/mios32_din.o
                0x08010eb0                MIOS32_DIN_Handler
 .text.MIOS32_DOUT_Init
                0x08010f14       0x1c project_build//data/Hardware/MIDIbox/mios32/trunk/mios32/common/mios32_dout.o
                0x08010f14                MIOS32_DOUT_Init
 .text.MIOS32_ENC_Init
                0x08010f30       0x6c project_build//data/Hardware/MIDIbox/mios32/trunk/mios32/common/mios32_enc.o
                0x08010f30                MIOS32_ENC_Init
 .text.MIOS32_ENC_UpdateStates
                0x08010f9c      0x26c project_build//data/Hardware/MIDIbox/mios32/trunk/mios32/common/mios32_enc.o
                0x08010f9c                MIOS32_ENC_UpdateStates
 .text.MIOS32_ENC_Handler
                0x08011208       0x44 project_build//data/Hardware/MIDIbox/mios32/trunk/mios32/common/mios32_enc.o
                0x08011208                MIOS32_ENC_Handler
 .text.MIOS32_LCD_ParametersFetchFromBslInfoRange
                0x0801124c       0x64 project_build//data/Hardware/MIDIbox/mios32/trunk/mios32/common/mios32_lcd.o
                0x0801124c                MIOS32_LCD_ParametersFetchFromBslInfoRange
 .text.MIOS32_LCD_TypeIsGLCD
                0x080112b0       0x10 project_build//data/Hardware/MIDIbox/mios32/trunk/mios32/common/mios32_lcd.o
                0x080112b0                MIOS32_LCD_TypeIsGLCD
 .text.MIOS32_LCD_DeviceSet
                0x080112c0        0xc project_build//data/Hardware/MIDIbox/mios32/trunk/mios32/common/mios32_lcd.o
                0x080112c0                MIOS32_LCD_DeviceSet
 .text.MIOS32_LCD_CursorSet
                0x080112cc       0x44 project_build//data/Hardware/MIDIbox/mios32/trunk/mios32/common/mios32_lcd.o
                0x080112cc                MIOS32_LCD_CursorSet
 .text.MIOS32_LCD_GCursorSet
                0x08011310       0x14 project_build//data/Hardware/MIDIbox/mios32/trunk/mios32/common/mios32_lcd.o
                0x08011310                MIOS32_LCD_GCursorSet
 .text.MIOS32_LCD_CursorMapSet
                0x08011324       0x18 project_build//data/Hardware/MIDIbox/mios32/trunk/mios32/common/mios32_lcd.o
                0x08011324                MIOS32_LCD_CursorMapSet
 .text.MIOS32_LCD_FontInit
                0x0801133c       0x24 project_build//data/Hardware/MIDIbox/mios32/trunk/mios32/common/mios32_lcd.o
                0x0801133c                MIOS32_LCD_FontInit
 .text.MIOS32_LCD_Clear
                0x08011360        0x4 project_build//data/Hardware/MIDIbox/mios32/trunk/mios32/common/mios32_lcd.o
                0x08011360                MIOS32_LCD_Clear
 .text.MIOS32_LCD_Init
                0x08011364       0x54 project_build//data/Hardware/MIDIbox/mios32/trunk/mios32/common/mios32_lcd.o
                0x08011364                MIOS32_LCD_Init
 .text.MIOS32_LCD_PrintChar
                0x080113b8       0x64 project_build//data/Hardware/MIDIbox/mios32/trunk/mios32/common/mios32_lcd.o
                0x080113b8                MIOS32_LCD_PrintChar
 .text.MIOS32_LCD_PrintString
                0x0801141c       0x18 project_build//data/Hardware/MIDIbox/mios32/trunk/mios32/common/mios32_lcd.o
                0x0801141c                MIOS32_LCD_PrintString
 .text.MIOS32_LCD_PrintBootMessage
                0x08011434       0x3c project_build//data/Hardware/MIDIbox/mios32/trunk/mios32/common/mios32_lcd.o
                0x08011434                MIOS32_LCD_PrintBootMessage
 .text.MIOS32_LCD_PrintFormattedString
                0x08011470       0x24 project_build//data/Hardware/MIDIbox/mios32/trunk/mios32/common/mios32_lcd.o
                0x08011470                MIOS32_LCD_PrintFormattedString
 .text.MIOS32_LCD_BColourSet
                0x08011494        0x4 project_build//data/Hardware/MIDIbox/mios32/trunk/mios32/common/mios32_lcd.o
                0x08011494                MIOS32_LCD_BColourSet
 .text.MIOS32_LCD_FColourSet
                0x08011498        0x4 project_build//data/Hardware/MIDIbox/mios32/trunk/mios32/common/mios32_lcd.o
                0x08011498                MIOS32_LCD_FColourSet
 .text.MIOS32_MIDI_Init
                0x0801149c       0xd8 project_build//data/Hardware/MIDIbox/mios32/trunk/mios32/common/mios32_midi.o
                0x0801149c                MIOS32_MIDI_Init
 .text.MIOS32_MIDI_SendPackage
                0x08011574       0x9c project_build//data/Hardware/MIDIbox/mios32/trunk/mios32/common/mios32_midi.o
                0x08011574                MIOS32_MIDI_SendPackage
 .text.MIOS32_MIDI_SendSysEx
                0x08011610       0x82 project_build//data/Hardware/MIDIbox/mios32/trunk/mios32/common/mios32_midi.o
                0x08011610                MIOS32_MIDI_SendSysEx
 *fill*         0x08011692        0x2 00
 .text.MIOS32_MIDI_SYSEX_SendAckStr
                0x08011694       0x5c project_build//data/Hardware/MIDIbox/mios32/trunk/mios32/common/mios32_midi.o
 .text.MIOS32_MIDI_SYSEX_SendAck
                0x080116f0       0x48 project_build//data/Hardware/MIDIbox/mios32/trunk/mios32/common/mios32_midi.o
 .text.MIOS32_MIDI_SendDebugStringHeader
                0x08011738       0x68 project_build//data/Hardware/MIDIbox/mios32/trunk/mios32/common/mios32_midi.o
                0x08011738                MIOS32_MIDI_SendDebugStringHeader
 .text.MIOS32_MIDI_SendDebugStringBody
                0x080117a0       0x6a project_build//data/Hardware/MIDIbox/mios32/trunk/mios32/common/mios32_midi.o
                0x080117a0                MIOS32_MIDI_SendDebugStringBody
 .text.MIOS32_MIDI_SendDebugStringFooter
                0x0801180a       0x1a project_build//data/Hardware/MIDIbox/mios32/trunk/mios32/common/mios32_midi.o
                0x0801180a                MIOS32_MIDI_SendDebugStringFooter
 .text.MIOS32_MIDI_SendDebugString
                0x08011824       0x38 project_build//data/Hardware/MIDIbox/mios32/trunk/mios32/common/mios32_midi.o
                0x08011824                MIOS32_MIDI_SendDebugString
 .text.MIOS32_MIDI_SendDebugMessage
                0x0801185c       0x50 project_build//data/Hardware/MIDIbox/mios32/trunk/mios32/common/mios32_midi.o
                0x0801185c                MIOS32_MIDI_SendDebugMessage
 .text.MIOS32_MIDI_TimeOut
                0x080118ac       0x50 project_build//data/Hardware/MIDIbox/mios32/trunk/mios32/common/mios32_midi.o
 .text.MIOS32_MIDI_Periodic_mS
                0x080118fc       0x34 project_build//data/Hardware/MIDIbox/mios32/trunk/mios32/common/mios32_midi.o
                0x080118fc                MIOS32_MIDI_Periodic_mS
 .text.MIOS32_MIDI_SendByteToRxCallback
                0x08011930       0x14 project_build//data/Hardware/MIDIbox/mios32/trunk/mios32/common/mios32_midi.o
                0x08011930                MIOS32_MIDI_SendByteToRxCallback
 .text.MIOS32_MIDI_SendPackageToRxCallback
                0x08011944       0x50 project_build//data/Hardware/MIDIbox/mios32/trunk/mios32/common/mios32_midi.o
                0x08011944                MIOS32_MIDI_SendPackageToRxCallback
 .text.MIOS32_MIDI_DebugPortSet
                0x08011994       0x18 project_build//data/Hardware/MIDIbox/mios32/trunk/mios32/common/mios32_midi.o
                0x08011994                MIOS32_MIDI_DebugPortSet
 .text.MIOS32_MIDI_SYSEX_Cmd
                0x080119ac      0x1b4 project_build//data/Hardware/MIDIbox/mios32/trunk/mios32/common/mios32_midi.o
 .text.MIOS32_MIDI_SYSEX_Parser
                0x08011b60       0xd8 project_build//data/Hardware/MIDIbox/mios32/trunk/mios32/common/mios32_midi.o
 .text.MIOS32_MIDI_ReceivePackage
                0x08011c38      0x22c project_build//data/Hardware/MIDIbox/mios32/trunk/mios32/common/mios32_midi.o
                0x08011c38                MIOS32_MIDI_ReceivePackage
 .text.MIOS32_MIDI_Receive_Handler
                0x08011e64      0x138 project_build//data/Hardware/MIDIbox/mios32/trunk/mios32/common/mios32_midi.o
                0x08011e64                MIOS32_MIDI_Receive_Handler
 .text.MIOS32_OSC_Init
                0x08011f9c        0xc project_build//data/Hardware/MIDIbox/mios32/trunk/mios32/common/mios32_osc.o
                0x08011f9c                MIOS32_OSC_Init
 .text.MIOS32_COM_Init
                0x08011fa8       0x24 project_build//data/Hardware/MIDIbox/mios32/trunk/mios32/common/mios32_com.o
                0x08011fa8                MIOS32_COM_Init
 .text.MIOS32_COM_SendBuffer
                0x08011fcc       0x2c project_build//data/Hardware/MIDIbox/mios32/trunk/mios32/common/mios32_com.o
                0x08011fcc                MIOS32_COM_SendBuffer
 .text.MIOS32_COM_SendChar
                0x08011ff8       0x12 project_build//data/Hardware/MIDIbox/mios32/trunk/mios32/common/mios32_com.o
                0x08011ff8                MIOS32_COM_SendChar
 .text.MIOS32_COM_Receive_Handler
                0x0801200a       0x12 project_build//data/Hardware/MIDIbox/mios32/trunk/mios32/common/mios32_com.o
                0x0801200a                MIOS32_COM_Receive_Handler
 .text.MIOS32_UART_MIDI_RS_Reset
                0x0801201c       0x30 project_build//data/Hardware/MIDIbox/mios32/trunk/mios32/common/mios32_uart_midi.o
                0x0801201c                MIOS32_UART_MIDI_RS_Reset
 .text.MIOS32_UART_MIDI_Init
                0x0801204c       0x4c project_build//data/Hardware/MIDIbox/mios32/trunk/mios32/common/mios32_uart_midi.o
                0x0801204c                MIOS32_UART_MIDI_Init
 .text.MIOS32_UART_MIDI_Periodic_mS
                0x08012098       0x50 project_build//data/Hardware/MIDIbox/mios32/trunk/mios32/common/mios32_uart_midi.o
                0x08012098                MIOS32_UART_MIDI_Periodic_mS
 .text.MIOS32_UART_MIDI_PackageSend_NonBlocking
                0x080120e8       0xb8 project_build//data/Hardware/MIDIbox/mios32/trunk/mios32/common/mios32_uart_midi.o
                0x080120e8                MIOS32_UART_MIDI_PackageSend_NonBlocking
 .text.MIOS32_UART_MIDI_PackageSend
                0x080121a0       0x14 project_build//data/Hardware/MIDIbox/mios32/trunk/mios32/common/mios32_uart_midi.o
                0x080121a0                MIOS32_UART_MIDI_PackageSend
 .text.MIOS32_UART_MIDI_PackageReceive
                0x080121b4      0x1b0 project_build//data/Hardware/MIDIbox/mios32/trunk/mios32/common/mios32_uart_midi.o
                0x080121b4                MIOS32_UART_MIDI_PackageReceive
 .text.MIOS32_SPI_MIDI_Init
                0x08012364        0x6 project_build//data/Hardware/MIDIbox/mios32/trunk/mios32/common/mios32_spi_midi.o
                0x08012364                MIOS32_SPI_MIDI_Init
 .text.MIOS32_SPI_MIDI_Periodic_mS
                0x0801236a        0x4 project_build//data/Hardware/MIDIbox/mios32/trunk/mios32/common/mios32_spi_midi.o
                0x0801236a                MIOS32_SPI_MIDI_Periodic_mS
 .text.MIOS32_SPI_MIDI_PackageSend
                0x0801236e        0x6 project_build//data/Hardware/MIDIbox/mios32/trunk/mios32/common/mios32_spi_midi.o
                0x0801236e                MIOS32_SPI_MIDI_PackageSend
 .text.MIOS32_SPI_MIDI_PackageReceive
                0x08012374        0x6 project_build//data/Hardware/MIDIbox/mios32/trunk/mios32/common/mios32_spi_midi.o
                0x08012374                MIOS32_SPI_MIDI_PackageReceive
 .text.MIOS32_IIC_MIDI_Init
                0x0801237a        0x6 project_build//data/Hardware/MIDIbox/mios32/trunk/mios32/common/mios32_iic_midi.o
                0x0801237a                MIOS32_IIC_MIDI_Init
 .text.MIOS32_IIC_MIDI_Periodic_mS
                0x08012380        0x4 project_build//data/Hardware/MIDIbox/mios32/trunk/mios32/common/mios32_iic_midi.o
                0x08012380                MIOS32_IIC_MIDI_Periodic_mS
 .text.MIOS32_IIC_MIDI_PackageSend
                0x08012384        0x6 project_build//data/Hardware/MIDIbox/mios32/trunk/mios32/common/mios32_iic_midi.o
                0x08012384                MIOS32_IIC_MIDI_PackageSend
 .text.MIOS32_IIC_BS_Init
                0x0801238a        0x6 project_build//data/Hardware/MIDIbox/mios32/trunk/mios32/common/mios32_iic_bs.o
                0x0801238a                MIOS32_IIC_BS_Init
 .text.MIOS32_MF_Init
                0x08012390        0x6 project_build//data/Hardware/MIDIbox/mios32/trunk/mios32/common/mios32_mf.o
                0x08012390                MIOS32_MF_Init
 *fill*         0x08012396        0x2 00
 .text.MIOS32_TIMESTAMP_Init
                0x08012398       0x14 project_build//data/Hardware/MIDIbox/mios32/trunk/mios32/common/mios32_timestamp.o
                0x08012398                MIOS32_TIMESTAMP_Init
 .text.MIOS32_TIMESTAMP_Inc
                0x080123ac       0x10 project_build//data/Hardware/MIDIbox/mios32/trunk/mios32/common/mios32_timestamp.o
                0x080123ac                MIOS32_TIMESTAMP_Inc
 .text.MIOS32_SYS_Reset
                0x080123bc       0xac project_build//data/Hardware/MIDIbox/mios32/trunk/mios32/STM32F4xx/mios32_sys.o
                0x080123bc                MIOS32_SYS_Reset
 .text.MIOS32_SYS_ChipIDGet
                0x08012468        0xc project_build//data/Hardware/MIDIbox/mios32/trunk/mios32/STM32F4xx/mios32_sys.o
                0x08012468                MIOS32_SYS_ChipIDGet
 .text.MIOS32_SYS_FlashSizeGet
                0x08012474       0x10 project_build//data/Hardware/MIDIbox/mios32/trunk/mios32/STM32F4xx/mios32_sys.o
                0x08012474                MIOS32_SYS_FlashSizeGet
 .text.MIOS32_SYS_RAMSizeGet
                0x08012484        0x6 project_build//data/Hardware/MIDIbox/mios32/trunk/mios32/STM32F4xx/mios32_sys.o
                0x08012484                MIOS32_SYS_RAMSizeGet
 *fill*         0x0801248a        0x2 00
 .text.MIOS32_SYS_SerialNumberGet
                0x0801248c       0x34 project_build//data/Hardware/MIDIbox/mios32/trunk/mios32/STM32F4xx/mios32_sys.o
                0x0801248c                MIOS32_SYS_SerialNumberGet
 .text.MIOS32_SYS_TimeSet
                0x080124c0       0x7c project_build//data/Hardware/MIDIbox/mios32/trunk/mios32/STM32F4xx/mios32_sys.o
                0x080124c0                MIOS32_SYS_TimeSet
 .text.MIOS32_SYS_Init
                0x0801253c      0x130 project_build//data/Hardware/MIDIbox/mios32/trunk/mios32/STM32F4xx/mios32_sys.o
                0x0801253c                MIOS32_SYS_Init
 .text.MIOS32_IRQ_Disable
                0x0801266c       0x28 project_build//data/Hardware/MIDIbox/mios32/trunk/mios32/STM32F4xx/mios32_irq.o
                0x0801266c                MIOS32_IRQ_Disable
 .text.MIOS32_IRQ_Enable
                0x08012694       0x28 project_build//data/Hardware/MIDIbox/mios32/trunk/mios32/STM32F4xx/mios32_irq.o
                0x08012694                MIOS32_IRQ_Enable
 .text.MIOS32_IRQ_Install
                0x080126bc       0x4c project_build//data/Hardware/MIDIbox/mios32/trunk/mios32/STM32F4xx/mios32_irq.o
                0x080126bc                MIOS32_IRQ_Install
 .text.MIOS32_SPI_IO_Init
                0x08012708      0x27c project_build//data/Hardware/MIDIbox/mios32/trunk/mios32/STM32F4xx/mios32_spi.o
                0x08012708                MIOS32_SPI_IO_Init
 .text.MIOS32_SPI_RC_PinSet
                0x08012984       0x78 project_build//data/Hardware/MIDIbox/mios32/trunk/mios32/STM32F4xx/mios32_spi.o
                0x08012984                MIOS32_SPI_RC_PinSet
 .text.MIOS32_SPI_TransferByte
                0x080129fc       0x4c project_build//data/Hardware/MIDIbox/mios32/trunk/mios32/STM32F4xx/mios32_spi.o
                0x080129fc                MIOS32_SPI_TransferByte
 .text.MIOS32_SPI_TransferModeInit
                0x08012a48      0x110 project_build//data/Hardware/MIDIbox/mios32/trunk/mios32/STM32F4xx/mios32_spi.o
                0x08012a48                MIOS32_SPI_TransferModeInit
 .text.MIOS32_SPI_Init
                0x08012b58      0x258 project_build//data/Hardware/MIDIbox/mios32/trunk/mios32/STM32F4xx/mios32_spi.o
                0x08012b58                MIOS32_SPI_Init
 .text.MIOS32_SPI_TransferBlock
                0x08012db0      0x128 project_build//data/Hardware/MIDIbox/mios32/trunk/mios32/STM32F4xx/mios32_spi.o
                0x08012db0                MIOS32_SPI_TransferBlock
 .text.DMA2_Stream2_IRQHandler
                0x08012ed8       0x20 project_build//data/Hardware/MIDIbox/mios32/trunk/mios32/STM32F4xx/mios32_spi.o
                0x08012ed8                DMA2_Stream2_IRQHandler
 .text.DMA1_Stream3_IRQHandler
                0x08012ef8       0x20 project_build//data/Hardware/MIDIbox/mios32/trunk/mios32/STM32F4xx/mios32_spi.o
                0x08012ef8                DMA1_Stream3_IRQHandler
 .text.DMA1_Stream2_IRQHandler
                0x08012f18       0x20 project_build//data/Hardware/MIDIbox/mios32/trunk/mios32/STM32F4xx/mios32_spi.o
                0x08012f18                DMA1_Stream2_IRQHandler
 .text.MIOS32_BOARD_PinInitHlp
                0x08012f38       0x74 project_build//data/Hardware/MIDIbox/mios32/trunk/mios32/STM32F4xx/mios32_board.o
 .text.MIOS32_BOARD_Init
                0x08012fac       0x1c project_build//data/Hardware/MIDIbox/mios32/trunk/mios32/STM32F4xx/mios32_board.o
                0x08012fac                MIOS32_BOARD_Init
 .text.MIOS32_BOARD_LED_Init
                0x08012fc8       0x58 project_build//data/Hardware/MIDIbox/mios32/trunk/mios32/STM32F4xx/mios32_board.o
                0x08012fc8                MIOS32_BOARD_LED_Init
 .text.MIOS32_BOARD_LED_Set
                0x08013020       0x64 project_build//data/Hardware/MIDIbox/mios32/trunk/mios32/STM32F4xx/mios32_board.o
                0x08013020                MIOS32_BOARD_LED_Set
 .text.MIOS32_BOARD_LED_Get
                0x08013084       0x2c project_build//data/Hardware/MIDIbox/mios32/trunk/mios32/STM32F4xx/mios32_board.o
                0x08013084                MIOS32_BOARD_LED_Get
 .text.MIOS32_BOARD_J10_PinInit
                0x080130b0       0x48 project_build//data/Hardware/MIDIbox/mios32/trunk/mios32/STM32F4xx/mios32_board.o
                0x080130b0                MIOS32_BOARD_J10_PinInit
 .text.MIOS32_BOARD_J10_PinSet
                0x080130f8       0x44 project_build//data/Hardware/MIDIbox/mios32/trunk/mios32/STM32F4xx/mios32_board.o
                0x080130f8                MIOS32_BOARD_J10_PinSet
 .text.MIOS32_BOARD_J15_PortInit
                0x0801313c       0xc0 project_build//data/Hardware/MIDIbox/mios32/trunk/mios32/STM32F4xx/mios32_board.o
                0x0801313c                MIOS32_BOARD_J15_PortInit
 .text.MIOS32_BOARD_J15_DataSet
                0x080131fc       0x44 project_build//data/Hardware/MIDIbox/mios32/trunk/mios32/STM32F4xx/mios32_board.o
                0x080131fc                MIOS32_BOARD_J15_DataSet
 .text.MIOS32_BOARD_J15_SerDataShift
                0x08013240       0x68 project_build//data/Hardware/MIDIbox/mios32/trunk/mios32/STM32F4xx/mios32_board.o
                0x08013240                MIOS32_BOARD_J15_SerDataShift
 .text.MIOS32_BOARD_J15_RS_Set
                0x080132a8       0x18 project_build//data/Hardware/MIDIbox/mios32/trunk/mios32/STM32F4xx/mios32_board.o
                0x080132a8                MIOS32_BOARD_J15_RS_Set
 .text.MIOS32_BOARD_J15_RW_Set
                0x080132c0       0x18 project_build//data/Hardware/MIDIbox/mios32/trunk/mios32/STM32F4xx/mios32_board.o
                0x080132c0                MIOS32_BOARD_J15_RW_Set
 .text.MIOS32_BOARD_J15_E_Set
                0x080132d8       0x30 project_build//data/Hardware/MIDIbox/mios32/trunk/mios32/STM32F4xx/mios32_board.o
                0x080132d8                MIOS32_BOARD_J15_E_Set
 .text.MIOS32_BOARD_J15_GetD7In
                0x08013308       0x10 project_build//data/Hardware/MIDIbox/mios32/trunk/mios32/STM32F4xx/mios32_board.o
                0x08013308                MIOS32_BOARD_J15_GetD7In
 .text.MIOS32_BOARD_J15_D7InPullUpEnable
                0x08013318        0x4 project_build//data/Hardware/MIDIbox/mios32/trunk/mios32/STM32F4xx/mios32_board.o
                0x08013318                MIOS32_BOARD_J15_D7InPullUpEnable
 .text.MIOS32_BOARD_J15_PollUnbusy
                0x0801331c       0x80 project_build//data/Hardware/MIDIbox/mios32/trunk/mios32/STM32F4xx/mios32_board.o
                0x0801331c                MIOS32_BOARD_J15_PollUnbusy
 .text.TIM2_IRQHandler
                0x0801339c       0x24 project_build//data/Hardware/MIDIbox/mios32/trunk/mios32/STM32F4xx/mios32_timer.o
                0x0801339c                TIM2_IRQHandler
 .text.TIM3_IRQHandler
                0x080133c0       0x24 project_build//data/Hardware/MIDIbox/mios32/trunk/mios32/STM32F4xx/mios32_timer.o
                0x080133c0                TIM3_IRQHandler
 .text.TIM5_IRQHandler
                0x080133e4       0x24 project_build//data/Hardware/MIDIbox/mios32/trunk/mios32/STM32F4xx/mios32_timer.o
                0x080133e4                TIM5_IRQHandler
 .text.MIOS32_DELAY_Init
                0x08013408       0x44 project_build//data/Hardware/MIDIbox/mios32/trunk/mios32/STM32F4xx/mios32_delay.o
                0x08013408                MIOS32_DELAY_Init
 .text.MIOS32_DELAY_Wait_uS
                0x0801344c       0x18 project_build//data/Hardware/MIDIbox/mios32/trunk/mios32/STM32F4xx/mios32_delay.o
                0x0801344c                MIOS32_DELAY_Wait_uS
 .text.MIOS32_AIN_Init
                0x08013464        0x6 project_build//data/Hardware/MIDIbox/mios32/trunk/mios32/STM32F4xx/mios32_ain.o
                0x08013464                MIOS32_AIN_Init
 .text.MIOS32_AIN_Handler
                0x0801346a        0x6 project_build//data/Hardware/MIDIbox/mios32/trunk/mios32/STM32F4xx/mios32_ain.o
                0x0801346a                MIOS32_AIN_Handler
 .text.USBD_USR_DeviceDescriptor
                0x08013470        0xc project_build//data/Hardware/MIDIbox/mios32/trunk/mios32/STM32F4xx/mios32_usb.o
 .text.USBD_USR_LangIDStrDescriptor
                0x0801347c        0xc project_build//data/Hardware/MIDIbox/mios32/trunk/mios32/STM32F4xx/mios32_usb.o
 .text.USBD_USR_Init
                0x08013488        0x2 project_build//data/Hardware/MIDIbox/mios32/trunk/mios32/STM32F4xx/mios32_usb.o
 .text.USBD_USR_DeviceReset
                0x0801348a        0x2 project_build//data/Hardware/MIDIbox/mios32/trunk/mios32/STM32F4xx/mios32_usb.o
 .text.USBD_USR_DeviceConnected
                0x0801348c        0x2 project_build//data/Hardware/MIDIbox/mios32/trunk/mios32/STM32F4xx/mios32_usb.o
 .text.USBD_USR_DeviceSuspended
                0x0801348e        0x2 project_build//data/Hardware/MIDIbox/mios32/trunk/mios32/STM32F4xx/mios32_usb.o
 .text.USBD_USR_DeviceResumed
                0x08013490        0x2 project_build//data/Hardware/MIDIbox/mios32/trunk/mios32/STM32F4xx/mios32_usb.o
 .text.USBH_USR_Init
                0x08013492        0x2 project_build//data/Hardware/MIDIbox/mios32/trunk/mios32/STM32F4xx/mios32_usb.o
 .text.USBH_USR_DeviceAttached
                0x08013494        0x2 project_build//data/Hardware/MIDIbox/mios32/trunk/mios32/STM32F4xx/mios32_usb.o
 .text.USBH_USR_UnrecoveredError
                0x08013496        0x2 project_build//data/Hardware/MIDIbox/mios32/trunk/mios32/STM32F4xx/mios32_usb.o
 .text.USBH_USR_ResetDevice
                0x08013498        0x2 project_build//data/Hardware/MIDIbox/mios32/trunk/mios32/STM32F4xx/mios32_usb.o
 .text.USBH_USR_DeviceSpeedDetected
                0x0801349a        0x2 project_build//data/Hardware/MIDIbox/mios32/trunk/mios32/STM32F4xx/mios32_usb.o
 .text.USBH_USR_Device_DescAvailable
                0x0801349c        0x2 project_build//data/Hardware/MIDIbox/mios32/trunk/mios32/STM32F4xx/mios32_usb.o
 .text.USBH_USR_DeviceAddressAssigned
                0x0801349e        0x2 project_build//data/Hardware/MIDIbox/mios32/trunk/mios32/STM32F4xx/mios32_usb.o
 .text.USBH_USR_Configuration_DescAvailable
                0x080134a0        0x2 project_build//data/Hardware/MIDIbox/mios32/trunk/mios32/STM32F4xx/mios32_usb.o
 .text.USBH_USR_Manufacturer_String
                0x080134a2        0x2 project_build//data/Hardware/MIDIbox/mios32/trunk/mios32/STM32F4xx/mios32_usb.o
 .text.USBH_USR_Product_String
                0x080134a4        0x2 project_build//data/Hardware/MIDIbox/mios32/trunk/mios32/STM32F4xx/mios32_usb.o
 .text.USBH_USR_SerialNum_String
                0x080134a6        0x2 project_build//data/Hardware/MIDIbox/mios32/trunk/mios32/STM32F4xx/mios32_usb.o
 .text.USBH_USR_EnumerationDone
                0x080134a8        0x2 project_build//data/Hardware/MIDIbox/mios32/trunk/mios32/STM32F4xx/mios32_usb.o
 .text.USBH_USR_DeviceNotSupported
                0x080134aa        0x2 project_build//data/Hardware/MIDIbox/mios32/trunk/mios32/STM32F4xx/mios32_usb.o
 .text.USBH_USR_UserInput
                0x080134ac        0x4 project_build//data/Hardware/MIDIbox/mios32/trunk/mios32/STM32F4xx/mios32_usb.o
 .text.USBH_USR_OverCurrentDetected
                0x080134b0        0x2 project_build//data/Hardware/MIDIbox/mios32/trunk/mios32/STM32F4xx/mios32_usb.o
 .text.USBH_USR_Application
                0x080134b2        0x4 project_build//data/Hardware/MIDIbox/mios32/trunk/mios32/STM32F4xx/mios32_usb.o
 .text.USBH_USR_DeInit
                0x080134b6        0x2 project_build//data/Hardware/MIDIbox/mios32/trunk/mios32/STM32F4xx/mios32_usb.o
 .text.MIOS32_USB_CLASS_Setup
                0x080134b8        0x4 project_build//data/Hardware/MIDIbox/mios32/trunk/mios32/STM32F4xx/mios32_usb.o
 .text.MIOS32_USB_CLASS_EP0_RxReady
                0x080134bc        0x4 project_build//data/Hardware/MIDIbox/mios32/trunk/mios32/STM32F4xx/mios32_usb.o
 .text.MIOS32_USB_CLASS_GetCfgDesc
                0x080134c0        0xc project_build//data/Hardware/MIDIbox/mios32/trunk/mios32/STM32F4xx/mios32_usb.o
 .text.USBD_USR_SerialStrDescriptor
                0x080134cc       0x38 project_build//data/Hardware/MIDIbox/mios32/trunk/mios32/STM32F4xx/mios32_usb.o
 .text.USBD_USR_ProductStrDescriptor
                0x08013504       0x64 project_build//data/Hardware/MIDIbox/mios32/trunk/mios32/STM32F4xx/mios32_usb.o
 .text.USBD_USR_InterfaceStrDescriptor
                0x08013568        0x4 project_build//data/Hardware/MIDIbox/mios32/trunk/mios32/STM32F4xx/mios32_usb.o
 .text.USBD_USR_ConfigStrDescriptor
                0x0801356c        0x4 project_build//data/Hardware/MIDIbox/mios32/trunk/mios32/STM32F4xx/mios32_usb.o
 .text.MIOS32_USB_CLASS_GetUsrStrDesc
                0x08013570        0x6 project_build//data/Hardware/MIDIbox/mios32/trunk/mios32/STM32F4xx/mios32_usb.o
 *fill*         0x08013576        0x2 00
 .text.USBD_USR_ManufacturerStrDescriptor
                0x08013578       0x2c project_build//data/Hardware/MIDIbox/mios32/trunk/mios32/STM32F4xx/mios32_usb.o
 .text.MIOS32_USB_CLASS_DataOut
                0x080135a4       0x12 project_build//data/Hardware/MIDIbox/mios32/trunk/mios32/STM32F4xx/mios32_usb.o
 .text.MIOS32_USB_CLASS_DataIn
                0x080135b6       0x12 project_build//data/Hardware/MIDIbox/mios32/trunk/mios32/STM32F4xx/mios32_usb.o
 .text.MIOS32_USB_CLASS_DeInit
                0x080135c8       0x16 project_build//data/Hardware/MIDIbox/mios32/trunk/mios32/STM32F4xx/mios32_usb.o
 .text.USBH_USR_DeviceDisconnected
                0x080135de        0x6 project_build//data/Hardware/MIDIbox/mios32/trunk/mios32/STM32F4xx/mios32_usb.o
 .text.USBD_USR_DeviceDisconnected
                0x080135e4        0x6 project_build//data/Hardware/MIDIbox/mios32/trunk/mios32/STM32F4xx/mios32_usb.o
 .text.USBD_USR_DeviceConfigured
                0x080135ea        0x6 project_build//data/Hardware/MIDIbox/mios32/trunk/mios32/STM32F4xx/mios32_usb.o
 .text.MIOS32_USB_CLASS_Init
                0x080135f0       0x34 project_build//data/Hardware/MIDIbox/mios32/trunk/mios32/STM32F4xx/mios32_usb.o
 .text.USB_OTG_BSP_Init
                0x08013624       0x9c project_build//data/Hardware/MIDIbox/mios32/trunk/mios32/STM32F4xx/mios32_usb.o
                0x08013624                USB_OTG_BSP_Init
 .text.USB_OTG_BSP_EnableInterrupt
                0x080136c0        0x8 project_build//data/Hardware/MIDIbox/mios32/trunk/mios32/STM32F4xx/mios32_usb.o
                0x080136c0                USB_OTG_BSP_EnableInterrupt
 .text.OTG_FS_IRQHandler
                0x080136c8       0x28 project_build//data/Hardware/MIDIbox/mios32/trunk/mios32/STM32F4xx/mios32_usb.o
                0x080136c8                OTG_FS_IRQHandler
 .text.USB_OTG_BSP_uDelay
                0x080136f0        0x6 project_build//data/Hardware/MIDIbox/mios32/trunk/mios32/STM32F4xx/mios32_usb.o
                0x080136f0                USB_OTG_BSP_uDelay
 .text.USB_OTG_BSP_mDelay
                0x080136f6        0xc project_build//data/Hardware/MIDIbox/mios32/trunk/mios32/STM32F4xx/mios32_usb.o
                0x080136f6                USB_OTG_BSP_mDelay
 *fill*         0x08013702        0x2 00
 .text.USB_OTG_BSP_ConfigVBUS
                0x08013704       0x44 project_build//data/Hardware/MIDIbox/mios32/trunk/mios32/STM32F4xx/mios32_usb.o
                0x08013704                USB_OTG_BSP_ConfigVBUS
 .text.USB_OTG_BSP_DriveVBUS
                0x08013748       0x14 project_build//data/Hardware/MIDIbox/mios32/trunk/mios32/STM32F4xx/mios32_usb.o
                0x08013748                USB_OTG_BSP_DriveVBUS
 .text.MIOS32_USB_IsInitialized
                0x0801375c        0xc project_build//data/Hardware/MIDIbox/mios32/trunk/mios32/STM32F4xx/mios32_usb.o
                0x0801375c                MIOS32_USB_IsInitialized
 .text.MIOS32_USB_ForceSingleUSB
                0x08013768       0x24 project_build//data/Hardware/MIDIbox/mios32/trunk/mios32/STM32F4xx/mios32_usb.o
                0x08013768                MIOS32_USB_ForceSingleUSB
 .text.MIOS32_USB_ForceDeviceMode
                0x0801378c       0x24 project_build//data/Hardware/MIDIbox/mios32/trunk/mios32/STM32F4xx/mios32_usb.o
                0x0801378c                MIOS32_USB_ForceDeviceMode
 .text.MIOS32_USB_Init
                0x080137b0       0xec project_build//data/Hardware/MIDIbox/mios32/trunk/mios32/STM32F4xx/mios32_usb.o
                0x080137b0                MIOS32_USB_Init
 .text.USBH_ClassRequest
                0x0801389c        0x4 project_build//data/Hardware/MIDIbox/mios32/trunk/mios32/STM32F4xx/mios32_usb_midi.o
 .text.USBH_InterfaceDeInit
                0x080138a0       0x3c project_build//data/Hardware/MIDIbox/mios32/trunk/mios32/STM32F4xx/mios32_usb_midi.o
 .text.MIOS32_USB_MIDI_RxBufferHandler
                0x080138dc       0xac project_build//data/Hardware/MIDIbox/mios32/trunk/mios32/STM32F4xx/mios32_usb_midi.o
 .text.MIOS32_USB_MIDI_TxBufferHandler
                0x08013988       0xac project_build//data/Hardware/MIDIbox/mios32/trunk/mios32/STM32F4xx/mios32_usb_midi.o
 .text.USBH_Handle
                0x08013a34      0x1f0 project_build//data/Hardware/MIDIbox/mios32/trunk/mios32/STM32F4xx/mios32_usb_midi.o
 .text.MIOS32_USB_MIDI_Init
                0x08013c24        0xc project_build//data/Hardware/MIDIbox/mios32/trunk/mios32/STM32F4xx/mios32_usb_midi.o
                0x08013c24                MIOS32_USB_MIDI_Init
 .text.MIOS32_USB_MIDI_ChangeConnectionState
                0x08013c30       0x64 project_build//data/Hardware/MIDIbox/mios32/trunk/mios32/STM32F4xx/mios32_usb_midi.o
                0x08013c30                MIOS32_USB_MIDI_ChangeConnectionState
 .text.MIOS32_USB_MIDI_CheckAvailable
                0x08013c94       0x20 project_build//data/Hardware/MIDIbox/mios32/trunk/mios32/STM32F4xx/mios32_usb_midi.o
                0x08013c94                MIOS32_USB_MIDI_CheckAvailable
 .text.USBH_InterfaceInit
                0x08013cb4      0x104 project_build//data/Hardware/MIDIbox/mios32/trunk/mios32/STM32F4xx/mios32_usb_midi.o
 .text.MIOS32_USB_MIDI_PackageSend_NonBlocking
                0x08013db8       0x70 project_build//data/Hardware/MIDIbox/mios32/trunk/mios32/STM32F4xx/mios32_usb_midi.o
                0x08013db8                MIOS32_USB_MIDI_PackageSend_NonBlocking
 .text.MIOS32_USB_MIDI_PackageSend
                0x08013e28       0x30 project_build//data/Hardware/MIDIbox/mios32/trunk/mios32/STM32F4xx/mios32_usb_midi.o
                0x08013e28                MIOS32_USB_MIDI_PackageSend
 .text.MIOS32_USB_MIDI_PackageReceive
                0x08013e58       0x54 project_build//data/Hardware/MIDIbox/mios32/trunk/mios32/STM32F4xx/mios32_usb_midi.o
                0x08013e58                MIOS32_USB_MIDI_PackageReceive
 .text.MIOS32_USB_MIDI_Periodic_mS
                0x08013eac       0x28 project_build//data/Hardware/MIDIbox/mios32/trunk/mios32/STM32F4xx/mios32_usb_midi.o
                0x08013eac                MIOS32_USB_MIDI_Periodic_mS
 .text.MIOS32_USB_MIDI_EP1_IN_Callback
                0x08013ed4       0x10 project_build//data/Hardware/MIDIbox/mios32/trunk/mios32/STM32F4xx/mios32_usb_midi.o
                0x08013ed4                MIOS32_USB_MIDI_EP1_IN_Callback
 .text.MIOS32_USB_MIDI_EP2_OUT_Callback
                0x08013ee4       0x10 project_build//data/Hardware/MIDIbox/mios32/trunk/mios32/STM32F4xx/mios32_usb_midi.o
                0x08013ee4                MIOS32_USB_MIDI_EP2_OUT_Callback
 .text.MIOS32_UART_BaudrateSet
                0x08013ef4       0x58 project_build//data/Hardware/MIDIbox/mios32/trunk/mios32/STM32F4xx/mios32_uart.o
                0x08013ef4                MIOS32_UART_BaudrateSet
 .text.MIOS32_UART_Init
                0x08013f4c      0x140 project_build//data/Hardware/MIDIbox/mios32/trunk/mios32/STM32F4xx/mios32_uart.o
                0x08013f4c                MIOS32_UART_Init
 .text.MIOS32_UART_RxBufferGet
                0x0801408c       0x58 project_build//data/Hardware/MIDIbox/mios32/trunk/mios32/STM32F4xx/mios32_uart.o
                0x0801408c                MIOS32_UART_RxBufferGet
 .text.MIOS32_UART_RxBufferPut
                0x080140e4       0x5c project_build//data/Hardware/MIDIbox/mios32/trunk/mios32/STM32F4xx/mios32_uart.o
                0x080140e4                MIOS32_UART_RxBufferPut
 .text.MIOS32_UART_TxBufferGet
                0x08014140       0x58 project_build//data/Hardware/MIDIbox/mios32/trunk/mios32/STM32F4xx/mios32_uart.o
                0x08014140                MIOS32_UART_TxBufferGet
 .text.MIOS32_UART_TxBufferPutMore_NonBlocking
                0x08014198       0x90 project_build//data/Hardware/MIDIbox/mios32/trunk/mios32/STM32F4xx/mios32_uart.o
                0x08014198                MIOS32_UART_TxBufferPutMore_NonBlocking
 .text.MIOS32_UART_TxBufferPutMore
                0x08014228       0x18 project_build//data/Hardware/MIDIbox/mios32/trunk/mios32/STM32F4xx/mios32_uart.o
                0x08014228                MIOS32_UART_TxBufferPutMore
 .text.USART2_IRQHandler
                0x08014240       0x60 project_build//data/Hardware/MIDIbox/mios32/trunk/mios32/STM32F4xx/mios32_uart.o
                0x08014240                USART2_IRQHandler
 .text.USART3_IRQHandler
                0x080142a0       0x64 project_build//data/Hardware/MIDIbox/mios32/trunk/mios32/STM32F4xx/mios32_uart.o
                0x080142a0                USART3_IRQHandler
 .text.EV_IRQHandler
                0x08014304      0x162 project_build//data/Hardware/MIDIbox/mios32/trunk/mios32/STM32F4xx/mios32_iic.o
 *fill*         0x08014466        0x2 00
 .text.ER_IRQHandler
                0x08014468       0x7c project_build//data/Hardware/MIDIbox/mios32/trunk/mios32/STM32F4xx/mios32_iic.o
 .text.I2C2_EV_IRQHandler
                0x080144e4        0xc project_build//data/Hardware/MIDIbox/mios32/trunk/mios32/STM32F4xx/mios32_iic.o
                0x080144e4                I2C2_EV_IRQHandler
 .text.I2C2_ER_IRQHandler
                0x080144f0        0xc project_build//data/Hardware/MIDIbox/mios32/trunk/mios32/STM32F4xx/mios32_iic.o
                0x080144f0                I2C2_ER_IRQHandler
 .text.I2C1_EV_IRQHandler
                0x080144fc        0xc project_build//data/Hardware/MIDIbox/mios32/trunk/mios32/STM32F4xx/mios32_iic.o
                0x080144fc                I2C1_EV_IRQHandler
 .text.I2C1_ER_IRQHandler
                0x08014508        0xc project_build//data/Hardware/MIDIbox/mios32/trunk/mios32/STM32F4xx/mios32_iic.o
                0x08014508                I2C1_ER_IRQHandler
 .text.printchar
                0x08014514       0x16 project_build//data/Hardware/MIDIbox/mios32/trunk/mios32/common/printf-stdarg.o
 .text.prints   0x0801452a       0x82 project_build//data/Hardware/MIDIbox/mios32/trunk/mios32/common/printf-stdarg.o
 .text.printi   0x080145ac       0x98 project_build//data/Hardware/MIDIbox/mios32/trunk/mios32/common/printf-stdarg.o
 .text.print    0x08014644      0x120 project_build//data/Hardware/MIDIbox/mios32/trunk/mios32/common/printf-stdarg.o
 .text.sprintf  0x08014764       0x1e project_build//data/Hardware/MIDIbox/mios32/trunk/mios32/common/printf-stdarg.o
                0x08014764                sprintf
 .text.vsprintf
                0x08014782       0x10 project_build//data/Hardware/MIDIbox/mios32/trunk/mios32/common/printf-stdarg.o
                0x08014782                vsprintf
 *fill*         0x08014792        0x2 00
 .text.NVIC_PriorityGroupConfig
                0x08014794       0x14 project_build//data/Hardware/MIDIbox/mios32/trunk/drivers/STM32F4xx/v1.1.0/STM32F4xx_StdPeriph_Driver/src/misc.o
                0x08014794                NVIC_PriorityGroupConfig
 .text.NVIC_SetVectorTable
                0x080147a8       0x14 project_build//data/Hardware/MIDIbox/mios32/trunk/drivers/STM32F4xx/v1.1.0/STM32F4xx_StdPeriph_Driver/src/misc.o
                0x080147a8                NVIC_SetVectorTable
 .text.DMA_Init
                0x080147bc       0x54 project_build//data/Hardware/MIDIbox/mios32/trunk/drivers/STM32F4xx/v1.1.0/STM32F4xx_StdPeriph_Driver/src/stm32f4xx_dma.o
                0x080147bc                DMA_Init
 .text.DMA_StructInit
                0x08014810       0x22 project_build//data/Hardware/MIDIbox/mios32/trunk/drivers/STM32F4xx/v1.1.0/STM32F4xx_StdPeriph_Driver/src/stm32f4xx_dma.o
                0x08014810                DMA_StructInit
 .text.DMA_Cmd  0x08014832       0x12 project_build//data/Hardware/MIDIbox/mios32/trunk/drivers/STM32F4xx/v1.1.0/STM32F4xx_StdPeriph_Driver/src/stm32f4xx_dma.o
                0x08014832                DMA_Cmd
 .text.DMA_ClearFlag
                0x08014844       0x30 project_build//data/Hardware/MIDIbox/mios32/trunk/drivers/STM32F4xx/v1.1.0/STM32F4xx_StdPeriph_Driver/src/stm32f4xx_dma.o
                0x08014844                DMA_ClearFlag
 .text.EXTI_ClearITPendingBit
                0x08014874        0xc project_build//data/Hardware/MIDIbox/mios32/trunk/drivers/STM32F4xx/v1.1.0/STM32F4xx_StdPeriph_Driver/src/stm32f4xx_exti.o
                0x08014874                EXTI_ClearITPendingBit
 .text.GPIO_Init
                0x08014880       0x9a project_build//data/Hardware/MIDIbox/mios32/trunk/drivers/STM32F4xx/v1.1.0/STM32F4xx_StdPeriph_Driver/src/stm32f4xx_gpio.o
                0x08014880                GPIO_Init
 .text.GPIO_StructInit
                0x0801491a       0x12 project_build//data/Hardware/MIDIbox/mios32/trunk/drivers/STM32F4xx/v1.1.0/STM32F4xx_StdPeriph_Driver/src/stm32f4xx_gpio.o
                0x0801491a                GPIO_StructInit
 .text.GPIO_SetBits
                0x0801492c        0x4 project_build//data/Hardware/MIDIbox/mios32/trunk/drivers/STM32F4xx/v1.1.0/STM32F4xx_StdPeriph_Driver/src/stm32f4xx_gpio.o
                0x0801492c                GPIO_SetBits
 .text.GPIO_ResetBits
                0x08014930        0x4 project_build//data/Hardware/MIDIbox/mios32/trunk/drivers/STM32F4xx/v1.1.0/STM32F4xx_StdPeriph_Driver/src/stm32f4xx_gpio.o
                0x08014930                GPIO_ResetBits
 .text.GPIO_PinAFConfig
                0x08014934       0x2e project_build//data/Hardware/MIDIbox/mios32/trunk/drivers/STM32F4xx/v1.1.0/STM32F4xx_StdPeriph_Driver/src/stm32f4xx_gpio.o
                0x08014934                GPIO_PinAFConfig
 .text.I2C_GenerateSTOP
                0x08014962       0x18 project_build//data/Hardware/MIDIbox/mios32/trunk/drivers/STM32F4xx/v1.1.0/STM32F4xx_StdPeriph_Driver/src/stm32f4xx_i2c.o
                0x08014962                I2C_GenerateSTOP
 .text.I2C_ITConfig
                0x0801497a       0x12 project_build//data/Hardware/MIDIbox/mios32/trunk/drivers/STM32F4xx/v1.1.0/STM32F4xx_StdPeriph_Driver/src/stm32f4xx_i2c.o
                0x0801497a                I2C_ITConfig
 .text.I2C_GetLastEvent
                0x0801498c       0x10 project_build//data/Hardware/MIDIbox/mios32/trunk/drivers/STM32F4xx/v1.1.0/STM32F4xx_StdPeriph_Driver/src/stm32f4xx_i2c.o
                0x0801498c                I2C_GetLastEvent
 .text.I2C_ClearITPendingBit
                0x0801499c        0x8 project_build//data/Hardware/MIDIbox/mios32/trunk/drivers/STM32F4xx/v1.1.0/STM32F4xx_StdPeriph_Driver/src/stm32f4xx_i2c.o
                0x0801499c                I2C_ClearITPendingBit
 .text.PWR_BackupAccessCmd
                0x080149a4        0xc project_build//data/Hardware/MIDIbox/mios32/trunk/drivers/STM32F4xx/v1.1.0/STM32F4xx_StdPeriph_Driver/src/stm32f4xx_pwr.o
                0x080149a4                PWR_BackupAccessCmd
 .text.RCC_GetClocksFreq
                0x080149b0       0x8c project_build//data/Hardware/MIDIbox/mios32/trunk/drivers/STM32F4xx/v1.1.0/STM32F4xx_StdPeriph_Driver/src/stm32f4xx_rcc.o
                0x080149b0                RCC_GetClocksFreq
 .text.RCC_RTCCLKConfig
                0x08014a3c       0x30 project_build//data/Hardware/MIDIbox/mios32/trunk/drivers/STM32F4xx/v1.1.0/STM32F4xx_StdPeriph_Driver/src/stm32f4xx_rcc.o
                0x08014a3c                RCC_RTCCLKConfig
 .text.RCC_RTCCLKCmd
                0x08014a6c        0xc project_build//data/Hardware/MIDIbox/mios32/trunk/drivers/STM32F4xx/v1.1.0/STM32F4xx_StdPeriph_Driver/src/stm32f4xx_rcc.o
                0x08014a6c                RCC_RTCCLKCmd
 .text.RCC_AHB1PeriphClockCmd
                0x08014a78       0x18 project_build//data/Hardware/MIDIbox/mios32/trunk/drivers/STM32F4xx/v1.1.0/STM32F4xx_StdPeriph_Driver/src/stm32f4xx_rcc.o
                0x08014a78                RCC_AHB1PeriphClockCmd
 .text.RCC_AHB2PeriphClockCmd
                0x08014a90       0x18 project_build//data/Hardware/MIDIbox/mios32/trunk/drivers/STM32F4xx/v1.1.0/STM32F4xx_StdPeriph_Driver/src/stm32f4xx_rcc.o
                0x08014a90                RCC_AHB2PeriphClockCmd
 .text.RCC_APB1PeriphClockCmd
                0x08014aa8       0x18 project_build//data/Hardware/MIDIbox/mios32/trunk/drivers/STM32F4xx/v1.1.0/STM32F4xx_StdPeriph_Driver/src/stm32f4xx_rcc.o
                0x08014aa8                RCC_APB1PeriphClockCmd
 .text.RCC_APB2PeriphClockCmd
                0x08014ac0       0x18 project_build//data/Hardware/MIDIbox/mios32/trunk/drivers/STM32F4xx/v1.1.0/STM32F4xx_StdPeriph_Driver/src/stm32f4xx_rcc.o
                0x08014ac0                RCC_APB2PeriphClockCmd
 .text.RCC_AHB1PeriphResetCmd
                0x08014ad8       0x18 project_build//data/Hardware/MIDIbox/mios32/trunk/drivers/STM32F4xx/v1.1.0/STM32F4xx_StdPeriph_Driver/src/stm32f4xx_rcc.o
                0x08014ad8                RCC_AHB1PeriphResetCmd
 .text.RCC_AHB2PeriphResetCmd
                0x08014af0       0x18 project_build//data/Hardware/MIDIbox/mios32/trunk/drivers/STM32F4xx/v1.1.0/STM32F4xx_StdPeriph_Driver/src/stm32f4xx_rcc.o
                0x08014af0                RCC_AHB2PeriphResetCmd
 .text.RCC_APB1PeriphResetCmd
                0x08014b08       0x18 project_build//data/Hardware/MIDIbox/mios32/trunk/drivers/STM32F4xx/v1.1.0/STM32F4xx_StdPeriph_Driver/src/stm32f4xx_rcc.o
                0x08014b08                RCC_APB1PeriphResetCmd
 .text.RCC_APB2PeriphResetCmd
                0x08014b20       0x18 project_build//data/Hardware/MIDIbox/mios32/trunk/drivers/STM32F4xx/v1.1.0/STM32F4xx_StdPeriph_Driver/src/stm32f4xx_rcc.o
                0x08014b20                RCC_APB2PeriphResetCmd
 .text.RTC_ByteToBcd2
                0x08014b38       0x18 project_build//data/Hardware/MIDIbox/mios32/trunk/drivers/STM32F4xx/v1.1.0/STM32F4xx_StdPeriph_Driver/src/stm32f4xx_rtc.o
 .text.RTC_StructInit
                0x08014b50        0xc project_build//data/Hardware/MIDIbox/mios32/trunk/drivers/STM32F4xx/v1.1.0/STM32F4xx_StdPeriph_Driver/src/stm32f4xx_rtc.o
                0x08014b50                RTC_StructInit
 .text.RTC_EnterInitMode
                0x08014b5c       0x40 project_build//data/Hardware/MIDIbox/mios32/trunk/drivers/STM32F4xx/v1.1.0/STM32F4xx_StdPeriph_Driver/src/stm32f4xx_rtc.o
                0x08014b5c                RTC_EnterInitMode
 .text.RTC_ExitInitMode
                0x08014b9c       0x10 project_build//data/Hardware/MIDIbox/mios32/trunk/drivers/STM32F4xx/v1.1.0/STM32F4xx_StdPeriph_Driver/src/stm32f4xx_rtc.o
                0x08014b9c                RTC_ExitInitMode
 .text.RTC_Init
                0x08014bac       0x48 project_build//data/Hardware/MIDIbox/mios32/trunk/drivers/STM32F4xx/v1.1.0/STM32F4xx_StdPeriph_Driver/src/stm32f4xx_rtc.o
                0x08014bac                RTC_Init
 .text.RTC_WaitForSynchro
                0x08014bf4       0x44 project_build//data/Hardware/MIDIbox/mios32/trunk/drivers/STM32F4xx/v1.1.0/STM32F4xx_StdPeriph_Driver/src/stm32f4xx_rtc.o
                0x08014bf4                RTC_WaitForSynchro
 .text.RTC_SetTime
                0x08014c38       0x8c project_build//data/Hardware/MIDIbox/mios32/trunk/drivers/STM32F4xx/v1.1.0/STM32F4xx_StdPeriph_Driver/src/stm32f4xx_rtc.o
                0x08014c38                RTC_SetTime
 .text.RTC_TimeStructInit
                0x08014cc4        0xc project_build//data/Hardware/MIDIbox/mios32/trunk/drivers/STM32F4xx/v1.1.0/STM32F4xx_StdPeriph_Driver/src/stm32f4xx_rtc.o
                0x08014cc4                RTC_TimeStructInit
 .text.SPI_Init
                0x08014cd0       0x3e project_build//data/Hardware/MIDIbox/mios32/trunk/drivers/STM32F4xx/v1.1.0/STM32F4xx_StdPeriph_Driver/src/stm32f4xx_spi.o
                0x08014cd0                SPI_Init
 .text.SPI_Cmd  0x08014d0e       0x18 project_build//data/Hardware/MIDIbox/mios32/trunk/drivers/STM32F4xx/v1.1.0/STM32F4xx_StdPeriph_Driver/src/stm32f4xx_spi.o
                0x08014d0e                SPI_Cmd
 .text.SPI_I2S_DMACmd
                0x08014d26       0x12 project_build//data/Hardware/MIDIbox/mios32/trunk/drivers/STM32F4xx/v1.1.0/STM32F4xx_StdPeriph_Driver/src/stm32f4xx_spi.o
                0x08014d26                SPI_I2S_DMACmd
 .text.TIM_TimeBaseInit
                0x08014d38       0x7c project_build//data/Hardware/MIDIbox/mios32/trunk/drivers/STM32F4xx/v1.1.0/STM32F4xx_StdPeriph_Driver/src/stm32f4xx_tim.o
                0x08014d38                TIM_TimeBaseInit
 .text.TIM_Cmd  0x08014db4       0x18 project_build//data/Hardware/MIDIbox/mios32/trunk/drivers/STM32F4xx/v1.1.0/STM32F4xx_StdPeriph_Driver/src/stm32f4xx_tim.o
                0x08014db4                TIM_Cmd
 .text.TIM_GetITStatus
                0x08014dcc       0x16 project_build//data/Hardware/MIDIbox/mios32/trunk/drivers/STM32F4xx/v1.1.0/STM32F4xx_StdPeriph_Driver/src/stm32f4xx_tim.o
                0x08014dcc                TIM_GetITStatus
 .text.TIM_ClearITPendingBit
                0x08014de2        0x8 project_build//data/Hardware/MIDIbox/mios32/trunk/drivers/STM32F4xx/v1.1.0/STM32F4xx_StdPeriph_Driver/src/stm32f4xx_tim.o
                0x08014de2                TIM_ClearITPendingBit
 *fill*         0x08014dea        0x2 00
 .text.USART_Init
                0x08014dec       0xb8 project_build//data/Hardware/MIDIbox/mios32/trunk/drivers/STM32F4xx/v1.1.0/STM32F4xx_StdPeriph_Driver/src/stm32f4xx_usart.o
                0x08014dec                USART_Init
 .text.USART_Cmd
                0x08014ea4       0x18 project_build//data/Hardware/MIDIbox/mios32/trunk/drivers/STM32F4xx/v1.1.0/STM32F4xx_StdPeriph_Driver/src/stm32f4xx_usart.o
                0x08014ea4                USART_Cmd
 .text.USART_ITConfig
                0x08014ebc       0x34 project_build//data/Hardware/MIDIbox/mios32/trunk/drivers/STM32F4xx/v1.1.0/STM32F4xx_StdPeriph_Driver/src/stm32f4xx_usart.o
                0x08014ebc                USART_ITConfig
 .text.USBD_Resume
                0x08014ef0       0x16 project_build//data/Hardware/MIDIbox/mios32/trunk/drivers/STM32F4xx/v1.1.0/STM32_USB_Device_Library/Core/src/usbd_core.o
 .text.USBD_Suspend
                0x08014f06       0x1c project_build//data/Hardware/MIDIbox/mios32/trunk/drivers/STM32F4xx/v1.1.0/STM32_USB_Device_Library/Core/src/usbd_core.o
 .text.USBD_SOF
                0x08014f22       0x10 project_build//data/Hardware/MIDIbox/mios32/trunk/drivers/STM32F4xx/v1.1.0/STM32_USB_Device_Library/Core/src/usbd_core.o
 .text.USBD_IsoINIncomplete
                0x08014f32        0xe project_build//data/Hardware/MIDIbox/mios32/trunk/drivers/STM32F4xx/v1.1.0/STM32_USB_Device_Library/Core/src/usbd_core.o
 .text.USBD_IsoOUTIncomplete
                0x08014f40        0xe project_build//data/Hardware/MIDIbox/mios32/trunk/drivers/STM32F4xx/v1.1.0/STM32_USB_Device_Library/Core/src/usbd_core.o
 .text.USBD_Reset
                0x08014f4e       0x2e project_build//data/Hardware/MIDIbox/mios32/trunk/drivers/STM32F4xx/v1.1.0/STM32_USB_Device_Library/Core/src/usbd_core.o
 .text.USBD_SetupStage
                0x08014f7c       0x48 project_build//data/Hardware/MIDIbox/mios32/trunk/drivers/STM32F4xx/v1.1.0/STM32_USB_Device_Library/Core/src/usbd_core.o
 .text.USBD_DataInStage
                0x08014fc4       0xb4 project_build//data/Hardware/MIDIbox/mios32/trunk/drivers/STM32F4xx/v1.1.0/STM32_USB_Device_Library/Core/src/usbd_core.o
 .text.USBD_DataOutStage
                0x08015078       0x74 project_build//data/Hardware/MIDIbox/mios32/trunk/drivers/STM32F4xx/v1.1.0/STM32_USB_Device_Library/Core/src/usbd_core.o
 .text.USBD_Init
                0x080150ec       0x38 project_build//data/Hardware/MIDIbox/mios32/trunk/drivers/STM32F4xx/v1.1.0/STM32_USB_Device_Library/Core/src/usbd_core.o
                0x080150ec                USBD_Init
 .text.USBD_SetCfg
                0x08015124       0x18 project_build//data/Hardware/MIDIbox/mios32/trunk/drivers/STM32F4xx/v1.1.0/STM32_USB_Device_Library/Core/src/usbd_core.o
                0x08015124                USBD_SetCfg
 .text.USBD_ClrCfg
                0x0801513c        0xe project_build//data/Hardware/MIDIbox/mios32/trunk/drivers/STM32F4xx/v1.1.0/STM32_USB_Device_Library/Core/src/usbd_core.o
                0x0801513c                USBD_ClrCfg
 .text.USBD_CtlSendData
                0x0801514a       0x22 project_build//data/Hardware/MIDIbox/mios32/trunk/drivers/STM32F4xx/v1.1.0/STM32_USB_Device_Library/Core/src/usbd_ioreq.o
                0x0801514a                USBD_CtlSendData
 .text.USBD_CtlContinueSendData
                0x0801516c       0x12 project_build//data/Hardware/MIDIbox/mios32/trunk/drivers/STM32F4xx/v1.1.0/STM32_USB_Device_Library/Core/src/usbd_ioreq.o
                0x0801516c                USBD_CtlContinueSendData
 .text.USBD_CtlContinueRx
                0x0801517e       0x12 project_build//data/Hardware/MIDIbox/mios32/trunk/drivers/STM32F4xx/v1.1.0/STM32_USB_Device_Library/Core/src/usbd_ioreq.o
                0x0801517e                USBD_CtlContinueRx
 .text.USBD_CtlSendStatus
                0x08015190       0x1e project_build//data/Hardware/MIDIbox/mios32/trunk/drivers/STM32F4xx/v1.1.0/STM32_USB_Device_Library/Core/src/usbd_ioreq.o
                0x08015190                USBD_CtlSendStatus
 .text.USBD_CtlReceiveStatus
                0x080151ae       0x1e project_build//data/Hardware/MIDIbox/mios32/trunk/drivers/STM32F4xx/v1.1.0/STM32_USB_Device_Library/Core/src/usbd_ioreq.o
                0x080151ae                USBD_CtlReceiveStatus
 .text.USBD_ParseSetupRequest
                0x080151cc       0x44 project_build//data/Hardware/MIDIbox/mios32/trunk/drivers/STM32F4xx/v1.1.0/STM32_USB_Device_Library/Core/src/usbd_req.o
                0x080151cc                USBD_ParseSetupRequest
 .text.USBD_CtlError
                0x08015210       0x1c project_build//data/Hardware/MIDIbox/mios32/trunk/drivers/STM32F4xx/v1.1.0/STM32_USB_Device_Library/Core/src/usbd_req.o
                0x08015210                USBD_CtlError
 .text.USBD_StdEPReq
                0x0801522c       0xc4 project_build//data/Hardware/MIDIbox/mios32/trunk/drivers/STM32F4xx/v1.1.0/STM32_USB_Device_Library/Core/src/usbd_req.o
                0x0801522c                USBD_StdEPReq
 .text.USBD_StdItfReq
                0x080152f0       0x30 project_build//data/Hardware/MIDIbox/mios32/trunk/drivers/STM32F4xx/v1.1.0/STM32_USB_Device_Library/Core/src/usbd_req.o
                0x080152f0                USBD_StdItfReq
 .text.USBD_StdDevReq
                0x08015320      0x2ac project_build//data/Hardware/MIDIbox/mios32/trunk/drivers/STM32F4xx/v1.1.0/STM32_USB_Device_Library/Core/src/usbd_req.o
                0x08015320                USBD_StdDevReq
 .text.USBD_GetString
                0x080155cc       0x38 project_build//data/Hardware/MIDIbox/mios32/trunk/drivers/STM32F4xx/v1.1.0/STM32_USB_Device_Library/Core/src/usbd_req.o
                0x080155cc                USBD_GetString
 .text.USBH_Connected
                0x08015604        0xa project_build//data/Hardware/MIDIbox/mios32/trunk/drivers/STM32F4xx/v1.1.0/STM32_USB_HOST_Library/Core/src/usbh_core.o
                0x08015604                USBH_Connected
 .text.USBH_Disconnected
                0x0801560e        0xa project_build//data/Hardware/MIDIbox/mios32/trunk/drivers/STM32F4xx/v1.1.0/STM32_USB_HOST_Library/Core/src/usbh_core.o
                0x0801560e                USBH_Disconnected
 .text.USBH_SOF
                0x08015618        0x4 project_build//data/Hardware/MIDIbox/mios32/trunk/drivers/STM32F4xx/v1.1.0/STM32_USB_HOST_Library/Core/src/usbh_core.o
                0x08015618                USBH_SOF
 .text.USBH_DeInit
                0x0801561c       0x32 project_build//data/Hardware/MIDIbox/mios32/trunk/drivers/STM32F4xx/v1.1.0/STM32_USB_HOST_Library/Core/src/usbh_core.o
                0x0801561c                USBH_DeInit
 .text.USBH_Init
                0x0801564e       0x42 project_build//data/Hardware/MIDIbox/mios32/trunk/drivers/STM32F4xx/v1.1.0/STM32_USB_HOST_Library/Core/src/usbh_core.o
                0x0801564e                USBH_Init
 .text.USBH_ErrorHandle
                0x08015690       0x2a project_build//data/Hardware/MIDIbox/mios32/trunk/drivers/STM32F4xx/v1.1.0/STM32_USB_HOST_Library/Core/src/usbh_core.o
                0x08015690                USBH_ErrorHandle
 *fill*         0x080156ba        0x2 00
 .text.USBH_HandleControl
                0x080156bc      0x1b8 project_build//data/Hardware/MIDIbox/mios32/trunk/drivers/STM32F4xx/v1.1.0/STM32_USB_HOST_Library/Core/src/usbh_core.o
                0x080156bc                USBH_HandleControl
 .text.USBH_Process
                0x08015874      0x344 project_build//data/Hardware/MIDIbox/mios32/trunk/drivers/STM32F4xx/v1.1.0/STM32_USB_HOST_Library/Core/src/usbh_core.o
                0x08015874                USBH_Process
 .text.USBH_Open_Channel
                0x08015bb8       0x54 project_build//data/Hardware/MIDIbox/mios32/trunk/drivers/STM32F4xx/v1.1.0/STM32_USB_HOST_Library/Core/src/usbh_hcs.o
                0x08015bb8                USBH_Open_Channel
 .text.USBH_Modify_Channel
                0x08015c0c       0x3a project_build//data/Hardware/MIDIbox/mios32/trunk/drivers/STM32F4xx/v1.1.0/STM32_USB_HOST_Library/Core/src/usbh_hcs.o
                0x08015c0c                USBH_Modify_Channel
 .text.USBH_Alloc_Channel
                0x08015c46       0x32 project_build//data/Hardware/MIDIbox/mios32/trunk/drivers/STM32F4xx/v1.1.0/STM32_USB_HOST_Library/Core/src/usbh_hcs.o
                0x08015c46                USBH_Alloc_Channel
 .text.USBH_Free_Channel
                0x08015c78       0x18 project_build//data/Hardware/MIDIbox/mios32/trunk/drivers/STM32F4xx/v1.1.0/STM32_USB_HOST_Library/Core/src/usbh_hcs.o
                0x08015c78                USBH_Free_Channel
 .text.USBH_DeAllocate_AllChannel
                0x08015c90       0x1e project_build//data/Hardware/MIDIbox/mios32/trunk/drivers/STM32F4xx/v1.1.0/STM32_USB_HOST_Library/Core/src/usbh_hcs.o
                0x08015c90                USBH_DeAllocate_AllChannel
 .text.USBH_CtlReq
                0x08015cae       0x48 project_build//data/Hardware/MIDIbox/mios32/trunk/drivers/STM32F4xx/v1.1.0/STM32_USB_HOST_Library/Core/src/usbh_ioreq.o
                0x08015cae                USBH_CtlReq
 .text.USBH_CtlSendSetup
                0x08015cf6       0x2e project_build//data/Hardware/MIDIbox/mios32/trunk/drivers/STM32F4xx/v1.1.0/STM32_USB_HOST_Library/Core/src/usbh_ioreq.o
                0x08015cf6                USBH_CtlSendSetup
 .text.USBH_CtlSendData
                0x08015d24       0x40 project_build//data/Hardware/MIDIbox/mios32/trunk/drivers/STM32F4xx/v1.1.0/STM32_USB_HOST_Library/Core/src/usbh_ioreq.o
                0x08015d24                USBH_CtlSendData
 .text.USBH_CtlReceiveData
                0x08015d64       0x2c project_build//data/Hardware/MIDIbox/mios32/trunk/drivers/STM32F4xx/v1.1.0/STM32_USB_HOST_Library/Core/src/usbh_ioreq.o
                0x08015d64                USBH_CtlReceiveData
 .text.USBH_BulkSendData
                0x08015d90       0x34 project_build//data/Hardware/MIDIbox/mios32/trunk/drivers/STM32F4xx/v1.1.0/STM32_USB_HOST_Library/Core/src/usbh_ioreq.o
                0x08015d90                USBH_BulkSendData
 .text.USBH_BulkReceiveData
                0x08015dc4       0x34 project_build//data/Hardware/MIDIbox/mios32/trunk/drivers/STM32F4xx/v1.1.0/STM32_USB_HOST_Library/Core/src/usbh_ioreq.o
                0x08015dc4                USBH_BulkReceiveData
 .text.USBH_GetDescriptor
                0x08015df8       0x34 project_build//data/Hardware/MIDIbox/mios32/trunk/drivers/STM32F4xx/v1.1.0/STM32_USB_HOST_Library/Core/src/usbh_stdreq.o
                0x08015df8                USBH_GetDescriptor
 .text.USBH_Get_StringDesc
                0x08015e2c       0x50 project_build//data/Hardware/MIDIbox/mios32/trunk/drivers/STM32F4xx/v1.1.0/STM32_USB_HOST_Library/Core/src/usbh_stdreq.o
                0x08015e2c                USBH_Get_StringDesc
 .text.USBH_Get_DevDesc
                0x08015e7c       0xac project_build//data/Hardware/MIDIbox/mios32/trunk/drivers/STM32F4xx/v1.1.0/STM32_USB_HOST_Library/Core/src/usbh_stdreq.o
                0x08015e7c                USBH_Get_DevDesc
 .text.USBH_Get_CfgDesc
                0x08015f28      0x1dc project_build//data/Hardware/MIDIbox/mios32/trunk/drivers/STM32F4xx/v1.1.0/STM32_USB_HOST_Library/Core/src/usbh_stdreq.o
                0x08015f28                USBH_Get_CfgDesc
 .text.USBH_SetAddress
                0x08016104       0x1c project_build//data/Hardware/MIDIbox/mios32/trunk/drivers/STM32F4xx/v1.1.0/STM32_USB_HOST_Library/Core/src/usbh_stdreq.o
                0x08016104                USBH_SetAddress
 .text.USBH_SetCfg
                0x08016120       0x1c project_build//data/Hardware/MIDIbox/mios32/trunk/drivers/STM32F4xx/v1.1.0/STM32_USB_HOST_Library/Core/src/usbh_stdreq.o
                0x08016120                USBH_SetCfg
 .text.USBH_ClrFeature
                0x0801613c       0x32 project_build//data/Hardware/MIDIbox/mios32/trunk/drivers/STM32F4xx/v1.1.0/STM32_USB_HOST_Library/Core/src/usbh_stdreq.o
                0x0801613c                USBH_ClrFeature
 *fill*         0x0801616e        0x2 00
 .text.USB_OTG_EnableCommonInt
                0x08016170       0x14 project_build//data/Hardware/MIDIbox/mios32/trunk/drivers/STM32F4xx/v1.1.0/STM32_USB_OTG_Driver/src/usb_core.o
 .text.USB_OTG_CoreReset
                0x08016184       0x4c project_build//data/Hardware/MIDIbox/mios32/trunk/drivers/STM32F4xx/v1.1.0/STM32_USB_OTG_Driver/src/usb_core.o
 .text.USB_OTG_WritePacket
                0x080161d0       0x26 project_build//data/Hardware/MIDIbox/mios32/trunk/drivers/STM32F4xx/v1.1.0/STM32_USB_OTG_Driver/src/usb_core.o
                0x080161d0                USB_OTG_WritePacket
 .text.USB_OTG_ReadPacket
                0x080161f6       0x22 project_build//data/Hardware/MIDIbox/mios32/trunk/drivers/STM32F4xx/v1.1.0/STM32_USB_OTG_Driver/src/usb_core.o
                0x080161f6                USB_OTG_ReadPacket
 .text.USB_OTG_SelectCore
                0x08016218       0xc0 project_build//data/Hardware/MIDIbox/mios32/trunk/drivers/STM32F4xx/v1.1.0/STM32_USB_OTG_Driver/src/usb_core.o
                0x08016218                USB_OTG_SelectCore
 .text.USB_OTG_CoreInit
                0x080162d8       0x9a project_build//data/Hardware/MIDIbox/mios32/trunk/drivers/STM32F4xx/v1.1.0/STM32_USB_OTG_Driver/src/usb_core.o
                0x080162d8                USB_OTG_CoreInit
 .text.USB_OTG_EnableGlobalInt
                0x08016372        0xe project_build//data/Hardware/MIDIbox/mios32/trunk/drivers/STM32F4xx/v1.1.0/STM32_USB_OTG_Driver/src/usb_core.o
                0x08016372                USB_OTG_EnableGlobalInt
 .text.USB_OTG_DisableGlobalInt
                0x08016380        0xe project_build//data/Hardware/MIDIbox/mios32/trunk/drivers/STM32F4xx/v1.1.0/STM32_USB_OTG_Driver/src/usb_core.o
                0x08016380                USB_OTG_DisableGlobalInt
 *fill*         0x0801638e        0x2 00
 .text.USB_OTG_FlushTxFifo
                0x08016390       0x3c project_build//data/Hardware/MIDIbox/mios32/trunk/drivers/STM32F4xx/v1.1.0/STM32_USB_OTG_Driver/src/usb_core.o
                0x08016390                USB_OTG_FlushTxFifo
 .text.USB_OTG_FlushRxFifo
                0x080163cc       0x34 project_build//data/Hardware/MIDIbox/mios32/trunk/drivers/STM32F4xx/v1.1.0/STM32_USB_OTG_Driver/src/usb_core.o
                0x080163cc                USB_OTG_FlushRxFifo
 .text.USB_OTG_SetCurrentMode
                0x08016400       0x2a project_build//data/Hardware/MIDIbox/mios32/trunk/drivers/STM32F4xx/v1.1.0/STM32_USB_OTG_Driver/src/usb_core.o
                0x08016400                USB_OTG_SetCurrentMode
 .text.USB_OTG_IsDeviceMode
                0x0801642a        0xe project_build//data/Hardware/MIDIbox/mios32/trunk/drivers/STM32F4xx/v1.1.0/STM32_USB_OTG_Driver/src/usb_core.o
                0x0801642a                USB_OTG_IsDeviceMode
 .text.USB_OTG_IsHostMode
                0x08016438        0xa project_build//data/Hardware/MIDIbox/mios32/trunk/drivers/STM32F4xx/v1.1.0/STM32_USB_OTG_Driver/src/usb_core.o
                0x08016438                USB_OTG_IsHostMode
 .text.USB_OTG_ReadCoreItr
                0x08016442        0xa project_build//data/Hardware/MIDIbox/mios32/trunk/drivers/STM32F4xx/v1.1.0/STM32_USB_OTG_Driver/src/usb_core.o
                0x08016442                USB_OTG_ReadCoreItr
 .text.USB_OTG_IsEvenFrame
                0x0801644c        0xe project_build//data/Hardware/MIDIbox/mios32/trunk/drivers/STM32F4xx/v1.1.0/STM32_USB_OTG_Driver/src/usb_core.o
                0x0801644c                USB_OTG_IsEvenFrame
 .text.USB_OTG_EnableHostInt