Archive member included because of file (symbol)

/usr/local/etc/mios32_toolchain/bin/../lib/gcc/arm-none-eabi/4.7.4/armv7e-m/libgcc.a(_lshrdi3.o)
                              project_build//data/Hardware/MIDIbox/mios32/trunk/modules/app_lcd/universal/app_lcd.o (__aeabi_llsr)
/usr/local/etc/mios32_toolchain/bin/../lib/gcc/arm-none-eabi/4.7.4/armv7e-m/libgcc.a(_ashldi3.o)
                              project_build//data/Hardware/MIDIbox/mios32/trunk/modules/app_lcd/universal/app_lcd.o (__aeabi_llsl)
/usr/local/etc/mios32_toolchain/bin/../lib/gcc/arm-none-eabi/4.7.4/armv7e-m/libgcc.a(_arm_addsubdf3.o)
                              project_build//data/Hardware/MIDIbox/mios32/trunk/modules/sequencer/seq_bpm.o (__aeabi_ui2d)
/usr/local/etc/mios32_toolchain/bin/../lib/gcc/arm-none-eabi/4.7.4/armv7e-m/libgcc.a(_arm_muldivdf3.o)
                              project_build//data/Hardware/MIDIbox/mios32/trunk/mios32/common/mios32_osc.o (__aeabi_dmul)
/usr/local/etc/mios32_toolchain/bin/../lib/gcc/arm-none-eabi/4.7.4/armv7e-m/libgcc.a(_arm_fixdfsi.o)
                              project_build//data/Hardware/MIDIbox/mios32/trunk/mios32/common/mios32_osc.o (__aeabi_d2iz)
/usr/local/etc/mios32_toolchain/bin/../lib/gcc/arm-none-eabi/4.7.4/armv7e-m/libgcc.a(_arm_truncdfsf2.o)
                              project_build//data/Hardware/MIDIbox/mios32/trunk/modules/midimon/midimon.o (__aeabi_d2f)
/usr/local/etc/mios32_toolchain/bin/../lib/gcc/arm-none-eabi/4.7.4/armv7e-m/libgcc.a(_arm_addsubsf3.o)
                              project_build/src/mbng_event.o (__aeabi_ui2f)
/usr/local/etc/mios32_toolchain/bin/../lib/gcc/arm-none-eabi/4.7.4/armv7e-m/libgcc.a(_arm_muldivsf3.o)
                              project_build//data/Hardware/MIDIbox/mios32/trunk/mios32/common/mios32_osc.o (__aeabi_fmul)
/usr/local/etc/mios32_toolchain/bin/../lib/gcc/arm-none-eabi/4.7.4/armv7e-m/libgcc.a(_arm_fixsfsi.o)
                              project_build/src/mbng_lcd.o (__aeabi_f2iz)
/usr/local/etc/mios32_toolchain/bin/../lib/gcc/arm-none-eabi/4.7.4/armv7e-m/libgcc.a(_arm_fixunssfsi.o)
                              project_build/src/mbng_event.o (__aeabi_f2uiz)
/usr/local/etc/mios32_toolchain/bin/../lib/gcc/arm-none-eabi/4.7.4/../../../../arm-none-eabi/lib/armv7e-m/libc_s.a(lib_a-atoi.o)
                              project_build//data/Hardware/MIDIbox/mios32/trunk/modules/uip_task_standard/osc_server.o (atoi)
/usr/local/etc/mios32_toolchain/bin/../lib/gcc/arm-none-eabi/4.7.4/../../../../arm-none-eabi/lib/armv7e-m/libc_s.a(lib_a-ctype_.o)
                              project_build//data/Hardware/MIDIbox/mios32/trunk/programming_models/traditional/strtol.o (__ctype_ptr__)
/usr/local/etc/mios32_toolchain/bin/../lib/gcc/arm-none-eabi/4.7.4/../../../../arm-none-eabi/lib/armv7e-m/libc_s.a(lib_a-init.o)
                              project_build//data/Hardware/MIDIbox/mios32/trunk/programming_models/traditional/main.o (__libc_init_array)
/usr/local/etc/mios32_toolchain/bin/../lib/gcc/arm-none-eabi/4.7.4/../../../../arm-none-eabi/lib/armv7e-m/libc_s.a(lib_a-memcmp.o)
                              project_build//data/Hardware/MIDIbox/mios32/trunk/modules/uip_task_standard/dhcpc.o (memcmp)
/usr/local/etc/mios32_toolchain/bin/../lib/gcc/arm-none-eabi/4.7.4/../../../../arm-none-eabi/lib/armv7e-m/libc_s.a(lib_a-memcpy.o)
                              project_build/src/mbng_event.o (memcpy)
/usr/local/etc/mios32_toolchain/bin/../lib/gcc/arm-none-eabi/4.7.4/../../../../arm-none-eabi/lib/armv7e-m/libc_s.a(lib_a-memmove.o)
                              project_build/src/mbng_event.o (memmove)
/usr/local/etc/mios32_toolchain/bin/../lib/gcc/arm-none-eabi/4.7.4/../../../../arm-none-eabi/lib/armv7e-m/libc_s.a(lib_a-memset.o)
                              project_build/src/mbng_patch.o (memset)
/usr/local/etc/mios32_toolchain/bin/../lib/gcc/arm-none-eabi/4.7.4/../../../../arm-none-eabi/lib/armv7e-m/libc_s.a(lib_a-puts.o)
                              project_build//data/Hardware/MIDIbox/mios32/trunk/modules/uip/uip/psock.o (puts)
/usr/local/etc/mios32_toolchain/bin/../lib/gcc/arm-none-eabi/4.7.4/../../../../arm-none-eabi/lib/armv7e-m/libc_s.a(lib_a-stpcpy.o)
                              project_build//data/Hardware/MIDIbox/mios32/trunk/mios32/common/mios32_osc.o (stpcpy)
/usr/local/etc/mios32_toolchain/bin/../lib/gcc/arm-none-eabi/4.7.4/../../../../arm-none-eabi/lib/armv7e-m/libc_s.a(lib_a-strcasecmp.o)
                              project_build/src/mbng_event.o (strcasecmp)
/usr/local/etc/mios32_toolchain/bin/../lib/gcc/arm-none-eabi/4.7.4/../../../../arm-none-eabi/lib/armv7e-m/libc_s.a(lib_a-strchr.o)
                              project_build//data/Hardware/MIDIbox/mios32/trunk/modules/uip_task_standard/osc_server.o (strchr)
/usr/local/etc/mios32_toolchain/bin/../lib/gcc/arm-none-eabi/4.7.4/../../../../arm-none-eabi/lib/armv7e-m/libc_s.a(lib_a-strcmp.o)
                              project_build/src/mbng_file_l.o (strcmp)
[...]
Memory Configuration

Name             Origin             Length             Attributes
RAM              0x20000000         0x00030000         xrw
FLASH_SECTOR0    0x08000000         0x00004000         xr
FLASH_SECTOR1    0x08004000         0x00004000         xr
FLASH_SECTOR2    0x08008000         0x00004000         xr
FLASH_SECTOR3    0x0800c000         0x00004000         xr
FLASH            0x08010000         0x000f0000         xr
FLASHB1          0x00000000         0x00000000         xr
EXTMEMB0         0x00000000         0x00000000         xr
EXTMEMB1         0x00000000         0x00000000         xr
EXTMEMB2         0x00000000         0x00000000         xr
EXTMEMB3         0x00000000         0x00000000         xr
*default*        0x00000000         0xffffffff

Linker script and memory map

LOAD project_build/src/app.o
LOAD project_build/src/mbng_sysex.o
LOAD project_build/src/mbng_patch.o
LOAD project_build/src/mbng_event.o
LOAD project_build/src/mbng_din.o
LOAD project_build/src/mbng_dout.o
LOAD project_build/src/mbng_dio.o
LOAD project_build/src/mbng_enc.o
LOAD project_build/src/mbng_ain.o
LOAD project_build/src/mbng_ainser.o
LOAD project_build/src/mbng_kb.o
LOAD project_build/src/mbng_matrix.o
LOAD project_build/src/mbng_cv.o
LOAD project_build/src/mbng_mf.o
LOAD project_build/src/mbng_lcd.o
LOAD project_build/src/mbng_seq.o
LOAD project_build/src/mbng_file.o
LOAD project_build/src/mbng_file_c.o
LOAD project_build/src/mbng_file_l.o
LOAD project_build/src/mbng_file_s.o
LOAD project_build/src/mbng_file_r.o
LOAD project_build/src/mbfm.o
LOAD project_build/src/mbfm_modulation.o
LOAD project_build/src/mbfm_controlhandler.o
LOAD project_build/src/mbfm_sequencer.o
LOAD project_build/src/mbfm_patch.o
LOAD project_build/src/mbfm_temperament.o
LOAD project_build/src/terminal.o
LOAD project_build//data/Hardware/MIDIbox/mios32/trunk/programming_models/traditional/main.o
LOAD project_build//data/Hardware/MIDIbox/mios32/trunk/programming_models/traditional/strtol.o
LOAD project_build//data/Hardware/MIDIbox/mios32/trunk/FreeRTOS/Source/tasks.o
LOAD project_build//data/Hardware/MIDIbox/mios32/trunk/FreeRTOS/Source/list.o
LOAD project_build//data/Hardware/MIDIbox/mios32/trunk/FreeRTOS/Source/queue.o
LOAD project_build//data/Hardware/MIDIbox/mios32/trunk/FreeRTOS/Source/timers.o
LOAD project_build//data/Hardware/MIDIbox/mios32/trunk/FreeRTOS/Source/portable/GCC/ARM_CM3/port.o
LOAD project_build//data/Hardware/MIDIbox/mios32/trunk/FreeRTOS/Source/portable/MemMang/umm_malloc.o
LOAD project_build//data/Hardware/MIDIbox/mios32/trunk/programming_models/traditional/startup_stm32f4xx.o
LOAD project_build//data/Hardware/MIDIbox/mios32/trunk/mios32/common/mios32_srio.o
LOAD project_build//data/Hardware/MIDIbox/mios32/trunk/mios32/common/mios32_din.o
LOAD project_build//data/Hardware/MIDIbox/mios32/trunk/mios32/common/mios32_dout.o
LOAD project_build//data/Hardware/MIDIbox/mios32/trunk/mios32/common/mios32_enc.o
LOAD project_build//data/Hardware/MIDIbox/mios32/trunk/mios32/common/mios32_lcd.o
LOAD project_build//data/Hardware/MIDIbox/mios32/trunk/mios32/common/mios32_midi.o
LOAD project_build//data/Hardware/MIDIbox/mios32/trunk/mios32/common/mios32_osc.o
LOAD project_build//data/Hardware/MIDIbox/mios32/trunk/mios32/common/mios32_com.o
LOAD project_build//data/Hardware/MIDIbox/mios32/trunk/mios32/common/mios32_uart_midi.o
LOAD project_build//data/Hardware/MIDIbox/mios32/trunk/mios32/common/mios32_spi_midi.o
LOAD project_build//data/Hardware/MIDIbox/mios32/trunk/mios32/common/mios32_iic_midi.o
LOAD project_build//data/Hardware/MIDIbox/mios32/trunk/mios32/common/mios32_iic_bs.o
LOAD project_build//data/Hardware/MIDIbox/mios32/trunk/mios32/common/mios32_mf.o
LOAD project_build//data/Hardware/MIDIbox/mios32/trunk/mios32/common/mios32_sdcard.o
LOAD project_build//data/Hardware/MIDIbox/mios32/trunk/mios32/common/mios32_enc28j60.o
LOAD project_build//data/Hardware/MIDIbox/mios32/trunk/mios32/common/mios32_timestamp.o
LOAD project_build//data/Hardware/MIDIbox/mios32/trunk/mios32/STM32F4xx/mios32_bsl.o
LOAD project_build//data/Hardware/MIDIbox/mios32/trunk/mios32/STM32F4xx/mios32_sys.o
LOAD project_build//data/Hardware/MIDIbox/mios32/trunk/mios32/STM32F4xx/mios32_irq.o
LOAD project_build//data/Hardware/MIDIbox/mios32/trunk/mios32/STM32F4xx/mios32_spi.o
LOAD project_build//data/Hardware/MIDIbox/mios32/trunk/mios32/STM32F4xx/mios32_i2s.o
LOAD project_build//data/Hardware/MIDIbox/mios32/trunk/mios32/STM32F4xx/mios32_board.o
LOAD project_build//data/Hardware/MIDIbox/mios32/trunk/mios32/STM32F4xx/mios32_timer.o
LOAD project_build//data/Hardware/MIDIbox/mios32/trunk/mios32/STM32F4xx/mios32_stopwatch.o
LOAD project_build//data/Hardware/MIDIbox/mios32/trunk/mios32/STM32F4xx/mios32_delay.o
LOAD project_build//data/Hardware/MIDIbox/mios32/trunk/mios32/STM32F4xx/mios32_ain.o
LOAD project_build//data/Hardware/MIDIbox/mios32/trunk/mios32/STM32F4xx/mios32_usb.o
LOAD project_build//data/Hardware/MIDIbox/mios32/trunk/mios32/STM32F4xx/mios32_usb_midi.o
LOAD project_build//data/Hardware/MIDIbox/mios32/trunk/mios32/STM32F4xx/mios32_usb_com.o
LOAD project_build//data/Hardware/MIDIbox/mios32/trunk/mios32/STM32F4xx/mios32_uart.o
LOAD project_build//data/Hardware/MIDIbox/mios32/trunk/mios32/STM32F4xx/mios32_iic.o
LOAD project_build//data/Hardware/MIDIbox/mios32/trunk/mios32/common/printf-stdarg.o
LOAD project_build//data/Hardware/MIDIbox/mios32/trunk/drivers/STM32F4xx/v1.1.0/STM32F4xx_StdPeriph_Driver/src/misc.o
LOAD project_build//data/Hardware/MIDIbox/mios32/trunk/drivers/STM32F4xx/v1.1.0/STM32F4xx_StdPeriph_Driver/src/stm32f4xx_adc.o
LOAD project_build//data/Hardware/MIDIbox/mios32/trunk/drivers/STM32F4xx/v1.1.0/STM32F4xx_StdPeriph_Driver/src/stm32f4xx_can.o
LOAD project_build//data/Hardware/MIDIbox/mios32/trunk/drivers/STM32F4xx/v1.1.0/STM32F4xx_StdPeriph_Driver/src/stm32f4xx_crc.o
LOAD project_build//data/Hardware/MIDIbox/mios32/trunk/drivers/STM32F4xx/v1.1.0/STM32F4xx_StdPeriph_Driver/src/stm32f4xx_cryp.o
LOAD project_build//data/Hardware/MIDIbox/mios32/trunk/drivers/STM32F4xx/v1.1.0/STM32F4xx_StdPeriph_Driver/src/stm32f4xx_cryp_aes.o
LOAD project_build//data/Hardware/MIDIbox/mios32/trunk/drivers/STM32F4xx/v1.1.0/STM32F4xx_StdPeriph_Driver/src/stm32f4xx_cryp_des.o
LOAD project_build//data/Hardware/MIDIbox/mios32/trunk/drivers/STM32F4xx/v1.1.0/STM32F4xx_StdPeriph_Driver/src/stm32f4xx_cryp_tdes.o
LOAD project_build//data/Hardware/MIDIbox/mios32/trunk/drivers/STM32F4xx/v1.1.0/STM32F4xx_StdPeriph_Driver/src/stm32f4xx_dac.o
LOAD project_build//data/Hardware/MIDIbox/mios32/trunk/drivers/STM32F4xx/v1.1.0/STM32F4xx_StdPeriph_Driver/src/stm32f4xx_dbgmcu.o
LOAD project_build//data/Hardware/MIDIbox/mios32/trunk/drivers/STM32F4xx/v1.1.0/STM32F4xx_StdPeriph_Driver/src/stm32f4xx_dcmi.o
LOAD project_build//data/Hardware/MIDIbox/mios32/trunk/drivers/STM32F4xx/v1.1.0/STM32F4xx_StdPeriph_Driver/src/stm32f4xx_dma.o
LOAD project_build//data/Hardware/MIDIbox/mios32/trunk/drivers/STM32F4xx/v1.1.0/STM32F4xx_StdPeriph_Driver/src/stm32f4xx_exti.o
LOAD project_build//data/Hardware/MIDIbox/mios32/trunk/drivers/STM32F4xx/v1.1.0/STM32F4xx_StdPeriph_Driver/src/stm32f4xx_flash.o
LOAD project_build//data/Hardware/MIDIbox/mios32/trunk/drivers/STM32F4xx/v1.1.0/STM32F4xx_StdPeriph_Driver/src/stm32f4xx_fsmc.o
LOAD project_build//data/Hardware/MIDIbox/mios32/trunk/drivers/STM32F4xx/v1.1.0/STM32F4xx_StdPeriph_Driver/src/stm32f4xx_gpio.o
LOAD project_build//data/Hardware/MIDIbox/mios32/trunk/drivers/STM32F4xx/v1.1.0/STM32F4xx_StdPeriph_Driver/src/stm32f4xx_hash.o
LOAD project_build//data/Hardware/MIDIbox/mios32/trunk/drivers/STM32F4xx/v1.1.0/STM32F4xx_StdPeriph_Driver/src/stm32f4xx_hash_md5.o
LOAD project_build//data/Hardware/MIDIbox/mios32/trunk/drivers/STM32F4xx/v1.1.0/STM32F4xx_StdPeriph_Driver/src/stm32f4xx_hash_sha1.o
LOAD project_build//data/Hardware/MIDIbox/mios32/trunk/drivers/STM32F4xx/v1.1.0/STM32F4xx_StdPeriph_Driver/src/stm32f4xx_i2c.o
LOAD project_build//data/Hardware/MIDIbox/mios32/trunk/drivers/STM32F4xx/v1.1.0/STM32F4xx_StdPeriph_Driver/src/stm32f4xx_iwdg.o
LOAD project_build//data/Hardware/MIDIbox/mios32/trunk/drivers/STM32F4xx/v1.1.0/STM32F4xx_StdPeriph_Driver/src/stm32f4xx_pwr.o
LOAD project_build//data/Hardware/MIDIbox/mios32/trunk/drivers/STM32F4xx/v1.1.0/STM32F4xx_StdPeriph_Driver/src/stm32f4xx_rcc.o
LOAD project_build//data/Hardware/MIDIbox/mios32/trunk/drivers/STM32F4xx/v1.1.0/STM32F4xx_StdPeriph_Driver/src/stm32f4xx_rng.o
LOAD project_build//data/Hardware/MIDIbox/mios32/trunk/drivers/STM32F4xx/v1.1.0/STM32F4xx_StdPeriph_Driver/src/stm32f4xx_rtc.o
LOAD project_build//data/Hardware/MIDIbox/mios32/trunk/drivers/STM32F4xx/v1.1.0/STM32F4xx_StdPeriph_Driver/src/stm32f4xx_sdio.o
LOAD project_build//data/Hardware/MIDIbox/mios32/trunk/drivers/STM32F4xx/v1.1.0/STM32F4xx_StdPeriph_Driver/src/stm32f4xx_spi.o
LOAD project_build//data/Hardware/MIDIbox/mios32/trunk/drivers/STM32F4xx/v1.1.0/STM32F4xx_StdPeriph_Driver/src/stm32f4xx_syscfg.o
LOAD project_build//data/Hardware/MIDIbox/mios32/trunk/drivers/STM32F4xx/v1.1.0/STM32F4xx_StdPeriph_Driver/src/stm32f4xx_tim.o
LOAD project_build//data/Hardware/MIDIbox/mios32/trunk/drivers/STM32F4xx/v1.1.0/STM32F4xx_StdPeriph_Driver/src/stm32f4xx_usart.o
LOAD project_build//data/Hardware/MIDIbox/mios32/trunk/drivers/STM32F4xx/v1.1.0/STM32F4xx_StdPeriph_Driver/src/stm32f4xx_wwdg.o
LOAD project_build//data/Hardware/MIDIbox/mios32/trunk/drivers/STM32F4xx/v1.1.0/STM32_USB_Device_Library/Core/src/usbd_core.o
LOAD project_build//data/Hardware/MIDIbox/mios32/trunk/drivers/STM32F4xx/v1.1.0/STM32_USB_Device_Library/Core/src/usbd_ioreq.o
LOAD project_build//data/Hardware/MIDIbox/mios32/trunk/drivers/STM32F4xx/v1.1.0/STM32_USB_Device_Library/Core/src/usbd_req.o
LOAD project_build//data/Hardware/MIDIbox/mios32/trunk/drivers/STM32F4xx/v1.1.0/STM32_USB_HOST_Library/Core/src/usbh_core.o
LOAD project_build//data/Hardware/MIDIbox/mios32/trunk/drivers/STM32F4xx/v1.1.0/STM32_USB_HOST_Library/Core/src/usbh_hcs.o
LOAD project_build//data/Hardware/MIDIbox/mios32/trunk/drivers/STM32F4xx/v1.1.0/STM32_USB_HOST_Library/Core/src/usbh_ioreq.o
LOAD project_build//data/Hardware/MIDIbox/mios32/trunk/drivers/STM32F4xx/v1.1.0/STM32_USB_HOST_Library/Core/src/usbh_stdreq.o
LOAD project_build//data/Hardware/MIDIbox/mios32/trunk/drivers/STM32F4xx/v1.1.0/STM32_USB_OTG_Driver/src/usb_core.o
LOAD project_build//data/Hardware/MIDIbox/mios32/trunk/drivers/STM32F4xx/v1.1.0/STM32_USB_OTG_Driver/src/usb_dcd.o
LOAD project_build//data/Hardware/MIDIbox/mios32/trunk/drivers/STM32F4xx/v1.1.0/STM32_USB_OTG_Driver/src/usb_dcd_int.o
LOAD project_build//data/Hardware/MIDIbox/mios32/trunk/drivers/STM32F4xx/v1.1.0/STM32_USB_OTG_Driver/src/usb_hcd.o
LOAD project_build//data/Hardware/MIDIbox/mios32/trunk/drivers/STM32F4xx/v1.1.0/STM32_USB_OTG_Driver/src/usb_hcd_int.o
LOAD project_build//data/Hardware/MIDIbox/mios32/trunk/drivers/STM32F4xx/v1.1.0/STM32_USB_OTG_Driver/src/usb_otg.o
LOAD project_build//data/Hardware/MIDIbox/mios32/trunk/modules/app_lcd/universal/app_lcd.o
LOAD project_build//data/Hardware/MIDIbox/mios32/trunk/modules/glcd_font/glcd_font_normal.o
LOAD project_build//data/Hardware/MIDIbox/mios32/trunk/modules/glcd_font/glcd_font_normal_inv.o
LOAD project_build//data/Hardware/MIDIbox/mios32/trunk/modules/glcd_font/glcd_font_big.o
LOAD project_build//data/Hardware/MIDIbox/mios32/trunk/modules/glcd_font/glcd_font_small.o
LOAD project_build//data/Hardware/MIDIbox/mios32/trunk/modules/glcd_font/glcd_font_tiny.o
LOAD project_build//data/Hardware/MIDIbox/mios32/trunk/modules/glcd_font/glcd_font_knob_icons.o
LOAD project_build//data/Hardware/MIDIbox/mios32/trunk/modules/glcd_font/glcd_font_meter_icons_h.o
LOAD project_build//data/Hardware/MIDIbox/mios32/trunk/modules/glcd_font/glcd_font_meter_icons_v.o
LOAD project_build//data/Hardware/MIDIbox/mios32/trunk/modules/midi_router/midi_router.o
LOAD project_build//data/Hardware/MIDIbox/mios32/trunk/modules/midi_router/midi_port.o
LOAD project_build//data/Hardware/MIDIbox/mios32/trunk/modules/midimon/midimon.o
LOAD project_build//data/Hardware/MIDIbox/mios32/trunk/modules/uip/uip/uip.o
LOAD project_build//data/Hardware/MIDIbox/mios32/trunk/modules/uip/uip/uip_arp.o
LOAD project_build//data/Hardware/MIDIbox/mios32/trunk/modules/uip/uip/uiplib.o
LOAD project_build//data/Hardware/MIDIbox/mios32/trunk/modules/uip/uip/psock.o
LOAD project_build//data/Hardware/MIDIbox/mios32/trunk/modules/uip/uip/timer.o
LOAD project_build//data/Hardware/MIDIbox/mios32/trunk/modules/uip/uip/uip-neighbor.o
LOAD project_build//data/Hardware/MIDIbox/mios32/trunk/modules/uip/lib/memb.o
LOAD project_build//data/Hardware/MIDIbox/mios32/trunk/modules/uip/mios32/clock-arch.o
LOAD project_build//data/Hardware/MIDIbox/mios32/trunk/modules/uip/mios32/STM32F4xx/network-device.o
LOAD project_build//data/Hardware/MIDIbox/mios32/trunk/modules/uip_task_standard/uip_task.o
LOAD project_build//data/Hardware/MIDIbox/mios32/trunk/modules/uip_task_standard/dhcpc.o
LOAD project_build//data/Hardware/MIDIbox/mios32/trunk/modules/uip_task_standard/osc_server.o
LOAD project_build//data/Hardware/MIDIbox/mios32/trunk/modules/uip_task_standard/osc_client.o
LOAD project_build//data/Hardware/MIDIbox/mios32/trunk/modules/uip_task_standard/uip_terminal.o
LOAD project_build//data/Hardware/MIDIbox/mios32/trunk/modules/freertos_utils/freertos_utils.o
LOAD project_build//data/Hardware/MIDIbox/mios32/trunk/modules/keyboard/keyboard.o
LOAD project_build//data/Hardware/MIDIbox/mios32/trunk/modules/ainser/ainser.o
LOAD project_build//data/Hardware/MIDIbox/mios32/trunk/modules/aout/aout.o
LOAD project_build//data/Hardware/MIDIbox/mios32/trunk/modules/max72xx/max72xx.o
LOAD project_build//data/Hardware/MIDIbox/mios32/trunk/modules/notestack/notestack.o
LOAD project_build//data/Hardware/MIDIbox/mios32/trunk/modules/fatfs/src/diskio.o
LOAD project_build//data/Hardware/MIDIbox/mios32/trunk/modules/fatfs/src/option/ccsbcs.o
LOAD project_build//data/Hardware/MIDIbox/mios32/trunk/modules/fatfs/src/ff.o
LOAD project_build//data/Hardware/MIDIbox/mios32/trunk/modules/file/file.o
LOAD project_build//data/Hardware/MIDIbox/mios32/trunk/modules/md5/md5.o
LOAD project_build//data/Hardware/MIDIbox/mios32/trunk/modules/sequencer/seq_bpm.o
LOAD project_build//data/Hardware/MIDIbox/mios32/trunk/modules/sequencer/seq_midi_out.o
LOAD project_build//data/Hardware/MIDIbox/mios32/trunk/modules/msd/STM32F4xx/msd.o
LOAD project_build//data/Hardware/MIDIbox/mios32/trunk/modules/random/jsw_rand.o
LOAD project_build//data/Hardware/MIDIbox/mios32/trunk/modules/opl3/opl3.o
LOAD project_build//data/Hardware/MIDIbox/mios32/trunk/programming_models/traditional/mini_cpp.o
LOAD project_build//data/Hardware/MIDIbox/mios32/trunk/programming_models/traditional/freertos_heap.o
LOAD /usr/local/etc/mios32_toolchain/bin/../lib/gcc/arm-none-eabi/4.7.4/../../../../arm-none-eabi/lib/armv7e-m/libstdc++_s.a
START GROUP
LOAD /usr/local/etc/mios32_toolchain/bin/../lib/gcc/arm-none-eabi/4.7.4/armv7e-m/libgcc.a
LOAD /usr/local/etc/mios32_toolchain/bin/../lib/gcc/arm-none-eabi/4.7.4/../../../../arm-none-eabi/lib/armv7e-m/libc_s.a
END GROUP
                0x20020000                _estack = 0x20020000
                0x00000080                __Stack_Size = 0x80
                0x00000080                PROVIDE (_Stack_Size, __Stack_Size)
                0x2001ff80                __Stack_Init = (_estack - __Stack_Size)
                0x2001ff80                PROVIDE (_Stack_Init, __Stack_Init)
                0x00000100                _Minimum_Stack_Size = 0x100
                0x42000000                PERIPH_BB_BASE = 0x42000000
                0x22000000                SRAM_BB_BASE = 0x22000000
                0x20000000                SRAM_BASE = 0x20000000
                0x40000000                PERIPH_BASE = 0x40000000
                0x40022000                PROVIDE (FLASH_BASE, 0x40022000)
                0x1ffff800                PROVIDE (OB_BASE, 0x1ffff800)
                0x40000000                APB1PERIPH_BASE = PERIPH_BASE
                0x40010000                APB2PERIPH_BASE = (PERIPH_BASE + 0x10000)
                0x40020000                AHBPERIPH_BASE = (PERIPH_BASE + 0x20000)
                0x40000000                PROVIDE (TIM2, (APB1PERIPH_BASE + 0x0))
                0x40000400                PROVIDE (TIM3, (APB1PERIPH_BASE + 0x400))
                0x40000800                PROVIDE (TIM4, (APB1PERIPH_BASE + 0x800))
                0x40002800                PROVIDE (RTC, (APB1PERIPH_BASE + 0x2800))
                0x40002c00                PROVIDE (WWDG, (APB1PERIPH_BASE + 0x2c00))
                0x40003000                PROVIDE (IWDG, (APB1PERIPH_BASE + 0x3000))
                0x40003800                PROVIDE (SPI2, (APB1PERIPH_BASE + 0x3800))
                0x40004400                PROVIDE (USART2, (APB1PERIPH_BASE + 0x4400))
                0x40004800                PROVIDE (USART3, (APB1PERIPH_BASE + 0x4800))
                0x40005400                PROVIDE (I2C1, (APB1PERIPH_BASE + 0x5400))
                0x40005800                PROVIDE (I2C2, (APB1PERIPH_BASE + 0x5800))
                0x40006400                PROVIDE (CAN, (APB1PERIPH_BASE + 0x6400))
                0x40006c00                PROVIDE (BKP, (APB1PERIPH_BASE + 0x6c00))
                0x40007000                PROVIDE (PWR, (APB1PERIPH_BASE + 0x7000))
                0x40010000                PROVIDE (AFIO, (APB2PERIPH_BASE + 0x0))
                0x40010400                PROVIDE (EXTI, (APB2PERIPH_BASE + 0x400))
                0x40010800                PROVIDE (GPIOA, (APB2PERIPH_BASE + 0x800))
                0x40010c00                PROVIDE (GPIOB, (APB2PERIPH_BASE + 0xc00))
                0x40011000                PROVIDE (GPIOC, (APB2PERIPH_BASE + 0x1000))
                0x40011400                PROVIDE (GPIOD, (APB2PERIPH_BASE + 0x1400))
                0x40011800                PROVIDE (GPIOE, (APB2PERIPH_BASE + 0x1800))
                0x40012400                PROVIDE (ADC1, (APB2PERIPH_BASE + 0x2400))
                0x40012800                PROVIDE (ADC2, (APB2PERIPH_BASE + 0x2800))
                0x40012c00                PROVIDE (TIM1, (APB2PERIPH_BASE + 0x2c00))
                0x40013000                PROVIDE (SPI1, (APB2PERIPH_BASE + 0x3000))
                0x40013800                PROVIDE (USART1, (APB2PERIPH_BASE + 0x3800))
                0x40020000                PROVIDE (DMA, (AHBPERIPH_BASE + 0x0))
                0x40020008                PROVIDE (DMA_Channel1, (AHBPERIPH_BASE + 0x8))
                0x4002001c                PROVIDE (DMA_Channel2, (AHBPERIPH_BASE + 0x1c))
                0x40020030                PROVIDE (DMA_Channel3, (AHBPERIPH_BASE + 0x30))
                0x40020044                PROVIDE (DMA_Channel4, (AHBPERIPH_BASE + 0x44))
                0x40020058                PROVIDE (DMA_Channel5, (AHBPERIPH_BASE + 0x58))
                0x4002006c                PROVIDE (DMA_Channel6, (AHBPERIPH_BASE + 0x6c))
                0x40020080                PROVIDE (DMA_Channel7, (AHBPERIPH_BASE + 0x80))
                0x40021000                PROVIDE (RCC, (AHBPERIPH_BASE + 0x1000))
                0xe000e000                SCS_BASE = 0xe000e000
                0xe000e010                PROVIDE (SysTick, (SCS_BASE + 0x10))
                0xe000e100                PROVIDE (NVIC, (SCS_BASE + 0x100))
                0xe000ed00                PROVIDE (SCB, (SCS_BASE + 0xd00))

.mios32_bsl     0x08000000     0x4000
                0x08000000                . = ALIGN (0x4)
 *(.mios32_bsl)
 .mios32_bsl    0x08000000     0x4000 project_build//data/Hardware/MIDIbox/mios32/trunk/mios32/STM32F4xx/mios32_bsl.o
                0x08000000                mios32_bsl_image
                0x08004000                . = ALIGN (0x4)

.isr_vector     0x08004000      0x188
                0x08004000                _mios32_sys_isr_vector = .
                0x08004000                . = ALIGN (0x4)
 *(.isr_vector)
 .isr_vector    0x08004000      0x188 project_build//data/Hardware/MIDIbox/mios32/trunk/programming_models/traditional/startup_stm32f4xx.o
                0x08004000                g_pfnVectors
                0x08004188                . = ALIGN (0x4)
                0x08004000                PROVIDE (mios32_sys_isr_vector, _mios32_sys_isr_vector)

.flashtext      0x08010000        0x0
                0x08010000                . = ALIGN (0x4)
 *(.flashtext)
                0x08010000                . = ALIGN (0x4)

.text           0x08010000    0x3306c
                0x08010000                . = ALIGN (0x4)
 CREATE_OBJECT_SYMBOLS
 *(.text .text.* .gnu.linkonce.t.*)
 .text.APP_SRIO_ServiceFinish
                0x08010000       0x20 project_build/src/app.o
                0x08010000                APP_SRIO_ServiceFinish
 .text.APP_SYSEX_Parser
                0x08010020       0x26 project_build/src/app.o
                0x08010020                APP_SYSEX_Parser
 *fill*         0x08010046        0x2 00
 .text.APP_AINSER_NotifyChange
                0x08010048       0x14 project_build/src/app.o
 .text.NOTIFY_MIDI_TimeOut
                0x0801005c        0xa project_build/src/app.o
 .text.NOTIFY_MIDI_Tx
                0x08010066        0x4 project_build/src/app.o
 .text.NOTIFY_MIDI_Rx
                0x0801006a       0x16 project_build/src/app.o
 .text.APP_Init
                0x08010080      0x148 project_build/src/app.o
                0x08010080                APP_Init
 .text.APP_Background
                0x080101c8      0x214 project_build/src/app.o
                0x080101c8                APP_Background
 .text.APP_Tick
                0x080103dc       0x40 project_build/src/app.o
                0x080103dc                APP_Tick
 .text.APP_MIDI_Tick
                0x0801041c        0x4 project_build/src/app.o
                0x0801041c                APP_MIDI_Tick
 .text.APP_MIDI_NotifyPackage
                0x08010420       0x68 project_build/src/app.o
                0x08010420                APP_MIDI_NotifyPackage
 .text.APP_SRIO_ServiceFinishBeforeDINCompare
                0x08010488       0x74 project_build/src/app.o
                0x08010488                APP_SRIO_ServiceFinishBeforeDINCompare
 .text.APP_DIN_NotifyToggle
                0x080104fc       0x10 project_build/src/app.o
                0x080104fc                APP_DIN_NotifyToggle
 .text.APP_ENC_NotifyChange
                0x0801050c        0x6 project_build/src/app.o
                0x0801050c                APP_ENC_NotifyChange
 *fill*         0x08010512        0x2 00
 .text.APP_AIN_NotifyChange
                0x08010514       0x14 project_build/src/app.o
                0x08010514                APP_AIN_NotifyChange
 .text.TASK_MSD_EnableSet
                0x08010528       0x30 project_build/src/app.o
                0x08010528                TASK_MSD_EnableSet
 .text.TASK_MSD_EnableGet
                0x08010558       0x14 project_build/src/app.o
                0x08010558                TASK_MSD_EnableGet
 .text.APP_J16SemaphoreTake
                0x0801056c       0x28 project_build/src/app.o
                0x0801056c                APP_J16SemaphoreTake
 .text.APP_J16SemaphoreGive
                0x08010594       0x1c project_build/src/app.o
                0x08010594                APP_J16SemaphoreGive
 .text.APP_MUTEX_MIDIOUT_Take
                0x080105b0       0x1c project_build/src/app.o
                0x080105b0                APP_MUTEX_MIDIOUT_Take
 .text.APP_MUTEX_MIDIOUT_Give
                0x080105cc       0x10 project_build/src/app.o
                0x080105cc                APP_MUTEX_MIDIOUT_Give
 .text.APP_MUTEX_MIDIIN_Take
                0x080105dc       0x18 project_build/src/app.o
                0x080105dc                APP_MUTEX_MIDIIN_Take
 .text.APP_MUTEX_MIDIIN_Give
                0x080105f4        0xc project_build/src/app.o
                0x080105f4                APP_MUTEX_MIDIIN_Give
 .text.MBNG_SYSEX_Init
                0x08010600       0x1c project_build/src/mbng_sysex.o
                0x08010600                MBNG_SYSEX_Init
 .text.MBNG_SYSEX_SendAck
                0x0801061c       0x38 project_build/src/mbng_sysex.o
                0x0801061c                MBNG_SYSEX_SendAck
 .text.MBNG_SYSEX_Cmd.isra.2
                0x08010654       0x44 project_build/src/mbng_sysex.o
 .text.MBNG_SYSEX_TimeOut
                0x08010698       0x30 project_build/src/mbng_sysex.o
                0x08010698                MBNG_SYSEX_TimeOut
 .text.MBNG_SYSEX_Parser
                0x080106c8       0xa4 project_build/src/mbng_sysex.o
                0x080106c8                MBNG_SYSEX_Parser
 .text.MBNG_PATCH_Init
                0x0801076c      0x1e8 project_build/src/mbng_patch.o
                0x0801076c                MBNG_PATCH_Init
 .text.MBNG_PATCH_Load
                0x08010954       0x4c project_build/src/mbng_patch.o
                0x08010954                MBNG_PATCH_Load
 .text.MBNG_PATCH_Store
                0x080109a0       0x28 project_build/src/mbng_patch.o
                0x080109a0                MBNG_PATCH_Store
 .text.MBNG_EVENT_ItemCopy2User
                0x080109c8      0x154 project_build/src/mbng_event.o
 .text.MBNG_EVENT_LCMeters_Update
                0x08010b1c       0x60 project_build/src/mbng_event.o
 .text.MBNG_EVENT_ItemCalcPoolItemLen
                0x08010b7c       0x70 project_build/src/mbng_event.o
 .text.MBNG_EVENT_ItemCopy2Pool
                0x08010bec      0x1ae project_build/src/mbng_event.o
 *fill*         0x08010d9a        0x2 00
 .text.MBNG_EVENT_Tick
                0x08010d9c       0x9c project_build/src/mbng_event.o
                0x08010d9c                MBNG_EVENT_Tick
 .text.MBNG_EVENT_PoolClear
                0x08010e38       0x40 project_build/src/mbng_event.o
                0x08010e38                MBNG_EVENT_PoolClear
 .text.MBNG_EVENT_PoolUpdate
                0x08010e78       0x5c project_build/src/mbng_event.o
                0x08010e78                MBNG_EVENT_PoolUpdate
 .text.MBNG_EVENT_PoolPrint
                0x08010ed4       0x14 project_build/src/mbng_event.o
                0x08010ed4                MBNG_EVENT_PoolPrint
 .text.MBNG_EVENT_PoolMapsPrint
                0x08010ee8       0x98 project_build/src/mbng_event.o
                0x08010ee8                MBNG_EVENT_PoolMapsPrint
 .text.MBNG_EVENT_PoolNumItemsGet
                0x08010f80        0xc project_build/src/mbng_event.o
                0x08010f80                MBNG_EVENT_PoolNumItemsGet
 .text.MBNG_EVENT_PoolNumMapsGet
                0x08010f8c        0xc project_build/src/mbng_event.o
                0x08010f8c                MBNG_EVENT_PoolNumMapsGet
 .text.MBNG_EVENT_PoolSizeGet
                0x08010f98        0xc project_build/src/mbng_event.o
                0x08010f98                MBNG_EVENT_PoolSizeGet
 .text.MBNG_EVENT_PoolMaxSizeGet
                0x08010fa4        0x6 project_build/src/mbng_event.o
                0x08010fa4                MBNG_EVENT_PoolMaxSizeGet
 *fill*         0x08010faa        0x2 00
 .text.MBNG_EVENT_MapAdd
                0x08010fac       0x4c project_build/src/mbng_event.o
                0x08010fac                MBNG_EVENT_MapAdd
 .text.MBNG_EVENT_MapGet
                0x08010ff8       0x40 project_build/src/mbng_event.o
                0x08010ff8                MBNG_EVENT_MapGet
 .text.MBNG_EVENT_MapIxGet
                0x08011038       0x32 project_build/src/mbng_event.o
                0x08011038                MBNG_EVENT_MapIxGet
 *fill*         0x0801106a        0x2 00
 .text.MBNG_EVENT_SelectedBankGet
                0x0801106c        0xc project_build/src/mbng_event.o
                0x0801106c                MBNG_EVENT_SelectedBankGet
 .text.MBNG_EVENT_HwIdBankGet
                0x08011078       0x40 project_build/src/mbng_event.o
                0x08011078                MBNG_EVENT_HwIdBankGet
 .text.MBNG_EVENT_ItemNoDumpDefault
                0x080110b8       0x5e project_build/src/mbng_event.o
                0x080110b8                MBNG_EVENT_ItemNoDumpDefault
 .text.MBNG_EVENT_ItemInit
                0x08011116       0x9a project_build/src/mbng_event.o
                0x08011116                MBNG_EVENT_ItemInit
 .text.MBNG_EVENT_ItemGet
                0x080111b0       0x34 project_build/src/mbng_event.o
                0x080111b0                MBNG_EVENT_ItemGet
 .text.MBNG_EVENT_ItemAdd
                0x080111e4       0x7c project_build/src/mbng_event.o
                0x080111e4                MBNG_EVENT_ItemAdd
 .text.MBNG_EVENT_ItemModify
                0x08011260       0xdc project_build/src/mbng_event.o
                0x08011260                MBNG_EVENT_ItemModify
 .text.MBNG_EVENT_ItemSearchById
                0x0801133c       0x60 project_build/src/mbng_event.o
                0x0801133c                MBNG_EVENT_ItemSearchById
 .text.MBNG_EVENT_ItemSearchByHwId
                0x0801139c       0x68 project_build/src/mbng_event.o
                0x0801139c                MBNG_EVENT_ItemSearchByHwId
 .text.MBNG_EVENT_ItemRetrieveValues
                0x08011404       0x54 project_build/src/mbng_event.o
                0x08011404                MBNG_EVENT_ItemRetrieveValues
 .text.MBNG_EVENT_ItemCopyValueToPool
                0x08011458       0x2c project_build/src/mbng_event.o
                0x08011458                MBNG_EVENT_ItemCopyValueToPool
 .text.MBNG_EVENT_ItemSetLock
                0x08011484       0x18 project_build/src/mbng_event.o
                0x08011484                MBNG_EVENT_ItemSetLock
 .text.MBNG_EVENT_ItemCheckMatchingCondition
                0x0801149c       0xbc project_build/src/mbng_event.o
                0x0801149c                MBNG_EVENT_ItemCheckMatchingCondition
 .text.MBNG_EVENT_LCMeters_Init
                0x08011558       0x28 project_build/src/mbng_event.o
                0x08011558                MBNG_EVENT_LCMeters_Init
 .text.MBNG_EVENT_MidiLearnModeSet
                0x08011580       0x50 project_build/src/mbng_event.o
                0x08011580                MBNG_EVENT_MidiLearnModeSet
 .text.MBNG_EVENT_Init
                0x080115d0      0x1bc project_build/src/mbng_event.o
                0x080115d0                MBNG_EVENT_Init
 .text.MBNG_EVENT_ItemControllerStrGet
                0x0801178c       0xc0 project_build/src/mbng_event.o
                0x0801178c                MBNG_EVENT_ItemControllerStrGet
 .text.MBNG_EVENT_MidiLearnIt
                0x0801184c      0x2ec project_build/src/mbng_event.o
                0x0801184c                MBNG_EVENT_MidiLearnIt
 .text.MBNG_EVENT_ItemIdFromControllerStrGet
                0x08011b38      0x10c project_build/src/mbng_event.o
                0x08011b38                MBNG_EVENT_ItemIdFromControllerStrGet
 .text.MBNG_EVENT_ItemTypeStrGet
                0x08011c44       0x20 project_build/src/mbng_event.o
                0x08011c44                MBNG_EVENT_ItemTypeStrGet
 .text.MBNG_EVENT_ItemTypeFromStrGet
                0x08011c64       0xf0 project_build/src/mbng_event.o
                0x08011c64                MBNG_EVENT_ItemTypeFromStrGet
 .text.MBNG_EVENT_ItemConditionStrGet
                0x08011d54       0x20 project_build/src/mbng_event.o
                0x08011d54                MBNG_EVENT_ItemConditionStrGet
 .text.MBNG_EVENT_ItemConditionFromStrGet
                0x08011d74       0x98 project_build/src/mbng_event.o
                0x08011d74                MBNG_EVENT_ItemConditionFromStrGet
 .text.MBNG_EVENT_ItemButtonModeStrGet
                0x08011e0c       0x24 project_build/src/mbng_event.o
                0x08011e0c                MBNG_EVENT_ItemButtonModeStrGet
 .text.MBNG_EVENT_ItemButtonModeFromStrGet
                0x08011e30       0x3c project_build/src/mbng_event.o
                0x08011e30                MBNG_EVENT_ItemButtonModeFromStrGet
 .text.MBNG_EVENT_ItemAinModeStrGet
                0x08011e6c       0x24 project_build/src/mbng_event.o
                0x08011e6c                MBNG_EVENT_ItemAinModeStrGet
 .text.MBNG_EVENT_ItemAinModeFromStrGet
                0x08011e90       0x60 project_build/src/mbng_event.o
                0x08011e90                MBNG_EVENT_ItemAinModeFromStrGet
 .text.MBNG_EVENT_ItemAinSensorModeStrGet
                0x08011ef0       0x1c project_build/src/mbng_event.o
                0x08011ef0                MBNG_EVENT_ItemAinSensorModeStrGet
 .text.MBNG_EVENT_ItemAinSensorModeFromStrGet
                0x08011f0c       0x28 project_build/src/mbng_event.o
                0x08011f0c                MBNG_EVENT_ItemAinSensorModeFromStrGet
 .text.MBNG_EVENT_ItemEncModeStrGet
                0x08011f34       0x1c project_build/src/mbng_event.o
                0x08011f34                MBNG_EVENT_ItemEncModeStrGet
 .text.MBNG_EVENT_ItemEncModeFromStrGet
                0x08011f50       0x84 project_build/src/mbng_event.o
                0x08011f50                MBNG_EVENT_ItemEncModeFromStrGet
 .text.MBNG_EVENT_ItemEncSpeedModeStrGet
                0x08011fd4       0x24 project_build/src/mbng_event.o
                0x08011fd4                MBNG_EVENT_ItemEncSpeedModeStrGet
 .text.MBNG_EVENT_ItemEncSpeedModeFromStrGet
                0x08011ff8       0x50 project_build/src/mbng_event.o
                0x08011ff8                MBNG_EVENT_ItemEncSpeedModeFromStrGet
 .text.MBNG_EVENT_ItemLedMatrixPatternStrGet
                0x08012048       0x24 project_build/src/mbng_event.o
                0x08012048                MBNG_EVENT_ItemLedMatrixPatternStrGet
 .text.MBNG_EVENT_ItemLedMatrixPatternFromStrGet
                0x0801206c       0xf0 project_build/src/mbng_event.o
                0x0801206c                MBNG_EVENT_ItemLedMatrixPatternFromStrGet
 .text.MBNG_EVENT_ItemNrpnFormatStrGet
                0x0801215c       0x28 project_build/src/mbng_event.o
                0x0801215c                MBNG_EVENT_ItemNrpnFormatStrGet
 .text.MBNG_EVENT_ItemNrpnFormatFromStrGet
                0x08012184       0x3c project_build/src/mbng_event.o
                0x08012184                MBNG_EVENT_ItemNrpnFormatFromStrGet
 .text.MBNG_EVENT_ItemSysExVarStrGet
                0x080121c0       0x28 project_build/src/mbng_event.o
                0x080121c0                MBNG_EVENT_ItemSysExVarStrGet
 .text.MBNG_EVENT_ItemSysExVarFromStrGet
                0x080121e8      0x1a4 project_build/src/mbng_event.o
                0x080121e8                MBNG_EVENT_ItemSysExVarFromStrGet
 .text.MBNG_EVENT_ItemMetaTypeStrGet
                0x0801238c       0x1c project_build/src/mbng_event.o
                0x0801238c                MBNG_EVENT_ItemMetaTypeStrGet
 .text.MBNG_EVENT_ItemMetaTypeFromStrGet
                0x080123a8      0x31c project_build/src/mbng_event.o
                0x080123a8                MBNG_EVENT_ItemMetaTypeFromStrGet
 .text.MBNG_EVENT_ItemMetaNumBytesGet
                0x080126c4       0x18 project_build/src/mbng_event.o
                0x080126c4                MBNG_EVENT_ItemMetaNumBytesGet
 .text.MBNG_EVENT_ItemMBFMTypeStrGet
                0x080126dc       0x1c project_build/src/mbng_event.o
                0x080126dc                MBNG_EVENT_ItemMBFMTypeStrGet
 .text.MBNG_EVENT_ItemMBFMTypeFromStrGet
                0x080126f8      0x8f8 project_build/src/mbng_event.o
                0x080126f8                MBNG_EVENT_ItemMBFMTypeFromStrGet
 .text.MBNG_EVENT_ItemMBFMNumBytesGet
                0x08012ff0       0x18 project_build/src/mbng_event.o
                0x08012ff0                MBNG_EVENT_ItemMBFMNumBytesGet
 .text.MBNG_EVENT_ItemPrint
                0x08013008      0x634 project_build/src/mbng_event.o
                0x08013008                MBNG_EVENT_ItemPrint
 .text.MBNG_EVENT_ItemSearchByHwIdAndPrint
                0x0801363c       0x44 project_build/src/mbng_event.o
                0x0801363c                MBNG_EVENT_ItemSearchByHwIdAndPrint
 .text.MBNG_EVENT_ItemSearchByIdAndPrint
                0x08013680       0x44 project_build/src/mbng_event.o
                0x08013680                MBNG_EVENT_ItemSearchByIdAndPrint
 .text.MBNG_EVENT_PoolItemsPrint
                0x080136c4       0x54 project_build/src/mbng_event.o
                0x080136c4                MBNG_EVENT_PoolItemsPrint
 .text.MBNG_EVENT_SendOptimizedNRPN
                0x08013718      0x148 project_build/src/mbng_event.o
                0x08013718                MBNG_EVENT_SendOptimizedNRPN
 .text.MBNG_EVENT_SendSysExStream
                0x08013860      0x194 project_build/src/mbng_event.o
                0x08013860                MBNG_EVENT_SendSysExStream
 .text.MBNG_EVENT_ExecMBFM
                0x080139f4      0x3e6 project_build/src/mbng_event.o
                0x080139f4                MBNG_EVENT_ExecMBFM
 *fill*         0x08013dda        0x2 00
 .text.MBNG_EVENT_Dump
                0x08013ddc       0x5c project_build/src/mbng_event.o
                0x08013ddc                MBNG_EVENT_Dump
 .text.MBNG_EVENT_ExecMeta
                0x08013e38      0x298 project_build/src/mbng_event.o
                0x08013e38                MBNG_EVENT_ExecMeta
 .text.MBNG_EVENT_ItemSend
                0x080140d0      0x278 project_build/src/mbng_event.o
                0x080140d0                MBNG_EVENT_ItemSend
 .text.MBNG_EVENT_ItemForwardToRadioGroup
                0x08014348      0x110 project_build/src/mbng_event.o
                0x08014348                MBNG_EVENT_ItemForwardToRadioGroup
 .text.MBNG_EVENT_ItemReceive
                0x08014458      0x270 project_build/src/mbng_event.o
                0x08014458                MBNG_EVENT_ItemReceive
 .text.MBNG_EVENT_NotifySyxDump
                0x080146c8       0x5c project_build/src/mbng_event.o
 .text.MBNG_EVENT_Refresh
                0x08014724       0x58 project_build/src/mbng_event.o
                0x08014724                MBNG_EVENT_Refresh
 .text.MBNG_EVENT_SelectedBankSet
                0x0801477c       0x54 project_build/src/mbng_event.o
                0x0801477c                MBNG_EVENT_SelectedBankSet
 .text.MBNG_EVENT_ItemSendVirtual
                0x080147d0       0x58 project_build/src/mbng_event.o
                0x080147d0                MBNG_EVENT_ItemSendVirtual
 .text.MBNG_EVENT_ItemForward
                0x08014828       0xc4 project_build/src/mbng_event.o
                0x08014828                MBNG_EVENT_ItemForward
 .text.MBNG_EVENT_ItemSetActive
                0x080148ec       0x4c project_build/src/mbng_event.o
                0x080148ec                MBNG_EVENT_ItemSetActive
 .text.MBNG_EVENT_HwIdBankSet
                0x08014938       0x70 project_build/src/mbng_event.o
                0x08014938                MBNG_EVENT_HwIdBankSet
 .text.MBNG_EVENT_NotifySendValue
                0x080149a8       0xd4 project_build/src/mbng_event.o
                0x080149a8                MBNG_EVENT_NotifySendValue
 .text.MBNG_EVENT_MIDI_NotifyPackage
                0x08014a7c      0x5b0 project_build/src/mbng_event.o
                0x08014a7c                MBNG_EVENT_MIDI_NotifyPackage
 .text.MBNG_EVENT_ReceiveSysEx
                0x0801502c      0x380 project_build/src/mbng_event.o
                0x0801502c                MBNG_EVENT_ReceiveSysEx
 .text.MBNG_EVENT_ReceiveMBFM
                0x080153ac       0x64 project_build/src/mbng_event.o
                0x080153ac                MBNG_EVENT_ReceiveMBFM
 .text.MBNG_DIN_Init
                0x08015410        0xc project_build/src/mbng_din.o
                0x08015410                MBNG_DIN_Init
 .text.MBNG_DIN_NotifyToggle
                0x0801541c      0x15c project_build/src/mbng_din.o
                0x0801541c                MBNG_DIN_NotifyToggle
 .text.MBNG_DIN_NotifyReceivedValue
                0x08015578       0x28 project_build/src/mbng_din.o
                0x08015578                MBNG_DIN_NotifyReceivedValue
 .text.MBNG_DOUT_Init
                0x080155a0       0x20 project_build/src/mbng_dout.o
                0x080155a0                MBNG_DOUT_Init
 .text.MBNG_DOUT_NotifyReceivedValue
                0x080155c0      0x1d4 project_build/src/mbng_dout.o
                0x080155c0                MBNG_DOUT_NotifyReceivedValue
 .text.MBNG_DIO_Init
                0x08015794        0xc project_build/src/mbng_dio.o
                0x08015794                MBNG_DIO_Init
 .text.MBNG_DIO_PortNameGet
                0x080157a0       0x2c project_build/src/mbng_dio.o
                0x080157a0                MBNG_DIO_PortNameGet
 .text.MBNG_DIO_PortInit
                0x080157cc       0x38 project_build/src/mbng_dio.o
                0x080157cc                MBNG_DIO_PortInit
 .text.MBNG_DIO_PortGet
                0x08015804       0x1a project_build/src/mbng_dio.o
                0x08015804                MBNG_DIO_PortGet
 .text.MBNG_DIO_PortSet
                0x0801581e       0x22 project_build/src/mbng_dio.o
                0x0801581e                MBNG_DIO_PortSet
 .text.MBNG_ENC_Init
                0x08015840       0x54 project_build/src/mbng_enc.o
                0x08015840                MBNG_ENC_Init
 .text.MBNG_ENC_FastModeSet
                0x08015894        0xc project_build/src/mbng_enc.o
                0x08015894                MBNG_ENC_FastModeSet
 .text.MBNG_ENC_AutoSpeed
                0x080158a0       0xa8 project_build/src/mbng_enc.o
                0x080158a0                MBNG_ENC_AutoSpeed
 .text.MBNG_ENC_NotifyChange
                0x08015948      0x1ac project_build/src/mbng_enc.o
                0x08015948                MBNG_ENC_NotifyChange
 .text.MBNG_ENC_NotifyReceivedValue
                0x08015af4       0x28 project_build/src/mbng_enc.o
                0x08015af4                MBNG_ENC_NotifyReceivedValue
 .text.MBNG_AIN_Init
                0x08015b1c       0x28 project_build/src/mbng_ain.o
                0x08015b1c                MBNG_AIN_Init
 .text.MBNG_AIN_HandleCalibration
                0x08015b44       0x88 project_build/src/mbng_ain.o
                0x08015b44                MBNG_AIN_HandleCalibration
 .text.MBNG_AIN_HandleAinMode
                0x08015bcc      0x1d4 project_build/src/mbng_ain.o
                0x08015bcc                MBNG_AIN_HandleAinMode
 .text.MBNG_AIN_NotifyChange
                0x08015da0      0x144 project_build/src/mbng_ain.o
                0x08015da0                MBNG_AIN_NotifyChange
 .text.MBNG_AIN_Periodic
                0x08015ee4       0x34 project_build/src/mbng_ain.o
                0x08015ee4                MBNG_AIN_Periodic
 .text.MBNG_AIN_NotifyReceivedValue
                0x08015f18       0x28 project_build/src/mbng_ain.o
                0x08015f18                MBNG_AIN_NotifyReceivedValue
 .text.MBNG_AINSER_Init
                0x08015f40        0xc project_build/src/mbng_ainser.o
                0x08015f40                MBNG_AINSER_Init
 .text.MBNG_AINSER_NotifyChange
                0x08015f4c      0x128 project_build/src/mbng_ainser.o
                0x08015f4c                MBNG_AINSER_NotifyChange
 .text.MBNG_AINSER_NotifyReceivedValue
                0x08016074       0x28 project_build/src/mbng_ainser.o
                0x08016074                MBNG_AINSER_NotifyReceivedValue
 .text.MBNG_KB_Init
                0x0801609c        0xc project_build/src/mbng_kb.o
                0x0801609c                MBNG_KB_Init
 .text.MBNG_KB_NotifyToggle
                0x080160a8      0x15c project_build/src/mbng_kb.o
                0x080160a8                MBNG_KB_NotifyToggle
 .text.MBNG_KB_NotifyReceivedValue
                0x08016204       0x28 project_build/src/mbng_kb.o
                0x08016204                MBNG_KB_NotifyReceivedValue
 .text.Hlp_DOUT_PatternTransfer
                0x0801622c      0x1d4 project_build/src/mbng_matrix.o
 .text.MBNG_MATRIX_Init
                0x08016400       0xa8 project_build/src/mbng_matrix.o
                0x08016400                MBNG_MATRIX_Init
 .text.MBNG_MATRIX_LedMatrixChanged
                0x080164a8      0x134 project_build/src/mbng_matrix.o
                0x080164a8                MBNG_MATRIX_LedMatrixChanged
 .text.MBNG_MATRIX_ButtonMatrixChanged
                0x080165dc       0xb0 project_build/src/mbng_matrix.o
                0x080165dc                MBNG_MATRIX_ButtonMatrixChanged
 .text.MBNG_MATRIX_PatternSet
                0x0801668c       0x28 project_build/src/mbng_matrix.o
                0x0801668c                MBNG_MATRIX_PatternSet
 .text.MBNG_MATRIX_PatternGet
                0x080166b4       0x20 project_build/src/mbng_matrix.o
                0x080166b4                MBNG_MATRIX_PatternGet
 .text.MBNG_MATRIX_LcMeterPatternSet
                0x080166d4       0x18 project_build/src/mbng_matrix.o
                0x080166d4                MBNG_MATRIX_LcMeterPatternSet
 .text.MBNG_MATRIX_LcMeterPatternGet
                0x080166ec       0x14 project_build/src/mbng_matrix.o
                0x080166ec                MBNG_MATRIX_LcMeterPatternGet
 .text.MBNG_MATRIX_DOUT_PinSet
                0x08016700      0x174 project_build/src/mbng_matrix.o
                0x08016700                MBNG_MATRIX_DOUT_PinSet
 .text.MBNG_MATRIX_DOUT_PatternSet
                0x08016874       0x40 project_build/src/mbng_matrix.o
                0x08016874                MBNG_MATRIX_DOUT_PatternSet
 .text.MBNG_MATRIX_DOUT_PatternSet_LC
                0x080168b4       0x40 project_build/src/mbng_matrix.o
                0x080168b4                MBNG_MATRIX_DOUT_PatternSet_LC
 .text.MBNG_MATRIX_DOUT_PatternSet_LCMeter
                0x080168f4       0x2c project_build/src/mbng_matrix.o
                0x080168f4                MBNG_MATRIX_DOUT_PatternSet_LCMeter
 .text.MBNG_MATRIX_DOUT_PatternSet_Digit
                0x08016920       0x38 project_build/src/mbng_matrix.o
                0x08016920                MBNG_MATRIX_DOUT_PatternSet_Digit
 .text.MBNG_MATRIX_GetRow
                0x08016958      0x140 project_build/src/mbng_matrix.o
                0x08016958                MBNG_MATRIX_GetRow
 .text.MBNG_MATRIX_ButtonHandler
                0x08016a98      0x180 project_build/src/mbng_matrix.o
                0x08016a98                MBNG_MATRIX_ButtonHandler
 .text.MBNG_MATRIX_MAX72xx_Update
                0x08016c18       0x94 project_build/src/mbng_matrix.o
                0x08016c18                MBNG_MATRIX_MAX72xx_Update
 .text.MBNG_MATRIX_DIN_NotifyReceivedValue
                0x08016cac       0x28 project_build/src/mbng_matrix.o
                0x08016cac                MBNG_MATRIX_DIN_NotifyReceivedValue
 .text.MBNG_MATRIX_DOUT_NotifyReceivedValue
                0x08016cd4      0x394 project_build/src/mbng_matrix.o
                0x08016cd4                MBNG_MATRIX_DOUT_NotifyReceivedValue
 .text.MBNG_CV_PinSet
                0x08017068       0x4c project_build/src/mbng_cv.o
 .text.MBNG_CV_Update
                0x080170b4        0xa project_build/src/mbng_cv.o
                0x080170b4                MBNG_CV_Update
 .text.MBNG_CV_PitchRangeSet
                0x080170be        0x4 project_build/src/mbng_cv.o
                0x080170be                MBNG_CV_PitchRangeSet
 .text.MBNG_CV_PitchSet
                0x080170c2        0x4 project_build/src/mbng_cv.o
                0x080170c2                MBNG_CV_PitchSet
 *fill*         0x080170c6        0x2 00
 .text.MBNG_CV_TransposeOctaveSet
                0x080170c8       0x28 project_build/src/mbng_cv.o
                0x080170c8                MBNG_CV_TransposeOctaveSet
 .text.MBNG_CV_TransposeSemitonesSet
                0x080170f0       0x28 project_build/src/mbng_cv.o
                0x080170f0                MBNG_CV_TransposeSemitonesSet
 .text.MBNG_CV_NotifyReceivedValue
                0x08017118      0x1a8 project_build/src/mbng_cv.o
                0x08017118                MBNG_CV_NotifyReceivedValue
 .text.MBNG_CV_ResetAllChannels
                0x080172c0       0x68 project_build/src/mbng_cv.o
                0x080172c0                MBNG_CV_ResetAllChannels
 .text.MBNG_CV_Init
                0x08017328       0x14 project_build/src/mbng_cv.o
                0x08017328                MBNG_CV_Init
 .text.MBNG_MF_Init
                0x0801733c       0x60 project_build/src/mbng_mf.o
                0x0801733c                MBNG_MF_Init
 .text.MBNG_MF_MIDI_NotifyPackage
                0x0801739c      0x254 project_build/src/mbng_mf.o
                0x0801739c                MBNG_MF_MIDI_NotifyPackage
 .text.MBNG_MF_ReceiveSysEx
                0x080175f0       0xac project_build/src/mbng_mf.o
                0x080175f0                MBNG_MF_ReceiveSysEx
 .text.MBNG_MF_NotifyReceivedValue
                0x0801769c       0xf8 project_build/src/mbng_mf.o
                0x0801769c                MBNG_MF_NotifyReceivedValue
 .text.MBNG_LCD_StreamFormattedString
                0x08017794       0x34 project_build/src/mbng_lcd.o
 .text.MBNG_LCD_Clear
                0x080177c8       0x48 project_build/src/mbng_lcd.o
                0x080177c8                MBNG_LCD_Clear
 .text.MBNG_LCD_FontInit
                0x08017810       0x9c project_build/src/mbng_lcd.o
                0x08017810                MBNG_LCD_FontInit
 .text.MBNG_LCD_FontGet
                0x080178ac        0xc project_build/src/mbng_lcd.o
                0x080178ac                MBNG_LCD_FontGet
 .text.MBNG_LCD_CursorSet
                0x080178b8      0x108 project_build/src/mbng_lcd.o
                0x080178b8                MBNG_LCD_CursorSet
 .text.MBNG_LCD_PrintChar
                0x080179c0       0xec project_build/src/mbng_lcd.o
                0x080179c0                MBNG_LCD_PrintChar
 .text.MBNG_LCD_PrintString
                0x08017aac       0x34 project_build/src/mbng_lcd.o
                0x08017aac                MBNG_LCD_PrintString
 .text.MBNG_LCD_PrintFormattedString
                0x08017ae0       0x24 project_build/src/mbng_lcd.o
                0x08017ae0                MBNG_LCD_PrintFormattedString
 .text.MBNG_LCD_ClearScreenOnNextMessage
                0x08017b04        0xc project_build/src/mbng_lcd.o
                0x08017b04                MBNG_LCD_ClearScreenOnNextMessage
 .text.MBNG_LCD_PrintItemLabel
                0x08017b10      0x730 project_build/src/mbng_lcd.o
                0x08017b10                MBNG_LCD_PrintItemLabel
 .text.MBNG_LCD_SpecialCharsInit
                0x08018240       0x64 project_build/src/mbng_lcd.o
                0x08018240                MBNG_LCD_SpecialCharsInit
 .text.MBNG_LCD_Init
                0x080182a4       0xec project_build/src/mbng_lcd.o
                0x080182a4                MBNG_LCD_Init
 .text.MBNG_LCD_SpecialCharsReInit
                0x08018390       0x10 project_build/src/mbng_lcd.o
                0x08018390                MBNG_LCD_SpecialCharsReInit
 .text.MBNG_SEQ_Reset
                0x080183a0       0x18 project_build/src/mbng_seq.o
                0x080183a0                MBNG_SEQ_Reset
 .text.MBNG_SEQ_Handler
                0x080183b8       0xa0 project_build/src/mbng_seq.o
                0x080183b8                MBNG_SEQ_Handler
 .text.MBNG_SEQ_Init
                0x08018458       0x2c project_build/src/mbng_seq.o
                0x08018458                MBNG_SEQ_Init
 .text.MBNG_SEQ_PlayButton
                0x08018484       0x28 project_build/src/mbng_seq.o
                0x08018484                MBNG_SEQ_PlayButton
 .text.MBNG_SEQ_StopButton
                0x080184ac       0x20 project_build/src/mbng_seq.o
                0x080184ac                MBNG_SEQ_StopButton
 .text.MBNG_SEQ_PauseButton
                0x080184cc       0x34 project_build/src/mbng_seq.o
                0x080184cc                MBNG_SEQ_PauseButton
 .text.MBNG_SEQ_PlayStopButton
                0x08018500       0x16 project_build/src/mbng_seq.o
                0x08018500                MBNG_SEQ_PlayStopButton
 *fill*         0x08018516        0x2 00
 .text.MBNG_FILE_Init
                0x08018518       0x3c project_build/src/mbng_file.o
                0x08018518                MBNG_FILE_Init
 .text.MBNG_FILE_LoadAllFiles
                0x08018554       0x34 project_build/src/mbng_file.o
                0x08018554                MBNG_FILE_LoadAllFiles
 .text.MBNG_FILE_UnloadAllFiles
                0x08018588       0x1c project_build/src/mbng_file.o
                0x08018588                MBNG_FILE_UnloadAllFiles
 .text.MBNG_FILE_CreateDefaultFiles
                0x080185a4       0xa8 project_build/src/mbng_file.o
                0x080185a4                MBNG_FILE_CreateDefaultFiles
 .text.MBNG_FILE_StatusMsgSet
                0x0801864c       0x2c project_build/src/mbng_file.o
                0x0801864c                MBNG_FILE_StatusMsgSet
 .text.remove_quotes
                0x08018678       0x26 project_build/src/mbng_file_c.o
 *fill*         0x0801869e        0x2 00
 .text.MBNG_FILE_C_Write_Hlp
                0x080186a0     0x1c04 project_build/src/mbng_file_c.o
 .text.parseExtendedParameter
                0x0801a2a4      0x144 project_build/src/mbng_file_c.o
 .text.get_dec  0x0801a3e8       0x20 project_build/src/mbng_file_c.o
 .text.get_ip   0x0801a408       0x50 project_build/src/mbng_file_c.o
 .text.parseMidiInPort
                0x0801a458       0x74 project_build/src/mbng_file_c.o
 .text.parseMidiOutPort
                0x0801a4cc       0x74 project_build/src/mbng_file_c.o
 .text.parseSimpleValue.isra.0
                0x0801a540       0x3c project_build/src/mbng_file_c.o
 .text.get_bin.constprop.1
                0x0801a57c       0x26 project_build/src/mbng_file_c.o
 *fill*         0x0801a5a2        0x2 00
 .text.MBNG_FILE_C_Init
                0x0801a5a4       0x14 project_build/src/mbng_file_c.o
                0x0801a5a4                MBNG_FILE_C_Init
 .text.MBNG_FILE_C_Unload
                0x0801a5b8       0x14 project_build/src/mbng_file_c.o
                0x0801a5b8                MBNG_FILE_C_Unload
 .text.MBNG_FILE_C_Valid
                0x0801a5cc       0x10 project_build/src/mbng_file_c.o
                0x0801a5cc                MBNG_FILE_C_Valid
 .text.parseEvent
                0x0801a5dc     0x1198 project_build/src/mbng_file_c.o
                0x0801a5dc                parseEvent
 .text.parseMap
                0x0801b774       0x98 project_build/src/mbng_file_c.o
                0x0801b774                parseMap
 .text.parseSysExVar
                0x0801b80c      0x12c project_build/src/mbng_file_c.o
                0x0801b80c                parseSysExVar
 .text.parseEnc
                0x0801b938      0x238 project_build/src/mbng_file_c.o
                0x0801b938                parseEnc
 .text.parseDinMatrix
                0x0801bb70      0x2ac project_build/src/mbng_file_c.o
                0x0801bb70                parseDinMatrix
 .text.parseDoutMatrix
                0x0801be1c      0x434 project_build/src/mbng_file_c.o
                0x0801be1c                parseDoutMatrix
 .text.parseKeyboard
                0x0801c250      0x370 project_build/src/mbng_file_c.o
                0x0801c250                parseKeyboard
 .text.parseLedMatrixPattern
                0x0801c5c0      0x114 project_build/src/mbng_file_c.o
                0x0801c5c0                parseLedMatrixPattern
 .text.parseLcMeterPattern
                0x0801c6d4       0xb4 project_build/src/mbng_file_c.o
                0x0801c6d4                parseLcMeterPattern
 .text.parseAin
                0x0801c788      0x1c0 project_build/src/mbng_file_c.o
                0x0801c788                parseAin
 .text.parseAinSer
                0x0801c948      0x304 project_build/src/mbng_file_c.o
                0x0801c948                parseAinSer
 .text.parseMf  0x0801cc4c      0x1e4 project_build/src/mbng_file_c.o
                0x0801cc4c                parseMf
 .text.parseAout
                0x0801ce30      0x11c project_build/src/mbng_file_c.o
                0x0801ce30                parseAout
 .text.parseDio
                0x0801cf4c      0x19c project_build/src/mbng_file_c.o
                0x0801cf4c                parseDio
 .text.parseSrio
                0x0801d0e8       0xb4 project_build/src/mbng_file_c.o
                0x0801d0e8                parseSrio
 .text.parseRouter
                0x0801d19c      0x148 project_build/src/mbng_file_c.o
                0x0801d19c                parseRouter
 .text.parseEth
                0x0801d2e4      0x104 project_build/src/mbng_file_c.o
                0x0801d2e4                parseEth
 .text.parseOsc
                0x0801d3e8      0x1a4 project_build/src/mbng_file_c.o
                0x0801d3e8                parseOsc
 .text.MBNG_FILE_C_Parser
                0x0801d58c      0x5ac project_build/src/mbng_file_c.o
                0x0801d58c                MBNG_FILE_C_Parser
 .text.MBNG_FILE_C_Read
                0x0801db38      0x134 project_build/src/mbng_file_c.o
                0x0801db38                MBNG_FILE_C_Read
 .text.MBNG_FILE_C_Load
                0x0801dc6c        0x4 project_build/src/mbng_file_c.o
                0x0801dc6c                MBNG_FILE_C_Load
 .text.MBNG_FILE_C_Write
                0x0801dc70       0x84 project_build/src/mbng_file_c.o
                0x0801dc70                MBNG_FILE_C_Write
 .text.MBNG_FILE_C_Debug
                0x0801dcf4        0x6 project_build/src/mbng_file_c.o
                0x0801dcf4                MBNG_FILE_C_Debug
 .text.getQuotedString
                0x0801dcfa       0x88 project_build/src/mbng_file_l.o
 *fill*         0x0801dd82        0x2 00
 .text.MBNG_FILE_L_Write_Hlp
                0x0801dd84      0x208 project_build/src/mbng_file_l.o
 .text.MBNG_FILE_L_Unload
                0x0801df8c       0x1c project_build/src/mbng_file_l.o
                0x0801df8c                MBNG_FILE_L_Unload
 .text.MBNG_FILE_L_Init
                0x0801dfa8        0xa project_build/src/mbng_file_l.o
                0x0801dfa8                MBNG_FILE_L_Init
 *fill*         0x0801dfb2        0x2 00
 .text.MBNG_FILE_L_Valid
                0x0801dfb4       0x10 project_build/src/mbng_file_l.o
                0x0801dfb4                MBNG_FILE_L_Valid
 .text.readBinFileMD5
                0x0801dfc4       0x74 project_build/src/mbng_file_l.o
                0x0801dfc4                readBinFileMD5
 .text.parseBinFile
                0x0801e038      0x14c project_build/src/mbng_file_l.o
                0x0801e038                parseBinFile
 .text.generateNglFileMD5
                0x0801e184       0x70 project_build/src/mbng_file_l.o
                0x0801e184                generateNglFileMD5
 .text.MBNG_FILE_L_Read
                0x0801e1f4      0x648 project_build/src/mbng_file_l.o
                0x0801e1f4                MBNG_FILE_L_Read
 .text.MBNG_FILE_L_Load
                0x0801e83c        0x4 project_build/src/mbng_file_l.o
                0x0801e83c                MBNG_FILE_L_Load
 .text.MBNG_FILE_L_Write
                0x0801e840       0x8c project_build/src/mbng_file_l.o
                0x0801e840                MBNG_FILE_L_Write
 .text.MBNG_FILE_L_GetLabel
                0x0801e8cc      0x2a4 project_build/src/mbng_file_l.o
                0x0801e8cc                MBNG_FILE_L_GetLabel
 .text.MBNG_FILE_S_Unload
                0x0801eb70       0x1c project_build/src/mbng_file_s.o
                0x0801eb70                MBNG_FILE_S_Unload
 .text.MBNG_FILE_S_Init
                0x0801eb8c        0xa project_build/src/mbng_file_s.o
                0x0801eb8c                MBNG_FILE_S_Init
 *fill*         0x0801eb96        0x2 00
 .text.MBNG_FILE_S_Valid
                0x0801eb98       0x10 project_build/src/mbng_file_s.o
                0x0801eb98                MBNG_FILE_S_Valid
 .text.MBNG_FILE_S_SnapshotGet
                0x0801eba8        0xc project_build/src/mbng_file_s.o
                0x0801eba8                MBNG_FILE_S_SnapshotGet
 .text.MBNG_FILE_S_SnapshotSet
                0x0801ebb4       0x18 project_build/src/mbng_file_s.o
                0x0801ebb4                MBNG_FILE_S_SnapshotSet
 .text.MBNG_FILE_S_Read
                0x0801ebcc      0x1e4 project_build/src/mbng_file_s.o
                0x0801ebcc                MBNG_FILE_S_Read
 .text.MBNG_FILE_S_Load
                0x0801edb0        0x4 project_build/src/mbng_file_s.o
                0x0801edb0                MBNG_FILE_S_Load
 .text.MBNG_FILE_S_Write
                0x0801edb4      0x234 project_build/src/mbng_file_s.o
                0x0801edb4                MBNG_FILE_S_Write
 .text.ngr_strtok_r
                0x0801efe8       0x7e project_build/src/mbng_file_r.o
 .text.trim     0x0801f066       0x36 project_build/src/mbng_file_r.o
 .text.remove_quotes
                0x0801f09c       0x26 project_build/src/mbng_file_r.o
 *fill*         0x0801f0c2        0x2 00
 .text.get_dec  0x0801f0c4       0x20 project_build/src/mbng_file_r.o
 .text.parseId  0x0801f0e4       0x6c project_build/src/mbng_file_r.o
 .text.parseValue
                0x0801f150      0x254 project_build/src/mbng_file_r.o
 .text.MBNG_FILE_R_Unload
                0x0801f3a4       0x24 project_build/src/mbng_file_r.o
                0x0801f3a4                MBNG_FILE_R_Unload
 .text.MBNG_FILE_R_Init
                0x0801f3c8        0xa project_build/src/mbng_file_r.o
                0x0801f3c8                MBNG_FILE_R_Init
 *fill*         0x0801f3d2        0x2 00
 .text.MBNG_FILE_R_Valid
                0x0801f3d4       0x10 project_build/src/mbng_file_r.o
                0x0801f3d4                MBNG_FILE_R_Valid
 .text.MBNG_FILE_R_VarSectionSet
                0x0801f3e4        0xc project_build/src/mbng_file_r.o
                0x0801f3e4                MBNG_FILE_R_VarSectionSet
 .text.MBNG_FILE_R_VarValueSet
                0x0801f3f0        0xc project_build/src/mbng_file_r.o
                0x0801f3f0                MBNG_FILE_R_VarValueSet
 .text.lineIsEmpty
                0x0801f3fc       0x1c project_build/src/mbng_file_r.o
                0x0801f3fc                lineIsEmpty
 .text.parseCondition
                0x0801f418      0x184 project_build/src/mbng_file_r.o
                0x0801f418                parseCondition
 .text.parseSend
                0x0801f59c      0x34c project_build/src/mbng_file_r.o
                0x0801f59c                parseSend
 .text.parseExecMeta
                0x0801f8e8      0x14c project_build/src/mbng_file_r.o
                0x0801f8e8                parseExecMeta
 .text.parseSet
                0x0801fa34      0x234 project_build/src/mbng_file_r.o
                0x0801fa34                parseSet
 .text.parseSetRgb
                0x0801fc68      0x1a8 project_build/src/mbng_file_r.o
                0x0801fc68                parseSetRgb
 .text.parseSetLock
                0x0801fe10       0xe8 project_build/src/mbng_file_r.o
                0x0801fe10                parseSetLock
 .text.parseTrigger
                0x0801fef8       0x98 project_build/src/mbng_file_r.o
                0x0801fef8                parseTrigger
 .text.parseSetActive
                0x0801ff90       0xe8 project_build/src/mbng_file_r.o
                0x0801ff90                parseSetActive
 .text.parseSetMinMax
                0x08020078       0xf8 project_build/src/mbng_file_r.o
                0x08020078                parseSetMinMax
 .text.parseDelay
                0x08020170       0x54 project_build/src/mbng_file_r.o
                0x08020170                parseDelay
 .text.MBNG_FILE_R_Parser
                0x080201c4      0x364 project_build/src/mbng_file_r.o
                0x080201c4                MBNG_FILE_R_Parser
 .text.MBNG_FILE_R_ReadRequest
                0x08020528       0x40 project_build/src/mbng_file_r.o
                0x08020528                MBNG_FILE_R_ReadRequest
 .text.MBNG_FILE_R_RunStop
                0x08020568       0x2c project_build/src/mbng_file_r.o
                0x08020568                MBNG_FILE_R_RunStop
 .text.MBFM_Init
                0x08020594       0xf4 project_build/src/mbfm.o
                0x08020594                MBFM_Init
 .text.MBFM_InitAfterFrontPanel
                0x08020688       0x10 project_build/src/mbfm.o
                0x08020688                MBFM_InitAfterFrontPanel
 .text.MBFM_1msTick
                0x08020698        0x2 project_build/src/mbfm.o
                0x08020698                MBFM_1msTick
 .text.MBFM_BackgroundTick
                0x0802069a       0x24 project_build/src/mbfm.o
                0x0802069a                MBFM_BackgroundTick
 *fill*         0x080206be        0x2 00
 .text.FindVoicePlayingNote
                0x080206c0       0xd4 project_build/src/mbfm.o
                0x080206c0                FindVoicePlayingNote
 .text.MBFM_SetVoiceAndLinkedNote
                0x08020794       0xf4 project_build/src/mbfm.o
                0x08020794                MBFM_SetVoiceAndLinkedNote
 .text.MBFM_LetGoSustainPedal
                0x08020888       0xb0 project_build/src/mbfm.o
                0x08020888                MBFM_LetGoSustainPedal
 .text.MBFM_GetNumVoicesInChannel
                0x08020938       0x3c project_build/src/mbfm.o
                0x08020938                MBFM_GetNumVoicesInChannel
 .text.MBFM_AllNotesOff
                0x08020974       0x94 project_build/src/mbfm.o
                0x08020974                MBFM_AllNotesOff
 .text.MBFM_ReceiveMIDIMessage
                0x08020a08      0x63c project_build/src/mbfm.o
                0x08020a08                MBFM_ReceiveMIDIMessage
 .text.MBFM_CopyVoice
                0x08021044      0x224 project_build/src/mbfm.o
                0x08021044                MBFM_CopyVoice
 .text.MBFM_AssignVoiceToChannel
                0x08021268      0x218 project_build/src/mbfm.o
                0x08021268                MBFM_AssignVoiceToChannel
 .text.MBFM_InitVoiceValues
                0x08021480      0x110 project_build/src/mbfm_modulation.o
                0x08021480                MBFM_InitVoiceValues
 .text.MBFM_InitPercValues
                0x08021590      0x1f0 project_build/src/mbfm_modulation.o
                0x08021590                MBFM_InitPercValues
 .text.MBFM_ModValuesToOPL3
                0x08021780       0xdc project_build/src/mbfm_modulation.o
                0x08021780                MBFM_ModValuesToOPL3
 .text.MBFM_Modulation_Init
                0x0802185c       0x40 project_build/src/mbfm_modulation.o
                0x0802185c                MBFM_Modulation_Init
 .text.StartModulatorsNow
                0x0802189c       0x38 project_build/src/mbfm_modulation.o
                0x0802189c                StartModulatorsNow
 .text.ProcessDelay
                0x080218d4      0x240 project_build/src/mbfm_modulation.o
                0x080218d4                ProcessDelay
 .text.CalcAndSendNote
                0x08021b14      0x13c project_build/src/mbfm_modulation.o
                0x08021b14                CalcAndSendNote
 .text.ProcessModulator
                0x08021c50      0x270 project_build/src/mbfm_modulation.o
                0x08021c50                ProcessModulator
 .text.MBFM_Modulation_Tick
                0x08021ec0      0x794 project_build/src/mbfm_modulation.o
                0x08021ec0                MBFM_Modulation_Tick
 .text.MBFM_GetNumModulationConnections
                0x08022654       0x20 project_build/src/mbfm_modulation.o
                0x08022654                MBFM_GetNumModulationConnections
 .text.MBFM_GetModDepth
                0x08022674       0x44 project_build/src/mbfm_modulation.o
                0x08022674                MBFM_GetModDepth
 .text.MBFM_FindLastModDest
                0x080226b8       0x24 project_build/src/mbfm_modulation.o
                0x080226b8                MBFM_FindLastModDest
 .text.MBFM_TrySetModulation
                0x080226dc       0xb4 project_build/src/mbfm_modulation.o
                0x080226dc                MBFM_TrySetModulation
 .text.MBFM_GetModSourceName
                0x08022790       0x18 project_build/src/mbfm_modulation.o
                0x08022790                MBFM_GetModSourceName
 .text.MBFM_GetParamName
                0x080227a8       0x18 project_build/src/mbfm_modulation.o
                0x080227a8                MBFM_GetParamName
 .text.MBFM_GetParamValue
                0x080227c0      0x15c project_build/src/mbfm_modulation.o
                0x080227c0                MBFM_GetParamValue
 .text.MBFM_SetParamValue
                0x0802291c      0x240 project_build/src/mbfm_modulation.o
                0x0802291c                MBFM_SetParamValue
 .text.MBFM_DrawAlgWidget
                0x08022b5c       0xdc project_build/src/mbfm_controlhandler.o
                0x08022b5c                MBFM_DrawAlgWidget
 .text.MBFM_ClearVoiceStuff
                0x08022c38       0x5a project_build/src/mbfm_controlhandler.o
                0x08022c38                MBFM_ClearVoiceStuff
 *fill*         0x08022c92        0x2 00
 .text.MBFM_DrawMIDIChMapping
                0x08022c94       0x84 project_build/src/mbfm_controlhandler.o
                0x08022c94                MBFM_DrawMIDIChMapping
 .text.MBFM_DrawMIDIMain
                0x08022d18       0x24 project_build/src/mbfm_controlhandler.o
                0x08022d18                MBFM_DrawMIDIMain
 .text.MBFM_ClearVoiceButtons
                0x08022d3c       0x22 project_build/src/mbfm_controlhandler.o
                0x08022d3c                MBFM_ClearVoiceButtons
 *fill*         0x08022d5e        0x2 00
 .text.MBFM_BtnRetrig
                0x08022d60       0xac project_build/src/mbfm_controlhandler.o
                0x08022d60                MBFM_BtnRetrig
 .text.MBFM_BtnDlyScale
                0x08022e0c       0xac project_build/src/mbfm_controlhandler.o
                0x08022e0c                MBFM_BtnDlyScale
 .text.MBFM_BtnOpMute
                0x08022eb8       0xc4 project_build/src/mbfm_controlhandler.o
                0x08022eb8                MBFM_BtnOpMute
 .text.MBFM_ControlHandler
                0x08022f7c      0x1ac project_build/src/mbfm_controlhandler.o
                0x08022f7c                MBFM_ControlHandler
 .text.MBFM_ControlMod
                0x08023128       0x2c project_build/src/mbfm_controlhandler.o
                0x08023128                MBFM_ControlMod
 .text.MBFM_ControlVari
                0x08023154       0x2c project_build/src/mbfm_controlhandler.o
                0x08023154                MBFM_ControlVari
 .text.MBFM_ControlSus
                0x08023180        0x2 project_build/src/mbfm_controlhandler.o
                0x08023180                MBFM_ControlSus
 .text.MBFM_ControlCC
                0x08023182        0x2 project_build/src/mbfm_controlhandler.o
                0x08023182                MBFM_ControlCC
 .text.MBFM_SetUpLCDChars
                0x08023184       0x20 project_build/src/mbfm_controlhandler.o
                0x08023184                MBFM_SetUpLCDChars
 .text.MBFM_Control_Init
                0x080231a4       0x3c project_build/src/mbfm_controlhandler.o
                0x080231a4                MBFM_Control_Init
 .text.NoteName
                0x080231e0       0x24 project_build/src/mbfm_controlhandler.o
                0x080231e0                NoteName
 .text.MBFM_DrawScreen
                0x08023204      0xc5c project_build/src/mbfm_controlhandler.o
                0x08023204                MBFM_DrawScreen
 .text.MBFM_Control_Tick
                0x08023e60      0x138 project_build/src/mbfm_controlhandler.o
                0x08023e60                MBFM_Control_Tick
 .text.MBFM_IncDatawheel
                0x08023f98      0x510 project_build/src/mbfm_controlhandler.o
                0x08023f98                MBFM_IncDatawheel
 .text.MBFM_SetDatawheel
                0x080244a8      0x3a8 project_build/src/mbfm_controlhandler.o
                0x080244a8                MBFM_SetDatawheel
 .text.MBFM_FrontPanelCtlChange
                0x08024850       0xe0 project_build/src/mbfm_controlhandler.o
                0x08024850                MBFM_FrontPanelCtlChange
 .text.MBFM_IncLFODelay
                0x08024930       0x20 project_build/src/mbfm_controlhandler.o
                0x08024930                MBFM_IncLFODelay
 .text.MBFM_IncLFOFreq
                0x08024950       0x20 project_build/src/mbfm_controlhandler.o
                0x08024950                MBFM_IncLFOFreq
 .text.MBFM_IncEGRel
                0x08024970       0x18 project_build/src/mbfm_controlhandler.o
                0x08024970                MBFM_IncEGRel
 .text.MBFM_IncEGSus
                0x08024988       0x1c project_build/src/mbfm_controlhandler.o
                0x08024988                MBFM_IncEGSus
 .text.MBFM_IncEGDec2
                0x080249a4       0x18 project_build/src/mbfm_controlhandler.o
                0x080249a4                MBFM_IncEGDec2
 .text.MBFM_IncEGLevel
                0x080249bc       0x1c project_build/src/mbfm_controlhandler.o
                0x080249bc                MBFM_IncEGLevel
 .text.MBFM_IncEGDec1
                0x080249d8       0x18 project_build/src/mbfm_controlhandler.o
                0x080249d8                MBFM_IncEGDec1
 .text.MBFM_IncEGAtk
                0x080249f0       0x1c project_build/src/mbfm_controlhandler.o
                0x080249f0                MBFM_IncEGAtk
 .text.MBFM_IncOpVolume
                0x08024a0c       0x1c project_build/src/mbfm_controlhandler.o
                0x08024a0c                MBFM_IncOpVolume
 .text.MBFM_IncOpRel
                0x08024a28       0x18 project_build/src/mbfm_controlhandler.o
                0x08024a28                MBFM_IncOpRel
 .text.MBFM_IncOpSus
                0x08024a40       0x1c project_build/src/mbfm_controlhandler.o
                0x08024a40                MBFM_IncOpSus
 .text.MBFM_IncOpDec
                0x08024a5c       0x18 project_build/src/mbfm_controlhandler.o
                0x08024a5c                MBFM_IncOpDec
 .text.MBFM_IncOpAtk
                0x08024a74       0x1c project_build/src/mbfm_controlhandler.o
                0x08024a74                MBFM_IncOpAtk
 .text.MBFM_IncOpFMult
                0x08024a90       0x18 project_build/src/mbfm_controlhandler.o
                0x08024a90                MBFM_IncOpFMult
 .text.MBFM_IncVoiceFB
                0x08024aa8       0x10 project_build/src/mbfm_controlhandler.o
                0x08024aa8                MBFM_IncVoiceFB
 .text.MBFM_IncVoiceDlyTime
                0x08024ab8       0x10 project_build/src/mbfm_controlhandler.o
                0x08024ab8                MBFM_IncVoiceDlyTime
 .text.MBFM_IncVoicePorta
                0x08024ac8       0x10 project_build/src/mbfm_controlhandler.o
                0x08024ac8                MBFM_IncVoicePorta
 .text.MBFM_IncVoiceTune
                0x08024ad8       0x10 project_build/src/mbfm_controlhandler.o
                0x08024ad8                MBFM_IncVoiceTune
 .text.MBFM_IncVoiceTranspose
                0x08024ae8       0x10 project_build/src/mbfm_controlhandler.o
                0x08024ae8                MBFM_IncVoiceTranspose
 .text.MBFM_SetLFODelay
                0x08024af8       0x1a project_build/src/mbfm_controlhandler.o
                0x08024af8                MBFM_SetLFODelay
 .text.MBFM_SetLFOFreq
                0x08024b12       0x1a project_build/src/mbfm_controlhandler.o
                0x08024b12                MBFM_SetLFOFreq
 .text.MBFM_SetEGRel
                0x08024b2c       0x12 project_build/src/mbfm_controlhandler.o
                0x08024b2c                MBFM_SetEGRel
 .text.MBFM_SetEGSus
                0x08024b3e       0x14 project_build/src/mbfm_controlhandler.o
                0x08024b3e                MBFM_SetEGSus
 .text.MBFM_SetEGDec2
                0x08024b52       0x12 project_build/src/mbfm_controlhandler.o
                0x08024b52                MBFM_SetEGDec2
 .text.MBFM_SetEGLevel
                0x08024b64       0x14 project_build/src/mbfm_controlhandler.o
                0x08024b64                MBFM_SetEGLevel
 .text.MBFM_SetEGDec1
                0x08024b78       0x12 project_build/src/mbfm_controlhandler.o
                0x08024b78                MBFM_SetEGDec1
 .text.MBFM_SetEGAtk
                0x08024b8a       0x14 project_build/src/mbfm_controlhandler.o
                0x08024b8a                MBFM_SetEGAtk
 .text.MBFM_SetOpVolume
                0x08024b9e       0x14 project_build/src/mbfm_controlhandler.o
                0x08024b9e                MBFM_SetOpVolume
 .text.MBFM_SetOpRel
                0x08024bb2       0x12 project_build/src/mbfm_controlhandler.o
                0x08024bb2                MBFM_SetOpRel
 .text.MBFM_SetOpSus
                0x08024bc4       0x14 project_build/src/mbfm_controlhandler.o
                0x08024bc4                MBFM_SetOpSus
 .text.MBFM_SetOpDec
                0x08024bd8       0x12 project_build/src/mbfm_controlhandler.o
                0x08024bd8                MBFM_SetOpDec
 .text.MBFM_SetOpAtk
                0x08024bea       0x14 project_build/src/mbfm_controlhandler.o
                0x08024bea                MBFM_SetOpAtk
 .text.MBFM_SetOpFMult
                0x08024bfe       0x12 project_build/src/mbfm_controlhandler.o
                0x08024bfe                MBFM_SetOpFMult
 .text.MBFM_SetVoiceFB
                0x08024c10        0xa project_build/src/mbfm_controlhandler.o
                0x08024c10                MBFM_SetVoiceFB
 .text.MBFM_SetVoiceDlyTime
                0x08024c1a        0xa project_build/src/mbfm_controlhandler.o
                0x08024c1a                MBFM_SetVoiceDlyTime
 .text.MBFM_SetVoicePorta
                0x08024c24        0xa project_build/src/mbfm_controlhandler.o
                0x08024c24                MBFM_SetVoicePorta
 .text.MBFM_SetVoiceTune
                0x08024c2e        0xa project_build/src/mbfm_controlhandler.o
                0x08024c2e                MBFM_SetVoiceTune
 .text.MBFM_SetVoiceTranspose
                0x08024c38        0xa project_build/src/mbfm_controlhandler.o
                0x08024c38                MBFM_SetVoiceTranspose
 *fill*         0x08024c42        0x2 00
 .text.MBFM_BtnLFOWave
                0x08024c44       0x70 project_build/src/mbfm_controlhandler.o
                0x08024c44                MBFM_BtnLFOWave
 .text.MBFM_BtnALLAssign
                0x08024cb4       0x68 project_build/src/mbfm_controlhandler.o
                0x08024cb4                MBFM_BtnALLAssign
 .text.MBFM_BtnVariAssign
                0x08024d1c        0x8 project_build/src/mbfm_controlhandler.o
                0x08024d1c                MBFM_BtnVariAssign
 .text.MBFM_BtnModAssign
                0x08024d24        0x8 project_build/src/mbfm_controlhandler.o
                0x08024d24                MBFM_BtnModAssign
 .text.MBFM_BtnVelAssign
                0x08024d2c        0x8 project_build/src/mbfm_controlhandler.o
                0x08024d2c                MBFM_BtnVelAssign
 .text.MBFM_BtnWTAssign
                0x08024d34       0x2c project_build/src/mbfm_controlhandler.o
                0x08024d34                MBFM_BtnWTAssign
 .text.MBFM_BtnLFOAssign
                0x08024d60       0x30 project_build/src/mbfm_controlhandler.o
                0x08024d60                MBFM_BtnLFOAssign
 .text.MBFM_BtnEGAssign
                0x08024d90       0x2c project_build/src/mbfm_controlhandler.o
                0x08024d90                MBFM_BtnEGAssign
 .text.MBFM_BtnOpWave
                0x08024dbc       0xac project_build/src/mbfm_controlhandler.o
                0x08024dbc                MBFM_BtnOpWave
 .text.MBFM_BtnOpParam
                0x08024e68       0xac project_build/src/mbfm_controlhandler.o
                0x08024e68                MBFM_BtnOpParam
 .text.MBFM_BtnDest
                0x08024f14       0xa8 project_build/src/mbfm_controlhandler.o
                0x08024f14                MBFM_BtnDest
 .text.MBFM_BtnAlg
                0x08024fbc       0x78 project_build/src/mbfm_controlhandler.o
                0x08024fbc                MBFM_BtnAlg
 .text.MBFM_BtnMenu
                0x08025034       0x18 project_build/src/mbfm_controlhandler.o
                0x08025034                MBFM_BtnMenu
 .text.MBFM_BtnSelect
                0x0802504c       0x88 project_build/src/mbfm_controlhandler.o
                0x0802504c                MBFM_BtnSelect
 .text.MBFM_BtnSoftkey
                0x080250d4      0xab0 project_build/src/mbfm_controlhandler.o
                0x080250d4                MBFM_BtnSoftkey
 .text.MBFM_DrawVoiceStuff
                0x08025b84       0xc8 project_build/src/mbfm_controlhandler.o
                0x08025b84                MBFM_DrawVoiceStuff
 .text.MBFM_Btn4Op
                0x08025c4c      0x110 project_build/src/mbfm_controlhandler.o
                0x08025c4c                MBFM_Btn4Op
 .text.MBFM_SelectVoice
                0x08025d5c      0x298 project_build/src/mbfm_controlhandler.o
                0x08025d5c                MBFM_SelectVoice
 .text.MBFM_BtnLink
                0x08025ff4      0x108 project_build/src/mbfm_controlhandler.o
                0x08025ff4                MBFM_BtnLink
 .text.MBFM_BtnDupl
                0x080260fc      0x108 project_build/src/mbfm_controlhandler.o
                0x080260fc                MBFM_BtnDupl
 .text.MBFM_SelectMode
                0x08026204       0xac project_build/src/mbfm_controlhandler.o
                0x08026204                MBFM_SelectMode
 .text.MBFM_SelectOPL3
                0x080262b0      0x198 project_build/src/mbfm_controlhandler.o
                0x080262b0                MBFM_SelectOPL3
 .text.MBFM_SEQ_SetTempoBPM.part.0
                0x08026448       0x48 project_build/src/mbfm_sequencer.o
 .text.MBFM_Drum_InitPercussionMode
                0x08026490       0x9c project_build/src/mbfm_sequencer.o
                0x08026490                MBFM_Drum_InitPercussionMode
 .text.MBFM_Drum_GetName
                0x0802652c       0x18 project_build/src/mbfm_sequencer.o
                0x0802652c                MBFM_Drum_GetName
 .text.MBFM_CondensedDrum_GetName
                0x08026544       0x18 project_build/src/mbfm_sequencer.o
                0x08026544                MBFM_CondensedDrum_GetName
 .text.MBFM_Drum_GetChannel
                0x0802655c       0x30 project_build/src/mbfm_sequencer.o
                0x0802655c                MBFM_Drum_GetChannel
 .text.MBFM_Drum_SetVelocity
                0x0802658c       0x34 project_build/src/mbfm_sequencer.o
                0x0802658c                MBFM_Drum_SetVelocity
 .text.MBFM_Drum_SetVariation
                0x080265c0       0x28 project_build/src/mbfm_sequencer.o
                0x080265c0                MBFM_Drum_SetVariation
 .text.MBFM_SEQ_GetSubmeas
                0x080265e8       0x40 project_build/src/mbfm_sequencer.o
                0x080265e8                MBFM_SEQ_GetSubmeas
 .text.MBFM_SEQ_GetSequenceIndexFromSubmeas
                0x08026628       0x18 project_build/src/mbfm_sequencer.o
                0x08026628                MBFM_SEQ_GetSequenceIndexFromSubmeas
 .text.MBFM_SEQ_GetSequenceIndex
                0x08026640       0x40 project_build/src/mbfm_sequencer.o
                0x08026640                MBFM_SEQ_GetSequenceIndex
 .text.MBFM_SEQ_GetTempoBPM
                0x08026680       0x24 project_build/src/mbfm_sequencer.o
                0x08026680                MBFM_SEQ_GetTempoBPM
 .text.MBFM_SEQ_SetTempoBPM
                0x080266a4       0x10 project_build/src/mbfm_sequencer.o
                0x080266a4                MBFM_SEQ_SetTempoBPM
 .text.MBFM_SEQ_Restart
                0x080266b4       0x40 project_build/src/mbfm_sequencer.o
                0x080266b4                MBFM_SEQ_Restart
 .text.MBFM_SEQ_RedrawTrack
                0x080266f4       0xe0 project_build/src/mbfm_sequencer.o
                0x080266f4                MBFM_SEQ_RedrawTrack
 .text.MBFM_SEQ_RedrawAll
                0x080267d4      0x104 project_build/src/mbfm_sequencer.o
                0x080267d4                MBFM_SEQ_RedrawAll
 .text.MBFM_SEQ_Init
                0x080268d8       0xb4 project_build/src/mbfm_sequencer.o
                0x080268d8                MBFM_SEQ_Init
 .text.MBFM_SEQ_PostTick
                0x0802698c       0x98 project_build/src/mbfm_sequencer.o
                0x0802698c                MBFM_SEQ_PostTick
 .text.MBFM_Drum_RecordNow
                0x08026a24       0x44 project_build/src/mbfm_sequencer.o
                0x08026a24                MBFM_Drum_RecordNow
 .text.MBFM_Drum_ReceiveGenericTrigger
                0x08026a68      0x190 project_build/src/mbfm_sequencer.o
                0x08026a68                MBFM_Drum_ReceiveGenericTrigger
 .text.MBFM_SEQ_Tick
                0x08026bf8      0x1f0 project_build/src/mbfm_sequencer.o
                0x08026bf8                MBFM_SEQ_Tick
 .text.MBFM_Drum_OffAll
                0x08026de8       0x24 project_build/src/mbfm_sequencer.o
                0x08026de8                MBFM_Drum_OffAll
 .text.MBFM_Drum_ReceivePanelTrigger
                0x08026e0c       0xd4 project_build/src/mbfm_sequencer.o
                0x08026e0c                MBFM_Drum_ReceivePanelTrigger
 .text.MBFM_Drum_ReceiveMIDITrigger
                0x08026ee0       0x34 project_build/src/mbfm_sequencer.o
                0x08026ee0                MBFM_Drum_ReceiveMIDITrigger
 .text.MBFM_BtnSeqPlay
                0x08026f14       0x48 project_build/src/mbfm_sequencer.o
                0x08026f14                MBFM_BtnSeqPlay
 .text.MBFM_BtnSeqRec
                0x08026f5c       0x3c project_build/src/mbfm_sequencer.o
                0x08026f5c                MBFM_BtnSeqRec
 .text.MBFM_BtnSeqBack
                0x08026f98       0x16 project_build/src/mbfm_sequencer.o
                0x08026f98                MBFM_BtnSeqBack
 *fill*         0x08026fae        0x2 00
 .text.MBFM_BtnSeqMute
                0x08026fb0       0x78 project_build/src/mbfm_sequencer.o
                0x08026fb0                MBFM_BtnSeqMute
 .text.MBFM_BtnSeqSolo
                0x08027028       0x78 project_build/src/mbfm_sequencer.o
                0x08027028                MBFM_BtnSeqSolo
 .text.MBFM_BtnSeqVel
                0x080270a0       0x1c project_build/src/mbfm_sequencer.o
                0x080270a0                MBFM_BtnSeqVel
 .text.MBFM_BtnSeqVari
                0x080270bc       0x1c project_build/src/mbfm_sequencer.o
                0x080270bc                MBFM_BtnSeqVari
 .text.MBFM_BtnSeqGate
                0x080270d8       0x1c project_build/src/mbfm_sequencer.o
                0x080270d8                MBFM_BtnSeqGate
 .text.MBFM_BtnSeqTrigger
                0x080270f4        0xa project_build/src/mbfm_sequencer.o
                0x080270f4                MBFM_BtnSeqTrigger
 *fill*         0x080270fe        0x2 00
 .text.MBFM_BtnSeqMeasure
                0x08027100       0x30 project_build/src/mbfm_sequencer.o
                0x08027100                MBFM_BtnSeqMeasure
 .text.MBFM_BtnSeqSection
                0x08027130       0x5c project_build/src/mbfm_sequencer.o
                0x08027130                MBFM_BtnSeqSection
 .text.MBFM_SEQ_TrackButton
                0x0802718c       0xc0 project_build/src/mbfm_sequencer.o
                0x0802718c                MBFM_SEQ_TrackButton
 .text.MBFM_SEQ_Softkey
                0x0802724c       0x4c project_build/src/mbfm_sequencer.o
                0x0802724c                MBFM_SEQ_Softkey
 .text.MBFM_SEQ_Datawheel
                0x08027298       0x38 project_build/src/mbfm_sequencer.o
                0x08027298                MBFM_SEQ_Datawheel
 .text.va_init  0x080272d0       0x7c project_build/src/mbfm_patch.o
                0x080272d0                va_init
 .text.va_next  0x0802734c       0x98 project_build/src/mbfm_patch.o
                0x0802734c                va_next
 .text.MBFM_PatchFile_GetName
                0x080273e4      0x12c project_build/src/mbfm_patch.o
                0x080273e4                MBFM_PatchFile_GetName
 .text.MBFM_PatchFile_Load
                0x08027510     0x123c project_build/src/mbfm_patch.o
                0x08027510                MBFM_PatchFile_Load
 .text.MBFM_PatchFile_Exists
                0x0802874c       0x48 project_build/src/mbfm_patch.o
                0x0802874c                MBFM_PatchFile_Exists
 .text.MBFM_PatchFile_Save
                0x08028794      0x834 project_build/src/mbfm_patch.o
                0x08028794                MBFM_PatchFile_Save
 .text.MBFM_Patch_Init
                0x08028fc8       0x40 project_build/src/mbfm_patch.o
                0x08028fc8                MBFM_Patch_Init
 .text.MBFM_Patch_Tick
                0x08029008      0x168 project_build/src/mbfm_patch.o
                0x08029008                MBFM_Patch_Tick
 .text.GetOPL3Block
                0x08029170       0x1c project_build/src/mbfm_temperament.o
                0x08029170                GetOPL3Block
 .text.GetOPL3Frequency
                0x0802918c       0x44 project_build/src/mbfm_temperament.o
                0x0802918c                GetOPL3Frequency
 .text.GetOPL3NextFrequency
                0x080291d0       0x40 project_build/src/mbfm_temperament.o
                0x080291d0                GetOPL3NextFrequency
 .text.GetOPL3Temperament
                0x08029210        0xc project_build/src/mbfm_temperament.o
                0x08029210                GetOPL3Temperament
 .text.SetOPL3Temperament
                0x0802921c       0x10 project_build/src/mbfm_temperament.o
                0x0802921c                SetOPL3Temperament
 .text.Temperament_Recalc
                0x0802922c       0xdc project_build/src/mbfm_temperament.o
                0x0802922c                Temperament_Recalc
 .text.GetOPL3BaseNote
                0x08029308        0xc project_build/src/mbfm_temperament.o
                0x08029308                GetOPL3BaseNote
 .text.GetOPL3BaseFreq
                0x08029314        0xc project_build/src/mbfm_temperament.o
                0x08029314                GetOPL3BaseFreq
 .text.SetOPL3BaseNote
                0x08029320       0x34 project_build/src/mbfm_temperament.o
                0x08029320                SetOPL3BaseNote
 .text.Temperament_Init
                0x08029354       0x74 project_build/src/mbfm_temperament.o
                0x08029354                Temperament_Init
 .text.GetEqualTemperBaseFreq
                0x080293c8       0x18 project_build/src/mbfm_temperament.o
                0x080293c8                GetEqualTemperBaseFreq
 .text.GetTemperNumerator
                0x080293e0       0x14 project_build/src/mbfm_temperament.o
                0x080293e0                GetTemperNumerator
 .text.GetTemperDenominator
                0x080293f4       0x14 project_build/src/mbfm_temperament.o
                0x080293f4                GetTemperDenominator
 .text.GetTemperFrequency
                0x08029408       0x14 project_build/src/mbfm_temperament.o
                0x08029408                GetTemperFrequency
 .text.SetTemperNumerator
                0x0802941c       0x14 project_build/src/mbfm_temperament.o
                0x0802941c                SetTemperNumerator
 .text.SetTemperDenominator
                0x08029430       0x14 project_build/src/mbfm_temperament.o
                0x08029430                SetTemperDenominator
 .text.unlikely.get_dec
                0x08029444       0x1c project_build/src/terminal.o
 .text.TERMINAL_BrowserUploadCallback
                0x08029460       0xbc project_build/src/terminal.o
 .text.unlikely.get_on_off
                0x0802951c       0x2c project_build/src/terminal.o
 .text.TERMINAL_ParseFilebrowser
                0x08029548       0x84 project_build/src/terminal.o
 .text.TERMINAL_Init
                0x080295cc       0x4c project_build/src/terminal.o
                0x080295cc                TERMINAL_Init
 .text.TERMINAL_PrintSystem
                0x08029618       0x50 project_build/src/terminal.o
                0x08029618                TERMINAL_PrintSystem
 .text.TERMINAL_PrintMemoryInfo
                0x08029668        0xe project_build/src/terminal.o
                0x08029668                TERMINAL_PrintMemoryInfo
 *fill*         0x08029676        0x2 00
 .text.TERMINAL_PrintSdCardInfo
                0x08029678      0x2ac project_build/src/terminal.o
                0x08029678                TERMINAL_PrintSdCardInfo
 .text.TERMINAL_ParseLine
                0x08029924      0x8a0 project_build/src/terminal.o
                0x08029924                TERMINAL_ParseLine
 .text.TERMINAL_Parse
                0x0802a1c4       0x80 project_build/src/terminal.o
                0x0802a1c4                TERMINAL_Parse
 .text.TASK_Hooks
                0x0802a244       0x48 project_build//data/Hardware/MIDIbox/mios32/trunk/programming_models/traditional/main.o
 .text.TASK_MIDI_Hooks
                0x0802a28c       0x34 project_build//data/Hardware/MIDIbox/mios32/trunk/programming_models/traditional/main.o
 .text.startup.main
                0x0802a2c0       0xd0 project_build//data/Hardware/MIDIbox/mios32/trunk/programming_models/traditional/main.o
                0x0802a2c0                main
 .text.vApplicationTickHook
                0x0802a390        0x4 project_build//data/Hardware/MIDIbox/mios32/trunk/programming_models/traditional/main.o
                0x0802a390                vApplicationTickHook
 .text.vApplicationIdleHook
                0x0802a394        0x4 project_build//data/Hardware/MIDIbox/mios32/trunk/programming_models/traditional/main.o
                0x0802a394                vApplicationIdleHook
 .text._abort   0x0802a398       0x40 project_build//data/Hardware/MIDIbox/mios32/trunk/programming_models/traditional/main.o
                0x0802a398                _abort
 .text.HardFault_Handler_c
                0x0802a3d8      0x148 project_build//data/Hardware/MIDIbox/mios32/trunk/programming_models/traditional/main.o
                0x0802a3d8                HardFault_Handler_c
 .text.HardFault_Handler
                0x0802a520       0x14 project_build//data/Hardware/MIDIbox/mios32/trunk/programming_models/traditional/main.o
                0x0802a520                HardFault_Handler
 .text._strtol_r
                0x0802a534      0x108 project_build//data/Hardware/MIDIbox/mios32/trunk/programming_models/traditional/strtol.o
                0x0802a534                _strtol_r
 .text.strtol   0x0802a63c       0x16 project_build//data/Hardware/MIDIbox/mios32/trunk/programming_models/traditional/strtol.o
                0x0802a63c                strtol
 *fill*         0x0802a652        0x2 00
 .text.prvAddCurrentTaskToDelayedList